01-30 17:38:04.823   492 15533 E mm-camera: isp_proc_streamoff: E,session_id = 2, stream_id= 2, stream_type= 1 meta 0
01-30 17:38:04.823   492 15533 D mm-camera: isp_hw_action: last pix stop, pix_cnt = 1, cnt = 1
01-30 17:38:04.823   492 15566 E mm-camera: isp_thread_proc_cmd: start/stop, thread_data = 0xb3a26804, action_code = 2
01-30 17:38:04.823   492 15533 E mm-camera: isp_ch_util_streamoff: session_id = 2, vfe_mask = 0x1, async streamoff, rc = 0
01-30 17:38:04.823   492 15533 D mm-camera: isp_hw_action: hw_thread for ack
01-30 17:38:04.823   492 15566 E mm-camera: isp_axi_util_subscribe_v4l2_event: event_type = 0x8000100, is_subscribe = 0
01-30 17:38:04.833   492 15566 E mm-camera: isp_axi_unreg_buf: session_id = 2, stream_id = 2, buf_handle = 0x10000
01-30 17:38:04.833   492 15566 D mm-camera: linearization_action: action code = 7 is not supported. nop
01-30 17:38:04.833   492 15566 D mm-camera: pca_rolloff_action: action code = 7 is not supported. nop
01-30 17:38:04.833   492 15566 D mm-camera: demux_action: action code = 7 is not supported. nop
01-30 17:38:04.833   492 15566 D mm-camera: demosaic_action: action code = 7 is not supported. nop
01-30 17:38:04.833   492 15566 D mm-camera: bpc_action: action code = 7 is not supported. nop
01-30 17:38:04.833   492 15566 D mm-camera: abf_action: action code = 7 is not supported. nop
01-30 17:38:04.833   492 15566 D mm-camera: asf_action: action code = 7 is not supported. nop
01-30 17:38:04.833   492 15566 D mm-camera: color_conversion_action: action code = 7 is not supported. nop
01-30 17:38:04.833   492 15566 D mm-camera: color_correct_action: action code = 7 is not supported. nop
01-30 17:38:04.833   492 15566 D mm-camera: chroma_subsample_action: action code = 7 is not supported. nop
01-30 17:38:04.833   492 15566 D mm-camera: chroma_suppress_action: action code = 7 is not supported. nop
01-30 17:38:04.833   492 15566 D mm-camera: la_action: action code = 7 is not supported. nop
01-30 17:38:04.833   492 15566 D mm-camera: mce_action: action code = 7 is not supported. nop
01-30 17:38:04.833   492 15566 D mm-camera: sce_action: action code = 7 is not supported. nop
01-30 17:38:04.833   492 15566 D mm-camera: clf_action: action code = 7 is not supported. nop
01-30 17:38:04.833   492 15566 D mm-camera: wb_action: action code = 7 is not supported. nop
01-30 17:38:04.833   492 15566 D mm-camera: gamma_action: action code = 7 is not supported. nop
01-30 17:38:04.833   492 15566 D mm-camera: fov_action: action code = 7 is not supported. nop
01-30 17:38:04.833   492 15566 D mm-camera: scaler_action: action code = 7 is not supported
01-30 17:38:04.833   492 15566 D mm-camera: bcc_action: action code = 7 is not supported. nop
01-30 17:38:04.833   492 15566 D mm-camera: clamp_action: action code = 7 is not supported. nop
01-30 17:38:04.833   492 15566 D mm-camera: stats_action: action code = 7 is not supported. nop
01-30 17:38:04.833   492 15566 E mm-camera: isp_thread_proc_cmd: start/stop ack done, thread_data = 0xb3a26804, action_code = 3, rc = 0
01-30 17:38:04.833   492 15533 E mm-camera: isp_ch_util_streamoff: session_id = 2, sync ack done
01-30 17:38:04.843   492 15543 E mm-camera: isp_streamoff: X, session_id = 2, rc = 0
01-30 17:38:04.843   492 15543 E mm-camera: port_isp_mct_ctrl_cmd: X, identity = 0x20002, STREAMOFF, ret = 0
01-30 17:38:04.843   492 15543 D mm-camera: stream id 2, stream num_meta 0
01-30 17:38:04.893   492 15543 I KERNEL  : [ 6630.175422] csi2_src_clk get failed
01-30 17:38:04.843   492 15543 D mm-camera: ispif_streamoff: session_id = 2, active_streams = 0
01-30 17:38:04.843   492 15543 E mm-camera-sensor: sensor_pdaf_deinit:3275 failed to open pdaf3 init library function
01-30 17:38:04.843   492 15543 E mm-camera-sensor: module_sensor_module_process_event: Sending stop bus message
01-30 17:38:04.843   492 15543 D mm-camera: stop_sof_check_thread: Stopping SOF timeout thread
01-30 17:38:04.853   492 15543 D mm-camera: mct_pipeline_process_set:command=8000009
01-30 17:38:04.853   492 15543 D mm-camera: mct_pipeline_process_set: stream_type = 7
01-30 17:38:04.863   408 15526 D QCameraHWI_Mem: put buffer 0 successfully
01-30 17:38:04.863   408 15526 D QCameraHWI_Mem: put buffer 1 successfully
01-30 17:38:04.863   408 15526 D QCameraHWI_Mem: put buffer 2 successfully
01-30 17:38:04.863   408 15526 D QCameraHWI_Mem: put buffer 3 successfully
01-30 17:38:04.863   408 15526 D QCameraHWI_Mem: cancel_buffer: hdl =0xb8c14748
01-30 17:38:04.863   408 15526 D QCameraHWI_Mem: put buffer 4 successfully
01-30 17:38:04.863   408 15526 D QCameraHWI_Mem: cancel_buffer: hdl =0xb8c14930
01-30 17:38:04.863   408 15526 D QCameraHWI_Mem: put buffer 5 successfully
01-30 17:38:04.863   408 15526 D QCameraHWI_Mem: cancel_buffer: hdl =0xb8c351a0
01-30 17:38:04.863   408 15526 D QCameraHWI_Mem: put buffer 6 successfully
01-30 17:38:04.863   408 15526 D QCameraHWI_Mem: cancel_buffer: hdl =0xb8c35388
01-30 17:38:04.863   408 15526 D QCameraHWI_Mem: put buffer 7 successfully
01-30 17:38:04.863   492 15543 D mm-camera: mct_pipeline_process_set:command=800000b
01-30 17:38:04.863   492 15543 D mm-camera: mct_stream_streamoff: Enter
01-30 17:38:04.863   492 15543 D mm-camera: mct_pipeline_process_set:command=800000b
01-30 17:38:04.863   492 15543 D mm-camera: mct_stream_streamoff: Enter
01-30 17:38:04.863   492 15543 D mm-camera: c2d_port_check_caps_unreserve:179, identity=0x20002, unreserved
01-30 17:38:04.863   492 15543 D mm-camera: c2d_port_check_caps_unreserve:179, identity=0x20002, unreserved
01-30 17:38:04.863   492 15543 E mm-camera-img: faceproc_save_album:795] Error No album 
01-30 17:38:04.863   492 15543 E mm-camera-img: faceproc_comp_eng_destroy: Album save failed -1
01-30 17:38:04.863   492 15543 E mm-camera: q3a_thread_aecawb_stop:384 MSG_STOP_THREAD
01-30 17:38:04.873   492 15543 E mm-camera: q3a_thread_af_stop:574 MSG_STOP_THREAD
01-30 17:38:04.873   492 15543 E mm-camera: q3a_thread_divertstats_stop:868 MSG_STOP_THREAD
01-30 17:38:04.873   492 15559 E mm-camera: is_thread_handler: Exiting IS thread handler
01-30 17:38:04.873   492 15543 D mm-camera: gyro_port_event  MCT_EVENT_MODULE_START_STOP_STATS_THREADS start_flag: 0
01-30 17:38:04.873   492 15543 D mm-camera: gyro_port_unlink: Enter
01-30 17:38:04.873   492 15543 D mm-camera: gyro_port_unlink: Exit
01-30 17:38:04.873   408 15526 D QCamera2HWI: int qcamera::QCamera2HardwareInterface::stopPreview(): X
01-30 17:38:04.873   408  1560 D QCamera2HWI: [KPI Perf] static void qcamera::QCamera2HardwareInterface::stop_preview(camera_device*): X
01-30 17:38:04.873   408 15526 D QCameraParameters: int32_t qcamera::QCameraParameters::setPreviewSize(const qcamera::QCameraParameters&): Requested preview size 640 x 480
01-30 17:38:04.873   408 15526 D QCameraParameters: int32_t qcamera::QCameraParameters::setVideoSize(const qcamera::QCameraParameters&): Requested video size 640 x 480
01-30 17:38:04.873   408 15526 D QCameraParameters: int32_t qcamera::QCameraParameters::setPictureSize(const qcamera::QCameraParameters&): Requested picture size 640 x 480
01-30 17:38:04.873   408 15526 D QCameraParameters: void qcamera::QCameraParameters::updateViewAngles(): Final horizViewAngle 54.799999, vertViewAngle 42.500000
01-30 17:38:04.873   408 15526 D QCameraParameters: Param m_bNoDisplayMode = 0
01-30 17:38:04.873   408 15526 D QCameraParameters: int32_t qcamera::QCameraParameters::setPreviewFpsRange(const qcamera::QCameraParameters&): FpsRange Values:(8000, 30000)
01-30 17:38:04.873   408 15526 D QCameraParameters: int32_t qcamera::QCameraParameters::setPreviewFpsRange(const qcamera::QCameraParameters&): Requested FpsRange Values:(8000, 30000)
01-30 17:38:04.873   408 15526 D QCameraParameters: HFR mode is OFF
01-30 17:38:04.873   408 15526 D QCameraParameters: int32_t qcamera::QCameraParameters::setFssr(const qcamera::QCameraParameters&): FSSR is not supported
01-30 17:38:04.873   408 15526 D QCameraParameters: int32_t qcamera::QCameraParameters::setMultiTouchFocus(const qcamera::QCameraParameters&): multi-touch focus is not supported
01-30 17:38:04.873   492 15543 D mm-camera: mct_pipeline_process_set:command=800000e
01-30 17:38:04.883   408 15526 D QCameraParameters: int32_t qcamera::QCameraParameters::setNumOfSnapshot(): nBurstNum = 1, nExpnum = 1
01-30 17:38:04.883   408  1557 D QCamera2HWI: [KPI Perf] static int qcamera::QCamera2HardwareInterface::start_preview(camera_device*): E PROFILE_START_PREVIEW
01-30 17:38:04.883   408 15526 D QCameraHWI_Mem: void qcamera::QCameraMemory::traceLogAllocStart(size_t, int, const char*) : alloc E count=1 size=932
01-30 17:38:04.883   408 15526 D QCameraHWI_Mem: void qcamera::QCameraMemory::traceLogAllocStart(size_t, int, const char*) : alloc E count=1 size=932
01-30 17:38:04.883   408 15526 D QCameraHWI_Mem: int qcamera::QCameraMemory::alloc(int, size_t, unsigned int) : No memory pool available and So allocate new buffer
01-30 17:38:04.883   408 15526 D QCameraHWI_Mem: static int qcamera::QCameraMemory::allocOneBuffer(qcamera::QCameraMemory::QCameraMemInfo&, unsigned int, size_t, bool) : ION buffer 1 with size 4096 allocated
01-30 17:38:04.883   408 15526 D QCameraHWI_Mem:  void qcamera::QCameraMemory::traceLogAllocEnd(size_t) : X
01-30 17:38:04.883   408 15526 D QCameraHWI_Mem:  void qcamera::QCameraMemory::traceLogAllocEnd(size_t) : X
01-30 17:38:04.893   408 15526 D QCamera2HWI: uint8_t qcamera::QCamera2HardwareInterface::getBufNumRequired(cam_stream_type_t): Allocating 9 buffers for streamtype 7
01-30 17:38:04.893   408 15526 D QCamera2HWI: virtual qcamera::QCameraHeapMemory* qcamera::QCamera2HardwareInterface::allocateStreamInfoBuf(cam_stream_type_t): stream_type 7, stream format 99,stream dimension 454088x1, num_bufs 9
01-30 17:38:04.893   408 15526 D QCamera2HWI: uint8_t qcamera::QCamera2HardwareInterface::getBufNumRequired(cam_stream_type_t): Allocating 9 buffers for streamtype 7
01-30 17:38:04.893   492 15543 D mm-camera: mct_pipeline_process_set:command=800000a
01-30 17:38:04.893   408 15526 D QCameraHWI_Mem: void qcamera::QCameraMemory::traceLogAllocStart(size_t, int, const char*) : alloc E count=1 size=932
01-30 17:38:04.893   408 15527 D QCameraHWI_Mem: void qcamera::QCameraMemory::traceLogAllocStart(size_t, int, const char*) : alloc E count=9 size=454112
01-30 17:38:04.893   408 15526 D QCameraHWI_Mem: void qcamera::QCameraMemory::traceLogAllocStart(size_t, int, const char*) : alloc E count=1 size=932
01-30 17:38:04.893   408 15527 E QCameraHWI_Mem: void qcamera::QCameraMemory::traceLogAllocStart(size_t, int, const char*):StreamMemsize 454112
01-30 17:38:04.893   408 15526 D QCameraHWI_Mem: int qcamera::QCameraMemory::alloc(int, size_t, unsigned int) : No memory pool available and So allocate new buffer
01-30 17:38:04.893   408 15527 D QCameraHWI_Mem: void qcamera::QCameraMemory::traceLogAllocStart(size_t, int, const char*) : alloc E count=9 size=454112
01-30 17:38:04.893   408 15527 E QCameraHWI_Mem: void qcamera::QCameraMemory::traceLogAllocStart(size_t, int, const char*):Memsize 454112
01-30 17:38:04.893   408 15527 E QCameraHWI_Mem: int qcamera::QCameraMemoryPool::allocateBuffer(qcamera::QCameraMemory::QCameraMemInfo&, unsigned int, size_t, bool, cam_stream_type_t) : Buffer not found!
01-30 17:38:04.893   408 15526 D QCameraHWI_Mem: static int qcamera::QCameraMemory::allocOneBuffer(qcamera::QCameraMemory::QCameraMemInfo&, unsigned int, size_t, bool) : ION buffer 1 with size 4096 allocated
01-30 17:38:04.893   408 15527 D QCameraHWI_Mem: static int qcamera::QCameraMemory::allocOneBuffer(qcamera::QCameraMemory::QCameraMemInfo&, unsigned int, size_t, bool) : ION buffer 1 with size 454656 allocated
01-30 17:38:04.893   408 15526 D QCameraHWI_Mem:  void qcamera::QCameraMemory::traceLogAllocEnd(size_t) : X
01-30 17:38:04.893   408 15527 E QCameraHWI_Mem: int qcamera::QCameraMemoryPool::allocateBuffer(qcamera::QCameraMemory::QCameraMemInfo&, unsigned int, size_t, bool, cam_stream_type_t) : Buffer not found!
01-30 17:38:04.893   408 15526 D QCameraHWI_Mem:  void qcamera::QCameraMemory::traceLogAllocEnd(size_t) : X
01-30 17:38:04.893   408 15527 D QCameraHWI_Mem: static int qcamera::QCameraMemory::allocOneBuffer(qcamera::QCameraMemory::QCameraMemInfo&, unsigned int, size_t, bool) : ION buffer 1 with size 454656 allocated
01-30 17:38:04.893   408 15527 E QCameraHWI_Mem: int qcamera::QCameraMemoryPool::allocateBuffer(qcamera::QCameraMemory::QCameraMemInfo&, unsigned int, size_t, bool, cam_stream_type_t) : Buffer not found!
01-30 17:38:04.893   408 15527 D QCameraHWI_Mem: static int qcamera::QCameraMemory::allocOneBuffer(qcamera::QCameraMemory::QCameraMemInfo&, unsigned int, size_t, bool) : ION buffer 1 with size 454656 allocated
01-30 17:38:04.893   408 15527 E QCameraHWI_Mem: int qcamera::QCameraMemoryPool::allocateBuffer(qcamera::QCameraMemory::QCameraMemInfo&, unsigned int, size_t, bool, cam_stream_type_t) : Buffer not found!
01-30 17:38:04.893   408 15527 D QCameraHWI_Mem: static int qcamera::QCameraMemory::allocOneBuffer(qcamera::QCameraMemory::QCameraMemInfo&, unsigned int, size_t, bool) : ION buffer 1 with size 454656 allocated
01-30 17:38:04.893   408 15527 E QCameraHWI_Mem: int qcamera::QCameraMemoryPool::allocateBuffer(qcamera::QCameraMemory::QCameraMemInfo&, unsigned int, size_t, bool, cam_stream_type_t) : Buffer not found!
01-30 17:38:04.893   408 15527 D QCameraHWI_Mem: static int qcamera::QCameraMemory::allocOneBuffer(qcamera::QCameraMemory::QCameraMemInfo&, unsigned int, size_t, bool) : ION buffer 1 with size 454656 allocated
01-30 17:38:04.893   408 15527 E QCameraHWI_Mem: int qcamera::QCameraMemoryPool::allocateBuffer(qcamera::QCameraMemory::QCameraMemInfo&, unsigned int, size_t, bool, cam_stream_type_t) : Buffer not found!
01-30 17:38:04.893   408 15527 D QCameraHWI_Mem: static int qcamera::QCameraMemory::allocOneBuffer(qcamera::QCameraMemory::QCameraMemInfo&, unsigned int, size_t, bool) : ION buffer 1 with size 454656 allocated
01-30 17:38:04.893   408 15527 E QCameraHWI_Mem: int qcamera::QCameraMemoryPool::allocateBuffer(qcamera::QCameraMemory::QCameraMemInfo&, unsigned int, size_t, bool, cam_stream_type_t) : Buffer not found!
01-30 17:38:04.893   408 15526 D QCamera2HWI: uint8_t qcamera::QCamera2HardwareInterface::getBufNumRequired(cam_stream_type_t): Allocating 8 buffers for streamtype 1
01-30 17:38:04.893   408 15526 D QCamera2HWI: virtual qcamera::QCameraHeapMemory* qcamera::QCamera2HardwareInterface::allocateStreamInfoBuf(cam_stream_type_t): stream_type 1, stream format 2,stream dimension 640x480, num_bufs 8
01-30 17:38:04.893   408 15527 D QCameraHWI_Mem: static int qcamera::QCameraMemory::allocOneBuffer(qcamera::QCameraMemory::QCameraMemInfo&, unsigned int, size_t, bool) : ION buffer 1 with size 454656 allocated
01-30 17:38:04.893   408 15527 E QCameraHWI_Mem: int qcamera::QCameraMemoryPool::allocateBuffer(qcamera::QCameraMemory::QCameraMemInfo&, unsigned int, size_t, bool, cam_stream_type_t) : Buffer not found!
01-30 17:38:04.893   408 15526 D QCamera2HWI: uint8_t qcamera::QCamera2HardwareInterface::getBufNumRequired(cam_stream_type_t): Allocating 8 buffers for streamtype 1
01-30 17:38:04.893   408 15527 D QCameraHWI_Mem: static int qcamera::QCameraMemory::allocOneBuffer(qcamera::QCameraMemory::QCameraMemInfo&, unsigned int, size_t, bool) : ION buffer 1 with size 454656 allocated
01-30 17:38:04.893   408 15527 E QCameraHWI_Mem: int qcamera::QCameraMemoryPool::allocateBuffer(qcamera::QCameraMemory::QCameraMemInfo&, unsigned int, size_t, bool, cam_stream_type_t) : Buffer not found!
01-30 17:38:04.893   492 15543 D mm-camera: mct_pipeline_process_set:command=800000a
01-30 17:38:04.893   408 15527 D QCameraHWI_Mem: static int qcamera::QCameraMemory::allocOneBuffer(qcamera::QCameraMemory::QCameraMemInfo&, unsigned int, size_t, bool) : ION buffer 1 with size 454656 allocated
01-30 17:38:04.893   408 15527 D QCameraHWI_Mem:  void qcamera::QCameraMemory::traceLogAllocEnd(size_t) : X
01-30 17:38:04.893   408 15527 E QCameraHWI_Mem: void qcamera::QCameraMemory::traceLogAllocEnd(size_t) 4087008
01-30 17:38:04.893   408 15527 D QCameraHWI_Mem:  void qcamera::QCameraMemory::traceLogAllocEnd(size_t) : X
01-30 17:38:04.893   408 15527 E QCameraHWI_Mem: void qcamera::QCameraMemory::traceLogAllocEnd(size_t) 4087008
01-30 17:38:04.893   492 15543 D mm-camera: mct_pipeline_process_set:command=8000012
01-30 17:38:04.893   492 15543 D mm-camera: mct_pipeline_add_stream_to_linked_streams: linked streams: 0x2
01-30 17:38:04.893   492 15543 D mm-camera: mct_stream_start_link: Starting preview/postview stream linking 
01-30 17:38:04.893   492 15543 E mm-camera: isp_util_find_matched_existing_src_port#213: X
01-30 17:38:04.893   492 15543 D mm-camera: c2d_port_check_caps_reserve:143, identity=0x20002, reserved
01-30 17:38:04.903   492 15543 D mm-camera: c2d_module_notify_add_stream:1396, info: success, identity=0x20002
01-30 17:38:04.903   492 15543 D mm-camera: c2d_port_check_caps_reserve:143, identity=0x20002, reserved
01-30 17:38:04.903   492 15543 E mm-camera: module_faceproc_client_create:977] Face proc feature mask e 0
01-30 17:38:04.913   492 15571 D mm-camera: aecawb_thread_handler thread_id is 15571
01-30 17:38:04.923   492 15572 D mm-camera: af_thread_handler thread_id is 15572
01-30 17:38:04.933   492 15574 D mm-camera: afd_thread_handler thread_id is 15574
01-30 17:38:04.943   492 15575 D mm-camera: asd_thread_handler thread_id is 15575
01-30 17:38:04.943   492 15576 E mm-camera: is_thread_handler thread_id is 15576
01-30 17:38:04.943   492 15543 D mm-camera: gyro_port_event  MCT_EVENT_MODULE_START_STOP_STATS_THREADS start_flag: 1
01-30 17:38:04.943   492 15543 D mm-camera: Initializing Motion Sensor Framework!!!
01-30 17:38:04.943   492 15543 D mm-camera: gyro_port_init_sensors:Init DSPS intf
01-30 17:38:04.943   492 15543 E mm-camera: dsps_proc_init: Failed to open sensor1 port
01-30 17:38:04.943   492 15543 E mm-camera: gyro_port_init_sensors:DSPS fail to init
01-30 17:38:04.943   492 15543 D mm-camera: gyro_port_init_sensors:Init Android sensor intf
01-30 17:38:04.943   492 15543 E mm-camera: gyro_port_init_sensors:Error initializing Native Sensor!
01-30 17:38:04.943   492 15543 E mm-camera: mct_pipeline_send_ctrl_events: Send Set Parm events
01-30 17:38:04.943   492 15543 E mm-camera: stats_port_proc_downstream_set_parm Enable AEC & AWB subsampling optimizations
01-30 17:38:04.953   492 15543 D mm-camera: mct_pipeline_process_set:command=8000004
01-30 17:38:04.953   492 15576 E mm-camera: is_thread_handler: Starting IS thread handler
01-30 17:38:04.953   408 15526 D QCamera2HWI: int qcamera::QCamera2HardwareInterface::startPreview(): E
01-30 17:38:04.953   408 15526 D QCamera2HWI: int qcamera::QCamera2HardwareInterface::calcThermalLevel(qcamera::qcamera_thermal_level_enum_t, int, int, cam_fps_range_t&, msm_vfe_frame_skip_pattern&): level: 0, preview minfps 8000.000000, preview maxfpS 30000.000000, video minfps 8000.000000, video maxfpS 30000.000000
01-30 17:38:04.953   408 15526 D QCamera2HWI: int qcamera::QCamera2HardwareInterface::calcThermalLevel(qcamera::qcamera_thermal_level_enum_t, int, int, cam_fps_range_t&, msm_vfe_frame_skip_pattern&): Thermal level 0, FPS [8.00,30.00, 8.00,30.00], frameskip 0
01-30 17:38:04.953   492 15543 D mm-camera: mct_pipeline_process_set:command=800000e
01-30 17:38:04.953   492 15543 E mm-camera: mct_pipeline_send_ctrl_events: Send Set Parm events
01-30 17:38:04.953 15052 15052 I MobiFace: Content JS LOG: License File Exists, Reading the File Now /sdcard/Jio/LicenseFile.txt 
01-30 17:38:04.953 15052 15052 I MobiFace:     at readLicenseDataFromFile/request.onsuccess (app://2ec57ac3-eee0-41a3-9d3f-e1b3e29e617f/js/livenesschallenge.js:563:9)
01-30 17:38:04.963   492 15543 D mm-camera: mct_pipeline_process_set:command=8000012
01-30 17:38:04.963   492 15543 D mm-camera: mct_pipeline_add_stream_to_linked_streams: linked streams: 0x82
01-30 17:38:04.963   492 15543 D mm-camera: mct_stream_start_link: Starting meta stream linking: do nothing 
01-30 17:38:04.963   408 15526 E mm-camera-intf: mm_stream_get_v4l2_fmt: Unknown fmt=99
01-30 17:38:04.963   492 15543 D mm-camera: mct_pipeline_process_set:command=8000004
01-30 17:38:04.963   408 15526 E mm-camera-intf: mm_stream_request_buf: buf_num = 9, stream type = 7
01-30 17:38:04.963   408 15526 D mm-camera-intf: mm_stream_qbuf: Starting poll on stream 0xb8c2b3c8 type: 7
01-30 17:38:04.963   408 15526 D mm-camera-intf: mm_stream_qbuf: Started poll on stream 0xb8c2b3c8 type: 7
01-30 17:38:04.963   492 15543 D mm-camera: mct_pipeline_process_set:command=8000008
01-30 17:38:04.963   492 15543 D mm-camera: mct_pipeline_process_set: stream_type = 7
01-30 17:38:04.963   408 15526 D QCameraParameters: int qcamera::QCameraParameters::getPreviewHalPixelFormat() const: format 17
01-30 17:38:04.963   408 15526 D QCameraHWI_Mem: void qcamera::QCameraGrallocMemory::setMaxFPS(int): Setting max fps 30 to display
01-30 17:38:04.963   408 15526 D QCameraHWI_Mem: void qcamera::QCameraMemory::traceLogAllocStart(size_t, int, const char*) : alloc E count=8 size=0
01-30 17:38:04.963   408 15526 D QCameraHWI_Mem:  virtual int qcamera::QCameraGrallocMemory::allocate(uint8_t, size_t) : E 
01-30 17:38:04.963   408 15526 D QCameraHWI_Mem: virtual int qcamera::QCameraGrallocMemory::allocate(uint8_t, size_t): usage = 1073872896, geometry: 0xb8c13510, 640, 480, 640, 480, 17
01-30 17:38:04.973 15052 15052 I GeckoDump: Click start face recognition button......
01-30 17:38:04.983 15052 15052 I MobiFace: Content JS LOG: Got License String  --  ARAITVNDX0NPUkUEA8Rg4AEAJbqqvDGwh+zqSbiDg17muDaCFEMEy3dTqQBsdHidhXyr+MW3x5dYYsIRc+afKcac8TnSd/7mC1oomRx6WBzfK0uOy1PS+iSRuKg8EyFCvZGJjFQUlGLyW1VaD6bbwbwkJWriq5fU2p/7DuFga/BqBZ1h7syKR/dUR89UW6EjDQDnDbTPmV3yhCsOdRlqVF6HJRq+rKiJl19aVh8YTo/pMAuXjsvLtMGIow6uRxxXELzw3wI38I1gX3OFcrMhopxe8L2WRidxyN0CEW778e2q88ezTBiB7UnbMxeXetnr8PFRS6x/B35rgMXuymPr1iD7cuoaGhb3PaDeQ+rFNrQ+LQEUDE1TQ19MSVZFTkVTUwQDxGDgAQCfEJ2CeemJNSi+b93W5/RzHsFRsiGBRKUwPIfEAE/f9r/xT+SPt481+M5BJphprWf65gSL5gijXjwQQF6omHW2FHc20ouRfhrQ9zM4ySAPVZq5NmArZl1b2M4RiSeYTDk84J97SAiwggEqayT8iwG8NaQkh7WdmySZx3jf9ZScIdb4t6l+o67xQB64KoNhK5OoztbOmGw7pejIGD9I+ueht3PE1Bw7wZan0myQI+GMQ5Cp9VsW3kM8vBmKN/t4z/rfhSFnAixkAtszv+xTR+bLZHBdOZJFEZko27lLLsqDAnf0tam3ZYaR2KQ1uvGi0Y6C49ZQsiP3nXK6w+sj+Lu8AQ0FVkVSSUYEA8Rg4AEAJxFBABBn+oPXBNIhT+BnC/3dcuamjdZehysg6zkW9wg6jlPuXbK7Ck5bmlpL/lTcJhyDlsGSfQdzLnOQyGIrYNC1fvLeXqRLnQEmKA7hlwZefkkTjhzEPvt+JEhifuJ/NEeMQ8LcbVZIPJLf37POyOrkGbO53D0f1kHNqJPxw4nZis80xWyj3K1IolRbIuaYbbBS3X+Pn56MELnQOxq241JYPmdwLf11Sbu
01-30 17:38:04.993   408 15526 D QCameraHWI_Mem:  virtual int qcamera::QCameraGrallocMemory::allocate(uint8_t, size_t) : X 
01-30 17:38:04.993   408 15526 D QCameraHWI_Mem:  void qcamera::QCameraMemory::traceLogAllocEnd(size_t) : X
01-30 17:38:04.993   408 15526 E mm-camera-intf: mm_stream_request_buf: buf_num = 8, stream type = 1
01-30 17:38:04.993   408 15526 D mm-camera-intf: mm_stream_qbuf: Starting poll on stream 0xb8c2b5b0 type: 1
01-30 17:38:04.993   408 15526 D mm-camera-intf: mm_stream_qbuf: Started poll on stream 0xb8c2b5b0 type: 1
01-30 17:38:04.993   492 15543 D mm-camera: mct_pipeline_process_set:command=8000008
01-30 17:38:04.993   492 15543 D mm-camera: mct_pipeline_process_set: stream_type = 1
01-30 17:38:04.993 15052 15052 I MobiFace: Content JS LOG: license files:[object ArrayBuffer] 
01-30 17:38:04.993 15052 15052 I MobiFace:     at startFaceRecognition (app://2ec57ac3-eee0-41a3-9d3f-e1b3e29e617f/js/livenesschallenge.js:141:9)
01-30 17:38:04.993 15052 15052 E linker  : readlink('/proc/self/fd/76') failed: Invalid argument [fd=76]
01-30 17:38:04.993 15052 15052 E linker  : warning: unable to get realpath for the library "/system/lib/libFrService.so". Will use given name.
01-30 17:38:05.003 15052 15052 D FrServiceClient:  DEBUG - Creating FrService
01-30 17:38:05.003 15052 15052 E MobiFace: Size of license 6928
01-30 17:38:05.003 15052 15052 D FrServiceClient:  DEBUG - IdemiaFrServiceImpl::Installing License with Size 6928
01-30 17:38:05.003  7854  7858 D MobiFace:  DEBUG - License: ARAITVNDX0NPUkUEA8Rg4AEAJbqqvDGwh+zqSbiDg17muDaCFEMEy3dTqQBsdHidhXyr+MW3x5dYYsIRc+afKcac8TnSd/7mC1oomRx6WBzfK0uOy1PS+iSRuKg8EyFCvZGJjFQUlGLyW1VaD6bbwbwkJWriq5fU2p/7DuFga/BqBZ1h7syKR/dUR89UW6EjDQDnDbTPmV3yhCsOdRlqVF6HJRq+rKiJl19aVh8YTo/pMAuXjsvLtMGIow6uRxxXELzw3wI38I1gX3OFcrMhopxe8L2WRidxyN0CEW778e2q88ezTBiB7UnbMxeXetnr8PFRS6x/B35rgMXuymPr1iD7cuoaGhb3PaDeQ+rFNrQ+LQEUDE1TQ19MSVZFTkVTUwQDxGDgAQCfEJ2CeemJNSi+b93W5/RzHsFRsiGBRKUwPIfEAE/f9r/xT+SPt481+M5BJphprWf65gSL5gijXjwQQF6omHW2FHc20ouRfhrQ9
01-30 17:38:05.003   492 15543 E mm-camera: decide_isp_nums_camif: num_isp = 1
01-30 17:38:05.003   492 15543 E mm-camera: isp_sink_port_stream_config: E, session_id = 2, stream_id = 2, stream_type = 1
01-30 17:38:05.003   492 15543 E mm-camera: isp_sink_port_stream_config: session_id = 2, stream_id = 2, is_split = 0
01-30 17:38:05.003   492 15543 E mm-camera: isp_sink_port_stream_config: old vfe_id_mask = 0x1, new vfe_id_mask = 0x1
01-30 17:38:05.003   492 15543 E mm-camera-sensor: Depth_Err: actuator sensitivity : 0.000000 is invalid
01-30 17:38:05.003   492 15543 E mm-camera: is_port_handle_stream_config_event: w = 640, h = 480, ma = 270, p = 1
01-30 17:38:05.003   492 15543 D mm-camera: gyro_port_event:frame_time: 31580 sensor_position: 1
01-30 17:38:05.003   492 15543 E mm-camera-sensor: module_sensor_stream_on:2458 chromatix name libchromatix_gc034a_preview.so
01-30 17:38:05.003   492 15543 E mm-camera: is_port_handle_set_is_enable: IS enable = 0
01-30 17:38:05.003   492 15543 E mm-camera: isp_tintless_config: same cfg as current
01-30 17:38:05.003   492 15543 E mm-camera: isp_tintless_bg_pca_update_chromatix_params: lib returned config err=0
01-30 17:38:05.003   492 15543 E mm-camera: port_isp_mct_ctrl_cmd: E, identity = 0x20002, STREAMON
01-30 17:38:05.003   492 15543 E mm-camera: gyro_port_enable_disable_sensor_request:No handler to enable!
01-30 17:38:05.013   492 15543 E mm-camera: awb_port_update_awb_data r_gain; 1.323627, g_gain: 1.000000, b_gain: 1.909566, cct: 4100
01-30 17:38:05.013   492 15543 E mm-camera: is_port_handle_stream_event: MCT_EVENT_CONTROL_STREAMON, identity = 0x20002
01-30 17:38:05.013   492 15543 E mm-camera-img: Face Album FILE EXISTS
01-30 17:38:05.013   492 15543 D mm-camera: c2d_module_handle_streamon_event:1646, identity=0x20002, stream-on done
01-30 17:38:05.013   492 15543 E mm-camera: isp_streamon: E, session_id = 2, stream_id = 2, active_count = 0 flash=FALSE
01-30 17:38:05.013   492 15533 E mm-camera: isp_proc_streamon: E, session_id = 2, stream_id = 2, stream_type = 1
01-30 17:38:05.013   492 15533 E mm-camera: isp_ch_util_sync_stream_cfg_to_channel: cannot find channel, Adding new channel for stream id 2
01-30 17:38:05.013   492 15533 E mm-camera: isp_add_meta_channel: no meta data, session_id = 2, stream_id = 2
01-30 17:38:05.013   492 15533 E mm-camera: isp_add_camif_channel: is_pdaf_supported 0
01-30 17:38:05.013   492 15533 D mm-camera: isp_validate_buf_request: total 8 current buffer count 8 for stream 2
01-30 17:38:05.013   492 15566 D mm-camera: isp_fmt_to_pix_pattern: format 31
01-30 17:38:05.023   492 15566 E mm-camera: linearization_set_params: param_id is not supported in this module
01-30 17:38:05.023   492 15566 E mm-camera: pca_rolloff_set_params: param_id is not supported in this module
01-30 17:38:05.023   492 15566 E mm-camera: wb_set_params: param_id is not supported in this module
01-30 17:38:05.023   492 15566 E mm-camera: demosaic_set_params: param_id 7, is not supported in this module
01-30 17:38:05.023   492 15566 E mm-camera: demux_set_params: param_id 7, is not supported in this module
01-30 17:38:05.023   492 15566 E mm-camera: clf_set_params: param_id 7, is not supported in this module
01-30 17:38:05.023   492 15566 E mm-camera: mce_set_params: param_id is not supported in this module
01-30 17:38:05.023   492 15566 E mm-camera: sce_set_params: param_id is not supported in this module
01-30 17:38:05.023   492 15566 E mm-camera: linearization_set_params: param_id is not supported in this module
01-30 17:38:05.023   492 15566 E mm-camera: pca_rolloff_set_params: param_id is not supported in this module
01-30 17:38:05.023   492 15566 E mm-camera: wb_set_params: param_id is not supported in this module
01-30 17:38:05.023   492 15566 E mm-camera: demosaic_set_params: param_id 7, is not supported in this module
01-30 17:38:05.023   492 15566 E mm-camera: demux_set_params: param_id 7, is not supported in this module
01-30 17:38:05.023   492 15566 E mm-camera: clf_set_params: param_id 7, is not supported in this module
01-30 17:38:05.023   492 15566 E mm-camera: mce_set_params: param_id is not supported in this module
01-30 17:38:05.023   492 15566 E mm-camera: sce_set_params: param_id is not supported in this module
01-30 17:38:05.023   492 15566 E mm-camera: linearization_set_params: param_id is not supported in this module
01-30 17:38:05.023   492 15566 E mm-camera: pca_rolloff_set_params: param_id is not supported in this module
01-30 17:38:05.023   492 15566 E mm-camera: wb_set_params: param_id is not supported in this module
01-30 17:38:05.023   492 15566 E mm-camera: demosaic_set_params: param_id 7, is not supported in this module
01-30 17:38:05.023   492 15566 E mm-camera: demux_set_params: param_id 7, is not supported in this module
01-30 17:38:05.023   492 15566 E mm-camera: clf_set_params: param_id 7, is not supported in this module
01-30 17:38:05.023   492 15566 E mm-camera: mce_set_params: param_id is not supported in this module
01-30 17:38:05.023   492 15566 E mm-camera: sce_set_params: param_id is not supported in this module
01-30 17:38:05.023   492 15533 E mm-camera: is_port_handle_output_dim_event: MCT_EVENT_MODULE_ISP_OUTPUT_DIM, steam_type = 1, w = 640, h = 480, IS mode = 0
01-30 17:38:05.023   492 15533 D mm-camera: isp_util_set_stats_bf_filter_size: BF filter size = 2
01-30 17:38:05.023   492 15533 D mm-camera: isp_hw_action: first start, hw thread for streamon/ack
01-30 17:38:05.023   492 15566 E mm-camera: isp_thread_proc_cmd: start/stop, thread_data = 0xb3a26804, action_code = 0
01-30 17:38:05.023   492 15566 D mm-camera: isp_fmt_to_pix_pattern: format 31
01-30 17:38:05.023   492 15566 D mm-camera: vfe_calc_fov: out1w = 640, out1h = 480, out2w = 0, out2h = 0
01-30 17:38:05.023   492 15566 D mm-camera: vfe_calc_fov: demosaic first_p = 0, last_p = 639, first_l = 0, last_l = 479
01-30 17:38:05.023   492 15566 D mm-camera: vfe_calc_fov: crop_factor = 4096, x=0, y=0, crop_out_x=640, crop_out_y=480
01-30 17:38:05.023   492 15566 D mm-camera: main_scaler_config: ip_w=640, ip_h=480
01-30 17:38:05.023   492 15566 D mm-camera: main_scaler_config: op_w=640, op_h=480
01-30 17:38:05.033   492 15533 E mm-camera: isp_ch_util_streamon: session_id = 2, vfe_mask = 0x1, async streamon, rc = 0
01-30 17:38:05.033   492 15533 D mm-camera: isp_hw_action: hw_thread for ack
01-30 17:38:05.033   492 15566 E mm-camera: linearization_set_params: param_id is not supported in this module
01-30 17:38:05.033   492 15566 E mm-camera: pca_rolloff_set_params: param_id is not supported in this module
01-30 17:38:05.033   492 15566 E mm-camera: wb_set_params: param_id is not supported in this module
01-30 17:38:05.033   492 15566 E mm-camera: demosaic_set_params: param_id 7, is not supported in this module
01-30 17:38:05.033   492 15566 E mm-camera: demux_set_params: param_id 7, is not supported in this module
01-30 17:38:05.033   492 15566 E mm-camera: clf_set_params: param_id 7, is not supported in this module
01-30 17:38:05.033   492 15566 E mm-camera: mce_set_params: param_id is not supported in this module
01-30 17:38:05.033   492 15566 E mm-camera: sce_set_params: param_id is not supported in this module
01-30 17:38:05.033   492 15566 D mm-camera: isp_fmt_to_pix_pattern: format 31
01-30 17:38:05.033   492 15566 E mm-camera: isp_pipeline_reset_hist_dmi, Enter
01-30 17:38:04.1085   492 15566 I KERNEL  : [ 6630.367946] msm_isp_send_hw_cmd:982 hi 8 lo 8
01-30 17:38:05.033   492 15566 E mm-camera: isp_pipeline_reset_hist_dmi, Enter
01-30 17:38:04.1086   492 15566 I KERNEL  : [ 6630.368793] msm_isp_send_hw_cmd:982 hi 8 lo 8
01-30 17:38:05.033   492 15566 E mm-camera: isp_pipeline_reset_hist_dmi, Enter
01-30 17:38:04.1087   492 15566 I KERNEL  : [ 6630.369115] msm_isp_send_hw_cmd:982 hi 8 lo 8
01-30 17:38:05.033   492 15566 D mm-camera: isp_validate_buf_request: total 4 current buffer count 4 for stream -2147418109
01-30 17:38:05.043   492 15566 D mm-camera: isp_validate_buf_request: total 4 current buffer count 4 for stream -2147418108
01-30 17:38:05.043   492 15566 D mm-camera: isp_validate_buf_request: total 4 current buffer count 4 for stream -2147418107
01-30 17:38:05.043   492 15566 D mm-camera: isp_validate_buf_request: total 4 current buffer count 4 for stream -2147418105
01-30 17:38:05.043   492 15566 D mm-camera: isp_validate_buf_request: total 4 current buffer count 4 for stream -2147418104
01-30 17:38:05.043   492 15566 D mm-camera: isp_validate_buf_request: total 4 current buffer count 4 for stream -2147418102
01-30 17:38:05.043   492 15566 E mm-camera: isp_axi_util_subscribe_v4l2_event: event_type = 0x8000100, is_subscribe = 1
01-30 17:38:05.053   492 15533 E mm-camera: isp_ch_util_streamon: session_id = 2, sync ack done
01-30 17:38:05.053   492 15566 E mm-camera: isp_thread_proc_cmd: start/stop ack done, thread_data = 0xb3a26804, action_code = 1, rc = 0
01-30 17:38:05.053   492 15571 E mm-camera-CORE: No active ISP module for ADRC, disable!!!
01-30 17:38:05.053   492 15566 E mm-camera: isp_pipeline32_get_roi_map: ROI: first pix 0, last pix 639, first ln 0, last line 479
01-30 17:38:05.053   492 15543 E mm-camera: isp_streamon: X, session_id = 2, rc = 0
01-30 17:38:05.053   492 15543 E mm-camera: port_isp_send_streamon_done_event_downstream: notify stream done downstream
01-30 17:38:05.053   492 15543 E mm-camera: port_isp_mct_ctrl_cmd: X, identity = 0x20002, STREAMON, ret = 0
01-30 17:38:04.1104   492 15543 I KERNEL  : [ 6630.386763] csi2_src_clk get failed
01-30 17:38:05.053   492 15543 D mm-camera: ispif_proc_streamon: ispif_hw_reset done
01-30 17:38:05.053   492 15543 D mm-camera: stream id 2, stream num_meta 0
01-30 17:38:05.053   492 15543 D mm-camera: ispif_streamon: session_id = 2, active_streams = 1
01-30 17:38:05.053   492 15543 E AEC_PORT: aec_port_proc_get_aec_data exp 0.070092 iso 56, exp-idx: 240, lc: 1064, gain: 1.125000
01-30 17:38:05.063   492 15543 E mm-camera-sensor: module_sensor_stream_on: Sending start bus message
01-30 17:38:05.063   492 15543 D mm-camera: start_sof_check_thread: Starting SOF timeout thread
01-30 17:38:05.073   492 15584 E mm-camera: mct_bus_sof_thread_run thread_id is 15584
01-30 17:38:05.073   492 15584 D mm-camera: mct_bus_sof_thread_run thread_id is 15584
01-30 17:38:05.073   408 15526 D QCamera2HWI: prewidht=640,preheight=480
01-30 17:38:05.073   408 15526 D QCamera2HWI: int qcamera::QCamera2HardwareInterface::startPreview(): X
01-30 17:38:05.073   408  1557 D QCamera2HWI: [KPI Perf] static int qcamera::QCamera2HardwareInterface::start_preview(camera_device*): X
01-30 17:38:04.1145  7854 14954 I KERNEL  : [ 6630.427102] msm_isp_notify: PIX0 frame id: 0
01-30 17:38:05.103  7854 14954 D MobiFace:  DEBUG - isValid: Start validating license
01-30 17:38:05.103  7854 14954 D MobiFace:  DEBUG - inside devenv
01-30 17:38:04.1215     2     2 I KERNEL  : [ 6630.497036] msm_isp_notify: PIX0 frame id: 1
01-30 17:38:05.173  7854 14954 D MobiFace:  DEBUG - isValid: Start validating license
01-30 17:38:05.173  7854 14954 D MobiFace:  DEBUG - inside devenv
01-30 17:38:05.173  7854 14954 D MobiFace:  DEBUG - FACEFLOW_init2: 0
01-30 17:38:05.173 15052 15052 I FrServiceClient:  INFO - version:00000001
01-30 17:38:05.173 15052 15052 I GeckoDump: Got face analysis manager......
01-30 17:38:05.183 15052 15052 I GeckoDump: Start face analysis......
01-30 17:38:05.193   492 15571 E mm-camera-CORE: aec_process_get_matching_index_from_history: history search unsuccessful! 
01-30 17:38:05.193   492 15571 E AEC_PORT: aec_port_save_update:real_gain:1.125000 linecnt:1064 exp_idx:240 cur_luma:-1073741824 led_est:1079196558
01-30 17:38:05.193   492 15536 E mm-camera: c2d_thread_handle_process_buf_event:190 input buf index 4
01-30 17:38:05.193   492 15536 E mm-camera: c2d_thread_handle_process_buf_event:207 input vaddr b3568000
01-30 17:38:05.203   408 15579 D QCamera2HWI: [KPI Perf] static void qcamera::QCamera2HardwareInterface::preview_stream_cb_routine(mm_camera_super_buf_t*, qcamera::QCameraStream*, void*) : PROFILE_FIRST_PREVIEW_FRAME
01-30 17:38:05.213 15052 15052 I MobiFace: Content JS LOG: Get the file: /sdcard/DCIM/100KAIOS/IMG_0001.jpg 
01-30 17:38:05.213 15052 15052 I MobiFace:     at startFaceRecognition/</request.onsuccess (app://2ec57ac3-eee0-41a3-9d3f-e1b3e29e617f/js/livenesschallenge.js:246:21)
01-30 17:38:05.213 15052 15052 I GeckoDump: BestImage read as array buffer
01-30 17:38:05.213 15052 15052 I WakeLock: Acquire screen wakelock
01-30 17:38:05.223 15052 15052 D FrServiceClient:  DEBUG - 2020-01-30 V 1.3.2
01-30 17:38:05.223  7854  7854 D MobiFace:  DEBUG - level:0
01-30 17:38:04.1284 15498 15498 I KERNEL  : [ 6630.566947] msm_isp_notify: PIX0 frame id: 2
01-30 17:38:05.263   492 15564 E mm-camera: q3a_port_send_event_downstream: AEC event handler returned failure!
01-30 17:38:05.263   492 15536 E mm-camera: c2d_thread_handle_process_buf_event:190 input buf index 5
01-30 17:38:05.263   492 15536 E mm-camera: c2d_thread_handle_process_buf_event:207 input vaddr b34f7000
01-30 17:38:05.283  7854  7854 D MobiFace:  DEBUG - FACEFLOW_sequence_start: 0
01-30 17:38:05.283 15052 15052 D FrServiceClient:  DEBUG - image 0xb190cea0
01-30 17:38:05.283 15052 15052 I FrServiceClient:  INFO - Setting image
01-30 17:38:05.283 15052 15052 D FrServiceClient:  DEBUG - IdemiaFrServiceImpl::StartFaceAnalysis: FrServiceClient 43158
01-30 17:38:04.1354 15498 15498 I KERNEL  : [ 6630.636845] msm_isp_notify: PIX0 frame id: 3
01-30 17:38:05.333  7854  7858 I MobiFace:  INFO - ref pushed
01-30 17:38:05.333   492 15571 E AEC_PORT: aec_port_save_update:real_gain:1.703125 linecnt:1064 exp_idx:254 cur_luma:1073741824 led_est:1077695063
01-30 17:38:05.333 15052 15589 D FrServiceClient:  DEBUG - tiem taken: 0.000000
01-30 17:38:05.333   492 15536 E mm-camera: c2d_thread_handle_process_buf_event:190 input buf index 6
01-30 17:38:05.333   492 15536 E mm-camera: c2d_thread_handle_process_buf_event:207 input vaddr b3486000
01-30 17:38:05.343  7854 14954 D MobiFace:  DEBUG - frameParams: 6 640 480 720 270
01-30 17:38:05.343 15052 15589 D FrServiceClient:  DEBUG - mobiFace_pushFrame frame 0xad901000 460800
01-30 17:38:05.343 15052 15589 D FrServiceClient:  DEBUG - IdemiaFrServiceImpl::StartFaceAnalysis: FrServiceClient 460800
01-30 17:38:05.373  7854  7854 D MobiFace:  DEBUG - pushImage2: 0xb7ae69c8 0xb7c24428 0xb44ce008 460800 1 -1213331312 0x4f3a1b22
01-30 17:38:05.403   492 15536 E mm-camera: c2d_thread_handle_process_buf_event:190 input buf index 4
01-30 17:38:05.403   492 15536 E mm-camera: c2d_thread_handle_process_buf_event:207 input vaddr b3568000
01-30 17:38:05.403   492 15571 E mm-camera-CORE: aec_process_get_matching_index_from_history: history search unsuccessful! 
01-30 17:38:05.403   492 15571 E AEC_PORT: aec_port_save_update:real_gain:1.703125 linecnt:1064 exp_idx:254 cur_luma:1610612736 led_est:1077346722
01-30 17:38:05.473   492 15536 E mm-camera: c2d_thread_handle_process_buf_event:190 input buf index 5
01-30 17:38:05.473   492 15536 E mm-camera: c2d_thread_handle_process_buf_event:207 input vaddr b34f7000
01-30 17:38:05.473   492 15571 E AEC_PORT: aec_port_save_update:real_gain:2.000000 linecnt:1552 exp_idx:273 cur_luma:-1610612736 led_est:1077183558
01-30 17:38:05.533  7854  7854 D MobiFace:  DEBUG - [event] trackingInfo_cb
01-30 17:38:05.533  7854  7854 D MobiFace:  DEBUG - [event] positionInstruction_cb
01-30 17:38:05.533  7854  7854 D MobiFace:  DEBUG - [event] freeImage_cb
01-30 17:38:05.533  7854  7854 D MobiFace:  DEBUG - pushImage2: 0
01-30 17:38:05.533  7854 15177 D MobiFace:  DEBUG - getPositionInfo
01-30 17:38:05.533  7854 14954 D MobiFace:  DEBUG - getChallenge
01-30 17:38:05.533  7854  7858 D MobiFace:  DEBUG - getChallengeInfo
01-30 17:38:05.533 15052 15052 I GeckoDump: Got analysisResult:0
01-30 17:38:05.533 15052 15052 I GeckoDump: Got analysisInfo:1
01-30 17:38:05.533 15052 15052 I GeckoDump: Got matchScore0
01-30 17:38:05.533 15052 15052 I GeckoDump: Got payload is null
01-30 17:38:05.533 15052 15052 I GeckoDump: Got bestImage is null
01-30 17:38:05.543   492 15571 E AEC_PORT: aec_port_save_update:real_gain:2.000000 linecnt:1552 exp_idx:273 cur_luma:1610612736 led_est:1077846226
01-30 17:38:05.543   492 15536 E mm-camera: c2d_thread_handle_process_buf_event:190 input buf index 6
01-30 17:38:05.543   492 15536 E mm-camera: c2d_thread_handle_process_buf_event:207 input vaddr b3486000
01-30 17:38:05.553 15052 15589 D FrServiceClient:  DEBUG - tiem taken: 0.000000
01-30 17:38:05.553  7854 14954 D MobiFace:  DEBUG - frameParams: 6 640 480 720 270
01-30 17:38:05.553 15052 15589 D FrServiceClient:  DEBUG - mobiFace_pushFrame frame 0xad972000 460800
01-30 17:38:05.553 15052 15589 D FrServiceClient:  DEBUG - IdemiaFrServiceImpl::StartFaceAnalysis: FrServiceClient 460800
01-30 17:38:05.573  7854  7858 D MobiFace:  DEBUG - pushImage2: 0xb7ae69c8 0xb7b7c058 0xb44ce008 460800 1 -1213330272 0x4f3d461c
01-30 17:38:05.573   492 15541 I mm-camera-eztune: vendor/qcom/proprietary/mm-camera/mm-camera2/server-tuning/tuning/eztune_process.cpp(405): "bool eztune::ProcessLayer::Init(eztune_server_t, int):Control Mode Init"
01-30 17:38:05.573   492 15541 I mm-camera-eztune: vendor/qcom/proprietary/mm-camera/mm-camera2/server-tuning/tuning/eztune_interface.cpp(62): "Server: Waiting on new connection...\n"
01-30 17:38:05.613   492 15571 E AEC_PORT: aec_port_save_update:real_gain:2.285156 linecnt:1672 exp_idx:280 cur_luma:536870912 led_est:1077861643
01-30 17:38:05.613   492 15536 E mm-camera: c2d_thread_handle_process_buf_event:190 input buf index 4
01-30 17:38:05.613   492 15536 E mm-camera: c2d_thread_handle_process_buf_event:207 input vaddr b3568000
01-30 17:38:05.713   492 15571 E AEC_PORT: aec_port_save_update:real_gain:2.285156 linecnt:1672 exp_idx:280 cur_luma:536870912 led_est:1078592665
01-30 17:38:05.723   492 15536 E mm-camera: c2d_thread_handle_process_buf_event:190 input buf index 5
01-30 17:38:05.723   492 15536 E mm-camera: c2d_thread_handle_process_buf_event:207 input vaddr b34f7000
01-30 17:38:05.753  7854  7858 D MobiFace:  DEBUG - [event] trackingInfo_cb
01-30 17:38:05.753  7854  7858 D MobiFace:  DEBUG - [event] positionInstruction_cb
01-30 17:38:05.753  7854  7858 D MobiFace:  DEBUG - [event] freeImage_cb
01-30 17:38:05.753  7854  7858 D MobiFace:  DEBUG - pushImage2: 0
01-30 17:38:05.753  7854  7854 D MobiFace:  DEBUG - getPositionInfo
01-30 17:38:05.753  7854 15177 D MobiFace:  DEBUG - getChallenge
01-30 17:38:05.753  7854 14954 D MobiFace:  DEBUG - getChallengeInfo
01-30 17:38:05.753 15052 15052 I GeckoDump: Got analysisResult:0
01-30 17:38:05.753 15052 15052 I GeckoDump: Got analysisInfo:1
01-30 17:38:05.753 15052 15052 I GeckoDump: Got matchScore0
01-30 17:38:05.763 15052 15052 I GeckoDump: Got payload is null
01-30 17:38:05.763 15052 15052 I GeckoDump: Got bestImage is null
01-30 17:38:05.773 15052 15589 D FrServiceClient:  DEBUG - tiem taken: 0.000000
01-30 17:38:05.773  7854 14954 D MobiFace:  DEBUG - frameParams: 6 640 480 720 270
01-30 17:38:05.773 15052 15589 D FrServiceClient:  DEBUG - mobiFace_pushFrame frame 0xacf01000 460800
01-30 17:38:05.773 15052 15589 D FrServiceClient:  DEBUG - IdemiaFrServiceImpl::StartFaceAnalysis: FrServiceClient 460800
01-30 17:38:05.803  7854  7854 D MobiFace:  DEBUG - pushImage2: 0xb7ae69c8 0xb7b7c058 0xb44ce008 460800 1 -1213331312 0x4f40ab67
01-30 17:38:05.813   492 15532 E         : dmlroc_entry  entering dmlroc_entry
01-30 17:38:05.813   492 15536 E mm-camera: c2d_thread_handle_process_buf_event:190 input buf index 6
01-30 17:38:05.813   492 15536 E mm-camera: c2d_thread_handle_process_buf_event:207 input vaddr b3486000
01-30 17:38:05.833  5463  5463 D wpa_supplicant: wlan0: Control interface command 'SIGNAL_POLL'
01-30 17:38:05.853  5463  5463 D wpa_supplicant: CTRL-DEBUG: global_ctrl_sock-sendto: sock=11 sndbuf=163840 outq=0 send_len=48
01-30 17:38:05.933   492 15536 E mm-camera: c2d_thread_handle_process_buf_event:190 input buf index 4
01-30 17:38:05.933   492 15536 E mm-camera: c2d_thread_handle_process_buf_event:207 input vaddr b3568000
01-30 17:38:05.933   492 15571 E AEC_PORT: aec_port_save_update:real_gain:2.285156 linecnt:1672 exp_idx:280 cur_luma:-536870912 led_est:1078852320
01-30 17:38:05.943 15498 15588 I (Preallocated app): PAC file installed from data: URI
01-30 17:38:06.033   492 15536 E mm-camera: c2d_thread_handle_process_buf_event:190 input buf index 5
01-30 17:38:06.033   492 15536 E mm-camera: c2d_thread_handle_process_buf_event:207 input vaddr b34f7000
01-30 17:38:06.043   492 15571 E AEC_PORT: aec_port_save_update:real_gain:2.425781 linecnt:1672 exp_idx:282 cur_luma:1073741824 led_est:1078871787
01-30 17:38:06.063  7854  7854 D MobiFace:  DEBUG - [event] trackingInfo_cb
01-30 17:38:06.063  7854  7854 D MobiFace:  DEBUG - [event] positionInstruction_cb
01-30 17:38:06.063  7854  7854 D MobiFace:  DEBUG - [event] freeImage_cb
01-30 17:38:06.063  7854  7854 D MobiFace:  DEBUG - pushImage2: 0
01-30 17:38:06.063  7854  7858 D MobiFace:  DEBUG - getPositionInfo
01-30 17:38:06.073  7854 15177 D MobiFace:  DEBUG - getChallenge
01-30 17:38:06.073  7854 14954 D MobiFace:  DEBUG - getChallengeInfo
01-30 17:38:06.073 15052 15052 I GeckoDump: Got analysisResult:0
01-30 17:38:06.073 15052 15052 I GeckoDump: Got analysisInfo:7
01-30 17:38:06.073 15052 15052 I GeckoDump: Got matchScore0
01-30 17:38:06.073 15052 15052 I GeckoDump: Got payload is null
01-30 17:38:06.073 15052 15052 I GeckoDump: Got bestImage is null
01-30 17:38:06.083 15052 15589 D FrServiceClient:  DEBUG - tiem taken: 1.000000
01-30 17:38:06.083  7854 15177 D MobiFace:  DEBUG - frameParams: 6 640 480 720 270
01-30 17:38:06.083 15052 15589 D FrServiceClient:  DEBUG - mobiFace_pushFrame frame 0xad901000 460800
01-30 17:38:06.083 15052 15589 D FrServiceClient:  DEBUG - IdemiaFrServiceImpl::StartFaceAnalysis: FrServiceClient 460800
01-30 17:38:06.103  7854 14954 D MobiFace:  DEBUG - pushImage2: 0xb7ae69c8 0xb7b7c058 0xb44ce008 460800 1 -1213304712 0x4f4544a5
01-30 17:38:06.153   492 15536 E mm-camera: c2d_thread_handle_process_buf_event:190 input buf index 6
01-30 17:38:06.153   492 15536 E mm-camera: c2d_thread_handle_process_buf_event:207 input vaddr b3486000
01-30 17:38:06.153   492 15571 E AEC_PORT: aec_port_save_update:real_gain:2.425781 linecnt:1672 exp_idx:282 cur_luma:0 led_est:1078845500
01-30 17:38:06.173  7854 14954 D MobiFace:  DEBUG - [event] trackingInfo_cb
01-30 17:38:06.173  7854 14954 D MobiFace:  DEBUG - [event] positionInstruction_cb
01-30 17:38:06.173  7854 14954 D MobiFace:  DEBUG - [event] freeImage_cb
01-30 17:38:06.173  7854 14954 D MobiFace:  DEBUG - pushImage2: 0
01-30 17:38:06.173  7854  7854 D MobiFace:  DEBUG - getPositionInfo
01-30 17:38:06.173  7854  7858 D MobiFace:  DEBUG - getChallenge
01-30 17:38:06.173  7854 15177 D MobiFace:  DEBUG - getChallengeInfo
01-30 17:38:06.173 15052 15052 I GeckoDump: Got analysisResult:0
01-30 17:38:06.173 15052 15052 I GeckoDump: Got analysisInfo:7
01-30 17:38:06.173 15052 15052 I GeckoDump: Got matchScore0
01-30 17:38:06.173 15052 15052 I GeckoDump: Got payload is null
01-30 17:38:06.173 15052 15052 I GeckoDump: Got bestImage is null
01-30 17:38:06.183 15052 15589 D FrServiceClient:  DEBUG - tiem taken: 1.000000
01-30 17:38:06.183  7854  7858 D MobiFace:  DEBUG - frameParams: 6 640 480 720 270
01-30 17:38:06.183 15052 15589 D FrServiceClient:  DEBUG - mobiFace_pushFrame frame 0xad972000 460800
01-30 17:38:06.183 15052 15589 D FrServiceClient:  DEBUG - IdemiaFrServiceImpl::StartFaceAnalysis: FrServiceClient 460800
01-30 17:38:06.203  7854 15177 D MobiFace:  DEBUG - pushImage2: 0xb7ae69c8 0xb7b7c058 0xb44ce008 460800 1 -1213303792 0x4f46c3ce
01-30 17:38:06.263   492 15536 E mm-camera: c2d_thread_handle_process_buf_event:190 input buf index 4
01-30 17:38:06.263   492 15536 E mm-camera: c2d_thread_handle_process_buf_event:207 input vaddr b3568000
01-30 17:38:06.273   492 15571 E AEC_PORT: aec_port_save_update:real_gain:2.574219 linecnt:1672 exp_idx:284 cur_luma:-536870912 led_est:1078813271
01-30 17:38:06.363   492 15536 E mm-camera: c2d_thread_handle_process_buf_event:190 input buf index 5
01-30 17:38:06.363   492 15536 E mm-camera: c2d_thread_handle_process_buf_event:207 input vaddr b34f7000
01-30 17:38:06.373  7854 15177 D MobiFace:  DEBUG - [event] trackingInfo_cb
01-30 17:38:06.373  7854 15177 D MobiFace:  DEBUG - [event] positionInstruction_cb
01-30 17:38:06.373  7854 15177 D MobiFace:  DEBUG - [event] freeImage_cb
01-30 17:38:06.373  7854 15177 D MobiFace:  DEBUG - pushImage2: 0
01-30 17:38:06.373  7854 14954 D MobiFace:  DEBUG - getPositionInfo
01-30 17:38:06.373  7854  7854 D MobiFace:  DEBUG - getChallenge
01-30 17:38:06.373   492 15571 E AEC_PORT: aec_port_save_update:real_gain:2.574219 linecnt:1672 exp_idx:284 cur_luma:-1073741824 led_est:1078943894
01-30 17:38:06.373  7854  7858 D MobiFace:  DEBUG - getChallengeInfo
01-30 17:38:06.373 15052 15052 I GeckoDump: Got analysisResult:0
01-30 17:38:06.373 15052 15052 I GeckoDump: Got analysisInfo:3
01-30 17:38:06.373 15052 15052 I GeckoDump: Got matchScore0
01-30 17:38:06.373 15052 15052 I GeckoDump: Got payload is null
01-30 17:38:06.373 15052 15052 I GeckoDump: Got bestImage is null
01-30 17:38:06.383 15052 15589 D FrServiceClient:  DEBUG - tiem taken: 1.000000
01-30 17:38:06.383  7854  7854 D MobiFace:  DEBUG - frameParams: 6 640 480 720 270
