01-30 17:40:19.313 15728 16470 D FrServiceClient:  DEBUG - IdemiaFrServiceImpl::StartFaceAnalysis: FrServiceClient 460800
01-30 17:40:19.323 16188 16471 D MobiFace:  DEBUG - pushImage2: 0xb7754998 0xb78b6520 0xb1a94008 460800 1 -1214425856 0x573624cc
01-30 17:40:19.383   492 16441 E AEC_PORT: aec_port_save_update:real_gain:2.000000 linecnt:1341 exp_idx:268 cur_luma:1610612736 led_est:1078926939
01-30 17:40:19.383   492 16386 E mm-camera: c2d_thread_handle_process_buf_event:190 input buf index 6
01-30 17:40:19.383   492 16386 E mm-camera: c2d_thread_handle_process_buf_event:207 input vaddr b3428000
01-30 17:40:19.413 16188 16471 D MobiFace:  DEBUG - [event] trackingInfo_cb
01-30 17:40:19.413 16188 16471 D MobiFace:  DEBUG - [event] positionInstruction_cb
01-30 17:40:19.413 16188 16467 D MobiFace:  DEBUG - [event] challenge2DInfo_cb
01-30 17:40:19.413 16188 16471 D MobiFace:  DEBUG - pushImage2: 0
01-30 17:40:19.413 16188 16465 D MobiFace:  DEBUG - [event] freeImage_cb
01-30 17:40:19.413 16188 16188 D MobiFace:  DEBUG - getPositionInfo
01-30 17:40:19.413 16188 16197 D MobiFace:  DEBUG - getChallenge
01-30 17:40:19.413 16188 16471 D MobiFace:  DEBUG - getChallengeInfo
01-30 17:40:19.413 15728 16470 D FrServiceClient:  DEBUG - challenge2DInfo 0 0 - 0 0 - 0 0
01-30 17:40:19.413 15728 15728 I GeckoDump: Got analysisResult:0
01-30 17:40:19.413 15728 15728 I GeckoDump: Got analysisInfo:5
01-30 17:40:19.413 15728 15728 I GeckoDump: Got matchScore0
01-30 17:40:19.413 15728 15728 I GeckoDump: Got faceanalysisresults payload ![object Blob]
01-30 17:40:19.413 15728 15728 I GeckoDump: Got bestImage is null
01-30 17:40:19.423 15728 15728 I MobiFace: Content JS LOG:  contact.challengeInfo  ============{"challengeInfo":{"availableCurrentPosition":false,"current_x":0,"current_y":0,"stability":0,"availableTargetPosition":false,"currentTarget":0,"numTargets":0,"targets":[{"target_x":0,"target_y":0,"target_radius":0},{"target_x":0,"target_y":0,"target_radius":0},{"target_x":0,"target_y":0,"target_radius":0}]}} 
01-30 17:40:19.423 15728 15728 I MobiFace:     at startFaceRecognition/</</reader.onload (app://2ec57ac3-eee0-41a3-9d3f-e1b3e29e617f/js/livenesschallenge.js:163:29)
01-30 17:40:19.423 15728 16470 D FrServiceClient:  DEBUG - tiem taken: 1.000000
01-30 17:40:19.423 16188 16188 D MobiFace:  DEBUG - frameParams: 6 640 480 720 270
01-30 17:40:19.433 15728 16470 D FrServiceClient:  DEBUG - mobiFace_pushFrame frame 0xa9201000 460800
01-30 17:40:19.433 15728 16470 D FrServiceClient:  DEBUG - IdemiaFrServiceImpl::StartFaceAnalysis: FrServiceClient 460800
01-30 17:40:19.443 16188 16471 D MobiFace:  DEBUG - pushImage2: 0xb7754998 0xb78b6520 0xb1a94008 460800 1 -1214425856 0x5737e965
01-30 17:40:19.463   492 16441 E AEC_PORT: aec_port_save_update:real_gain:2.000000 linecnt:1341 exp_idx:268 cur_luma:1073741824 led_est:1079015640
01-30 17:40:19.473   492 16386 E mm-camera: c2d_thread_handle_process_buf_event:190 input buf index 4
01-30 17:40:19.473   492 16386 E mm-camera: c2d_thread_handle_process_buf_event:207 input vaddr b350a000
01-30 17:40:19.533 16188 16471 D MobiFace:  DEBUG - [event] trackingInfo_cb
01-30 17:40:19.533 16188 16471 D MobiFace:  DEBUG - [event] positionInstruction_cb
01-30 17:40:19.533 16188 16467 D MobiFace:  DEBUG - [event] challenge2DInfo_cb
01-30 17:40:19.533 16188 16471 D MobiFace:  DEBUG - pushImage2: 0
01-30 17:40:19.533 16188 16465 D MobiFace:  DEBUG - [event] freeImage_cb
01-30 17:40:19.533 16188 16197 D MobiFace:  DEBUG - getPositionInfo
01-30 17:40:19.533 16188 16188 D MobiFace:  DEBUG - getChallenge
01-30 17:40:19.533 16188 16471 D MobiFace:  DEBUG - getChallengeInfo
01-30 17:40:19.533 15728 16470 D FrServiceClient:  DEBUG - challenge2DInfo 0 0 - 0 0 - 0 0
01-30 17:40:19.533 15728 15728 I GeckoDump: Got analysisResult:0
01-30 17:40:19.533 15728 15728 I GeckoDump: Got analysisInfo:5
01-30 17:40:19.533 15728 15728 I GeckoDump: Got matchScore0
01-30 17:40:19.533 15728 15728 I GeckoDump: Got faceanalysisresults payload ![object Blob]
01-30 17:40:19.533 15728 15728 I GeckoDump: Got bestImage is null
01-30 17:40:19.543 15728 15728 I MobiFace: Content JS LOG:  contact.challengeInfo  ============{"challengeInfo":{"availableCurrentPosition":false,"current_x":0,"current_y":0,"stability":0,"availableTargetPosition":false,"currentTarget":0,"numTargets":0,"targets":[{"target_x":0,"target_y":0,"target_radius":0},{"target_x":0,"target_y":0,"target_radius":0},{"target_x":0,"target_y":0,"target_radius":0}]}} 
01-30 17:40:19.543 15728 15728 I MobiFace:     at startFaceRecognition/</</reader.onload (app://2ec57ac3-eee0-41a3-9d3f-e1b3e29e617f/js/livenesschallenge.js:163:29)
01-30 17:40:19.543 15728 16470 D FrServiceClient:  DEBUG - tiem taken: 1.000000
01-30 17:40:19.543 16188 16197 D MobiFace:  DEBUG - frameParams: 6 640 480 720 270
01-30 17:40:19.553 15728 16470 D FrServiceClient:  DEBUG - mobiFace_pushFrame frame 0xac701000 460800
01-30 17:40:19.553 15728 16470 D FrServiceClient:  DEBUG - IdemiaFrServiceImpl::StartFaceAnalysis: FrServiceClient 460800
01-30 17:40:19.553   492 16441 E AEC_PORT: aec_port_save_update:real_gain:2.000000 linecnt:1381 exp_idx:269 cur_luma:536870912 led_est:1078995930
01-30 17:40:19.553   492 16386 E mm-camera: c2d_thread_handle_process_buf_event:190 input buf index 5
01-30 17:40:19.553   492 16386 E mm-camera: c2d_thread_handle_process_buf_event:207 input vaddr b3499000
01-30 17:40:19.583 16188 16471 D MobiFace:  DEBUG - pushImage2: 0xb7754998 0xb78b6520 0xb1a94008 460800 1 -1214425856 0x573a161c
01-30 17:40:19.603 16419 16472 I (Preallocated app): PAC file installed from data: URI
01-30 17:40:19.643   492 16441 E AEC_PORT: aec_port_save_update:real_gain:2.000000 linecnt:1381 exp_idx:269 cur_luma:-2147483648 led_est:1078914342
01-30 17:40:19.643   492 16386 E mm-camera: c2d_thread_handle_process_buf_event:190 input buf index 6
01-30 17:40:19.643   492 16386 E mm-camera: c2d_thread_handle_process_buf_event:207 input vaddr b3428000
01-30 17:40:19.683 16188 16471 D MobiFace:  DEBUG - [event] trackingInfo_cb
01-30 17:40:19.683 16188 16471 D MobiFace:  DEBUG - [event] positionInstruction_cb
01-30 17:40:19.683 16188 16467 D MobiFace:  DEBUG - [event] challenge2DInfo_cb
01-30 17:40:19.683 16188 16471 D MobiFace:  DEBUG - pushImage2: 0
01-30 17:40:19.683 16188 16188 D MobiFace:  DEBUG - getPositionInfo
01-30 17:40:19.683 16188 16465 D MobiFace:  DEBUG - [event] freeImage_cb
01-30 17:40:19.683 16188 16471 D MobiFace:  DEBUG - getChallenge
01-30 17:40:19.683 16188 16471 D MobiFace:  DEBUG - getChallengeInfo
01-30 17:40:19.683 15728 16470 D FrServiceClient:  DEBUG - challenge2DInfo 0 0 - 0 0 - 0 0
01-30 17:40:19.683 15728 15728 I GeckoDump: Got analysisResult:0
01-30 17:40:19.683 15728 15728 I GeckoDump: Got analysisInfo:5
01-30 17:40:19.683 15728 15728 I GeckoDump: Got matchScore0
01-30 17:40:19.683 15728 15728 I GeckoDump: Got faceanalysisresults payload ![object Blob]
01-30 17:40:19.683 15728 15728 I GeckoDump: Got bestImage is null
01-30 17:40:19.693 15728 15728 I MobiFace: Content JS LOG:  contact.challengeInfo  ============{"challengeInfo":{"availableCurrentPosition":false,"current_x":0,"current_y":0,"stability":0,"availableTargetPosition":false,"currentTarget":0,"numTargets":0,"targets":[{"target_x":0,"target_y":0,"target_radius":0},{"target_x":0,"target_y":0,"target_radius":0},{"target_x":0,"target_y":0,"target_radius":0}]}} 
01-30 17:40:19.693 15728 15728 I MobiFace:     at startFaceRecognition/</</reader.onload (app://2ec57ac3-eee0-41a3-9d3f-e1b3e29e617f/js/livenesschallenge.js:163:29)
01-30 17:40:19.693 15728 16470 D FrServiceClient:  DEBUG - tiem taken: 1.000000
01-30 17:40:19.693 16188 16197 D MobiFace:  DEBUG - frameParams: 6 640 480 720 270
01-30 17:40:19.693 15728 16470 D FrServiceClient:  DEBUG - mobiFace_pushFrame frame 0xac772000 460800
01-30 17:40:19.693 15728 16470 D FrServiceClient:  DEBUG - IdemiaFrServiceImpl::StartFaceAnalysis: FrServiceClient 460800
01-30 17:40:19.713 16188 16188 D MobiFace:  DEBUG - pushImage2: 0xb7754998 0xb78b6520 0xb1a94008 460800 1 -1217058672 0x573c01ad
01-30 17:40:19.723   492 16384 E         : dmlroc_entry  entering dmlroc_entry
01-30 17:40:19.733   492 16386 E mm-camera: c2d_thread_handle_process_buf_event:190 input buf index 4
01-30 17:40:19.733   492 16386 E mm-camera: c2d_thread_handle_process_buf_event:207 input vaddr b350a000
01-30 17:40:19.763 16188 16188 D MobiFace:  DEBUG - [event] trackingInfo_cb
01-30 17:40:19.763 16188 16188 D MobiFace:  DEBUG - [event] positionInstruction_cb
01-30 17:40:19.763 16188 16188 D MobiFace:  DEBUG - pushImage2: 0
01-30 17:40:19.763 16188 16197 D MobiFace:  DEBUG - getPositionInfo
01-30 17:40:19.763 16188 16197 D MobiFace:  DEBUG - getChallenge
01-30 17:40:19.763 16188 16197 D MobiFace:  DEBUG - getChallengeInfo
01-30 17:40:19.773 15728 15728 I GeckoDump: Got analysisResult:0
01-30 17:40:19.773 15728 15728 I GeckoDump: Got analysisInfo:5
01-30 17:40:19.773 15728 15728 I GeckoDump: Got matchScore0
01-30 17:40:19.773 15728 15728 I GeckoDump: Got payload is null
01-30 17:40:19.773 15728 15728 I GeckoDump: Got bestImage is null
01-30 17:40:19.773 16188 16467 D MobiFace:  DEBUG - [event] challenge2DInfo_cb
01-30 17:40:19.773 16188 16465 D MobiFace:  DEBUG - [event] freeImage_cb
01-30 17:40:19.783 15728 16470 D FrServiceClient:  DEBUG - tiem taken: 1.000000
01-30 17:40:19.783 16188 16197 D MobiFace:  DEBUG - frameParams: 6 640 480 720 270
01-30 17:40:19.783 15728 16470 D FrServiceClient:  DEBUG - mobiFace_pushFrame frame 0xa9201000 460800
01-30 17:40:19.783 15728 16470 D FrServiceClient:  DEBUG - IdemiaFrServiceImpl::StartFaceAnalysis: FrServiceClient 460800
01-30 17:40:19.793 16188 16188 D MobiFace:  DEBUG - pushImage2: 0xb7754998 0xb78b6520 0xb1a94008 460800 1 -1217058672 0x573d493c
01-30 17:40:19.823   492 16441 E AEC_PORT: aec_port_save_update:real_gain:2.000000 linecnt:1422 exp_idx:270 cur_luma:1610612736 led_est:1078940530
01-30 17:40:19.823   492 16386 E mm-camera: c2d_thread_handle_process_buf_event:190 input buf index 5
01-30 17:40:19.823   492 16386 E mm-camera: c2d_thread_handle_process_buf_event:207 input vaddr b3499000
01-30 17:40:19.853 16188 16188 D MobiFace:  DEBUG - [event] trackingInfo_cb
01-30 17:40:19.853 16188 16188 D MobiFace:  DEBUG - [event] positionInstruction_cb
01-30 17:40:19.853 16188 16467 D MobiFace:  DEBUG - [event] challenge2DInfo_cb
01-30 17:40:19.853 16188 16188 D MobiFace:  DEBUG - pushImage2: 0
01-30 17:40:19.853 16188 16471 D MobiFace:  DEBUG - getPositionInfo
01-30 17:40:19.853 16188 16465 D MobiFace:  DEBUG - [event] freeImage_cb
01-30 17:40:19.853 16188 16197 D MobiFace:  DEBUG - getChallenge
01-30 17:40:19.853 16188 16188 D MobiFace:  DEBUG - getChallengeInfo
01-30 17:40:19.853 15728 16470 D FrServiceClient:  DEBUG - challenge2DInfo 0 0 - 0 0 - 0 0
01-30 17:40:19.853 15728 15728 I GeckoDump: Got analysisResult:0
01-30 17:40:19.853 15728 15728 I GeckoDump: Got analysisInfo:5
01-30 17:40:19.853 15728 15728 I GeckoDump: Got matchScore0
01-30 17:40:19.853 15728 15728 I GeckoDump: Got faceanalysisresults payload ![object Blob]
01-30 17:40:19.853 15728 15728 I GeckoDump: Got bestImage is null
01-30 17:40:19.853 15728 15728 I MobiFace: Content JS LOG:  contact.challengeInfo  ============{"challengeInfo":{"availableCurrentPosition":false,"current_x":0,"current_y":0,"stability":0,"availableTargetPosition":false,"currentTarget":0,"numTargets":0,"targets":[{"target_x":0,"target_y":0,"target_radius":0},{"target_x":0,"target_y":0,"target_radius":0},{"target_x":0,"target_y":0,"target_radius":0}]}} 
01-30 17:40:19.853 15728 15728 I MobiFace:     at startFaceRecognition/</</reader.onload (app://2ec57ac3-eee0-41a3-9d3f-e1b3e29e617f/js/livenesschallenge.js:163:29)
01-30 17:40:19.863 15728 16470 D FrServiceClient:  DEBUG - tiem taken: 1.000000
01-30 17:40:19.863 16188 16471 D MobiFace:  DEBUG - frameParams: 6 640 480 720 270
01-30 17:40:19.863 15728 16470 D FrServiceClient:  DEBUG - mobiFace_pushFrame frame 0xac701000 460800
01-30 17:40:19.863 15728 16470 D FrServiceClient:  DEBUG - IdemiaFrServiceImpl::StartFaceAnalysis: FrServiceClient 460800
01-30 17:40:19.883 16188 16197 D MobiFace:  DEBUG - pushImage2: 0xb7754998 0xb78b6520 0xb1a94008 460800 1 -1217057632 0x573e93b2
01-30 17:40:19.913   492 16441 E AEC_PORT: aec_port_save_update:real_gain:2.000000 linecnt:1422 exp_idx:270 cur_luma:536870912 led_est:1078911716
01-30 17:40:19.913   492 16386 E mm-camera: c2d_thread_handle_process_buf_event:190 input buf index 6
01-30 17:40:19.913   492 16386 E mm-camera: c2d_thread_handle_process_buf_event:207 input vaddr b3428000
01-30 17:40:19.963 16188 16197 D MobiFace:  DEBUG - [event] trackingInfo_cb
01-30 17:40:19.963 16188 16197 D MobiFace:  DEBUG - [event] positionInstruction_cb
01-30 17:40:19.963 16188 16467 D MobiFace:  DEBUG - [event] challenge2DInfo_cb
01-30 17:40:19.963 16188 16197 D MobiFace:  DEBUG - pushImage2: 0
01-30 17:40:19.963 16188 16465 D MobiFace:  DEBUG - [event] freeImage_cb
01-30 17:40:19.963 16188 16188 D MobiFace:  DEBUG - getPositionInfo
01-30 17:40:19.963 16188 16471 D MobiFace:  DEBUG - getChallenge
01-30 17:40:19.973 16188 16197 D MobiFace:  DEBUG - getChallengeInfo
01-30 17:40:19.973 15728 16470 D FrServiceClient:  DEBUG - challenge2DInfo 0 0 - 0 0 - 0 0
01-30 17:40:19.973 15728 15728 I GeckoDump: Got analysisResult:0
01-30 17:40:19.973 15728 15728 I GeckoDump: Got analysisInfo:5
01-30 17:40:19.973 15728 15728 I GeckoDump: Got matchScore0
01-30 17:40:19.973 15728 15728 I GeckoDump: Got faceanalysisresults payload ![object Blob]
01-30 17:40:19.973 15728 15728 I GeckoDump: Got bestImage is null
01-30 17:40:19.973 15728 15728 I MobiFace: Content JS LOG:  contact.challengeInfo  ============{"challengeInfo":{"availableCurrentPosition":false,"current_x":0,"current_y":0,"stability":0,"availableTargetPosition":false,"currentTarget":0,"numTargets":0,"targets":[{"target_x":0,"target_y":0,"target_radius":0},{"target_x":0,"target_y":0,"target_radius":0},{"target_x":0,"target_y":0,"target_radius":0}]}} 
01-30 17:40:19.973 15728 15728 I MobiFace:     at startFaceRecognition/</</reader.onload (app://2ec57ac3-eee0-41a3-9d3f-e1b3e29e617f/js/livenesschallenge.js:163:29)
01-30 17:40:19.983 15728 16470 D FrServiceClient:  DEBUG - tiem taken: 1.000000
01-30 17:40:19.983 16188 16188 D MobiFace:  DEBUG - frameParams: 6 640 480 720 270
01-30 17:40:19.983 15728 16470 D FrServiceClient:  DEBUG - mobiFace_pushFrame frame 0xac772000 460800
01-30 17:40:19.983 15728 16470 D FrServiceClient:  DEBUG - IdemiaFrServiceImpl::StartFaceAnalysis: FrServiceClient 460800
01-30 17:40:19.993 16188 16197 D MobiFace:  DEBUG - pushImage2: 0xb7754998 0xb78b6520 0xb1a94008 460800 1 -1217057632 0x57405e2a
01-30 17:40:20.003   492 16386 E mm-camera: c2d_thread_handle_process_buf_event:190 input buf index 4
01-30 17:40:20.003   492 16386 E mm-camera: c2d_thread_handle_process_buf_event:207 input vaddr b350a000
01-30 17:40:20.003   492 16441 E AEC_PORT: aec_port_save_update:real_gain:2.000000 linecnt:1464 exp_idx:271 cur_luma:-536870912 led_est:1078946398
01-30 17:40:20.053 16188 16197 D MobiFace:  DEBUG - [event] trackingInfo_cb
01-30 17:40:20.053 16188 16197 D MobiFace:  DEBUG - [event] positionInstruction_cb
01-30 17:40:20.053 16188 16467 D MobiFace:  DEBUG - [event] challenge2DInfo_cb
01-30 17:40:20.053 16188 16197 D MobiFace:  DEBUG - pushImage2: 0
01-30 17:40:20.053 16188 16465 D MobiFace:  DEBUG - [event] freeImage_cb
01-30 17:40:20.053 16188 16471 D MobiFace:  DEBUG - getPositionInfo
01-30 17:40:20.053 16188 16188 D MobiFace:  DEBUG - getChallenge
01-30 17:40:20.053 16188 16197 D MobiFace:  DEBUG - getChallengeInfo
01-30 17:40:20.053 15728 16470 D FrServiceClient:  DEBUG - challenge2DInfo 0 0 - 0 0 - 0 0
01-30 17:40:20.053 15728 15728 I GeckoDump: Got analysisResult:0
01-30 17:40:20.053 15728 15728 I GeckoDump: Got analysisInfo:5
01-30 17:40:20.053 15728 15728 I GeckoDump: Got matchScore0
01-30 17:40:20.063 15728 15728 I GeckoDump: Got faceanalysisresults payload ![object Blob]
01-30 17:40:20.063 15728 15728 I GeckoDump: Got bestImage is null
01-30 17:40:20.063 15728 15728 I MobiFace: Content JS LOG:  contact.challengeInfo  ============{"challengeInfo":{"availableCurrentPosition":false,"current_x":0,"current_y":0,"stability":0,"availableTargetPosition":false,"currentTarget":0,"numTargets":0,"targets":[{"target_x":0,"target_y":0,"target_radius":0},{"target_x":0,"target_y":0,"target_radius":0},{"target_x":0,"target_y":0,"target_radius":0}]}} 
01-30 17:40:20.063 15728 15728 I MobiFace:     at startFaceRecognition/</</reader.onload (app://2ec57ac3-eee0-41a3-9d3f-e1b3e29e617f/js/livenesschallenge.js:163:29)
01-30 17:40:20.073 15728 16470 D FrServiceClient:  DEBUG - tiem taken: 2.000000
01-30 17:40:20.073 16188 16197 D MobiFace:  DEBUG - frameParams: 6 640 480 720 270
01-30 17:40:20.073 15728 16470 D FrServiceClient:  DEBUG - mobiFace_pushFrame frame 0xa9201000 460800
01-30 17:40:20.073 15728 16470 D FrServiceClient:  DEBUG - IdemiaFrServiceImpl::StartFaceAnalysis: FrServiceClient 460800
01-30 17:40:20.083 16188 16471 D MobiFace:  DEBUG - pushImage2: 0xb7754998 0xb78b6520 0xb1a94008 460800 1 -1214425856 0x5741b81b
01-30 17:40:20.093   492 16441 E AEC_PORT: aec_port_save_update:real_gain:2.000000 linecnt:1464 exp_idx:271 cur_luma:-2147483648 led_est:1078932059
01-30 17:40:20.093   492 16386 E mm-camera: c2d_thread_handle_process_buf_event:190 input buf index 5
01-30 17:40:20.093   492 16386 E mm-camera: c2d_thread_handle_process_buf_event:207 input vaddr b3499000
01-30 17:40:20.143 16188 16471 D MobiFace:  DEBUG - [event] trackingInfo_cb
01-30 17:40:20.143 16188 16471 D MobiFace:  DEBUG - [event] positionInstruction_cb
01-30 17:40:20.143 16188 16467 D MobiFace:  DEBUG - [event] challenge2DInfo_cb
01-30 17:40:20.143 16188 16471 D MobiFace:  DEBUG - pushImage2: 0
01-30 17:40:20.143 16188 16465 D MobiFace:  DEBUG - [event] freeImage_cb
01-30 17:40:20.143 16188 16188 D MobiFace:  DEBUG - getPositionInfo
01-30 17:40:20.143 16188 16197 D MobiFace:  DEBUG - getChallenge
01-30 17:40:20.143 16188 16471 D MobiFace:  DEBUG - getChallengeInfo
01-30 17:40:20.143 15728 16470 D FrServiceClient:  DEBUG - challenge2DInfo 0 0 - 0 0 - 0 0
01-30 17:40:20.153 15728 15728 I GeckoDump: Got analysisResult:0
01-30 17:40:20.153 15728 15728 I GeckoDump: Got analysisInfo:5
01-30 17:40:20.153 15728 15728 I GeckoDump: Got matchScore0
01-30 17:40:20.153 15728 15728 I GeckoDump: Got faceanalysisresults payload ![object Blob]
01-30 17:40:20.153 15728 15728 I GeckoDump: Got bestImage is null
01-30 17:40:20.153 15728 15728 I MobiFace: Content JS LOG:  contact.challengeInfo  ============{"challengeInfo":{"availableCurrentPosition":false,"current_x":0,"current_y":0,"stability":0,"availableTargetPosition":false,"currentTarget":0,"numTargets":0,"targets":[{"target_x":0,"target_y":0,"target_radius":0},{"target_x":0,"target_y":0,"target_radius":0},{"target_x":0,"target_y":0,"target_radius":0}]}} 
01-30 17:40:20.153 15728 15728 I MobiFace:     at startFaceRecognition/</</reader.onload (app://2ec57ac3-eee0-41a3-9d3f-e1b3e29e617f/js/livenesschallenge.js:163:29)
01-30 17:40:20.163 15728 16470 D FrServiceClient:  DEBUG - tiem taken: 2.000000
01-30 17:40:20.163 16188 16471 D MobiFace:  DEBUG - frameParams: 6 640 480 720 270
01-30 17:40:20.163 15728 16470 D FrServiceClient:  DEBUG - mobiFace_pushFrame frame 0xac701000 460800
01-30 17:40:20.163 15728 16470 D FrServiceClient:  DEBUG - IdemiaFrServiceImpl::StartFaceAnalysis: FrServiceClient 460800
01-30 17:40:20.173 16188 16188 D MobiFace:  DEBUG - pushImage2: 0xb7754998 0xb78b6520 0xb1a94008 460800 1 -1217058672 0x574317fa
01-30 17:40:20.193   492 16386 E mm-camera: c2d_thread_handle_process_buf_event:190 input buf index 6
01-30 17:40:20.193   492 16386 E mm-camera: c2d_thread_handle_process_buf_event:207 input vaddr b3428000
01-30 17:40:20.193   492 16441 E AEC_PORT: aec_port_save_update:real_gain:2.000000 linecnt:1507 exp_idx:272 cur_luma:1073741824 led_est:1078946522
01-30 17:40:20.273 16188 16188 D MobiFace:  DEBUG - [event] trackingInfo_cb
01-30 17:40:20.273 16188 16188 D MobiFace:  DEBUG - [event] positionInstruction_cb
01-30 17:40:20.273 16188 16467 D MobiFace:  DEBUG - [event] challenge2DInfo_cb
01-30 17:40:20.273 16188 16188 D MobiFace:  DEBUG - pushImage2: 0
01-30 17:40:20.273 16188 16465 D MobiFace:  DEBUG - [event] freeImage_cb
01-30 17:40:20.273 16188 16197 D MobiFace:  DEBUG - getPositionInfo
01-30 17:40:20.273 16188 16471 D MobiFace:  DEBUG - getChallenge
01-30 17:40:20.273 16188 16188 D MobiFace:  DEBUG - getChallengeInfo
01-30 17:40:20.273 15728 16470 D FrServiceClient:  DEBUG - challenge2DInfo 0 0 - 0 0 - 0 0
01-30 17:40:20.283 15728 15728 I GeckoDump: Got analysisResult:0
01-30 17:40:20.283 15728 15728 I GeckoDump: Got analysisInfo:5
01-30 17:40:20.283 15728 15728 I GeckoDump: Got matchScore0
01-30 17:40:20.283 15728 15728 I GeckoDump: Got faceanalysisresults payload ![object Blob]
01-30 17:40:20.283 15728 15728 I GeckoDump: Got bestImage is null
01-30 17:40:20.283 15728 15728 I MobiFace: Content JS LOG:  contact.challengeInfo  ============{"challengeInfo":{"availableCurrentPosition":false,"current_x":0,"current_y":0,"stability":0,"availableTargetPosition":false,"currentTarget":0,"numTargets":0,"targets":[{"target_x":0,"target_y":0,"target_radius":0},{"target_x":0,"target_y":0,"target_radius":0},{"target_x":0,"target_y":0,"target_radius":0}]}} 
01-30 17:40:20.283 15728 15728 I MobiFace:     at startFaceRecognition/</</reader.onload (app://2ec57ac3-eee0-41a3-9d3f-e1b3e29e617f/js/livenesschallenge.js:163:29)
01-30 17:40:20.283   492 16386 E mm-camera: c2d_thread_handle_process_buf_event:190 input buf index 4
01-30 17:40:20.283   492 16386 E mm-camera: c2d_thread_handle_process_buf_event:207 input vaddr b350a000
01-30 17:40:20.283   492 16441 E AEC_PORT: aec_port_save_update:real_gain:2.000000 linecnt:1507 exp_idx:272 cur_luma:1610612736 led_est:1078992452
01-30 17:40:20.293 15728 16470 D FrServiceClient:  DEBUG - tiem taken: 2.000000
01-30 17:40:20.293 16188 16188 D MobiFace:  DEBUG - frameParams: 6 640 480 720 270
01-30 17:40:20.293 15728 16470 D FrServiceClient:  DEBUG - mobiFace_pushFrame frame 0xac772000 460800
01-30 17:40:20.293 15728 16470 D FrServiceClient:  DEBUG - IdemiaFrServiceImpl::StartFaceAnalysis: FrServiceClient 460800
01-30 17:40:20.313 16188 16197 D MobiFace:  DEBUG - pushImage2: 0xb7754998 0xb78b6520 0xb1a94008 460800 1 -1217057632 0x57452ed3
01-30 17:40:20.363 16188 16197 D MobiFace:  DEBUG - [event] trackingInfo_cb
01-30 17:40:20.363 16188 16197 D MobiFace:  DEBUG - [event] positionInstruction_cb
01-30 17:40:20.373 16188 16197 D MobiFace:  DEBUG - pushImage2: 0
01-30 17:40:20.373 16188 16471 D MobiFace:  DEBUG - getPositionInfo
01-30 17:40:20.373 16188 16465 D MobiFace:  DEBUG - [event] freeImage_cb
01-30 17:40:20.373 16188 16467 D MobiFace:  DEBUG - [event] challenge2DInfo_cb
01-30 17:40:20.373 16188 16197 D MobiFace:  DEBUG - getChallenge
01-30 17:40:20.373 16188 16188 D MobiFace:  DEBUG - getChallengeInfo
01-30 17:40:20.373 15728 16470 D FrServiceClient:  DEBUG - challenge2DInfo 0 0 - 0 0 - 0 0
01-30 17:40:20.373 15728 15728 I GeckoDump: Got analysisResult:0
01-30 17:40:20.373 15728 15728 I GeckoDump: Got analysisInfo:5
01-30 17:40:20.373 15728 15728 I GeckoDump: Got matchScore0
01-30 17:40:20.373 15728 15728 I GeckoDump: Got faceanalysisresults payload ![object Blob]
01-30 17:40:20.373 15728 15728 I GeckoDump: Got bestImage is null
01-30 17:40:20.373 15728 15728 I MobiFace: Content JS LOG:  contact.challengeInfo  ============{"challengeInfo":{"availableCurrentPosition":false,"current_x":0,"current_y":0,"stability":0,"availableTargetPosition":false,"currentTarget":0,"numTargets":0,"targets":[{"target_x":0,"target_y":0,"target_radius":0},{"target_x":0,"target_y":0,"target_radius":0},{"target_x":0,"target_y":0,"target_radius":0}]}} 
01-30 17:40:20.373 15728 15728 I MobiFace:     at startFaceRecognition/</</reader.onload (app://2ec57ac3-eee0-41a3-9d3f-e1b3e29e617f/js/livenesschallenge.js:163:29)
01-30 17:40:20.383   492 16386 E mm-camera: c2d_thread_handle_process_buf_event:190 input buf index 5
01-30 17:40:20.383   492 16386 E mm-camera: c2d_thread_handle_process_buf_event:207 input vaddr b3499000
01-30 17:40:20.383   492 16441 E AEC_PORT: aec_port_save_update:real_gain:2.000000 linecnt:1552 exp_idx:273 cur_luma:536870912 led_est:1079004222
01-30 17:40:20.383 15728 16470 D FrServiceClient:  DEBUG - tiem taken: 2.000000
01-30 17:40:20.383 16188 16188 D MobiFace:  DEBUG - frameParams: 6 640 480 720 270
01-30 17:40:20.383 15728 16470 D FrServiceClient:  DEBUG - mobiFace_pushFrame frame 0xa9201000 460800
01-30 17:40:20.383 15728 16470 D FrServiceClient:  DEBUG - IdemiaFrServiceImpl::StartFaceAnalysis: FrServiceClient 460800
01-30 17:40:20.413 16188 16471 D MobiFace:  DEBUG - pushImage2: 0xb7754998 0xb78b6520 0xb1a94008 460800 1 -1214425856 0x5746a51c
01-30 17:40:20.463 16188 16471 D MobiFace:  DEBUG - [event] trackingInfo_cb
01-30 17:40:20.463 16188 16471 D MobiFace:  DEBUG - [event] positionInstruction_cb
01-30 17:40:20.463 16188 16467 D MobiFace:  DEBUG - [event] challenge2DInfo_cb
01-30 17:40:20.463 16188 16471 D MobiFace:  DEBUG - pushImage2: 0
01-30 17:40:20.463 16188 16465 D MobiFace:  DEBUG - [event] freeImage_cb
01-30 17:40:20.463 16188 16197 D MobiFace:  DEBUG - getPositionInfo
01-30 17:40:20.463 16188 16188 D MobiFace:  DEBUG - getChallenge
01-30 17:40:20.463 16188 16471 D MobiFace:  DEBUG - getChallengeInfo
01-30 17:40:20.463 15728 16470 D FrServiceClient:  DEBUG - challenge2DInfo 0 0 - 0 0 - 0 0
01-30 17:40:20.463 15728 15728 I GeckoDump: Got analysisResult:0
01-30 17:40:20.463 15728 15728 I GeckoDump: Got analysisInfo:5
01-30 17:40:20.463 15728 15728 I GeckoDump: Got matchScore0
01-30 17:40:20.463 15728 15728 I GeckoDump: Got faceanalysisresults payload ![object Blob]
01-30 17:40:20.463 15728 15728 I GeckoDump: Got bestImage is null
01-30 17:40:20.473 15728 15728 I MobiFace: Content JS LOG:  contact.challengeInfo  ============{"challengeInfo":{"availableCurrentPosition":false,"current_x":0,"current_y":0,"stability":0,"availableTargetPosition":false,"currentTarget":0,"numTargets":0,"targets":[{"target_x":0,"target_y":0,"target_radius":0},{"target_x":0,"target_y":0,"target_radius":0},{"target_x":0,"target_y":0,"target_radius":0}]}} 
01-30 17:40:20.473 15728 15728 I MobiFace:     at startFaceRecognition/</</reader.onload (app://2ec57ac3-eee0-41a3-9d3f-e1b3e29e617f/js/livenesschallenge.js:163:29)
01-30 17:40:20.473 15728 16470 D FrServiceClient:  DEBUG - tiem taken: 2.000000
01-30 17:40:20.473 16188 16471 D MobiFace:  DEBUG - frameParams: 6 640 480 720 270
01-30 17:40:20.473 15728 16470 D FrServiceClient:  DEBUG - mobiFace_pushFrame frame 0xac701000 460800
01-30 17:40:20.473 15728 16470 D FrServiceClient:  DEBUG - IdemiaFrServiceImpl::StartFaceAnalysis: FrServiceClient 460800
01-30 17:40:20.483   492 16386 E mm-camera: c2d_thread_handle_process_buf_event:190 input buf index 6
01-30 17:40:20.483   492 16386 E mm-camera: c2d_thread_handle_process_buf_event:207 input vaddr b3428000
01-30 17:40:20.483   492 16441 E AEC_PORT: aec_port_save_update:real_gain:2.000000 linecnt:1552 exp_idx:273 cur_luma:-1073741824 led_est:1079030828
01-30 17:40:20.493 16188 16197 D MobiFace:  DEBUG - pushImage2: 0xb7754998 0xb78b6520 0xb1a94008 460800 1 -1217057632 0x5747f718
01-30 17:40:20.583   492 16386 E mm-camera: c2d_thread_handle_process_buf_event:190 input buf index 4
01-30 17:40:20.583   492 16386 E mm-camera: c2d_thread_handle_process_buf_event:207 input vaddr b350a000
01-30 17:40:20.583 16188 16197 D MobiFace:  DEBUG - [event] trackingInfo_cb
01-30 17:40:20.583 16188 16197 D MobiFace:  DEBUG - [event] positionInstruction_cb
01-30 17:40:20.583 16188 16467 D MobiFace:  DEBUG - [event] challenge2DInfo_cb
01-30 17:40:20.583 16188 16197 D MobiFace:  DEBUG - pushImage2: 0
01-30 17:40:20.583 16188 16188 D MobiFace:  DEBUG - getPositionInfo
01-30 17:40:20.583 16188 16465 D MobiFace:  DEBUG - [event] freeImage_cb
01-30 17:40:20.583 16188 16188 D MobiFace:  DEBUG - getChallenge
01-30 17:40:20.593 16188 16471 D MobiFace:  DEBUG - getChallengeInfo
01-30 17:40:20.593 15728 16470 D FrServiceClient:  DEBUG - challenge2DInfo 0 0 - 0 0 - 0 0
01-30 17:40:20.593   492 16441 E AEC_PORT: aec_port_save_update:real_gain:2.000000 linecnt:1552 exp_idx:273 cur_luma:-1073741824 led_est:1079030083
01-30 17:40:20.593 15728 15728 I GeckoDump: Got analysisResult:0
01-30 17:40:20.593 15728 15728 I GeckoDump: Got analysisInfo:5
01-30 17:40:20.593 15728 15728 I GeckoDump: Got matchScore0
01-30 17:40:20.593 15728 15728 I GeckoDump: Got faceanalysisresults payload ![object Blob]
01-30 17:40:20.593 15728 15728 I GeckoDump: Got bestImage is null
01-30 17:40:20.593 15728 15728 I MobiFace: Content JS LOG:  contact.challengeInfo  ============{"challengeInfo":{"availableCurrentPosition":false,"current_x":0,"current_y":0,"stability":0,"availableTargetPosition":false,"currentTarget":0,"numTargets":0,"targets":[{"target_x":0,"target_y":0,"target_radius":0},{"target_x":0,"target_y":0,"target_radius":0},{"target_x":0,"target_y":0,"target_radius":0}]}} 
01-30 17:40:20.593 15728 15728 I MobiFace:     at startFaceRecognition/</</reader.onload (app://2ec57ac3-eee0-41a3-9d3f-e1b3e29e617f/js/livenesschallenge.js:163:29)
01-30 17:40:20.613 15728 16470 D FrServiceClient:  DEBUG - tiem taken: 2.000000
01-30 17:40:20.613 16188 16188 D MobiFace:  DEBUG - frameParams: 6 640 480 720 270
01-30 17:40:20.613 15728 16470 D FrServiceClient:  DEBUG - mobiFace_pushFrame frame 0xac772000 460800
01-30 17:40:20.613 15728 16470 D FrServiceClient:  DEBUG - IdemiaFrServiceImpl::StartFaceAnalysis: FrServiceClient 460800
01-30 17:40:20.623 16188 16197 D MobiFace:  DEBUG - pushImage2: 0xb7754998 0xb78b6520 0xb1a94008 460800 1 -1234756021 0x5749f8eb
01-30 17:40:20.683 16188 16197 D MobiFace:  DEBUG - [event] trackingInfo_cb
01-30 17:40:20.683 16188 16197 D MobiFace:  DEBUG - [event] positionInstruction_cb
01-30 17:40:20.683 16188 16467 D MobiFace:  DEBUG - [event] challenge2DInfo_cb
01-30 17:40:20.683 16188 16197 D MobiFace:  DEBUG - pushImage2: 0
01-30 17:40:20.683 16188 16197 D MobiFace:  DEBUG - getPositionInfo
01-30 17:40:20.683 16188 16465 D MobiFace:  DEBUG - [event] freeImage_cb
01-30 17:40:20.683 16188 16188 D MobiFace:  DEBUG - getChallenge
01-30 17:40:20.683 16188 16471 D MobiFace:  DEBUG - getChallengeInfo
01-30 17:40:20.683 15728 16470 D FrServiceClient:  DEBUG - challenge2DInfo 0 0 - 0 0 - 0 0
01-30 17:40:20.683   492 16384 E         : dmlroc_entry  entering dmlroc_entry
01-30 17:40:20.683 15728 15728 I GeckoDump: Got analysisResult:0
01-30 17:40:20.683 15728 15728 I GeckoDump: Got analysisInfo:5
01-30 17:40:20.683 15728 15728 I GeckoDump: Got matchScore0
01-30 17:40:20.683 15728 15728 I GeckoDump: Got faceanalysisresults payload ![object Blob]
01-30 17:40:20.683 15728 15728 I GeckoDump: Got bestImage is null
01-30 17:40:20.683   492 16386 E mm-camera: c2d_thread_handle_process_buf_event:190 input buf index 5
01-30 17:40:20.683   492 16386 E mm-camera: c2d_thread_handle_process_buf_event:207 input vaddr b3499000
01-30 17:40:20.683 15728 15728 I MobiFace: Content JS LOG:  contact.challengeInfo  ============{"challengeInfo":{"availableCurrentPosition":false,"current_x":0,"current_y":0,"stability":0,"availableTargetPosition":false,"currentTarget":0,"numTargets":0,"targets":[{"target_x":0,"target_y":0,"target_radius":0},{"target_x":0,"target_y":0,"target_radius":0},{"target_x":0,"target_y":0,"target_radius":0}]}} 
01-30 17:40:20.683 15728 15728 I MobiFace:     at startFaceRecognition/</</reader.onload (app://2ec57ac3-eee0-41a3-9d3f-e1b3e29e617f/js/livenesschallenge.js:163:29)
01-30 17:40:20.693 15728 16470 D FrServiceClient:  DEBUG - tiem taken: 2.000000
01-30 17:40:20.693 16188 16471 D MobiFace:  DEBUG - frameParams: 6 640 480 720 270
01-30 17:40:20.693 15728 16470 D FrServiceClient:  DEBUG - mobiFace_pushFrame frame 0xa9201000 460800
01-30 17:40:20.693 15728 16470 D FrServiceClient:  DEBUG - IdemiaFrServiceImpl::StartFaceAnalysis: FrServiceClient 460800
01-30 17:40:20.713 16188 16188 D MobiFace:  DEBUG - pushImage2: 0xb7754998 0xb78b6520 0xb1a94008 460800 1 -1217058672 0x574b52da
01-30 17:40:20.773 16188 16188 D MobiFace:  DEBUG - [event] trackingInfo_cb
01-30 17:40:20.773 16188 16188 D MobiFace:  DEBUG - [event] positionInstruction_cb
01-30 17:40:20.773 16188 16467 D MobiFace:  DEBUG - [event] challenge2DInfo_cb
01-30 17:40:20.773 16188 16188 D MobiFace:  DEBUG - [event] freeImage_cb
01-30 17:40:20.773 16188 16188 D MobiFace:  DEBUG - pushImage2: 0
01-30 17:40:20.773 16188 16197 D MobiFace:  DEBUG - getPositionInfo
01-30 17:40:20.773 16188 16471 D MobiFace:  DEBUG - getChallenge
01-30 17:40:20.773 16188 16188 D MobiFace:  DEBUG - getChallengeInfo
01-30 17:40:20.773 15728 16470 D FrServiceClient:  DEBUG - challenge2DInfo 0 0 - 0 0 - 0 0
01-30 17:40:20.773 15728 15728 I GeckoDump: Got analysisResult:0
01-30 17:40:20.773 15728 15728 I GeckoDump: Got analysisInfo:5
01-30 17:40:20.773 15728 15728 I GeckoDump: Got matchScore0
01-30 17:40:20.773 15728 15728 I GeckoDump: Got faceanalysisresults payload ![object Blob]
01-30 17:40:20.773 15728 15728 I GeckoDump: Got bestImage is null
01-30 17:40:20.773 15728 15728 I MobiFace: Content JS LOG:  contact.challengeInfo  ============{"challengeInfo":{"availableCurrentPosition":false,"current_x":0,"current_y":0,"stability":0,"availableTargetPosition":false,"currentTarget":0,"numTargets":0,"targets":[{"target_x":0,"target_y":0,"target_radius":0},{"target_x":0,"target_y":0,"target_radius":0},{"target_x":0,"target_y":0,"target_radius":0}]}} 
01-30 17:40:20.773 15728 15728 I MobiFace:     at startFaceRecognition/</</reader.onload (app://2ec57ac3-eee0-41a3-9d3f-e1b3e29e617f/js/livenesschallenge.js:163:29)
01-30 17:40:20.783   492 16386 E mm-camera: c2d_thread_handle_process_buf_event:190 input buf index 6
01-30 17:40:20.783   492 16441 E AEC_PORT: aec_port_save_update:real_gain:2.000000 linecnt:1552 exp_idx:273 cur_luma:1610612736 led_est:1079062541
01-30 17:40:20.783   492 16386 E mm-camera: c2d_thread_handle_process_buf_event:207 input vaddr b3428000
01-30 17:40:20.783 15728 16470 D FrServiceClient:  DEBUG - tiem taken: 2.000000
01-30 17:40:20.783 16188 16188 D MobiFace:  DEBUG - frameParams: 6 640 480 720 270
01-30 17:40:20.783 15728 16470 D FrServiceClient:  DEBUG - mobiFace_pushFrame frame 0xac701000 460800
01-30 17:40:20.783 15728 16470 D FrServiceClient:  DEBUG - IdemiaFrServiceImpl::StartFaceAnalysis: FrServiceClient 460800
01-30 17:40:20.813 16188 16197 D MobiFace:  DEBUG - pushImage2: 0xb7754998 0xb78b6520 0xb1a94008 460800 1 -1217057632 0x574cce54
01-30 17:40:20.883   492 16386 E mm-camera: c2d_thread_handle_process_buf_event:190 input buf index 4
01-30 17:40:20.883   492 16386 E mm-camera: c2d_thread_handle_process_buf_event:207 input vaddr b350a000
01-30 17:40:20.883   492 16441 E AEC_PORT: aec_port_save_update:real_gain:2.000000 linecnt:1598 exp_idx:274 cur_luma:-2147483648 led_est:1079045255
01-30 17:40:20.943 16188 16197 D MobiFace:  DEBUG - [event] trackingInfo_cb
01-30 17:40:20.943 16188 16197 D MobiFace:  DEBUG - [event] positionInstruction_cb
01-30 17:40:20.943 16188 16467 D MobiFace:  DEBUG - [event] challenge2DInfo_cb
01-30 17:40:20.943 16188 16197 D MobiFace:  DEBUG - pushImage2: 0
01-30 17:40:20.943 16188 16465 D MobiFace:  DEBUG - [event] freeImage_cb
01-30 17:40:20.943 16188 16471 D MobiFace:  DEBUG - getPositionInfo
01-30 17:40:20.943 16188 16188 D MobiFace:  DEBUG - getChallenge
01-30 17:40:20.943 16188 16197 D MobiFace:  DEBUG - getChallengeInfo
01-30 17:40:20.943 15728 16470 D FrServiceClient:  DEBUG - challenge2DInfo 0 0 - 0 0 - 0 0
01-30 17:40:20.943 15728 15728 I GeckoDump: Got analysisResult:0
01-30 17:40:20.943 15728 15728 I GeckoDump: Got analysisInfo:5
01-30 17:40:20.943 15728 15728 I GeckoDump: Got matchScore0
01-30 17:40:20.943 15728 15728 I GeckoDump: Got faceanalysisresults payload ![object Blob]
01-30 17:40:20.943 15728 15728 I GeckoDump: Got bestImage is null
01-30 17:40:20.943 15728 15728 I MobiFace: Content JS LOG:  contact.challengeInfo  ============{"challengeInfo":{"availableCurrentPosition":false,"current_x":0,"current_y":0,"stability":0,"availableTargetPosition":false,"currentTarget":0,"numTargets":0,"targets":[{"target_x":0,"target_y":0,"target_radius":0},{"target_x":0,"target_y":0,"target_radius":0},{"target_x":0,"target_y":0,"target_radius":0}]}} 
01-30 17:40:20.943 15728 15728 I MobiFace:     at startFaceRecognition/</</reader.onload (app://2ec57ac3-eee0-41a3-9d3f-e1b3e29e617f/js/livenesschallenge.js:163:29)
01-30 17:40:20.953 15728 16470 D FrServiceClient:  DEBUG - tiem taken: 2.000000
01-30 17:40:20.953 16188 16197 D MobiFace:  DEBUG - frameParams: 6 640 480 720 270
01-30 17:40:20.953 15728 16470 D FrServiceClient:  DEBUG - mobiFace_pushFrame frame 0xac772000 460800
01-30 17:40:20.953 15728 16470 D FrServiceClient:  DEBUG - IdemiaFrServiceImpl::StartFaceAnalysis: FrServiceClient 460800
01-30 17:40:20.973 16188 16471 D MobiFace:  DEBUG - pushImage2: 0xb7754998 0xb78b6520 0xb1a94008 460800 1 -1214425856 0x574f4171
01-30 17:40:20.983   492 16386 E mm-camera: c2d_thread_handle_process_buf_event:190 input buf index 5
01-30 17:40:20.983   492 16386 E mm-camera: c2d_thread_handle_process_buf_event:207 input vaddr b3499000
01-30 17:40:20.983   492 16441 E AEC_PORT: aec_port_save_update:real_gain:2.000000 linecnt:1598 exp_idx:274 cur_luma:1073741824 led_est:1079084090
01-30 17:40:21.023 16188 16471 D MobiFace:  DEBUG - [event] trackingInfo_cb
01-30 17:40:21.023 16188 16471 D MobiFace:  DEBUG - [event] positionInstruction_cb
01-30 17:40:21.033 16188 16467 D MobiFace:  DEBUG - [event] challenge2DInfo_cb
01-30 17:40:21.033 16188 16471 D MobiFace:  DEBUG - pushImage2: 0
01-30 17:40:21.033 16188 16465 D MobiFace:  DEBUG - [event] freeImage_cb
01-30 17:40:21.033 16188 16188 D MobiFace:  DEBUG - getPositionInfo
01-30 17:40:21.033 16188 16197 D MobiFace:  DEBUG - getChallenge
01-30 17:40:21.033 16188 16471 D MobiFace:  DEBUG - getChallengeInfo
01-30 17:40:21.033 15728 16470 D FrServiceClient:  DEBUG - challenge2DInfo 0 0 - 0 0 - 0 0
01-30 17:40:21.033 15728 15728 I GeckoDump: Got analysisResult:0
01-30 17:40:21.033 15728 15728 I GeckoDump: Got analysisInfo:5
01-30 17:40:21.033 15728 15728 I GeckoDump: Got matchScore0
01-30 17:40:21.033 15728 15728 I GeckoDump: Got faceanalysisresults payload ![object Blob]
01-30 17:40:21.033 15728 15728 I GeckoDump: Got bestImage is null
01-30 17:40:21.033 15728 15728 I MobiFace: Content JS LOG:  contact.challengeInfo  ============{"challengeInfo":{"availableCurrentPosition":false,"current_x":0,"current_y":0,"stability":0,"availableTargetPosition":false,"currentTarget":0,"numTargets":0,"targets":[{"target_x":0,"target_y":0,"target_radius":0},{"target_x":0,"target_y":0,"target_radius":0},{"target_x":0,"target_y":0,"target_radius":0}]}} 
01-30 17:40:21.033 15728 15728 I MobiFace:     at startFaceRecognition/</</reader.onload (app://2ec57ac3-eee0-41a3-9d3f-e1b3e29e617f/js/livenesschallenge.js:163:29)
01-30 17:40:21.043 15728 16470 D FrServiceClient:  DEBUG - tiem taken: 3.000000
01-30 17:40:21.043 16188 16471 D MobiFace:  DEBUG - frameParams: 6 640 480 720 270
01-30 17:40:21.043 15728 16470 D FrServiceClient:  DEBUG - mobiFace_pushFrame frame 0xa9201000 460800
01-30 17:40:21.043 15728 16470 D FrServiceClient:  DEBUG - IdemiaFrServiceImpl::StartFaceAnalysis: FrServiceClient 460800
01-30 17:40:21.063 16188 16188 D MobiFace:  DEBUG - pushImage2: 0xb7754998 0xb78b6520 0xb1a94008 460800 1 -1217058672 0x5750aedd
01-30 17:40:21.093   492 16386 E mm-camera: c2d_thread_handle_process_buf_event:190 input buf index 6
01-30 17:40:21.093   492 16441 E AEC_PORT: aec_port_save_update:real_gain:2.000000 linecnt:1598 exp_idx:274 cur_luma:-536870912 led_est:1079068633
01-30 17:40:21.093   492 16386 E mm-camera: c2d_thread_handle_process_buf_event:207 input vaddr b3428000
01-30 17:40:21.133 16188 16188 D MobiFace:  DEBUG - [event] trackingInfo_cb
01-30 17:40:21.133 16188 16188 D MobiFace:  DEBUG - [event] positionInstruction_cb
01-30 17:40:21.133 16188 16467 D MobiFace:  DEBUG - [event] challenge2DInfo_cb
01-30 17:40:21.133 16188 16188 D MobiFace:  DEBUG - pushImage2: 0
01-30 17:40:21.133 16188 16465 D MobiFace:  DEBUG - [event] freeImage_cb
01-30 17:40:21.133 16188 16197 D MobiFace:  DEBUG - getPositionInfo
01-30 17:40:21.133 16188 16471 D MobiFace:  DEBUG - getChallenge
01-30 17:40:21.133 16188 16188 D MobiFace:  DEBUG - getChallengeInfo
01-30 17:40:21.133 15728 16470 D FrServiceClient:  DEBUG - challenge2DInfo 0 0 - 0 0 - 0 0
01-30 17:40:21.133 15728 15728 I GeckoDump: Got analysisResult:0
01-30 17:40:21.133 15728 15728 I GeckoDump: Got analysisInfo:5
01-30 17:40:21.133 15728 15728 I GeckoDump: Got matchScore0
01-30 17:40:21.143 15728 15728 I GeckoDump: Got faceanalysisresults payload ![object Blob]
01-30 17:40:21.143 15728 15728 I GeckoDump: Got bestImage is null
01-30 17:40:21.143 15728 15728 I MobiFace: Content JS LOG:  contact.challengeInfo  ============{"challengeInfo":{"availableCurrentPosition":false,"current_x":0,"current_y":0,"stability":0,"availableTargetPosition":false,"currentTarget":0,"numTargets":0,"targets":[{"target_x":0,"target_y":0,"target_radius":0},{"target_x":0,"target_y":0,"target_radius":0},{"target_x":0,"target_y":0,"target_radius":0}]}} 
01-30 17:40:21.143 15728 15728 I MobiFace:     at startFaceRecognition/</</reader.onload (app://2ec57ac3-eee0-41a3-9d3f-e1b3e29e617f/js/livenesschallenge.js:163:29)
01-30 17:40:21.143 15728 16470 D FrServiceClient:  DEBUG - tiem taken: 3.000000
01-30 17:40:21.153 16188 16188 D MobiFace:  DEBUG - frameParams: 6 640 480 720 270
01-30 17:40:21.153 15728 16470 D FrServiceClient:  DEBUG - mobiFace_pushFrame frame 0xac701000 460800
01-30 17:40:21.153 15728 16470 D FrServiceClient:  DEBUG - IdemiaFrServiceImpl::StartFaceAnalysis: FrServiceClient 460800
01-30 17:40:21.163 16188 16197 D MobiFace:  DEBUG - pushImage2: 0xb7754998 0xb78b6520 0xb1a94008 460800 1 -1217057632 0x5752350e
01-30 17:40:21.193   492 16441 E AEC_PORT: aec_port_save_update:real_gain:2.000000 linecnt:1598 exp_idx:274 cur_luma:-2147483648 led_est:1079085490
01-30 17:40:21.193   492 16386 E mm-camera: c2d_thread_handle_process_buf_event:190 input buf index 4
01-30 17:40:21.193   492 16386 E mm-camera: c2d_thread_handle_process_buf_event:207 input vaddr b350a000
01-30 17:40:21.253 16188 16197 D MobiFace:  DEBUG - [event] trackingInfo_cb
01-30 17:40:21.253 16188 16197 D MobiFace:  DEBUG - [event] positionInstruction_cb
01-30 17:40:21.253 16188 16197 D MobiFace:  DEBUG - pushImage2: 0
01-30 17:40:21.263 16188 16467 D MobiFace:  DEBUG - [event] challenge2DInfo_cb
01-30 17:40:21.263 16188 16465 D MobiFace:  DEBUG - [event] freeImage_cb
01-30 17:40:21.263 16188 16471 D MobiFace:  DEBUG - getPositionInfo
01-30 17:40:21.263 16188 16188 D MobiFace:  DEBUG - getChallenge
01-30 17:40:21.263 16188 16197 D MobiFace:  DEBUG - getChallengeInfo
01-30 17:40:21.263 15728 16470 D FrServiceClient:  DEBUG - challenge2DInfo 0 0 - 0 0 - 0 0
01-30 17:40:21.263 15728 15728 I GeckoDump: Got analysisResult:0
01-30 17:40:21.263 15728 15728 I GeckoDump: Got analysisInfo:5
01-30 17:40:21.263 15728 15728 I GeckoDump: Got matchScore0
01-30 17:40:21.263 15728 15728 I GeckoDump: Got faceanalysisresults payload ![object Blob]
01-30 17:40:21.263 15728 15728 I GeckoDump: Got bestImage is null
01-30 17:40:21.263 15728 15728 I MobiFace: Content JS LOG:  contact.challengeInfo  ============{"challengeInfo":{"availableCurrentPosition":false,"current_x":0,"current_y":0,"stability":0,"availableTargetPosition":false,"currentTarget":0,"numTargets":0,"targets":[{"target_x":0,"target_y":0,"target_radius":0},{"target_x":0,"target_y":0,"target_radius":0},{"target_x":0,"target_y":0,"target_radius":0}]}} 
01-30 17:40:21.263 15728 15728 I MobiFace:     at startFaceRecognition/</</reader.onload (app://2ec57ac3-eee0-41a3-9d3f-e1b3e29e617f/js/livenesschallenge.js:163:29)
01-30 17:40:21.273 15728 16470 D FrServiceClient:  DEBUG - tiem taken: 3.000000
01-30 17:40:21.273 16188 16197 D MobiFace:  DEBUG - frameParams: 6 640 480 720 270
01-30 17:40:21.273 15728 16470 D FrServiceClient:  DEBUG - mobiFace_pushFrame frame 0xac772000 460800
01-30 17:40:21.273 15728 16470 D FrServiceClient:  DEBUG - IdemiaFrServiceImpl::StartFaceAnalysis: FrServiceClient 460800
01-30 17:40:21.283 16188 16471 D MobiFace:  DEBUG - pushImage2: 0xb7754998 0xb78b6520 0xb1a94008 460800 1 -1214425856 0x57540ce4
01-30 17:40:21.293   492 16386 E mm-camera: c2d_thread_handle_process_buf_event:190 input buf index 5
01-30 17:40:21.293   492 16386 E mm-camera: c2d_thread_handle_process_buf_event:207 input vaddr b3499000
01-30 17:40:21.303   492 16441 E AEC_PORT: aec_port_save_update:real_gain:2.000000 linecnt:1598 exp_idx:274 cur_luma:-1073741824 led_est:1079068593
01-30 17:40:21.343 16188 16471 D MobiFace:  DEBUG - [event] trackingInfo_cb
01-30 17:40:21.343 16188 16471 D MobiFace:  DEBUG - [event] positionInstruction_cb
01-30 17:40:21.343 16188 16471 D MobiFace:  DEBUG - pushImage2: 0
01-30 17:40:21.343 16188 16188 D MobiFace:  DEBUG - getPositionInfo
01-30 17:40:21.343 16188 16197 D MobiFace:  DEBUG - getChallenge
01-30 17:40:21.343 16188 16471 D MobiFace:  DEBUG - getChallengeInfo
01-30 17:40:21.343 15728 15728 I GeckoDump: Got analysisResult:0
01-30 17:40:21.343 15728 15728 I GeckoDump: Got analysisInfo:5
01-30 17:40:21.343 15728 15728 I GeckoDump: Got matchScore0
01-30 17:40:21.343 16188 16467 D MobiFace:  DEBUG - [event] challenge2DInfo_cb
01-30 17:40:21.343 15728 15728 I GeckoDump: Got payload is null
01-30 17:40:21.343 15728 15728 I GeckoDump: Got bestImage is null
01-30 17:40:21.343 16188 16465 D MobiFace:  DEBUG - [event] freeImage_cb
01-30 17:40:21.353 15728 16470 D FrServiceClient:  DEBUG - tiem taken: 3.000000
01-30 17:40:21.353 16188 16471 D MobiFace:  DEBUG - frameParams: 6 640 480 720 270
01-30 17:40:21.353 15728 16470 D FrServiceClient:  DEBUG - mobiFace_pushFrame frame 0xa9201000 460800
01-30 17:40:21.353 15728 16470 D FrServiceClient:  DEBUG - IdemiaFrServiceImpl::StartFaceAnalysis: FrServiceClient 460800
01-30 17:40:21.373 16188 16188 D MobiFace:  DEBUG - pushImage2: 0xb7754998 0xb78b6520 0xb1a94008 460800 1 -1217058672 0x57556b1b
01-30 17:40:21.393  5463  5463 D wpa_supplicant: wlan0: Control interface command 'SIGNAL_POLL'
01-30 17:40:21.403   492 16441 E AEC_PORT: aec_port_save_update:real_gain:2.000000 linecnt:1598 exp_idx:274 cur_luma:-2147483648 led_est:1079086092
01-30 17:40:21.403   492 16386 E mm-camera: c2d_thread_handle_process_buf_event:190 input buf index 6
01-30 17:40:21.403   492 16386 E mm-camera: c2d_thread_handle_process_buf_event:207 input vaddr b3428000
01-30 17:40:21.413  5463  5463 D wpa_supplicant: CTRL-DEBUG: global_ctrl_sock-sendto: sock=11 sndbuf=163840 outq=0 send_len=48
01-30 17:40:21.443 16188 16188 D MobiFace:  DEBUG - [event] trackingInfo_cb
01-30 17:40:21.443 16188 16188 D MobiFace:  DEBUG - [event] positionInstruction_cb
01-30 17:40:21.443 16188 16467 D MobiFace:  DEBUG - [event] challenge2DInfo_cb
01-30 17:40:21.443 16188 16188 D MobiFace:  DEBUG - [event] freeImage_cb
01-30 17:40:21.443 16188 16188 D MobiFace:  DEBUG - pushImage2: 0
01-30 17:40:21.443 16188 16197 D MobiFace:  DEBUG - getPositionInfo
01-30 17:40:21.443 16188 16471 D MobiFace:  DEBUG - getChallenge
01-30 17:40:21.443 16188 16188 D MobiFace:  DEBUG - getChallengeInfo
01-30 17:40:21.443 15728 16470 D FrServiceClient:  DEBUG - challenge2DInfo 0 0 - 0 0 - 0 0
01-30 17:40:21.453 15728 15728 I GeckoDump: Got analysisResult:0
01-30 17:40:21.453 15728 15728 I GeckoDump: Got analysisInfo:5
01-30 17:40:21.453 15728 15728 I GeckoDump: Got matchScore0
01-30 17:40:21.453 15728 15728 I GeckoDump: Got faceanalysisresults payload ![object Blob]
01-30 17:40:21.453 15728 15728 I GeckoDump: Got bestImage is null
01-30 17:40:21.453 15728 15728 I MobiFace: Content JS LOG:  contact.challengeInfo  ============{"challengeInfo":{"availableCurrentPosition":false,"current_x":0,"current_y":0,"stability":0,"availableTargetPosition":false,"currentTarget":0,"numTargets":0,"targets":[{"target_x":0,"target_y":0,"target_radius":0},{"target_x":0,"target_y":0,"target_radius":0},{"target_x":0,"target_y":0,"target_radius":0}]}} 
01-30 17:40:21.453 15728 15728 I MobiFace:     at startFaceRecognition/</</reader.onload (app://2ec57ac3-eee0-41a3-9d3f-e1b3e29e617f/js/livenesschallenge.js:163:29)
01-30 17:40:21.463 15728 16470 D FrServiceClient:  DEBUG - tiem taken: 3.000000
01-30 17:40:21.463 16188 16471 D MobiFace:  DEBUG - frameParams: 6 640 480 720 270
01-30 17:40:21.463 15728 16470 D FrServiceClient:  DEBUG - mobiFace_pushFrame frame 0xac701000 460800
01-30 17:40:21.463 15728 16470 D FrServiceClient:  DEBUG - IdemiaFrServiceImpl::StartFaceAnalysis: FrServiceClient 460800
01-30 17:40:21.473 16188 16188 D MobiFace:  DEBUG - pushImage2: 0xb7754998 0xb78b6520 0xb1a94008 460800 1 -1217058672 0x5756eecb
01-30 17:40:21.513   492 16441 E AEC_PORT: aec_port_save_update:real_gain:2.000000 linecnt:1598 exp_idx:274 cur_luma:-1073741824 led_est:1079088659
01-30 17:40:21.513   492 16386 E mm-camera: c2d_thread_handle_process_buf_event:190 input buf index 4
01-30 17:40:21.513   492 16386 E mm-camera: c2d_thread_handle_process_buf_event:207 input vaddr b350a000
01-30 17:40:21.523  2227  2227 E sdcard  : missing packages.list; retrying
01-30 17:40:20.1602     1     1 I KERNEL  : [ 6766.884566] init: Starting service 'updater-daemon'...
01-30 17:40:21.563 16188 16188 D MobiFace:  DEBUG - [event] trackingInfo_cb
01-30 17:40:21.563 16188 16188 D MobiFace:  DEBUG - [event] positionInstruction_cb
01-30 17:40:21.563 16188 16467 D MobiFace:  DEBUG - [event] challenge2DInfo_cb
01-30 17:40:21.563 16188 16188 D MobiFace:  DEBUG - pushImage2: 0
01-30 17:40:21.563 16188 16465 D MobiFace:  DEBUG - [event] freeImage_cb
01-30 17:40:21.563 16188 16197 D MobiFace:  DEBUG - getPositionInfo
01-30 17:40:21.563 16188 16471 D MobiFace:  DEBUG - getChallenge
01-30 17:40:21.573 16188 16188 D MobiFace:  DEBUG - getChallengeInfo
