01-30 17:40:28.043 15728 15728 I GeckoDump: Got matchScore0
01-30 17:40:28.043 15728 15728 I GeckoDump: Got faceanalysisresults payload ![object Blob]
01-30 17:40:28.043 15728 15728 I GeckoDump: Got bestImage is null
01-30 17:40:28.043 15728 15728 I MobiFace: Content JS LOG:  contact.challengeInfo  ============{"challengeInfo":{"availableCurrentPosition":false,"current_x":0,"current_y":0,"stability":0,"availableTargetPosition":false,"currentTarget":0,"numTargets":0,"targets":[{"target_x":0,"target_y":0,"target_radius":0},{"target_x":0,"target_y":0,"target_radius":0},{"target_x":0,"target_y":0,"target_radius":0}]}} 
01-30 17:40:28.043 15728 15728 I MobiFace:     at startFaceRecognition/</</reader.onload (app://2ec57ac3-eee0-41a3-9d3f-e1b3e29e617f/js/livenesschallenge.js:163:29)
01-30 17:40:28.053 15728 16470 D FrServiceClient:  DEBUG - tiem taken: 10.000000
01-30 17:40:28.053 16188 16197 D MobiFace:  DEBUG - frameParams: 6 640 480 720 270
01-30 17:40:28.053 15728 16470 D FrServiceClient:  DEBUG - mobiFace_pushFrame frame 0xa9201000 460800
01-30 17:40:28.053 15728 16470 D FrServiceClient:  DEBUG - IdemiaFrServiceImpl::StartFaceAnalysis: FrServiceClient 460800
01-30 17:40:28.073 16188 16471 D MobiFace:  DEBUG - pushImage2: 0xb7754998 0xb78b5ef0 0xb1995008 460800 1 -1214425856 0x57bb861e
01-30 17:40:28.123   492 16441 E AEC_PORT: aec_port_save_update:real_gain:2.000000 linecnt:1598 exp_idx:274 cur_luma:-536870912 led_est:1079080804
01-30 17:40:28.123   492 16386 E mm-camera: c2d_thread_handle_process_buf_event:190 input buf index 4
01-30 17:40:28.123   492 16386 E mm-camera: c2d_thread_handle_process_buf_event:207 input vaddr b350a000
01-30 17:40:28.133 16188 16471 D MobiFace:  DEBUG - [event] trackingInfo_cb
01-30 17:40:28.133 16188 16471 D MobiFace:  DEBUG - [event] positionInstruction_cb
01-30 17:40:28.133 16188 16467 D MobiFace:  DEBUG - [event] challenge2DInfo_cb
01-30 17:40:28.133 16188 16471 D MobiFace:  DEBUG - pushImage2: 0
01-30 17:40:28.133 16188 16465 D MobiFace:  DEBUG - [event] freeImage_cb
01-30 17:40:28.133 16188 16188 D MobiFace:  DEBUG - getPositionInfo
01-30 17:40:28.133 16188 16484 D MobiFace:  DEBUG - getChallenge
01-30 17:40:28.133 16188 16197 D MobiFace:  DEBUG - getChallengeInfo
01-30 17:40:28.133 15728 16470 D FrServiceClient:  DEBUG - challenge2DInfo 0 0 - 0 0 - 0 0
01-30 17:40:28.133 15728 15728 I GeckoDump: Got analysisResult:0
01-30 17:40:28.133 15728 15728 I GeckoDump: Got analysisInfo:5
01-30 17:40:28.133 15728 15728 I GeckoDump: Got matchScore0
01-30 17:40:28.133 15728 15728 I GeckoDump: Got faceanalysisresults payload ![object Blob]
01-30 17:40:28.133 15728 15728 I GeckoDump: Got bestImage is null
01-30 17:40:28.143 15728 15728 I MobiFace: Content JS LOG:  contact.challengeInfo  ============{"challengeInfo":{"availableCurrentPosition":false,"current_x":0,"current_y":0,"stability":0,"availableTargetPosition":false,"currentTarget":0,"numTargets":0,"targets":[{"target_x":0,"target_y":0,"target_radius":0},{"target_x":0,"target_y":0,"target_radius":0},{"target_x":0,"target_y":0,"target_radius":0}]}} 
01-30 17:40:28.143 15728 15728 I MobiFace:     at startFaceRecognition/</</reader.onload (app://2ec57ac3-eee0-41a3-9d3f-e1b3e29e617f/js/livenesschallenge.js:163:29)
01-30 17:40:28.143 15728 16470 D FrServiceClient:  DEBUG - tiem taken: 10.000000
01-30 17:40:28.153 16188 16484 D MobiFace:  DEBUG - frameParams: 6 640 480 720 270
01-30 17:40:28.153 15728 16470 D FrServiceClient:  DEBUG - mobiFace_pushFrame frame 0xac772000 460800
01-30 17:40:28.153 15728 16470 D FrServiceClient:  DEBUG - IdemiaFrServiceImpl::StartFaceAnalysis: FrServiceClient 460800
01-30 17:40:28.163 16188 16197 D MobiFace:  DEBUG - pushImage2: 0xb7754998 0xb78b5ef0 0xb1995008 460800 1 -1217057632 0x57bcff46
01-30 17:40:28.233   492 16441 E AEC_PORT: aec_port_save_update:real_gain:2.000000 linecnt:1598 exp_idx:274 cur_luma:-1610612736 led_est:1079080274
01-30 17:40:28.233   492 16386 E mm-camera: c2d_thread_handle_process_buf_event:190 input buf index 5
01-30 17:40:28.233   492 16386 E mm-camera: c2d_thread_handle_process_buf_event:207 input vaddr b3499000
01-30 17:40:28.263 16188 16197 D MobiFace:  DEBUG - [event] trackingInfo_cb
01-30 17:40:28.263 16188 16197 D MobiFace:  DEBUG - [event] positionInstruction_cb
01-30 17:40:28.263 16188 16467 D MobiFace:  DEBUG - [event] challenge2DInfo_cb
01-30 17:40:28.263 16188 16197 D MobiFace:  DEBUG - pushImage2: 0
01-30 17:40:28.263 16188 16471 D MobiFace:  DEBUG - getPositionInfo
01-30 17:40:28.263 16188 16465 D MobiFace:  DEBUG - [event] freeImage_cb
01-30 17:40:28.263 16188 16484 D MobiFace:  DEBUG - getChallenge
01-30 17:40:28.263 16188 16471 D MobiFace:  DEBUG - getChallengeInfo
01-30 17:40:28.263 15728 16470 D FrServiceClient:  DEBUG - challenge2DInfo 0 0 - 0 0 - 0 0
01-30 17:40:28.263 15728 15728 I GeckoDump: Got analysisResult:0
01-30 17:40:28.263 15728 15728 I GeckoDump: Got analysisInfo:5
01-30 17:40:28.263 15728 15728 I GeckoDump: Got matchScore0
01-30 17:40:28.263 15728 15728 I GeckoDump: Got faceanalysisresults payload ![object Blob]
01-30 17:40:28.263 15728 15728 I GeckoDump: Got bestImage is null
01-30 17:40:28.263 15728 15728 I MobiFace: Content JS LOG:  contact.challengeInfo  ============{"challengeInfo":{"availableCurrentPosition":false,"current_x":0,"current_y":0,"stability":0,"availableTargetPosition":false,"currentTarget":0,"numTargets":0,"targets":[{"target_x":0,"target_y":0,"target_radius":0},{"target_x":0,"target_y":0,"target_radius":0},{"target_x":0,"target_y":0,"target_radius":0}]}} 
01-30 17:40:28.263 15728 15728 I MobiFace:     at startFaceRecognition/</</reader.onload (app://2ec57ac3-eee0-41a3-9d3f-e1b3e29e617f/js/livenesschallenge.js:163:29)
01-30 17:40:28.273 15728 16470 D FrServiceClient:  DEBUG - tiem taken: 10.000000
01-30 17:40:28.283 16188 16471 D MobiFace:  DEBUG - frameParams: 6 640 480 720 270
01-30 17:40:28.283 15728 16470 D FrServiceClient:  DEBUG - mobiFace_pushFrame frame 0xac701000 460800
01-30 17:40:28.283 15728 16470 D FrServiceClient:  DEBUG - IdemiaFrServiceImpl::StartFaceAnalysis: FrServiceClient 460800
01-30 17:40:28.303 16188 16197 D MobiFace:  DEBUG - pushImage2: 0xb7754998 0xb78b5ef0 0xb1995008 460800 1 -1234756021 0x57bf0c4e
01-30 17:40:28.333   492 16441 E AEC_PORT: aec_port_save_update:real_gain:2.000000 linecnt:1598 exp_idx:274 cur_luma:536870912 led_est:1079072478
01-30 17:40:28.333   492 16386 E mm-camera: c2d_thread_handle_process_buf_event:190 input buf index 6
01-30 17:40:28.333   492 16386 E mm-camera: c2d_thread_handle_process_buf_event:207 input vaddr b3428000
01-30 17:40:28.363 16188 16197 D MobiFace:  DEBUG - [event] trackingInfo_cb
01-30 17:40:28.363 16188 16197 D MobiFace:  DEBUG - [event] positionInstruction_cb
01-30 17:40:28.363 16188 16467 D MobiFace:  DEBUG - [event] challenge2DInfo_cb
01-30 17:40:28.363 16188 16197 D MobiFace:  DEBUG - pushImage2: 0
01-30 17:40:28.363 16188 16465 D MobiFace:  DEBUG - [event] freeImage_cb
01-30 17:40:28.363 16188 16188 D MobiFace:  DEBUG - getPositionInfo
01-30 17:40:28.363 16188 16484 D MobiFace:  DEBUG - getChallenge
01-30 17:40:28.363 16188 16471 D MobiFace:  DEBUG - getChallengeInfo
01-30 17:40:28.363 15728 16470 D FrServiceClient:  DEBUG - challenge2DInfo 0 0 - 0 0 - 0 0
01-30 17:40:28.363 15728 15728 I GeckoDump: Got analysisResult:0
01-30 17:40:28.363 15728 15728 I GeckoDump: Got analysisInfo:5
01-30 17:40:28.363 15728 15728 I GeckoDump: Got matchScore0
01-30 17:40:28.363 15728 15728 I GeckoDump: Got faceanalysisresults payload ![object Blob]
01-30 17:40:28.363 15728 15728 I GeckoDump: Got bestImage is null
01-30 17:40:28.363 15728 15728 I MobiFace: Content JS LOG:  contact.challengeInfo  ============{"challengeInfo":{"availableCurrentPosition":false,"current_x":0,"current_y":0,"stability":0,"availableTargetPosition":false,"currentTarget":0,"numTargets":0,"targets":[{"target_x":0,"target_y":0,"target_radius":0},{"target_x":0,"target_y":0,"target_radius":0},{"target_x":0,"target_y":0,"target_radius":0}]}} 
01-30 17:40:28.363 15728 15728 I MobiFace:     at startFaceRecognition/</</reader.onload (app://2ec57ac3-eee0-41a3-9d3f-e1b3e29e617f/js/livenesschallenge.js:163:29)
01-30 17:40:28.383 15728 16470 D FrServiceClient:  DEBUG - tiem taken: 10.000000
01-30 17:40:28.383 16188 16484 D MobiFace:  DEBUG - frameParams: 6 640 480 720 270
01-30 17:40:28.383 15728 16470 D FrServiceClient:  DEBUG - mobiFace_pushFrame frame 0xa9201000 460800
01-30 17:40:28.383 15728 16470 D FrServiceClient:  DEBUG - IdemiaFrServiceImpl::StartFaceAnalysis: FrServiceClient 460800
01-30 17:40:28.393 16188 16471 D MobiFace:  DEBUG - pushImage2: 0xb7754998 0xb78b5ef0 0xb1995008 460800 1 -1214425856 0x57c0885a
01-30 17:40:28.433   492 16386 E mm-camera: c2d_thread_handle_process_buf_event:190 input buf index 4
01-30 17:40:28.433   492 16386 E mm-camera: c2d_thread_handle_process_buf_event:207 input vaddr b350a000
01-30 17:40:28.443   492 16441 E AEC_PORT: aec_port_save_update:real_gain:2.000000 linecnt:1598 exp_idx:274 cur_luma:1610612736 led_est:1079088369
01-30 17:40:28.453 16188 16471 D MobiFace:  DEBUG - [event] trackingInfo_cb
01-30 17:40:28.453 16188 16471 D MobiFace:  DEBUG - [event] positionInstruction_cb
01-30 17:40:28.453 16188 16467 D MobiFace:  DEBUG - [event] challenge2DInfo_cb
01-30 17:40:28.453 16188 16471 D MobiFace:  DEBUG - pushImage2: 0
01-30 17:40:28.453 16188 16465 D MobiFace:  DEBUG - [event] freeImage_cb
01-30 17:40:28.453 16188 16197 D MobiFace:  DEBUG - getPositionInfo
01-30 17:40:28.453 16188 16188 D MobiFace:  DEBUG - getChallenge
01-30 17:40:28.453 16188 16484 D MobiFace:  DEBUG - getChallengeInfo
01-30 17:40:28.453 15728 16470 D FrServiceClient:  DEBUG - challenge2DInfo 0 0 - 0 0 - 0 0
01-30 17:40:28.453 15728 15728 I GeckoDump: Got analysisResult:0
01-30 17:40:28.453 15728 15728 I GeckoDump: Got analysisInfo:5
01-30 17:40:28.453 15728 15728 I GeckoDump: Got matchScore0
01-30 17:40:28.463 15728 15728 I GeckoDump: Got faceanalysisresults payload ![object Blob]
01-30 17:40:28.463 15728 15728 I GeckoDump: Got bestImage is null
01-30 17:40:28.463 15728 15728 I MobiFace: Content JS LOG:  contact.challengeInfo  ============{"challengeInfo":{"availableCurrentPosition":false,"current_x":0,"current_y":0,"stability":0,"availableTargetPosition":false,"currentTarget":0,"numTargets":0,"targets":[{"target_x":0,"target_y":0,"target_radius":0},{"target_x":0,"target_y":0,"target_radius":0},{"target_x":0,"target_y":0,"target_radius":0}]}} 
01-30 17:40:28.463 15728 15728 I MobiFace:     at startFaceRecognition/</</reader.onload (app://2ec57ac3-eee0-41a3-9d3f-e1b3e29e617f/js/livenesschallenge.js:163:29)
01-30 17:40:28.463 15728 16470 D FrServiceClient:  DEBUG - tiem taken: 10.000000
01-30 17:40:28.463 16188 16188 D MobiFace:  DEBUG - frameParams: 6 640 480 720 270
01-30 17:40:28.463 15728 16470 D FrServiceClient:  DEBUG - mobiFace_pushFrame frame 0xac772000 460800
01-30 17:40:28.463 15728 16470 D FrServiceClient:  DEBUG - IdemiaFrServiceImpl::StartFaceAnalysis: FrServiceClient 460800
01-30 17:40:28.483 16188 16484 D MobiFace:  DEBUG - pushImage2: 0xb7754998 0xb78b5ef0 0xb1995008 460800 1 -1214000880 0x57c1e702
01-30 17:40:28.543   492 16441 E AEC_PORT: aec_port_save_update:real_gain:2.000000 linecnt:1598 exp_idx:274 cur_luma:536870912 led_est:1079066080
01-30 17:40:28.543   492 16386 E mm-camera: c2d_thread_handle_process_buf_event:190 input buf index 5
01-30 17:40:28.543   492 16386 E mm-camera: c2d_thread_handle_process_buf_event:207 input vaddr b3499000
01-30 17:40:28.573 16188 16484 D MobiFace:  DEBUG - [event] trackingInfo_cb
01-30 17:40:28.573 16188 16484 D MobiFace:  DEBUG - [event] positionInstruction_cb
01-30 17:40:28.573 16188 16467 D MobiFace:  DEBUG - [event] challenge2DInfo_cb
01-30 17:40:28.573 16188 16484 D MobiFace:  DEBUG - pushImage2: 0
01-30 17:40:28.573 16188 16471 D MobiFace:  DEBUG - getPositionInfo
01-30 17:40:28.573 16188 16465 D MobiFace:  DEBUG - [event] freeImage_cb
01-30 17:40:28.573 16188 16197 D MobiFace:  DEBUG - getChallenge
01-30 17:40:28.573 16188 16188 D MobiFace:  DEBUG - getChallengeInfo
01-30 17:40:28.573 15728 16470 D FrServiceClient:  DEBUG - challenge2DInfo 0 0 - 0 0 - 0 0
01-30 17:40:28.573 15728 15728 I GeckoDump: Got analysisResult:0
01-30 17:40:28.573 15728 15728 I GeckoDump: Got analysisInfo:5
01-30 17:40:28.573 15728 15728 I GeckoDump: Got matchScore0
01-30 17:40:28.583 15728 15728 I GeckoDump: Got faceanalysisresults payload ![object Blob]
01-30 17:40:28.583 15728 15728 I GeckoDump: Got bestImage is null
01-30 17:40:28.583 15728 15728 I MobiFace: Content JS LOG:  contact.challengeInfo  ============{"challengeInfo":{"availableCurrentPosition":false,"current_x":0,"current_y":0,"stability":0,"availableTargetPosition":false,"currentTarget":0,"numTargets":0,"targets":[{"target_x":0,"target_y":0,"target_radius":0},{"target_x":0,"target_y":0,"target_radius":0},{"target_x":0,"target_y":0,"target_radius":0}]}} 
01-30 17:40:28.583 15728 15728 I MobiFace:     at startFaceRecognition/</</reader.onload (app://2ec57ac3-eee0-41a3-9d3f-e1b3e29e617f/js/livenesschallenge.js:163:29)
01-30 17:40:28.593 15728 16470 D FrServiceClient:  DEBUG - tiem taken: 10.000000
01-30 17:40:28.593 16188 16197 D MobiFace:  DEBUG - frameParams: 6 640 480 720 270
01-30 17:40:28.593 15728 16470 D FrServiceClient:  DEBUG - mobiFace_pushFrame frame 0xac701000 460800
01-30 17:40:28.593 15728 16470 D FrServiceClient:  DEBUG - IdemiaFrServiceImpl::StartFaceAnalysis: FrServiceClient 460800
01-30 17:40:28.603 16188 16188 D MobiFace:  DEBUG - pushImage2: 0xb7754998 0xb78b5ef0 0xb1995008 460800 1 -1217058672 0x57c3b91e
01-30 17:40:28.653   492 16441 E AEC_PORT: aec_port_save_update:real_gain:2.000000 linecnt:1598 exp_idx:274 cur_luma:-1610612736 led_est:1079079241
01-30 17:40:28.653   492 16386 E mm-camera: c2d_thread_handle_process_buf_event:190 input buf index 6
01-30 17:40:28.653   492 16386 E mm-camera: c2d_thread_handle_process_buf_event:207 input vaddr b3428000
01-30 17:40:28.663 16188 16188 D MobiFace:  DEBUG - [event] trackingInfo_cb
01-30 17:40:28.663 16188 16188 D MobiFace:  DEBUG - [event] positionInstruction_cb
01-30 17:40:28.663 16188 16467 D MobiFace:  DEBUG - [event] challenge2DInfo_cb
01-30 17:40:28.663 16188 16188 D MobiFace:  DEBUG - pushImage2: 0
01-30 17:40:28.663 16188 16465 D MobiFace:  DEBUG - [event] freeImage_cb
01-30 17:40:28.663 16188 16484 D MobiFace:  DEBUG - getPositionInfo
01-30 17:40:28.663 16188 16197 D MobiFace:  DEBUG - getChallenge
01-30 17:40:28.663 16188 16471 D MobiFace:  DEBUG - getChallengeInfo
01-30 17:40:28.663 15728 16470 D FrServiceClient:  DEBUG - challenge2DInfo 0 0 - 0 0 - 0 0
01-30 17:40:28.673 15728 15728 I GeckoDump: Got analysisResult:0
01-30 17:40:28.673 15728 15728 I GeckoDump: Got analysisInfo:5
01-30 17:40:28.673 15728 15728 I GeckoDump: Got matchScore0
01-30 17:40:28.673 15728 15728 I GeckoDump: Got faceanalysisresults payload ![object Blob]
01-30 17:40:28.673 15728 15728 I GeckoDump: Got bestImage is null
01-30 17:40:28.673 15728 15728 I MobiFace: Content JS LOG:  contact.challengeInfo  ============{"challengeInfo":{"availableCurrentPosition":false,"current_x":0,"current_y":0,"stability":0,"availableTargetPosition":false,"currentTarget":0,"numTargets":0,"targets":[{"target_x":0,"target_y":0,"target_radius":0},{"target_x":0,"target_y":0,"target_radius":0},{"target_x":0,"target_y":0,"target_radius":0}]}} 
01-30 17:40:28.673 15728 15728 I MobiFace:     at startFaceRecognition/</</reader.onload (app://2ec57ac3-eee0-41a3-9d3f-e1b3e29e617f/js/livenesschallenge.js:163:29)
01-30 17:40:28.683 15728 16470 D FrServiceClient:  DEBUG - tiem taken: 10.000000
01-30 17:40:28.683 16188 16188 D MobiFace:  DEBUG - frameParams: 6 640 480 720 270
01-30 17:40:28.683 15728 16470 D FrServiceClient:  DEBUG - mobiFace_pushFrame frame 0xa9201000 460800
01-30 17:40:28.683 15728 16470 D FrServiceClient:  DEBUG - IdemiaFrServiceImpl::StartFaceAnalysis: FrServiceClient 460800
01-30 17:40:28.693 16188 16471 D MobiFace:  DEBUG - pushImage2: 0xb7754998 0xb78b5ef0 0xb1995008 460800 1 -1214425856 0x57c5189e
01-30 17:40:28.753 16188 16471 D MobiFace:  DEBUG - [event] trackingInfo_cb
01-30 17:40:28.753 16188 16471 D MobiFace:  DEBUG - [event] positionInstruction_cb
01-30 17:40:28.753 16188 16467 D MobiFace:  DEBUG - [event] challenge2DInfo_cb
01-30 17:40:28.753 16188 16471 D MobiFace:  DEBUG - pushImage2: 0
01-30 17:40:28.753 16188 16465 D MobiFace:  DEBUG - [event] freeImage_cb
01-30 17:40:28.753 16188 16484 D MobiFace:  DEBUG - getPositionInfo
01-30 17:40:28.753 16188 16197 D MobiFace:  DEBUG - getChallenge
01-30 17:40:28.753 16188 16188 D MobiFace:  DEBUG - getChallengeInfo
01-30 17:40:28.753   492 16386 E mm-camera: c2d_thread_handle_process_buf_event:190 input buf index 4
01-30 17:40:28.753   492 16386 E mm-camera: c2d_thread_handle_process_buf_event:207 input vaddr b350a000
01-30 17:40:28.753   492 16441 E AEC_PORT: aec_port_save_update:real_gain:2.000000 linecnt:1598 exp_idx:274 cur_luma:-1073741824 led_est:1079078959
01-30 17:40:28.753 15728 16470 D FrServiceClient:  DEBUG - challenge2DInfo 0 0 - 0 0 - 0 0
01-30 17:40:28.753 15728 15728 I GeckoDump: Got analysisResult:0
01-30 17:40:28.753 15728 15728 I GeckoDump: Got analysisInfo:5
01-30 17:40:28.753 15728 15728 I GeckoDump: Got matchScore0
01-30 17:40:28.753 15728 15728 I GeckoDump: Got faceanalysisresults payload ![object Blob]
01-30 17:40:28.753 15728 15728 I GeckoDump: Got bestImage is null
01-30 17:40:28.763 15728 15728 I MobiFace: Content JS LOG:  contact.challengeInfo  ============{"challengeInfo":{"availableCurrentPosition":false,"current_x":0,"current_y":0,"stability":0,"availableTargetPosition":false,"currentTarget":0,"numTargets":0,"targets":[{"target_x":0,"target_y":0,"target_radius":0},{"target_x":0,"target_y":0,"target_radius":0},{"target_x":0,"target_y":0,"target_radius":0}]}} 
01-30 17:40:28.763 15728 15728 I MobiFace:     at startFaceRecognition/</</reader.onload (app://2ec57ac3-eee0-41a3-9d3f-e1b3e29e617f/js/livenesschallenge.js:163:29)
01-30 17:40:28.763 15728 16470 D FrServiceClient:  DEBUG - tiem taken: 10.000000
01-30 17:40:28.773 16188 16197 D MobiFace:  DEBUG - frameParams: 6 640 480 720 270
01-30 17:40:28.773 15728 16470 D FrServiceClient:  DEBUG - mobiFace_pushFrame frame 0xac772000 460800
01-30 17:40:28.773 15728 16470 D FrServiceClient:  DEBUG - IdemiaFrServiceImpl::StartFaceAnalysis: FrServiceClient 460800
01-30 17:40:28.783 16188 16188 D MobiFace:  DEBUG - pushImage2: 0xb7754998 0xb78b5ef0 0xb1995008 460800 1 -1217058672 0x57c67cab
01-30 17:40:28.853   492 16386 E mm-camera: c2d_thread_handle_process_buf_event:190 input buf index 5
01-30 17:40:28.853   492 16386 E mm-camera: c2d_thread_handle_process_buf_event:207 input vaddr b3499000
01-30 17:40:28.863   492 16441 E AEC_PORT: aec_port_save_update:real_gain:2.000000 linecnt:1598 exp_idx:274 cur_luma:-1610612736 led_est:1079101008
01-30 17:40:28.873 16188 16188 D MobiFace:  DEBUG - [event] trackingInfo_cb
01-30 17:40:28.873 16188 16188 D MobiFace:  DEBUG - [event] positionInstruction_cb
01-30 17:40:28.883 16188 16188 D MobiFace:  DEBUG - pushImage2: 0
01-30 17:40:28.883 16188 16465 D MobiFace:  DEBUG - [event] freeImage_cb
01-30 17:40:28.883 16188 16467 D MobiFace:  DEBUG - [event] challenge2DInfo_cb
01-30 17:40:28.883 16188 16471 D MobiFace:  DEBUG - getPositionInfo
01-30 17:40:28.883 16188 16484 D MobiFace:  DEBUG - getChallenge
01-30 17:40:28.883 16188 16197 D MobiFace:  DEBUG - getChallengeInfo
01-30 17:40:28.883 15728 16470 D FrServiceClient:  DEBUG - challenge2DInfo 0 0 - 0 0 - 0 0
01-30 17:40:28.883 15728 15728 I GeckoDump: Got analysisResult:0
01-30 17:40:28.883 15728 15728 I GeckoDump: Got analysisInfo:5
01-30 17:40:28.883 15728 15728 I GeckoDump: Got matchScore0
01-30 17:40:28.883 15728 15728 I GeckoDump: Got faceanalysisresults payload ![object Blob]
01-30 17:40:28.893 15728 15728 I GeckoDump: Got bestImage is null
01-30 17:40:28.893 15728 15728 I MobiFace: Content JS LOG:  contact.challengeInfo  ============{"challengeInfo":{"availableCurrentPosition":false,"current_x":0,"current_y":0,"stability":0,"availableTargetPosition":false,"currentTarget":0,"numTargets":0,"targets":[{"target_x":0,"target_y":0,"target_radius":0},{"target_x":0,"target_y":0,"target_radius":0},{"target_x":0,"target_y":0,"target_radius":0}]}} 
01-30 17:40:28.893 15728 15728 I MobiFace:     at startFaceRecognition/</</reader.onload (app://2ec57ac3-eee0-41a3-9d3f-e1b3e29e617f/js/livenesschallenge.js:163:29)
01-30 17:40:28.893 15728 16470 D FrServiceClient:  DEBUG - tiem taken: 10.000000
01-30 17:40:28.893 16188 16484 D MobiFace:  DEBUG - frameParams: 6 640 480 720 270
01-30 17:40:28.893 15728 16470 D FrServiceClient:  DEBUG - mobiFace_pushFrame frame 0xac701000 460800
01-30 17:40:28.893 15728 16470 D FrServiceClient:  DEBUG - IdemiaFrServiceImpl::StartFaceAnalysis: FrServiceClient 460800
01-30 17:40:28.913 16188 16197 D MobiFace:  DEBUG - pushImage2: 0xb7754998 0xb78b5ef0 0xb1995008 460800 1 -1217057632 0x57c869ee
01-30 17:40:28.963   492 16441 E AEC_PORT: aec_port_save_update:real_gain:2.000000 linecnt:1598 exp_idx:274 cur_luma:536870912 led_est:1079114001
01-30 17:40:28.963   492 16386 E mm-camera: c2d_thread_handle_process_buf_event:190 input buf index 6
01-30 17:40:28.963   492 16386 E mm-camera: c2d_thread_handle_process_buf_event:207 input vaddr b3428000
01-30 17:40:29.013   425   558 D ThermalEngine: sensor_wait: case_therm Wait done.
01-30 17:40:29.013   425   558 D ThermalEngine: sensor_monitor: case_therm Reading 34000 .
01-30 17:40:29.013   425   558 I ThermalEngine: Sensor:case_therm:34000 mC
01-30 17:40:29.013   425   558 D ThermalEngine: update_active_thresh: case_therm Active(1), Hi(1) 40000, Lo(0) -2147483648, Interval(1) 5000
01-30 17:40:29.013   425   558 D ThermalEngine: sensor_monitor: case_therm Sensor wait.
01-30 17:40:29.013   425   558 D ThermalEngine: sensor_wait: case_therm Wait start. 5000ms
01-30 17:40:29.053 16188 16197 D MobiFace:  DEBUG - [event] trackingInfo_cb
01-30 17:40:29.053 16188 16197 D MobiFace:  DEBUG - [event] positionInstruction_cb
01-30 17:40:29.053 16188 16467 D MobiFace:  DEBUG - [event] challenge2DInfo_cb
01-30 17:40:29.053 16188 16197 D MobiFace:  DEBUG - pushImage2: 0
01-30 17:40:29.053 16188 16471 D MobiFace:  DEBUG - getPositionInfo
01-30 17:40:29.053 16188 16465 D MobiFace:  DEBUG - [event] freeImage_cb
01-30 17:40:29.053 16188 16471 D MobiFace:  DEBUG - getChallenge
01-30 17:40:29.053 16188 16484 D MobiFace:  DEBUG - getChallengeInfo
01-30 17:40:29.053 15728 16470 D FrServiceClient:  DEBUG - challenge2DInfo 0 0 - 0 0 - 0 0
01-30 17:40:29.053 15728 15728 I GeckoDump: Got analysisResult:0
01-30 17:40:29.053 15728 15728 I GeckoDump: Got analysisInfo:5
01-30 17:40:29.053 15728 15728 I GeckoDump: Got matchScore0
01-30 17:40:29.053 15728 15728 I GeckoDump: Got faceanalysisresults payload ![object Blob]
01-30 17:40:29.053 15728 15728 I GeckoDump: Got bestImage is null
01-30 17:40:29.053 15728 15728 I MobiFace: Content JS LOG:  contact.challengeInfo  ============{"challengeInfo":{"availableCurrentPosition":false,"current_x":0,"current_y":0,"stability":0,"availableTargetPosition":false,"currentTarget":0,"numTargets":0,"targets":[{"target_x":0,"target_y":0,"target_radius":0},{"target_x":0,"target_y":0,"target_radius":0},{"target_x":0,"target_y":0,"target_radius":0}]}} 
01-30 17:40:29.053 15728 15728 I MobiFace:     at startFaceRecognition/</</reader.onload (app://2ec57ac3-eee0-41a3-9d3f-e1b3e29e617f/js/livenesschallenge.js:163:29)
01-30 17:40:29.063 15728 16470 D FrServiceClient:  DEBUG - tiem taken: 11.000000
01-30 17:40:29.063 16188 16471 D MobiFace:  DEBUG - frameParams: 6 640 480 720 270
01-30 17:40:29.063 15728 16470 D FrServiceClient:  DEBUG - mobiFace_pushFrame frame 0xa9201000 460800
01-30 17:40:29.063 15728 16470 D FrServiceClient:  DEBUG - IdemiaFrServiceImpl::StartFaceAnalysis: FrServiceClient 460800
01-30 17:40:29.063   492 16384 E         : dmlroc_entry  entering dmlroc_entry
01-30 17:40:29.063   492 16386 E mm-camera: c2d_thread_handle_process_buf_event:190 input buf index 4
01-30 17:40:29.063   492 16386 E mm-camera: c2d_thread_handle_process_buf_event:207 input vaddr b350a000
01-30 17:40:29.093 16188 16484 D MobiFace:  DEBUG - pushImage2: 0xb7754998 0xb78b5ef0 0xb1995008 460800 1 -1214000880 0x57cb221f
01-30 17:40:29.153 16188 16484 D MobiFace:  DEBUG - [event] trackingInfo_cb
01-30 17:40:29.153 16188 16484 D MobiFace:  DEBUG - [event] positionInstruction_cb
01-30 17:40:29.153 16188 16467 D MobiFace:  DEBUG - [event] challenge2DInfo_cb
01-30 17:40:29.153 16188 16484 D MobiFace:  DEBUG - pushImage2: 0
01-30 17:40:29.153 16188 16465 D MobiFace:  DEBUG - [event] freeImage_cb
01-30 17:40:29.153 16188 16197 D MobiFace:  DEBUG - getPositionInfo
01-30 17:40:29.153 16188 16188 D MobiFace:  DEBUG - getChallenge
01-30 17:40:29.153 16188 16471 D MobiFace:  DEBUG - getChallengeInfo
01-30 17:40:29.153 15728 16470 D FrServiceClient:  DEBUG - challenge2DInfo 0 0 - 0 0 - 0 0
01-30 17:40:29.163 15728 15728 I GeckoDump: Got analysisResult:0
01-30 17:40:29.163 15728 15728 I GeckoDump: Got analysisInfo:5
01-30 17:40:29.163 15728 15728 I GeckoDump: Got matchScore0
01-30 17:40:29.163 15728 15728 I GeckoDump: Got faceanalysisresults payload ![object Blob]
01-30 17:40:29.163 15728 15728 I GeckoDump: Got bestImage is null
01-30 17:40:29.163 15728 16470 D FrServiceClient:  DEBUG - tiem taken: 11.000000
01-30 17:40:29.163 16188 16188 D MobiFace:  DEBUG - frameParams: 6 640 480 720 270
01-30 17:40:29.163 15728 16470 D FrServiceClient:  DEBUG - mobiFace_pushFrame frame 0xac772000 460800
01-30 17:40:29.163 15728 16470 D FrServiceClient:  DEBUG - IdemiaFrServiceImpl::StartFaceAnalysis: FrServiceClient 460800
01-30 17:40:29.173   492 16441 E AEC_PORT: aec_port_save_update:real_gain:2.000000 linecnt:1552 exp_idx:273 cur_luma:1610612736 led_est:1079182832
01-30 17:40:29.173   492 16386 E mm-camera: c2d_thread_handle_process_buf_event:190 input buf index 5
01-30 17:40:29.173   492 16386 E mm-camera: c2d_thread_handle_process_buf_event:207 input vaddr b3499000
01-30 17:40:29.183 16188 16471 D MobiFace:  DEBUG - pushImage2: 0xb7754998 0xb78b5ef0 0xb1995008 460800 1 -1214425856 0x57cc9744
01-30 17:40:29.193 15728 15728 I MobiFace: Content JS LOG:  contact.challengeInfo  ============{"challengeInfo":{"availableCurrentPosition":false,"current_x":0,"current_y":0,"stability":0,"availableTargetPosition":false,"currentTarget":0,"numTargets":0,"targets":[{"target_x":0,"target_y":0,"target_radius":0},{"target_x":0,"target_y":0,"target_radius":0},{"target_x":0,"target_y":0,"target_radius":0}]}} 
01-30 17:40:29.193 15728 15728 I MobiFace:     at startFaceRecognition/</</reader.onload (app://2ec57ac3-eee0-41a3-9d3f-e1b3e29e617f/js/livenesschallenge.js:163:29)
01-30 17:40:29.273 16188 16471 D MobiFace:  DEBUG - [event] trackingInfo_cb
01-30 17:40:29.273 16188 16471 D MobiFace:  DEBUG - [event] positionInstruction_cb
01-30 17:40:29.273 16188 16467 D MobiFace:  DEBUG - [event] challenge2DInfo_cb
01-30 17:40:29.273 16188 16471 D MobiFace:  DEBUG - pushImage2: 0
01-30 17:40:29.273 16188 16465 D MobiFace:  DEBUG - [event] freeImage_cb
01-30 17:40:29.273 16188 16484 D MobiFace:  DEBUG - getPositionInfo
01-30 17:40:29.273 16188 16197 D MobiFace:  DEBUG - getChallenge
01-30 17:40:29.273 16188 16188 D MobiFace:  DEBUG - getChallengeInfo
01-30 17:40:29.273 15728 16470 D FrServiceClient:  DEBUG - challenge2DInfo 0 0 - 0 0 - 0 0
01-30 17:40:29.273 15728 15728 I GeckoDump: Got analysisResult:0
01-30 17:40:29.273 15728 15728 I GeckoDump: Got analysisInfo:5
01-30 17:40:29.273 15728 15728 I GeckoDump: Got matchScore0
01-30 17:40:29.273 15728 15728 I GeckoDump: Got faceanalysisresults payload ![object Blob]
01-30 17:40:29.273 15728 15728 I GeckoDump: Got bestImage is null
01-30 17:40:29.283   492 16441 E AEC_PORT: aec_port_save_update:real_gain:2.000000 linecnt:1552 exp_idx:273 cur_luma:-536870912 led_est:1079170514
01-30 17:40:29.283   492 16386 E mm-camera: c2d_thread_handle_process_buf_event:190 input buf index 6
01-30 17:40:29.283   492 16386 E mm-camera: c2d_thread_handle_process_buf_event:207 input vaddr b3428000
01-30 17:40:29.283 15728 15728 I MobiFace: Content JS LOG:  contact.challengeInfo  ============{"challengeInfo":{"availableCurrentPosition":false,"current_x":0,"current_y":0,"stability":0,"availableTargetPosition":false,"currentTarget":0,"numTargets":0,"targets":[{"target_x":0,"target_y":0,"target_radius":0},{"target_x":0,"target_y":0,"target_radius":0},{"target_x":0,"target_y":0,"target_radius":0}]}} 
01-30 17:40:29.283 15728 15728 I MobiFace:     at startFaceRecognition/</</reader.onload (app://2ec57ac3-eee0-41a3-9d3f-e1b3e29e617f/js/livenesschallenge.js:163:29)
01-30 17:40:29.283 15728 16470 D FrServiceClient:  DEBUG - tiem taken: 11.000000
01-30 17:40:29.293 16188 16197 D MobiFace:  DEBUG - frameParams: 6 640 480 720 270
01-30 17:40:29.293 15728 16470 D FrServiceClient:  DEBUG - mobiFace_pushFrame frame 0xac701000 460800
01-30 17:40:29.293 15728 16470 D FrServiceClient:  DEBUG - IdemiaFrServiceImpl::StartFaceAnalysis: FrServiceClient 460800
01-30 17:40:29.303 16188 16188 D MobiFace:  DEBUG - pushImage2: 0xb7754998 0xb78b5ef0 0xb1995008 460800 1 -1217058672 0x57ce6f7c
01-30 17:40:29.373 16188 16188 D MobiFace:  DEBUG - [event] trackingInfo_cb
01-30 17:40:29.373 16188 16188 D MobiFace:  DEBUG - [event] positionInstruction_cb
01-30 17:40:29.373 16188 16467 D MobiFace:  DEBUG - [event] challenge2DInfo_cb
01-30 17:40:29.373 16188 16188 D MobiFace:  DEBUG - pushImage2: 0
01-30 17:40:29.383 16188 16465 D MobiFace:  DEBUG - [event] freeImage_cb
01-30 17:40:29.383 16188 16471 D MobiFace:  DEBUG - getPositionInfo
01-30 17:40:29.383 16188 16484 D MobiFace:  DEBUG - getChallenge
01-30 17:40:29.383 16188 16197 D MobiFace:  DEBUG - getChallengeInfo
01-30 17:40:29.383 15728 16470 D FrServiceClient:  DEBUG - challenge2DInfo 0 0 - 0 0 - 0 0
01-30 17:40:29.383 15728 15728 I GeckoDump: Got analysisResult:0
01-30 17:40:29.383 15728 15728 I GeckoDump: Got analysisInfo:5
01-30 17:40:29.383 15728 15728 I GeckoDump: Got matchScore0
01-30 17:40:29.383 15728 15728 I GeckoDump: Got faceanalysisresults payload ![object Blob]
01-30 17:40:29.383 15728 15728 I GeckoDump: Got bestImage is null
01-30 17:40:29.383   492 16386 E mm-camera: c2d_thread_handle_process_buf_event:190 input buf index 4
01-30 17:40:29.383   492 16386 E mm-camera: c2d_thread_handle_process_buf_event:207 input vaddr b350a000
01-30 17:40:29.383   492 16441 E AEC_PORT: aec_port_save_update:real_gain:2.000000 linecnt:1507 exp_idx:272 cur_luma:-1610612736 led_est:1079159387
01-30 17:40:29.383 15728 15728 I MobiFace: Content JS LOG:  contact.challengeInfo  ============{"challengeInfo":{"availableCurrentPosition":false,"current_x":0,"current_y":0,"stability":0,"availableTargetPosition":false,"currentTarget":0,"numTargets":0,"targets":[{"target_x":0,"target_y":0,"target_radius":0},{"target_x":0,"target_y":0,"target_radius":0},{"target_x":0,"target_y":0,"target_radius":0}]}} 
01-30 17:40:29.383 15728 15728 I MobiFace:     at startFaceRecognition/</</reader.onload (app://2ec57ac3-eee0-41a3-9d3f-e1b3e29e617f/js/livenesschallenge.js:163:29)
01-30 17:40:29.393 15728 16470 D FrServiceClient:  DEBUG - tiem taken: 11.000000
01-30 17:40:29.393 16188 16484 D MobiFace:  DEBUG - frameParams: 6 640 480 720 270
01-30 17:40:29.393 15728 16470 D FrServiceClient:  DEBUG - mobiFace_pushFrame frame 0xa9201000 460800
01-30 17:40:29.393 15728 16470 D FrServiceClient:  DEBUG - IdemiaFrServiceImpl::StartFaceAnalysis: FrServiceClient 460800
01-30 17:40:29.413 16188 16197 D MobiFace:  DEBUG - pushImage2: 0xb7754998 0xb78b5ef0 0xb1995008 460800 1 -1217057632 0x57d00412
01-30 17:40:29.463 16188 16197 D MobiFace:  DEBUG - [event] trackingInfo_cb
01-30 17:40:29.463 16188 16197 D MobiFace:  DEBUG - [event] positionInstruction_cb
01-30 17:40:29.473 16188 16197 D MobiFace:  DEBUG - pushImage2: 0
01-30 17:40:29.473 16188 16467 D MobiFace:  DEBUG - [event] challenge2DInfo_cb
01-30 17:40:29.473 16188 16188 D MobiFace:  DEBUG - getPositionInfo
01-30 17:40:29.473 16188 16465 D MobiFace:  DEBUG - [event] freeImage_cb
01-30 17:40:29.473 16188 16471 D MobiFace:  DEBUG - getChallenge
01-30 17:40:29.473 16188 16484 D MobiFace:  DEBUG - getChallengeInfo
01-30 17:40:29.473 15728 16470 D FrServiceClient:  DEBUG - challenge2DInfo 0 0 - 0 0 - 0 0
01-30 17:40:29.473 15728 15728 I GeckoDump: Got analysisResult:0
01-30 17:40:29.473 15728 15728 I GeckoDump: Got analysisInfo:5
01-30 17:40:29.473 15728 15728 I GeckoDump: Got matchScore0
01-30 17:40:29.473 15728 15728 I GeckoDump: Got faceanalysisresults payload ![object Blob]
01-30 17:40:29.473 15728 15728 I GeckoDump: Got bestImage is null
01-30 17:40:29.473 15728 15728 I MobiFace: Content JS LOG:  contact.challengeInfo  ============{"challengeInfo":{"availableCurrentPosition":false,"current_x":0,"current_y":0,"stability":0,"availableTargetPosition":false,"currentTarget":0,"numTargets":0,"targets":[{"target_x":0,"target_y":0,"target_radius":0},{"target_x":0,"target_y":0,"target_radius":0},{"target_x":0,"target_y":0,"target_radius":0}]}} 
01-30 17:40:29.473 15728 15728 I MobiFace:     at startFaceRecognition/</</reader.onload (app://2ec57ac3-eee0-41a3-9d3f-e1b3e29e617f/js/livenesschallenge.js:163:29)
01-30 17:40:29.483 15728 16470 D FrServiceClient:  DEBUG - tiem taken: 11.000000
01-30 17:40:29.483 16188 16471 D MobiFace:  DEBUG - frameParams: 6 640 480 720 270
01-30 17:40:29.483 15728 16470 D FrServiceClient:  DEBUG - mobiFace_pushFrame frame 0xac772000 460800
01-30 17:40:29.483 15728 16470 D FrServiceClient:  DEBUG - IdemiaFrServiceImpl::StartFaceAnalysis: FrServiceClient 460800
01-30 17:40:29.483   492 16386 E mm-camera: c2d_thread_handle_process_buf_event:190 input buf index 5
01-30 17:40:29.483   492 16386 E mm-camera: c2d_thread_handle_process_buf_event:207 input vaddr b3499000
01-30 17:40:29.493   492 16441 E AEC_PORT: aec_port_save_update:real_gain:2.000000 linecnt:1507 exp_idx:272 cur_luma:-2147483648 led_est:1079129574
01-30 17:40:29.503 16188 16484 D MobiFace:  DEBUG - pushImage2: 0xb7754998 0xb78b5ef0 0xb1995008 460800 1 -1214000880 0x57d16c20
01-30 17:40:29.593   492 16441 E AEC_PORT: aec_port_save_update:real_gain:2.000000 linecnt:1507 exp_idx:272 cur_luma:-1610612736 led_est:1079124348
01-30 17:40:29.593   492 16386 E mm-camera: c2d_thread_handle_process_buf_event:190 input buf index 6
01-30 17:40:29.593   492 16386 E mm-camera: c2d_thread_handle_process_buf_event:207 input vaddr b3428000
01-30 17:40:29.603 16188 16484 D MobiFace:  DEBUG - [event] trackingInfo_cb
01-30 17:40:29.603 16188 16484 D MobiFace:  DEBUG - [event] positionInstruction_cb
01-30 17:40:29.603 16188 16484 D MobiFace:  DEBUG - pushImage2: 0
01-30 17:40:29.603 16188 16465 D MobiFace:  DEBUG - [event] freeImage_cb
01-30 17:40:29.603 16188 16467 D MobiFace:  DEBUG - [event] challenge2DInfo_cb
01-30 17:40:29.603 16188 16197 D MobiFace:  DEBUG - getPositionInfo
01-30 17:40:29.603 16188 16188 D MobiFace:  DEBUG - getChallenge
01-30 17:40:29.603 16188 16471 D MobiFace:  DEBUG - getChallengeInfo
01-30 17:40:29.603 15728 16470 D FrServiceClient:  DEBUG - challenge2DInfo 0 0 - 0 0 - 0 0
01-30 17:40:29.603 15728 15728 I GeckoDump: Got analysisResult:0
01-30 17:40:29.603 15728 15728 I GeckoDump: Got analysisInfo:5
01-30 17:40:29.603 15728 15728 I GeckoDump: Got matchScore0
01-30 17:40:29.603 15728 15728 I GeckoDump: Got faceanalysisresults payload ![object Blob]
01-30 17:40:29.603 15728 15728 I GeckoDump: Got bestImage is null
01-30 17:40:29.603 15728 15728 I MobiFace: Content JS LOG:  contact.challengeInfo  ============{"challengeInfo":{"availableCurrentPosition":false,"current_x":0,"current_y":0,"stability":0,"availableTargetPosition":false,"currentTarget":0,"numTargets":0,"targets":[{"target_x":0,"target_y":0,"target_radius":0},{"target_x":0,"target_y":0,"target_radius":0},{"target_x":0,"target_y":0,"target_radius":0}]}} 
01-30 17:40:29.603 15728 15728 I MobiFace:     at startFaceRecognition/</</reader.onload (app://2ec57ac3-eee0-41a3-9d3f-e1b3e29e617f/js/livenesschallenge.js:163:29)
01-30 17:40:29.613 15728 16470 D FrServiceClient:  DEBUG - tiem taken: 11.000000
01-30 17:40:29.613 16188 16188 D MobiFace:  DEBUG - frameParams: 6 640 480 720 270
01-30 17:40:29.613 15728 16470 D FrServiceClient:  DEBUG - mobiFace_pushFrame frame 0xac701000 460800
01-30 17:40:29.613 15728 16470 D FrServiceClient:  DEBUG - IdemiaFrServiceImpl::StartFaceAnalysis: FrServiceClient 460800
01-30 17:40:29.633 16188 16471 D MobiFace:  DEBUG - pushImage2: 0xb7754998 0xb78b5ef0 0xb1995008 460800 1 -1214425856 0x57d3737d
01-30 17:40:29.683   492 16441 E AEC_PORT: aec_port_save_update:real_gain:2.000000 linecnt:1507 exp_idx:272 cur_luma:-1610612736 led_est:1079103243
01-30 17:40:29.693   492 16386 E mm-camera: c2d_thread_handle_process_buf_event:190 input buf index 4
01-30 17:40:29.693   492 16386 E mm-camera: c2d_thread_handle_process_buf_event:207 input vaddr b350a000
01-30 17:40:29.693 16188 16471 D MobiFace:  DEBUG - [event] trackingInfo_cb
01-30 17:40:29.693 16188 16471 D MobiFace:  DEBUG - [event] positionInstruction_cb
01-30 17:40:29.693 16188 16471 D MobiFace:  DEBUG - pushImage2: 0
01-30 17:40:29.693 16188 16467 D MobiFace:  DEBUG - [event] challenge2DInfo_cb
01-30 17:40:29.693 16188 16465 D MobiFace:  DEBUG - [event] freeImage_cb
01-30 17:40:29.693 16188 16484 D MobiFace:  DEBUG - getPositionInfo
01-30 17:40:29.693 16188 16197 D MobiFace:  DEBUG - getChallenge
01-30 17:40:29.693 16188 16188 D MobiFace:  DEBUG - getChallengeInfo
01-30 17:40:29.703 15728 16470 D FrServiceClient:  DEBUG - challenge2DInfo 0 0 - 0 0 - 0 0
01-30 17:40:29.703 15728 15728 I GeckoDump: Got analysisResult:0
01-30 17:40:29.703 15728 15728 I GeckoDump: Got analysisInfo:5
01-30 17:40:29.703 15728 15728 I GeckoDump: Got matchScore0
01-30 17:40:29.703 15728 15728 I GeckoDump: Got faceanalysisresults payload ![object Blob]
01-30 17:40:29.703 15728 15728 I GeckoDump: Got bestImage is null
01-30 17:40:29.703 15728 15728 I MobiFace: Content JS LOG:  contact.challengeInfo  ============{"challengeInfo":{"availableCurrentPosition":false,"current_x":0,"current_y":0,"stability":0,"availableTargetPosition":false,"currentTarget":0,"numTargets":0,"targets":[{"target_x":0,"target_y":0,"target_radius":0},{"target_x":0,"target_y":0,"target_radius":0},{"target_x":0,"target_y":0,"target_radius":0}]}} 
01-30 17:40:29.703 15728 15728 I MobiFace:     at startFaceRecognition/</</reader.onload (app://2ec57ac3-eee0-41a3-9d3f-e1b3e29e617f/js/livenesschallenge.js:163:29)
01-30 17:40:29.713 15728 16470 D FrServiceClient:  DEBUG - tiem taken: 11.000000
01-30 17:40:29.713 16188 16197 D MobiFace:  DEBUG - frameParams: 6 640 480 720 270
01-30 17:40:29.713 15728 16470 D FrServiceClient:  DEBUG - mobiFace_pushFrame frame 0xa9201000 460800
01-30 17:40:29.713 15728 16470 D FrServiceClient:  DEBUG - IdemiaFrServiceImpl::StartFaceAnalysis: FrServiceClient 460800
01-30 17:40:29.733 16188 16188 D MobiFace:  DEBUG - pushImage2: 0xb7754998 0xb78b5ef0 0xb1995008 460800 1 -1217058672 0x57d4f029
01-30 17:40:29.783   492 16386 E mm-camera: c2d_thread_handle_process_buf_event:190 input buf index 5
01-30 17:40:29.783   492 16386 E mm-camera: c2d_thread_handle_process_buf_event:207 input vaddr b3499000
01-30 17:40:29.783   492 16441 E AEC_PORT: aec_port_save_update:real_gain:2.000000 linecnt:1507 exp_idx:272 cur_luma:-1073741824 led_est:1079108143
01-30 17:40:29.793 16188 16188 D MobiFace:  DEBUG - [event] trackingInfo_cb
01-30 17:40:29.793 16188 16188 D MobiFace:  DEBUG - [event] positionInstruction_cb
01-30 17:40:29.793 16188 16467 D MobiFace:  DEBUG - [event] challenge2DInfo_cb
01-30 17:40:29.793 16188 16188 D MobiFace:  DEBUG - pushImage2: 0
01-30 17:40:29.793 16188 16465 D MobiFace:  DEBUG - [event] freeImage_cb
01-30 17:40:29.793 16188 16471 D MobiFace:  DEBUG - getPositionInfo
01-30 17:40:29.793 16188 16197 D MobiFace:  DEBUG - getChallenge
01-30 17:40:29.793 16188 16484 D MobiFace:  DEBUG - getChallengeInfo
01-30 17:40:29.793 15728 16470 D FrServiceClient:  DEBUG - challenge2DInfo 0 0 - 0 0 - 0 0
01-30 17:40:29.793 15728 15728 I GeckoDump: Got analysisResult:0
01-30 17:40:29.793 15728 15728 I GeckoDump: Got analysisInfo:5
01-30 17:40:29.793 15728 15728 I GeckoDump: Got matchScore0
01-30 17:40:29.793 15728 15728 I GeckoDump: Got faceanalysisresults payload ![object Blob]
01-30 17:40:29.793 15728 15728 I GeckoDump: Got bestImage is null
01-30 17:40:29.803 15728 15728 I MobiFace: Content JS LOG:  contact.challengeInfo  ============{"challengeInfo":{"availableCurrentPosition":false,"current_x":0,"current_y":0,"stability":0,"availableTargetPosition":false,"currentTarget":0,"numTargets":0,"targets":[{"target_x":0,"target_y":0,"target_radius":0},{"target_x":0,"target_y":0,"target_radius":0},{"target_x":0,"target_y":0,"target_radius":0}]}} 
01-30 17:40:29.803 15728 15728 I MobiFace:     at startFaceRecognition/</</reader.onload (app://2ec57ac3-eee0-41a3-9d3f-e1b3e29e617f/js/livenesschallenge.js:163:29)
01-30 17:40:29.803 15728 16470 D FrServiceClient:  DEBUG - tiem taken: 11.000000
01-30 17:40:29.803 16188 16197 D MobiFace:  DEBUG - frameParams: 6 640 480 720 270
01-30 17:40:29.803 15728 16470 D FrServiceClient:  DEBUG - mobiFace_pushFrame frame 0xac772000 460800
01-30 17:40:29.803 15728 16470 D FrServiceClient:  DEBUG - IdemiaFrServiceImpl::StartFaceAnalysis: FrServiceClient 460800
01-30 17:40:29.823 16188 16484 D MobiFace:  DEBUG - pushImage2: 0xb7754998 0xb78b5ef0 0xb1995008 460800 1 -1214000880 0x57d64ecd
01-30 17:40:29.883   492 16386 E mm-camera: c2d_thread_handle_process_buf_event:190 input buf index 6
01-30 17:40:29.883   492 16386 E mm-camera: c2d_thread_handle_process_buf_event:207 input vaddr b3428000
01-30 17:40:29.883   492 16441 E AEC_PORT: aec_port_save_update:real_gain:2.000000 linecnt:1507 exp_idx:272 cur_luma:0 led_est:1079111680
01-30 17:40:29.913 16188 16484 D MobiFace:  DEBUG - [event] trackingInfo_cb
01-30 17:40:29.913 16188 16484 D MobiFace:  DEBUG - [event] positionInstruction_cb
01-30 17:40:29.913 16188 16467 D MobiFace:  DEBUG - [event] challenge2DInfo_cb
01-30 17:40:29.913 16188 16484 D MobiFace:  DEBUG - pushImage2: 0
01-30 17:40:29.913 16188 16465 D MobiFace:  DEBUG - [event] freeImage_cb
01-30 17:40:29.913 16188 16471 D MobiFace:  DEBUG - getPositionInfo
01-30 17:40:29.913 16188 16188 D MobiFace:  DEBUG - getChallenge
01-30 17:40:29.913 16188 16197 D MobiFace:  DEBUG - getChallengeInfo
01-30 17:40:29.913 15728 16470 D FrServiceClient:  DEBUG - challenge2DInfo 0 0 - 0 0 - 0 0
01-30 17:40:29.913 15728 15728 I GeckoDump: Got analysisResult:0
01-30 17:40:29.913 15728 15728 I GeckoDump: Got analysisInfo:5
01-30 17:40:29.913 15728 15728 I GeckoDump: Got matchScore0
01-30 17:40:29.913 15728 15728 I GeckoDump: Got faceanalysisresults payload ![object Blob]
01-30 17:40:29.913 15728 15728 I GeckoDump: Got bestImage is null
01-30 17:40:29.923 15728 15728 I MobiFace: Content JS LOG:  contact.challengeInfo  ============{"challengeInfo":{"availableCurrentPosition":false,"current_x":0,"current_y":0,"stability":0,"availableTargetPosition":false,"currentTarget":0,"numTargets":0,"targets":[{"target_x":0,"target_y":0,"target_radius":0},{"target_x":0,"target_y":0,"target_radius":0},{"target_x":0,"target_y":0,"target_radius":0}]}} 
01-30 17:40:29.923 15728 15728 I MobiFace:     at startFaceRecognition/</</reader.onload (app://2ec57ac3-eee0-41a3-9d3f-e1b3e29e617f/js/livenesschallenge.js:163:29)
01-30 17:40:29.933 15728 16470 D FrServiceClient:  DEBUG - tiem taken: 11.000000
01-30 17:40:29.933 16188 16188 D MobiFace:  DEBUG - frameParams: 6 640 480 720 270
01-30 17:40:29.933 15728 16470 D FrServiceClient:  DEBUG - mobiFace_pushFrame frame 0xac701000 460800
01-30 17:40:29.933 15728 16470 D FrServiceClient:  DEBUG - IdemiaFrServiceImpl::StartFaceAnalysis: FrServiceClient 460800
01-30 17:40:29.943 16188 16197 D MobiFace:  DEBUG - pushImage2: 0xb7754998 0xb79d9e10 0xb1995008 460800 1 -1217057632 0x57d831b1
01-30 17:40:29.983   492 16441 E AEC_PORT: aec_port_save_update:real_gain:2.000000 linecnt:1507 exp_idx:272 cur_luma:536870912 led_est:1079100901
01-30 17:40:29.983   492 16386 E mm-camera: c2d_thread_handle_process_buf_event:190 input buf index 4
01-30 17:40:29.983   492 16386 E mm-camera: c2d_thread_handle_process_buf_event:207 input vaddr b350a000
01-30 17:40:30.003 16188 16197 D MobiFace:  DEBUG - [event] trackingInfo_cb
01-30 17:40:30.003 16188 16197 D MobiFace:  DEBUG - [event] positionInstruction_cb
01-30 17:40:30.003 16188 16467 D MobiFace:  DEBUG - [event] challenge2DInfo_cb
01-30 17:40:30.003 16188 16197 D MobiFace:  DEBUG - pushImage2: 0
01-30 17:40:30.003 16188 16484 D MobiFace:  DEBUG - getPositionInfo
01-30 17:40:30.003 16188 16465 D MobiFace:  DEBUG - [event] freeImage_cb
01-30 17:40:30.003 16188 16197 D MobiFace:  DEBUG - getChallenge
01-30 17:40:30.003 16188 16484 D MobiFace:  DEBUG - getChallengeInfo
01-30 17:40:30.003 15728 16470 D FrServiceClient:  DEBUG - challenge2DInfo 0 0 - 0 0 - 0 0
01-30 17:40:30.003 15728 15728 I GeckoDump: Got analysisResult:0
01-30 17:40:30.003 15728 15728 I GeckoDump: Got analysisInfo:5
01-30 17:40:30.003 15728 15728 I GeckoDump: Got matchScore0
01-30 17:40:30.003 15728 15728 I GeckoDump: Got faceanalysisresults payload ![object Blob]
01-30 17:40:30.003 15728 15728 I GeckoDump: Got bestImage is null
01-30 17:40:30.013 15728 15728 I MobiFace: Content JS LOG:  contact.challengeInfo  ============{"challengeInfo":{"availableCurrentPosition":false,"current_x":0,"current_y":0,"stability":0,"availableTargetPosition":false,"currentTarget":0,"numTargets":0,"targets":[{"target_x":0,"target_y":0,"target_radius":0},{"target_x":0,"target_y":0,"target_radius":0},{"target_x":0,"target_y":0,"target_radius":0}]}} 
01-30 17:40:30.013 15728 15728 I MobiFace:     at startFaceRecognition/</</reader.onload (app://2ec57ac3-eee0-41a3-9d3f-e1b3e29e617f/js/livenesschallenge.js:163:29)
01-30 17:40:30.023 15728 16470 D FrServiceClient:  DEBUG - tiem taken: 12.000000
01-30 17:40:30.023 16188 16484 D MobiFace:  DEBUG - frameParams: 6 640 480 720 270
01-30 17:40:30.023 15728 16470 D FrServiceClient:  DEBUG - mobiFace_pushFrame frame 0xa9201000 460800
01-30 17:40:30.023 15728 16470 D FrServiceClient:  DEBUG - IdemiaFrServiceImpl::StartFaceAnalysis: FrServiceClient 460800
01-30 17:40:30.033 16188 16471 D MobiFace:  DEBUG - pushImage2: 0xb7754998 0xb79d9e10 0xb1995008 460800 1 -1214425856 0x57d990c6
01-30 17:40:30.083   492 16384 E         : dmlroc_entry  entering dmlroc_entry
01-30 17:40:30.083   492 16386 E mm-camera: c2d_thread_handle_process_buf_event:190 input buf index 5
01-30 17:40:30.083   492 16386 E mm-camera: c2d_thread_handle_process_buf_event:207 input vaddr b3499000
01-30 17:40:30.093 16188 16471 D MobiFace:  DEBUG - [event] trackingInfo_cb
01-30 17:40:30.093 16188 16471 D MobiFace:  DEBUG - [event] positionInstruction_cb
01-30 17:40:30.093 16188 16467 D MobiFace:  DEBUG - [event] challenge2DInfo_cb
01-30 17:40:30.093 16188 16471 D MobiFace:  DEBUG - pushImage2: 0
01-30 17:40:30.093 16188 16197 D MobiFace:  DEBUG - getPositionInfo
01-30 17:40:30.093 16188 16465 D MobiFace:  DEBUG - [event] freeImage_cb
01-30 17:40:30.093 16188 16188 D MobiFace:  DEBUG - getChallenge
01-30 17:40:30.093 16188 16484 D MobiFace:  DEBUG - getChallengeInfo
01-30 17:40:30.093 15728 16470 D FrServiceClient:  DEBUG - challenge2DInfo 0 0 - 0 0 - 0 0
01-30 17:40:30.093 15728 15728 I GeckoDump: Got analysisResult:0
01-30 17:40:30.093 15728 15728 I GeckoDump: Got analysisInfo:5
01-30 17:40:30.093 15728 15728 I GeckoDump: Got matchScore0
01-30 17:40:30.093 15728 15728 I GeckoDump: Got faceanalysisresults payload ![object Blob]
01-30 17:40:30.093 15728 15728 I GeckoDump: Got bestImage is null
01-30 17:40:30.103 15728 15728 I MobiFace: Content JS LOG:  contact.challengeInfo  ============{"challengeInfo":{"availableCurrentPosition":false,"current_x":0,"current_y":0,"stability":0,"availableTargetPosition":false,"currentTarget":0,"numTargets":0,"targets":[{"target_x":0,"target_y":0,"target_radius":0},{"target_x":0,"target_y":0,"target_radius":0},{"target_x":0,"target_y":0,"target_radius":0}]}} 
01-30 17:40:30.103 15728 15728 I MobiFace:     at startFaceRecognition/</</reader.onload (app://2ec57ac3-eee0-41a3-9d3f-e1b3e29e617f/js/livenesschallenge.js:163:29)
01-30 17:40:30.103 15728 16470 D FrServiceClient:  DEBUG - tiem taken: 12.000000
01-30 17:40:30.103 16188 16188 D MobiFace:  DEBUG - frameParams: 6 640 480 720 270
01-30 17:40:30.103 15728 16470 D FrServiceClient:  DEBUG - mobiFace_pushFrame frame 0xac772000 460800
01-30 17:40:30.103 15728 16470 D FrServiceClient:  DEBUG - IdemiaFrServiceImpl::StartFaceAnalysis: FrServiceClient 460800
01-30 17:40:30.133 16188 16484 D MobiFace:  DEBUG - pushImage2: 0xb7754998 0xb79d9e10 0xb1995008 460800 1 -1214000880 0x57daf6f7
01-30 17:40:30.183   492 16441 E AEC_PORT: aec_port_save_update:real_gain:2.000000 linecnt:1507 exp_idx:272 cur_luma:-536870912 led_est:1079094852
01-30 17:40:30.183   492 16386 E mm-camera: c2d_thread_handle_process_buf_event:190 input buf index 6
01-30 17:40:30.183   492 16386 E mm-camera: c2d_thread_handle_process_buf_event:207 input vaddr b3428000
01-30 17:40:30.213 16188 16484 D MobiFace:  DEBUG - [event] trackingInfo_cb
01-30 17:40:30.213 16188 16484 D MobiFace:  DEBUG - [event] positionInstruction_cb
01-30 17:40:30.213 16188 16484 D MobiFace:  DEBUG - pushImage2: 0
01-30 17:40:30.213 16188 16471 D MobiFace:  DEBUG - getPositionInfo
01-30 17:40:30.213 16188 16197 D MobiFace:  DEBUG - getChallenge
01-30 17:40:30.213 16188 16471 D MobiFace:  DEBUG - getChallengeInfo
01-30 17:40:30.223 15728 15728 I GeckoDump: Got analysisResult:0
01-30 17:40:30.223 15728 15728 I GeckoDump: Got analysisInfo:5
01-30 17:40:30.223 15728 15728 I GeckoDump: Got matchScore0
01-30 17:40:30.223 15728 15728 I GeckoDump: Got payload is null
01-30 17:40:30.223 15728 15728 I GeckoDump: Got bestImage is null
01-30 17:40:30.223 16188 16467 D MobiFace:  DEBUG - [event] challenge2DInfo_cb
