01-30 17:38:06.383 15052 15589 D FrServiceClient:  DEBUG - mobiFace_pushFrame frame 0xacf01000 460800
01-30 17:38:06.383 15052 15589 D FrServiceClient:  DEBUG - IdemiaFrServiceImpl::StartFaceAnalysis: FrServiceClient 460800
01-30 17:38:06.393  7854  7858 D MobiFace:  DEBUG - pushImage2: 0xb7ae69c8 0xb7b7c058 0xb44ce008 460800 1 -1213330272 0x4f49cbe6
01-30 17:38:06.453  7854  7858 D MobiFace:  DEBUG - [event] trackingInfo_cb
01-30 17:38:06.453  7854  7858 D MobiFace:  DEBUG - [event] positionInstruction_cb
01-30 17:38:06.453  7854  7858 D MobiFace:  DEBUG - [event] freeImage_cb
01-30 17:38:06.453  7854  7858 D MobiFace:  DEBUG - pushImage2: 0
01-30 17:38:06.453  7854 15177 D MobiFace:  DEBUG - getPositionInfo
01-30 17:38:06.453  7854 14954 D MobiFace:  DEBUG - getChallenge
01-30 17:38:06.453  7854  7854 D MobiFace:  DEBUG - getChallengeInfo
01-30 17:38:06.453 15052 15052 I GeckoDump: Got analysisResult:0
01-30 17:38:06.453 15052 15052 I GeckoDump: Got analysisInfo:3
01-30 17:38:06.453 15052 15052 I GeckoDump: Got matchScore0
01-30 17:38:06.463 15052 15052 I GeckoDump: Got payload is null
01-30 17:38:06.463 15052 15052 I GeckoDump: Got bestImage is null
01-30 17:38:05.1522     1     1 I KERNEL  : [ 6631.804346] init: Starting service 'updater-daemon'...
01-30 17:38:06.473 15052 15589 D FrServiceClient:  DEBUG - tiem taken: 1.000000
01-30 17:38:06.473  7854 14954 D MobiFace:  DEBUG - frameParams: 6 640 480 720 270
01-30 17:38:06.473 15052 15589 D FrServiceClient:  DEBUG - mobiFace_pushFrame frame 0xad901000 460800
01-30 17:38:06.473 15052 15589 D FrServiceClient:  DEBUG - IdemiaFrServiceImpl::StartFaceAnalysis: FrServiceClient 460800
01-30 17:38:06.473   492 15536 E mm-camera: c2d_thread_handle_process_buf_event:190 input buf index 6
01-30 17:38:06.473   492 15536 E mm-camera: c2d_thread_handle_process_buf_event:207 input vaddr b3486000
01-30 17:38:06.483   492 15571 E AEC_PORT: aec_port_save_update:real_gain:2.652344 linecnt:1672 exp_idx:285 cur_luma:-2147483648 led_est:1078915880
01-30 17:38:06.493  7854  7854 D MobiFace:  DEBUG - pushImage2: 0xb7ae69c8 0xb7b7c058 0xb44ce008 460800 1 -1213331312 0x4f4b4548
01-30 17:38:05.1559     1     1 I KERNEL  : [ 6631.841769] init: Service 'updater-daemon' (pid 15591) exited with status 127
01-30 17:38:05.1559     1     1 I KERNEL  : [ 6631.841842] init: Service 'updater-daemon' (pid 15591) killing any children in process group
01-30 17:38:06.503  2227  2227 E sdcard  : missing packages.list; retrying
01-30 17:38:06.593   492 15571 E AEC_PORT: aec_port_save_update:real_gain:2.652344 linecnt:1672 exp_idx:285 cur_luma:-1073741824 led_est:1079048708
01-30 17:38:06.593   492 15536 E mm-camera: c2d_thread_handle_process_buf_event:190 input buf index 4
01-30 17:38:06.593   492 15536 E mm-camera: c2d_thread_handle_process_buf_event:207 input vaddr b3568000
01-30 17:38:06.633  7854  7854 D MobiFace:  DEBUG - [event] trackingInfo_cb
01-30 17:38:06.633  7854  7854 D MobiFace:  DEBUG - [event] positionInstruction_cb
01-30 17:38:06.633  7854  7854 D MobiFace:  DEBUG - [event] freeImage_cb
01-30 17:38:06.633  7854  7854 D MobiFace:  DEBUG - pushImage2: 0
01-30 17:38:06.633  7854  7858 D MobiFace:  DEBUG - getPositionInfo
01-30 17:38:06.633  7854 15177 D MobiFace:  DEBUG - getChallenge
01-30 17:38:06.633  7854  7854 D MobiFace:  DEBUG - getChallengeInfo
01-30 17:38:06.633 15052 15052 I GeckoDump: Got analysisResult:0
01-30 17:38:06.633 15052 15052 I GeckoDump: Got analysisInfo:13
01-30 17:38:06.633 15052 15052 I GeckoDump: Got matchScore0
01-30 17:38:06.633 15052 15052 I GeckoDump: Got payload is null
01-30 17:38:06.633 15052 15052 I GeckoDump: Got bestImage is null
01-30 17:38:06.643 15052 15589 D FrServiceClient:  DEBUG - tiem taken: 1.000000
01-30 17:38:06.643  7854  7858 D MobiFace:  DEBUG - frameParams: 6 640 480 720 270
01-30 17:38:06.643 15052 15589 D FrServiceClient:  DEBUG - mobiFace_pushFrame frame 0xad972000 460800
01-30 17:38:06.643 15052 15589 D FrServiceClient:  DEBUG - IdemiaFrServiceImpl::StartFaceAnalysis: FrServiceClient 460800
01-30 17:38:06.663  7854  7854 D MobiFace:  DEBUG - pushImage2: 0xb7ae69c8 0xb7b7c058 0xb44ce008 460800 1 -1213331312 0x4f4dd3d8
01-30 17:38:06.693   492 15571 E AEC_PORT: aec_port_save_update:real_gain:2.652344 linecnt:1672 exp_idx:285 cur_luma:536870912 led_est:1079055849
01-30 17:38:06.703   492 15536 E mm-camera: c2d_thread_handle_process_buf_event:190 input buf index 5
01-30 17:38:06.703   492 15536 E mm-camera: c2d_thread_handle_process_buf_event:207 input vaddr b34f7000
01-30 17:38:06.723  7854  7854 D MobiFace:  DEBUG - [event] trackingInfo_cb
01-30 17:38:06.723  7854  7854 D MobiFace:  DEBUG - [event] positionInstruction_cb
01-30 17:38:06.723  7854  7854 D MobiFace:  DEBUG - [event] freeImage_cb
01-30 17:38:06.723  7854  7854 D MobiFace:  DEBUG - pushImage2: 0
01-30 17:38:06.733  7854 14954 D MobiFace:  DEBUG - getPositionInfo
01-30 17:38:06.733  7854 15177 D MobiFace:  DEBUG - getChallenge
01-30 17:38:06.733  7854  7858 D MobiFace:  DEBUG - getChallengeInfo
01-30 17:38:06.733 15052 15052 I GeckoDump: Got analysisResult:0
01-30 17:38:06.733 15052 15052 I GeckoDump: Got analysisInfo:8
01-30 17:38:06.733 15052 15052 I GeckoDump: Got matchScore0
01-30 17:38:06.733 15052 15052 I GeckoDump: Got payload is null
01-30 17:38:06.733 15052 15052 I GeckoDump: Got bestImage is null
01-30 17:38:06.743 15052 15589 D FrServiceClient:  DEBUG - tiem taken: 1.000000
01-30 17:38:06.743  7854 15177 D MobiFace:  DEBUG - frameParams: 6 640 480 720 270
01-30 17:38:06.743 15052 15589 D FrServiceClient:  DEBUG - mobiFace_pushFrame frame 0xacf01000 460800
01-30 17:38:06.743 15052 15589 D FrServiceClient:  DEBUG - IdemiaFrServiceImpl::StartFaceAnalysis: FrServiceClient 460800
01-30 17:38:06.763  7854  7858 D MobiFace:  DEBUG - pushImage2: 0xb7ae69c8 0xb7b7c058 0xb44ce008 460800 1 -1213330272 0x4f4f578f
01-30 17:38:06.803   492 15571 E AEC_PORT: aec_port_save_update:real_gain:2.652344 linecnt:1672 exp_idx:285 cur_luma:1610612736 led_est:1079091100
01-30 17:38:06.813   492 15536 E mm-camera: c2d_thread_handle_process_buf_event:190 input buf index 6
01-30 17:38:06.813   492 15536 E mm-camera: c2d_thread_handle_process_buf_event:207 input vaddr b3486000
01-30 17:38:06.823  7854  7858 D MobiFace:  DEBUG - [event] trackingInfo_cb
01-30 17:38:06.823  7854  7858 D MobiFace:  DEBUG - [event] positionInstruction_cb
01-30 17:38:06.823  7854  7858 D MobiFace:  DEBUG - [event] freeImage_cb
01-30 17:38:06.823  7854  7858 D MobiFace:  DEBUG - pushImage2: 0
01-30 17:38:06.823  7854  7854 D MobiFace:  DEBUG - getPositionInfo
01-30 17:38:06.823  7854 14954 D MobiFace:  DEBUG - getChallenge
01-30 17:38:06.823  7854 15177 D MobiFace:  DEBUG - getChallengeInfo
01-30 17:38:06.823 15052 15052 I GeckoDump: Got analysisResult:0
01-30 17:38:06.823 15052 15052 I GeckoDump: Got analysisInfo:13
01-30 17:38:06.823 15052 15052 I GeckoDump: Got matchScore0
01-30 17:38:06.823 15052 15052 I GeckoDump: Got payload is null
01-30 17:38:06.823 15052 15052 I GeckoDump: Got bestImage is null
01-30 17:38:06.833 15052 15589 D FrServiceClient:  DEBUG - tiem taken: 1.000000
01-30 17:38:06.833  7854 14954 D MobiFace:  DEBUG - frameParams: 6 640 480 720 270
01-30 17:38:06.833 15052 15589 D FrServiceClient:  DEBUG - mobiFace_pushFrame frame 0xad901000 460800
01-30 17:38:06.833 15052 15589 D FrServiceClient:  DEBUG - IdemiaFrServiceImpl::StartFaceAnalysis: FrServiceClient 460800
01-30 17:38:06.853  7854 15177 D MobiFace:  DEBUG - pushImage2: 0xb7ae69c8 0xb7b7c058 0xb44ce008 460800 1 -1213303792 0x4f50b7a1
01-30 17:38:06.913   492 15532 E         : dmlroc_entry  entering dmlroc_entry
01-30 17:38:06.913   492 15536 E mm-camera: c2d_thread_handle_process_buf_event:190 input buf index 4
01-30 17:38:06.913   492 15536 E mm-camera: c2d_thread_handle_process_buf_event:207 input vaddr b3568000
01-30 17:38:06.943  7854 15177 D MobiFace:  DEBUG - [event] trackingInfo_cb
01-30 17:38:06.943  7854 15177 D MobiFace:  DEBUG - [event] positionInstruction_cb
01-30 17:38:06.943  7854 15177 D MobiFace:  DEBUG - [event] freeImage_cb
01-30 17:38:06.943  7854 15177 D MobiFace:  DEBUG - pushImage2: 0
01-30 17:38:06.943  7854  7858 D MobiFace:  DEBUG - getPositionInfo
01-30 17:38:06.943  7854  7854 D MobiFace:  DEBUG - getChallenge
01-30 17:38:06.953  7854 14954 D MobiFace:  DEBUG - getChallengeInfo
01-30 17:38:06.953 15052 15052 I GeckoDump: Got analysisResult:0
01-30 17:38:06.953 15052 15052 I GeckoDump: Got analysisInfo:8
01-30 17:38:06.953 15052 15052 I GeckoDump: Got matchScore0
01-30 17:38:06.953 15052 15052 I GeckoDump: Got payload is null
01-30 17:38:06.953 15052 15052 I GeckoDump: Got bestImage is null
01-30 17:38:06.963 15052 15589 D FrServiceClient:  DEBUG - tiem taken: 1.000000
01-30 17:38:06.963  7854  7854 D MobiFace:  DEBUG - frameParams: 6 640 480 720 270
01-30 17:38:06.963 15052 15589 D FrServiceClient:  DEBUG - mobiFace_pushFrame frame 0xad972000 460800
01-30 17:38:06.963 15052 15589 D FrServiceClient:  DEBUG - IdemiaFrServiceImpl::StartFaceAnalysis: FrServiceClient 460800
01-30 17:38:06.983  7854 14954 D MobiFace:  DEBUG - pushImage2: 0xb7ae69c8 0xb7b7c058 0xb44ce008 460800 1 -1213304712 0x4f52bfef
01-30 17:38:07.023   492 15571 E AEC_PORT: aec_port_save_update:real_gain:2.652344 linecnt:1672 exp_idx:285 cur_luma:-1610612736 led_est:1079093012
01-30 17:38:07.033   492 15536 E mm-camera: c2d_thread_handle_process_buf_event:190 input buf index 5
01-30 17:38:07.033   492 15536 E mm-camera: c2d_thread_handle_process_buf_event:207 input vaddr b34f7000
01-30 17:38:07.043  7854 14954 D MobiFace:  DEBUG - [event] trackingInfo_cb
01-30 17:38:07.043  7854 14954 D MobiFace:  DEBUG - [event] positionInstruction_cb
01-30 17:38:07.043  7854 14954 D MobiFace:  DEBUG - [event] freeImage_cb
01-30 17:38:07.043  7854 14954 D MobiFace:  DEBUG - pushImage2: 0
01-30 17:38:07.043  7854 15177 D MobiFace:  DEBUG - getPositionInfo
01-30 17:38:07.043  7854  7858 D MobiFace:  DEBUG - getChallenge
01-30 17:38:07.043  7854  7854 D MobiFace:  DEBUG - getChallengeInfo
01-30 17:38:07.043 15052 15052 I GeckoDump: Got analysisResult:0
01-30 17:38:07.043 15052 15052 I GeckoDump: Got analysisInfo:8
01-30 17:38:07.043 15052 15052 I GeckoDump: Got matchScore0
01-30 17:38:07.053 15052 15052 I GeckoDump: Got payload is null
01-30 17:38:07.053 15052 15052 I GeckoDump: Got bestImage is null
01-30 17:38:07.053 15052 15589 D FrServiceClient:  DEBUG - tiem taken: 2.000000
01-30 17:38:07.053  7854  7858 D MobiFace:  DEBUG - frameParams: 6 640 480 720 270
01-30 17:38:07.053 15052 15589 D FrServiceClient:  DEBUG - mobiFace_pushFrame frame 0xacf01000 460800
01-30 17:38:07.053 15052 15589 D FrServiceClient:  DEBUG - IdemiaFrServiceImpl::StartFaceAnalysis: FrServiceClient 460800
01-30 17:38:07.073  7854  7854 D MobiFace:  DEBUG - pushImage2: 0xb7ae69c8 0xb7b7c058 0xb44ce008 460800 1 -1213331312 0x4f5427f2
01-30 17:38:07.133  7854  7854 D MobiFace:  DEBUG - [event] trackingInfo_cb
01-30 17:38:07.133  7854  7854 D MobiFace:  DEBUG - [event] positionInstruction_cb
01-30 17:38:07.133  7854  7854 D MobiFace:  DEBUG - [event] freeImage_cb
01-30 17:38:07.133  7854  7854 D MobiFace:  DEBUG - pushImage2: 0
01-30 17:38:07.133  7854 14954 D MobiFace:  DEBUG - getPositionInfo
01-30 17:38:07.133   492 15536 E mm-camera: c2d_thread_handle_process_buf_event:190 input buf index 6
01-30 17:38:07.133   492 15536 E mm-camera: c2d_thread_handle_process_buf_event:207 input vaddr b3486000
01-30 17:38:07.143   492 15571 E AEC_PORT: aec_port_save_update:real_gain:2.652344 linecnt:1672 exp_idx:285 cur_luma:1610612736 led_est:1079086628
01-30 17:38:07.143  7854 15177 D MobiFace:  DEBUG - getChallenge
01-30 17:38:07.143  7854  7858 D MobiFace:  DEBUG - getChallengeInfo
01-30 17:38:07.143 15052 15052 I GeckoDump: Got analysisResult:0
01-30 17:38:07.143 15052 15052 I GeckoDump: Got analysisInfo:8
01-30 17:38:07.143 15052 15052 I GeckoDump: Got matchScore0
01-30 17:38:07.143 15052 15052 I GeckoDump: Got payload is null
01-30 17:38:07.153 15052 15052 I GeckoDump: Got bestImage is null
01-30 17:38:07.153 15052 15589 D FrServiceClient:  DEBUG - tiem taken: 2.000000
01-30 17:38:07.153  7854 15177 D MobiFace:  DEBUG - frameParams: 6 640 480 720 270
01-30 17:38:07.153 15052 15589 D FrServiceClient:  DEBUG - mobiFace_pushFrame frame 0xad901000 460800
01-30 17:38:07.153 15052 15589 D FrServiceClient:  DEBUG - IdemiaFrServiceImpl::StartFaceAnalysis: FrServiceClient 460800
01-30 17:38:07.183  7854  7858 D MobiFace:  DEBUG - pushImage2: 0xb7ae69c8 0xb7b7c058 0xb44ce008 460800 1 -1213330272 0x4f55bf90
01-30 17:38:07.243   492 15571 E AEC_PORT: aec_port_save_update:real_gain:2.652344 linecnt:1672 exp_idx:285 cur_luma:-1073741824 led_est:1079073607
01-30 17:38:07.253   492 15536 E mm-camera: c2d_thread_handle_process_buf_event:190 input buf index 4
01-30 17:38:07.253   492 15536 E mm-camera: c2d_thread_handle_process_buf_event:207 input vaddr b3568000
01-30 17:38:07.273  7854  7858 D MobiFace:  DEBUG - [event] trackingInfo_cb
01-30 17:38:07.273  7854  7858 D MobiFace:  DEBUG - [event] positionInstruction_cb
01-30 17:38:07.273  7854  7858 D MobiFace:  DEBUG - [event] freeImage_cb
01-30 17:38:07.273  7854  7858 D MobiFace:  DEBUG - pushImage2: 0
01-30 17:38:07.273  7854  7854 D MobiFace:  DEBUG - getPositionInfo
01-30 17:38:07.273  7854 14954 D MobiFace:  DEBUG - getChallenge
01-30 17:38:07.273  7854 15177 D MobiFace:  DEBUG - getChallengeInfo
01-30 17:38:07.283 15052 15052 I GeckoDump: Got analysisResult:0
01-30 17:38:07.283 15052 15052 I GeckoDump: Got analysisInfo:8
01-30 17:38:07.283 15052 15052 I GeckoDump: Got matchScore0
01-30 17:38:07.283 15052 15052 I GeckoDump: Got payload is null
01-30 17:38:07.283 15052 15052 I GeckoDump: Got bestImage is null
01-30 17:38:07.293 15052 15589 D FrServiceClient:  DEBUG - tiem taken: 2.000000
01-30 17:38:07.293  7854 14954 D MobiFace:  DEBUG - frameParams: 6 640 480 720 270
01-30 17:38:07.293 15052 15589 D FrServiceClient:  DEBUG - mobiFace_pushFrame frame 0xad972000 460800
01-30 17:38:07.293 15052 15589 D FrServiceClient:  DEBUG - IdemiaFrServiceImpl::StartFaceAnalysis: FrServiceClient 460800
01-30 17:38:07.303  7854 15177 D MobiFace:  DEBUG - pushImage2: 0xb7ae69c8 0xb7b7c058 0xb44ce008 460800 1 -1213303792 0x4f57ab5a
01-30 17:38:07.353   492 15571 E AEC_PORT: aec_port_save_update:real_gain:2.730469 linecnt:1672 exp_idx:286 cur_luma:-1610612736 led_est:1079042933
01-30 17:38:07.363   492 15536 E mm-camera: c2d_thread_handle_process_buf_event:190 input buf index 5
01-30 17:38:07.363   492 15536 E mm-camera: c2d_thread_handle_process_buf_event:207 input vaddr b34f7000
01-30 17:38:07.363  7854 15177 D MobiFace:  DEBUG - [event] trackingInfo_cb
01-30 17:38:07.363  7854 15177 D MobiFace:  DEBUG - [event] positionInstruction_cb
01-30 17:38:07.363  7854 15177 D MobiFace:  DEBUG - [event] freeImage_cb
01-30 17:38:07.363  7854 15177 D MobiFace:  DEBUG - pushImage2: 0
01-30 17:38:07.363  7854  7858 D MobiFace:  DEBUG - getPositionInfo
01-30 17:38:07.363  7854  7854 D MobiFace:  DEBUG - getChallenge
01-30 17:38:07.363  7854 14954 D MobiFace:  DEBUG - getChallengeInfo
01-30 17:38:07.373 15052 15052 I GeckoDump: Got analysisResult:0
01-30 17:38:07.373 15052 15052 I GeckoDump: Got analysisInfo:13
01-30 17:38:07.373 15052 15052 I GeckoDump: Got matchScore0
01-30 17:38:07.373 15052 15052 I GeckoDump: Got payload is null
01-30 17:38:07.373 15052 15052 I GeckoDump: Got bestImage is null
01-30 17:38:07.383 15052 15589 D FrServiceClient:  DEBUG - tiem taken: 2.000000
01-30 17:38:07.383  7854  7854 D MobiFace:  DEBUG - frameParams: 6 640 480 720 270
01-30 17:38:07.383 15052 15589 D FrServiceClient:  DEBUG - mobiFace_pushFrame frame 0xacf01000 460800
01-30 17:38:07.383 15052 15589 D FrServiceClient:  DEBUG - IdemiaFrServiceImpl::StartFaceAnalysis: FrServiceClient 460800
01-30 17:38:07.403  7854 14954 D MobiFace:  DEBUG - pushImage2: 0xb7ae69c8 0xb7b7c058 0xb44ce008 460800 1 -1213304712 0x4f591647
01-30 17:38:07.453  7854 14954 D MobiFace:  DEBUG - [event] trackingInfo_cb
01-30 17:38:07.453  7854 14954 D MobiFace:  DEBUG - [event] positionInstruction_cb
01-30 17:38:07.453  7854 14954 D MobiFace:  DEBUG - [event] freeImage_cb
01-30 17:38:07.453  7854 14954 D MobiFace:  DEBUG - pushImage2: 0
01-30 17:38:07.453  7854 15177 D MobiFace:  DEBUG - getPositionInfo
01-30 17:38:07.453  7854  7858 D MobiFace:  DEBUG - getChallenge
01-30 17:38:07.453  7854  7854 D MobiFace:  DEBUG - getChallengeInfo
01-30 17:38:07.463 15052 15052 I GeckoDump: Got analysisResult:0
01-30 17:38:07.463 15052 15052 I GeckoDump: Got analysisInfo:8
01-30 17:38:07.463 15052 15052 I GeckoDump: Got matchScore0
01-30 17:38:07.463 15052 15052 I GeckoDump: Got payload is null
01-30 17:38:07.463 15052 15052 I GeckoDump: Got bestImage is null
01-30 17:38:07.463   492 15536 E mm-camera: c2d_thread_handle_process_buf_event:190 input buf index 6
01-30 17:38:07.463   492 15536 E mm-camera: c2d_thread_handle_process_buf_event:207 input vaddr b3486000
01-30 17:38:07.473   492 15571 E AEC_PORT: aec_port_save_update:real_gain:2.730469 linecnt:1672 exp_idx:286 cur_luma:1610612736 led_est:1079041673
01-30 17:38:07.473 15052 15589 D FrServiceClient:  DEBUG - tiem taken: 2.000000
01-30 17:38:07.473  7854  7858 D MobiFace:  DEBUG - frameParams: 6 640 480 720 270
01-30 17:38:07.473 15052 15589 D FrServiceClient:  DEBUG - mobiFace_pushFrame frame 0xad901000 460800
01-30 17:38:07.473 15052 15589 D FrServiceClient:  DEBUG - IdemiaFrServiceImpl::StartFaceAnalysis: FrServiceClient 460800
01-30 17:38:07.493  7854  7854 D MobiFace:  DEBUG - pushImage2: 0xb7ae69c8 0xb7b7c058 0xb44ce008 460800 1 -1213331312 0x4f5a85b6
01-30 17:38:07.573   492 15536 E mm-camera: c2d_thread_handle_process_buf_event:190 input buf index 4
01-30 17:38:07.573   492 15536 E mm-camera: c2d_thread_handle_process_buf_event:207 input vaddr b3568000
01-30 17:38:07.593   492 15571 E AEC_PORT: aec_port_save_update:real_gain:2.730469 linecnt:1672 exp_idx:286 cur_luma:0 led_est:1079052376
01-30 17:38:07.593  7854  7854 D MobiFace:  DEBUG - [event] trackingInfo_cb
01-30 17:38:07.593  7854  7854 D MobiFace:  DEBUG - [event] positionInstruction_cb
01-30 17:38:07.593  7854  7854 D MobiFace:  DEBUG - [event] freeImage_cb
01-30 17:38:07.593  7854  7854 D MobiFace:  DEBUG - pushImage2: 0
01-30 17:38:07.593  7854 14954 D MobiFace:  DEBUG - getPositionInfo
01-30 17:38:07.593  7854  7858 D MobiFace:  DEBUG - getChallenge
01-30 17:38:07.593  7854 14954 D MobiFace:  DEBUG - getChallengeInfo
01-30 17:38:07.593 15052 15052 I GeckoDump: Got analysisResult:0
01-30 17:38:07.593 15052 15052 I GeckoDump: Got analysisInfo:13
01-30 17:38:07.593 15052 15052 I GeckoDump: Got matchScore0
01-30 17:38:07.593 15052 15052 I GeckoDump: Got payload is null
01-30 17:38:07.593 15052 15052 I GeckoDump: Got bestImage is null
01-30 17:38:07.613 15052 15589 D FrServiceClient:  DEBUG - tiem taken: 2.000000
01-30 17:38:07.613  7854  7854 D MobiFace:  DEBUG - frameParams: 6 640 480 720 270
01-30 17:38:07.613 15052 15589 D FrServiceClient:  DEBUG - mobiFace_pushFrame frame 0xad972000 460800
01-30 17:38:07.613 15052 15589 D FrServiceClient:  DEBUG - IdemiaFrServiceImpl::StartFaceAnalysis: FrServiceClient 460800
01-30 17:38:07.633  7854 14954 D MobiFace:  DEBUG - pushImage2: 0xb7ae69c8 0xb7b7c058 0xb44ce008 460800 1 -1213304712 0x4f5c9862
01-30 17:38:07.683  7854 14954 D MobiFace:  DEBUG - [event] trackingInfo_cb
01-30 17:38:07.683  7854 14954 D MobiFace:  DEBUG - [event] positionInstruction_cb
01-30 17:38:07.683  7854 14954 D MobiFace:  DEBUG - [event] freeImage_cb
01-30 17:38:07.683  7854 14954 D MobiFace:  DEBUG - pushImage2: 0
01-30 17:38:07.683  7854 15177 D MobiFace:  DEBUG - getPositionInfo
01-30 17:38:07.683  7854  7858 D MobiFace:  DEBUG - getChallenge
01-30 17:38:07.683  7854  7854 D MobiFace:  DEBUG - getChallengeInfo
01-30 17:38:07.683   492 15571 E AEC_PORT: aec_port_save_update:real_gain:2.730469 linecnt:1672 exp_idx:286 cur_luma:-2147483648 led_est:1079082216
01-30 17:38:07.683   492 15536 E mm-camera: c2d_thread_handle_process_buf_event:190 input buf index 5
01-30 17:38:07.683   492 15536 E mm-camera: c2d_thread_handle_process_buf_event:207 input vaddr b34f7000
01-30 17:38:07.693 15052 15052 I GeckoDump: Got analysisResult:0
01-30 17:38:07.693 15052 15052 I GeckoDump: Got analysisInfo:0
01-30 17:38:07.693 15052 15052 I GeckoDump: Got matchScore0
01-30 17:38:07.693 15052 15052 I GeckoDump: Got payload is null
01-30 17:38:07.693 15052 15052 I GeckoDump: Got bestImage is null
01-30 17:38:07.703 15052 15589 D FrServiceClient:  DEBUG - tiem taken: 2.000000
01-30 17:38:07.703  7854  7858 D MobiFace:  DEBUG - frameParams: 6 640 480 720 270
01-30 17:38:07.703 15052 15589 D FrServiceClient:  DEBUG - mobiFace_pushFrame frame 0xacf01000 460800
01-30 17:38:07.703 15052 15589 D FrServiceClient:  DEBUG - IdemiaFrServiceImpl::StartFaceAnalysis: FrServiceClient 460800
01-30 17:38:07.723  7854  7854 D MobiFace:  DEBUG - pushImage2: 0xb7ae69c8 0xb7b7c058 0xb445d008 460800 1 -1213331312 0x4f5e047d
01-30 17:38:07.723  7854  7854 D MobiFace:  DEBUG - [event] bestImage_cb
01-30 17:38:07.723  7854  7854 D MobiFace:  DEBUG - [event] freeImage_cb
01-30 17:38:07.723  7854  7854 D MobiFace:  DEBUG - pushImage2: 0
01-30 17:38:07.733  7854 14954 D MobiFace:  DEBUG - getPositionInfo
01-30 17:38:07.733  7854 15177 D MobiFace:  DEBUG - getChallenge
01-30 17:38:07.733  7854  7858 D MobiFace:  DEBUG - getChallengeInfo
01-30 17:38:07.733  7854 14954 D MobiFace:  DEBUG - getChallengeResponse
01-30 17:38:07.733 15052 15589 D FrServiceClient:  DEBUG - no challengeResponse
01-30 17:38:07.733  7854 15177 D MobiFace:  DEBUG - getMatchingScore
01-30 17:38:07.743  7854 15177 D MobiFace:  DEBUG - isValid: Start validating license
01-30 17:38:07.743  7854 15177 D MobiFace:  DEBUG - inside devenv
01-30 17:38:07.743  7854 15177 D MobiFace:  DEBUG - MLT_MorphoLite_Create : 0
01-30 17:38:07.793   492 15536 E mm-camera: c2d_thread_handle_process_buf_event:190 input buf index 6
01-30 17:38:07.793   492 15536 E mm-camera: c2d_thread_handle_process_buf_event:207 input vaddr b3486000
01-30 17:38:07.793   492 15571 E AEC_PORT: aec_port_save_update:real_gain:2.730469 linecnt:1672 exp_idx:286 cur_luma:-1610612736 led_est:1079081786
01-30 17:38:07.903   492 15571 E AEC_PORT: aec_port_save_update:real_gain:2.730469 linecnt:1672 exp_idx:286 cur_luma:-1073741824 led_est:1079081794
01-30 17:38:07.903   492 15536 E mm-camera: c2d_thread_handle_process_buf_event:190 input buf index 4
01-30 17:38:07.903   492 15536 E mm-camera: c2d_thread_handle_process_buf_event:207 input vaddr b3568000
01-30 17:38:08.013   492 15532 E         : dmlroc_entry  entering dmlroc_entry
01-30 17:38:08.013   492 15536 E mm-camera: c2d_thread_handle_process_buf_event:190 input buf index 5
01-30 17:38:08.013   492 15536 E mm-camera: c2d_thread_handle_process_buf_event:207 input vaddr b34f7000
01-30 17:38:08.123   492 15536 E mm-camera: c2d_thread_handle_process_buf_event:190 input buf index 6
01-30 17:38:08.123   492 15536 E mm-camera: c2d_thread_handle_process_buf_event:207 input vaddr b3486000
01-30 17:38:08.133   492 15571 E AEC_PORT: aec_port_save_update:real_gain:2.730469 linecnt:1672 exp_idx:286 cur_luma:1610612736 led_est:1079075997
01-30 17:38:08.233   492 15571 E AEC_PORT: aec_port_save_update:real_gain:2.730469 linecnt:1672 exp_idx:286 cur_luma:0 led_est:1079074676
01-30 17:38:08.243   492 15536 E mm-camera: c2d_thread_handle_process_buf_event:190 input buf index 4
01-30 17:38:08.243   492 15536 E mm-camera: c2d_thread_handle_process_buf_event:207 input vaddr b3568000
01-30 17:38:08.343   492 15536 E mm-camera: c2d_thread_handle_process_buf_event:190 input buf index 5
01-30 17:38:08.343   492 15536 E mm-camera: c2d_thread_handle_process_buf_event:207 input vaddr b34f7000
01-30 17:38:08.343   492 15571 E AEC_PORT: aec_port_save_update:real_gain:2.730469 linecnt:1672 exp_idx:286 cur_luma:-1610612736 led_est:1079074051
01-30 17:38:08.453   492 15536 E mm-camera: c2d_thread_handle_process_buf_event:190 input buf index 6
01-30 17:38:08.453   492 15536 E mm-camera: c2d_thread_handle_process_buf_event:207 input vaddr b3486000
01-30 17:38:08.453   492 15571 E AEC_PORT: aec_port_save_update:real_gain:2.730469 linecnt:1672 exp_idx:286 cur_luma:-1610612736 led_est:1079080328
01-30 17:38:08.563   492 15571 E AEC_PORT: aec_port_save_update:real_gain:2.652344 linecnt:1672 exp_idx:285 cur_luma:1610612736 led_est:1079133123
01-30 17:38:08.573   492 15536 E mm-camera: c2d_thread_handle_process_buf_event:190 input buf index 4
01-30 17:38:08.573   492 15536 E mm-camera: c2d_thread_handle_process_buf_event:207 input vaddr b3568000
01-30 17:38:08.673   492 15571 E AEC_PORT: aec_port_save_update:real_gain:2.652344 linecnt:1672 exp_idx:285 cur_luma:-2147483648 led_est:1079081504
01-30 17:38:08.673   492 15536 E mm-camera: c2d_thread_handle_process_buf_event:190 input buf index 5
01-30 17:38:08.673   492 15536 E mm-camera: c2d_thread_handle_process_buf_event:207 input vaddr b34f7000
01-30 17:38:08.783   492 15536 E mm-camera: c2d_thread_handle_process_buf_event:190 input buf index 6
01-30 17:38:08.783   492 15536 E mm-camera: c2d_thread_handle_process_buf_event:207 input vaddr b3486000
01-30 17:38:08.783   492 15571 E AEC_PORT: aec_port_save_update:real_gain:2.652344 linecnt:1672 exp_idx:285 cur_luma:536870912 led_est:1079079605
01-30 17:38:08.833  5463  5463 D wpa_supplicant: wlan0: Control interface command 'SIGNAL_POLL'
01-30 17:38:08.863  5463  5463 D wpa_supplicant: CTRL-DEBUG: global_ctrl_sock-sendto: sock=11 sndbuf=163840 outq=0 send_len=48
01-30 17:38:08.893   492 15571 E AEC_PORT: aec_port_save_update:real_gain:2.730469 linecnt:1672 exp_idx:286 cur_luma:-2147483648 led_est:1079029376
01-30 17:38:08.903   492 15536 E mm-camera: c2d_thread_handle_process_buf_event:190 input buf index 4
01-30 17:38:08.903   492 15536 E mm-camera: c2d_thread_handle_process_buf_event:207 input vaddr b3568000
01-30 17:38:08.963   425   558 D ThermalEngine: sensor_wait: case_therm Wait done.
01-30 17:38:08.963   425   558 D ThermalEngine: sensor_monitor: case_therm Reading 32000 .
01-30 17:38:08.963   425   558 I ThermalEngine: Sensor:case_therm:32000 mC
01-30 17:38:08.963   425   558 D ThermalEngine: update_active_thresh: case_therm Active(1), Hi(1) 40000, Lo(0) -2147483648, Interval(1) 5000
01-30 17:38:08.963   425   558 D ThermalEngine: sensor_monitor: case_therm Sensor wait.
01-30 17:38:08.963   425   558 D ThermalEngine: sensor_wait: case_therm Wait start. 5000ms
01-30 17:38:09.003   492 15571 E AEC_PORT: aec_port_save_update:real_gain:2.730469 linecnt:1672 exp_idx:286 cur_luma:536870912 led_est:1079040380
01-30 17:38:09.003   492 15536 E mm-camera: c2d_thread_handle_process_buf_event:190 input buf index 5
01-30 17:38:09.003   492 15536 E mm-camera: c2d_thread_handle_process_buf_event:207 input vaddr b34f7000
01-30 17:38:09.113   492 15532 E         : dmlroc_entry  entering dmlroc_entry
01-30 17:38:09.113   492 15536 E mm-camera: c2d_thread_handle_process_buf_event:190 input buf index 6
01-30 17:38:09.113   492 15536 E mm-camera: c2d_thread_handle_process_buf_event:207 input vaddr b3486000
01-30 17:38:09.223   492 15571 E AEC_PORT: aec_port_save_update:real_gain:2.730469 linecnt:1672 exp_idx:286 cur_luma:-1610612736 led_est:1079083926
01-30 17:38:09.223   492 15536 E mm-camera: c2d_thread_handle_process_buf_event:190 input buf index 4
01-30 17:38:09.223   492 15536 E mm-camera: c2d_thread_handle_process_buf_event:207 input vaddr b3568000
01-30 17:38:09.323   453   453 I GeckoConsole: Content JS LOG: [AppUsage] got an event:  idle 
01-30 17:38:09.323   453   453 I GeckoConsole:     at debug (app://system.gaiamobile.org/js/app_usage_metrics.js:141:7)
01-30 17:38:09.333   492 15536 E mm-camera: c2d_thread_handle_process_buf_event:190 input buf index 5
01-30 17:38:09.333   492 15536 E mm-camera: c2d_thread_handle_process_buf_event:207 input vaddr b34f7000
01-30 17:38:09.333   492 15571 E AEC_PORT: aec_port_save_update:real_gain:2.652344 linecnt:1672 exp_idx:285 cur_luma:1610612736 led_est:1079126799
01-30 17:38:09.443   492 15571 E AEC_PORT: aec_port_save_update:real_gain:2.652344 linecnt:1672 exp_idx:285 cur_luma:1073741824 led_est:1079081988
01-30 17:38:09.453   492 15536 E mm-camera: c2d_thread_handle_process_buf_event:190 input buf index 6
01-30 17:38:09.453   492 15536 E mm-camera: c2d_thread_handle_process_buf_event:207 input vaddr b3486000
01-30 17:38:09.503  2227  2227 E sdcard  : missing packages.list; retrying
01-30 17:38:09.553   492 15571 E AEC_PORT: aec_port_save_update:real_gain:2.652344 linecnt:1672 exp_idx:285 cur_luma:-1610612736 led_est:1079082773
01-30 17:38:09.553   492 15536 E mm-camera: c2d_thread_handle_process_buf_event:190 input buf index 4
01-30 17:38:09.553   492 15536 E mm-camera: c2d_thread_handle_process_buf_event:207 input vaddr b3568000
01-30 17:38:09.663   492 15571 E AEC_PORT: aec_port_save_update:real_gain:2.730469 linecnt:1672 exp_idx:286 cur_luma:1610612736 led_est:1079043263
01-30 17:38:09.663   492 15536 E mm-camera: c2d_thread_handle_process_buf_event:190 input buf index 5
01-30 17:38:09.663   492 15536 E mm-camera: c2d_thread_handle_process_buf_event:207 input vaddr b34f7000
01-30 17:38:09.773   492 15536 E mm-camera: c2d_thread_handle_process_buf_event:190 input buf index 6
01-30 17:38:09.773   492 15536 E mm-camera: c2d_thread_handle_process_buf_event:207 input vaddr b3486000
01-30 17:38:09.783   492 15571 E AEC_PORT: aec_port_save_update:real_gain:2.730469 linecnt:1672 exp_idx:286 cur_luma:-2147483648 led_est:1079055431
01-30 17:38:09.883   492 15571 E AEC_PORT: aec_port_save_update:real_gain:2.730469 linecnt:1672 exp_idx:286 cur_luma:0 led_est:1079043879
01-30 17:38:09.883   492 15536 E mm-camera: c2d_thread_handle_process_buf_event:190 input buf index 4
01-30 17:38:09.883   492 15536 E mm-camera: c2d_thread_handle_process_buf_event:207 input vaddr b3568000
01-30 17:38:09.994   694  5464 I KERNEL  : [ 6635.276500] [17:38:09.950893] [0000001DAC806CB5] [lowi-]  wlan: [E :HDD] hdd_driver_command: 3967: making default scan to PASSIVE
01-30 17:38:09.995   694  5464 I KERNEL  : [ 6635.277122] [17:38:09.951517] [0000001DAC809B89] [lowi-]  wlan: [E :HDD] hdd_driver_command: 3961: making default scan to ACTIVE
01-30 17:38:09.943   696   898 W XTCC-5.1.0.13-b: [WifiScanner] WiFi scan result : [1] AP's
01-30 17:38:09.1013  5455  5455 I KERNEL  : [ 6635.295788] [17:38:09.970182] [0000001DAC86135C] [VosMC]  wlan: [E :PE ] limSetOemDataReqMode: 1510: OEM_DATA: Calling limSendHalOemDataReq
01-30 17:38:09.1019  5455  5455 I KERNEL  : [ 6635.301164] [17:38:09.975558] [0000001DAC87A69C] [VosMC]  wlan: [E :SME] Before memory copy
01-30 17:38:09.1019  5455  5455 I KERNEL  : [ 6635.301210] [17:38:09.975607] [0000001DAC87AA4D] [VosMC]  wlan: [E :SME] after memory copy
01-30 17:38:09.963  5463  5463 D wpa_supplicant: RTM_NEWLINK: ifi_index=22 ifname=wlan0 wext ifi_family=0 ifi_flags=0x11043 ([UP][RUNNING][LOWER_UP])
01-30 17:38:09.1022   694  5464 I KERNEL  : [ 6635.304824] [17:38:09.979218] [0000001DAC88B920] [lowi-]  wlan: [E :HDD] hdd_driver_command: 3967: making default scan to PASSIVE
01-30 17:38:09.1023   694  5464 I KERNEL  : [ 6635.305305] [17:38:09.979698] [0000001DAC88DD18] [lowi-]  wlan: [E :HDD] hdd_driver_command: 3961: making default scan to ACTIVE
01-30 17:38:09.973   696   900 W XTCC-5.1.0.13-b: [WifiScanner] WiFi scan result : [1] AP's
01-30 17:38:09.973   696   898 W XTCC-5.1.0.13-b: [WifiScanner] skipping ap that doesn't have ranging measurement
01-30 17:38:09.973   696   898 E XTCC-5.1.0.13-b: [CSMgr] parseRangingScanResult: rtt scan found 0 ap
01-30 17:38:09.973   696   898 E XTCC-5.1.0.13-b: [CSMgr] handleRaningScanResult failed in parseRaningScanResult
01-30 17:38:09.973   696   898 E XTCC-5.1.0.13-b: [CSMgr] handleRangingScanResult failed -1
01-30 17:38:09.993   492 15571 E AEC_PORT: aec_port_save_update:real_gain:2.730469 linecnt:1672 exp_idx:286 cur_luma:-2147483648 led_est:1079086093
01-30 17:38:09.993   492 15536 E mm-camera: c2d_thread_handle_process_buf_event:190 input buf index 5
01-30 17:38:09.993   492 15536 E mm-camera: c2d_thread_handle_process_buf_event:207 input vaddr b34f7000
01-30 17:38:10.103   492 15532 E         : dmlroc_entry  entering dmlroc_entry
01-30 17:38:10.103   492 15536 E mm-camera: c2d_thread_handle_process_buf_event:190 input buf index 6
01-30 17:38:10.103   492 15536 E mm-camera: c2d_thread_handle_process_buf_event:207 input vaddr b3486000
01-30 17:38:10.213   492 15536 E mm-camera: c2d_thread_handle_process_buf_event:190 input buf index 4
01-30 17:38:10.213   492 15536 E mm-camera: c2d_thread_handle_process_buf_event:207 input vaddr b3568000
01-30 17:38:10.213   492 15532 E         : dmlroc_entry  entering dmlroc_entry
01-30 17:38:10.323   492 15571 E AEC_PORT: aec_port_save_update:real_gain:2.652344 linecnt:1672 exp_idx:285 cur_luma:-2147483648 led_est:1079123445
01-30 17:38:10.323   492 15536 E mm-camera: c2d_thread_handle_process_buf_event:190 input buf index 5
01-30 17:38:10.323   492 15536 E mm-camera: c2d_thread_handle_process_buf_event:207 input vaddr b34f7000
01-30 17:38:10.433   492 15571 E AEC_PORT: aec_port_save_update:real_gain:2.652344 linecnt:1672 exp_idx:285 cur_luma:-1073741824 led_est:1079123079
01-30 17:38:10.433   492 15536 E mm-camera: c2d_thread_handle_process_buf_event:190 input buf index 6
01-30 17:38:10.433   492 15536 E mm-camera: c2d_thread_handle_process_buf_event:207 input vaddr b3486000
01-30 17:38:10.543   492 15571 E AEC_PORT: aec_port_save_update:real_gain:2.652344 linecnt:1672 exp_idx:285 cur_luma:536870912 led_est:1079122348
01-30 17:38:10.543   492 15536 E mm-camera: c2d_thread_handle_process_buf_event:190 input buf index 4
01-30 17:38:10.543   492 15536 E mm-camera: c2d_thread_handle_process_buf_event:207 input vaddr b3568000
01-30 17:38:10.653   492 15571 E AEC_PORT: aec_port_save_update:real_gain:2.730469 linecnt:1672 exp_idx:286 cur_luma:536870912 led_est:1079045271
01-30 17:38:10.653   492 15536 E mm-camera: c2d_thread_handle_process_buf_event:190 input buf index 5
01-30 17:38:10.653   492 15536 E mm-camera: c2d_thread_handle_process_buf_event:207 input vaddr b34f7000
01-30 17:38:10.653 15052 15589 D FrServiceClient:  DEBUG - setting matchingScore
01-30 17:38:10.673  7854  7858 D MobiFace:  DEBUG - frame 0xb44ce008 460800
01-30 17:38:10.673  7854  7858 D MobiFace:  DEBUG - frame 0x0 921654
01-30 17:38:10.683 15052 15589 D FrServiceClient:  DEBUG - frame: 0xace01000 921654
01-30 17:38:10.683 15052 15589 D FrServiceClient:  DEBUG - image 0xacd01000
01-30 17:38:10.683 15052 15589 D FrServiceClient:  DEBUG - IdemiaFrServiceImpl::StartFaceAnalysis: FrServiceClient term
01-30 17:38:10.683  7854 14954 D MobiFace:  DEBUG - term
01-30 17:38:10.703 15052 15052 I GeckoDump: Got analysisResult:0
01-30 17:38:10.703 15052 15052 I GeckoDump: Got analysisInfo:0
01-30 17:38:10.703 15052 15052 I GeckoDump: Got matchScore4980
01-30 17:38:10.713 15052 15052 I GeckoDump: Got payload is null
01-30 17:38:10.713 15052 15052 I GeckoDump: Got faceanalysisresults!640
01-30 17:38:10.713 15052 15052 I GeckoDump: Got faceanalysisresults!480
01-30 17:38:10.713 15052 15052 I GeckoDump: Got faceanalysisresults!4
01-30 17:38:10.713 15052 15052 I GeckoDump: Got faceanalysisresults![object Blob]
01-30 17:38:10.713 15052 15589 D FrServiceClient:  DEBUG - tiem taken: 5.000000
01-30 17:38:10.713 15052 15589 D FrServiceClient:  DEBUG - mobiFace_getState no capture pending
01-30 17:38:10.723 15052 15589 D FrServiceClient:  DEBUG - tiem taken: 5.000000
01-30 17:38:10.723 15052 15589 D FrServiceClient:  DEBUG - mobiFace_getState no capture pending
01-30 17:38:10.743 15052 15052 I GeckoDump: Got analysisResult:0
01-30 17:38:10.743 15052 15052 I GeckoDump: Got analysisInfo:0
01-30 17:38:10.743 15052 15052 I GeckoDump: Got matchScore0
01-30 17:38:10.743 15052 15052 I GeckoDump: Got payload is null
01-30 17:38:10.743 15052 15052 I GeckoDump: Got bestImage is null
01-30 17:38:10.743 15052 15052 I GeckoDump: Got analysisResult:0
01-30 17:38:10.743 15052 15052 I GeckoDump: Got analysisInfo:0
01-30 17:38:10.743 15052 15052 I GeckoDump: Got matchScore0
01-30 17:38:10.743 15052 15052 I GeckoDump: Got payload is null
01-30 17:38:10.743 15052 15052 I GeckoDump: Got bestImage is null
01-30 17:38:10.763   492 15571 E AEC_PORT: aec_port_save_update:real_gain:2.730469 linecnt:1672 exp_idx:286 cur_luma:1073741824 led_est:1079054657
01-30 17:38:10.763   492 15536 E mm-camera: c2d_thread_handle_process_buf_event:190 input buf index 6
01-30 17:38:10.763   492 15536 E mm-camera: c2d_thread_handle_process_buf_event:207 input vaddr b3486000
01-30 17:38:10.763 15052 15052 I MobiFace: Content JS LOG: Best Image Deleted 
01-30 17:38:10.763 15052 15052 I MobiFace:     at startFaceRecognition/</</</requestDelete.onsuccess (app://2ec57ac3-eee0-41a3-9d3f-e1b3e29e617f/js/livenesschallenge.js:192:45)
01-30 17:38:10.763 15052 15052 I GeckoDump: BestImage length = 921654
01-30 17:38:10.763 15052 15052 I GeckoDump: BestImage:
01-30 17:38:10.773 15052 15589 D FrServiceClient:  DEBUG - tiem taken: 5.000000
01-30 17:38:10.773 15052 15589 D FrServiceClient:  DEBUG - mobiFace_getState no capture pending
01-30 17:38:10.783 15052 15052 I GeckoDump: Got analysisResult:0
01-30 17:38:10.783 15052 15052 I GeckoDump: Got analysisInfo:0
01-30 17:38:10.783 15052 15052 I GeckoDump: Got matchScore0
01-30 17:38:10.783 15052 15052 I GeckoDump: Got payload is null
01-30 17:38:10.783 15052 15052 I GeckoDump: Got bestImage is null
01-30 17:38:10.833   453   453 I Gecko   : DSF (parent) mtp-watcher-update: mStorageType 'pictures' mStorageName 'sdcard' mRootDir '' mPath 'Jio/BestImage.bmp' mFile->GetPath '/data/usbmsc_mnt/Jio/BestImage.bmp'
01-30 17:38:10.833   453   453 I MozMtp  : Observe: mtp-watcher-update: file Jio/BestImage.bmp modified
01-30 17:38:10.833   453   453 I Gecko   : DSF (parent) mtp-watcher-update: mStorageType 'pictures' mStorageName 'sdcard' mRootDir '' mPath 'Jio/BestImage.bmp' mFile->GetPath '/data/usbmsc_mnt/Jio/BestImage.bmp'
01-30 17:38:10.833   453   453 I MozMtp  : Observe: mtp-watcher-update: file Jio/BestImage.bmp modified
01-30 17:38:10.833   453 15608 I MozMtp  : MtpWatcherUpdate: file /data/usbmsc_mnt/Jio/BestImage.bmp modified
01-30 17:38:10.833   453 15608 I MozMtp  : CreateEntryForFileAndNotify: About to call sendObjectAdded Handle 0x00000019 file /data/usbmsc_mnt/Jio/BestImage.bmp
01-30 17:38:10.843   453 15609 I MozMtp  : MtpWatcherUpdate: file /data/usbmsc_mnt/Jio/BestImage.bmp modified
01-30 17:38:10.843   453 13560 I MozMtp  : getObjectInfo: Handle: 0x00000019 Display:'BestImage.bmp' Object:'BestImage.bmp'
01-30 17:38:10.843   453 13560 I MozMtp  : getObjectInfo: aInfo.mDateCreated = 1580386090 entry->mDateCreated = 1580386090
01-30 17:38:10.843   453 13560 I MozMtp  : getObjectInfo: aInfo.mDateModified = 1580386090 entry->mDateModified = 1580386090
01-30 17:38:10.843   453 13560 I MozMtp  : getSupportedObjectProperties: 
01-30 17:38:10.843   453 13560 I MozMtp  : getObjectPropertyValue: Handle: 0x00000019 'BestImage.bmp' Property: MTP_PROPERTY_OBJECT_SIZE 0x0000dc04
01-30 17:38:10.843 15052 15052 I MobiFace: Content JS LOG: File/sdcard/Jio/BestImage.bmp" successfully wrote on the sdcard storage area 
01-30 17:38:10.843 15052 15052 I MobiFace:     at startFaceRecognition/</</</requestDelete.onsuccess/request.onsuccess (app://2ec57ac3-eee0-41a3-9d3f-e1b3e29e617f/js/livenesschallenge.js:203:49)
01-30 17:38:10.873   492 15536 E mm-camera: c2d_thread_handle_process_buf_event:190 input buf index 4
01-30 17:38:10.873   492 15536 E mm-camera: c2d_thread_handle_process_buf_event:207 input vaddr b3568000
01-30 17:38:10.873   492 15571 E AEC_PORT: aec_port_save_update:real_gain:2.730469 linecnt:1672 exp_idx:286 cur_luma:-536870912 led_est:1079047999
01-30 17:38:10.883 15052 15589 D FrServiceClient:  DEBUG - tiem taken: 5.000000
01-30 17:38:10.883 15052 15589 D FrServiceClient:  DEBUG - mobiFace_getState no capture pending
01-30 17:38:10.883 15052 15052 I GeckoDump: Got analysisResult:0
01-30 17:38:10.893 15052 15052 I GeckoDump: Got analysisInfo:0
01-30 17:38:10.893 15052 15052 I GeckoDump: Got matchScore0
01-30 17:38:10.893 15052 15052 I GeckoDump: Got payload is null
01-30 17:38:10.893 15052 15052 I GeckoDump: Got bestImage is null
01-30 17:38:10.983   492 15536 E mm-camera: c2d_thread_handle_process_buf_event:190 input buf index 5
01-30 17:38:10.983   492 15536 E mm-camera: c2d_thread_handle_process_buf_event:207 input vaddr b34f7000
01-30 17:38:10.983   492 15571 E AEC_PORT: aec_port_save_update:real_gain:2.730469 linecnt:1672 exp_idx:286 cur_luma:0 led_est:1079071057
01-30 17:38:10.993 15052 15589 D FrServiceClient:  DEBUG - tiem taken: 6.000000
01-30 17:38:11.003 15052 15589 D FrServiceClient:  DEBUG - mobiFace_getState no capture pending
01-30 17:38:11.003 15052 15052 I GeckoDump: Got analysisResult:0
01-30 17:38:11.003 15052 15052 I GeckoDump: Got analysisInfo:0
01-30 17:38:11.003 15052 15052 I GeckoDump: Got matchScore0
01-30 17:38:11.003 15052 15052 I GeckoDump: Got payload is null
01-30 17:38:11.003 15052 15052 I GeckoDump: Got bestImage is null
01-30 17:38:11.093   492 15536 E mm-camera: c2d_thread_handle_process_buf_event:190 input buf index 6
01-30 17:38:11.093   492 15536 E mm-camera: c2d_thread_handle_process_buf_event:207 input vaddr b3486000
01-30 17:38:11.093   492 15571 E AEC_PORT: aec_port_save_update:real_gain:2.730469 linecnt:1672 exp_idx:286 cur_luma:-1610612736 led_est:1079064970
01-30 17:38:11.103 15052 15589 D FrServiceClient:  DEBUG - tiem taken: 6.000000
01-30 17:38:11.103 15052 15589 D FrServiceClient:  DEBUG - mobiFace_getState no capture pending
01-30 17:38:11.103 15052 15052 I GeckoDump: Got analysisResult:0
01-30 17:38:11.113 15052 15052 I GeckoDump: Got analysisInfo:0
01-30 17:38:11.113 15052 15052 I GeckoDump: Got matchScore0
01-30 17:38:11.113 15052 15052 I GeckoDump: Got payload is null
01-30 17:38:11.113 15052 15052 I GeckoDump: Got bestImage is null
01-30 17:38:11.203   492 15571 E AEC_PORT: aec_port_save_update:real_gain:2.730469 linecnt:1672 exp_idx:286 cur_luma:0 led_est:1079063570
01-30 17:38:11.203   492 15536 E mm-camera: c2d_thread_handle_process_buf_event:190 input buf index 4
01-30 17:38:11.203   492 15536 E mm-camera: c2d_thread_handle_process_buf_event:207 input vaddr b3568000
01-30 17:38:11.223 15052 15589 D FrServiceClient:  DEBUG - tiem taken: 6.000000
01-30 17:38:11.223 15052 15589 D FrServiceClient:  DEBUG - mobiFace_getState no capture pending
01-30 17:38:11.223 15052 15052 I GeckoDump: Got analysisResult:0
01-30 17:38:11.223 15052 15052 I GeckoDump: Got analysisInfo:0
01-30 17:38:11.223 15052 15052 I GeckoDump: Got matchScore0
01-30 17:38:11.223 15052 15052 I GeckoDump: Got payload is null
01-30 17:38:11.223 15052 15052 I GeckoDump: Got bestImage is null
01-30 17:38:11.313   492 15532 E         : dmlroc_entry  entering dmlroc_entry
01-30 17:38:11.313   492 15536 E mm-camera: c2d_thread_handle_process_buf_event:190 input buf index 5
01-30 17:38:11.313   492 15536 E mm-camera: c2d_thread_handle_process_buf_event:207 input vaddr b34f7000
01-30 17:38:11.323 15052 15589 D FrServiceClient:  DEBUG - tiem taken: 6.000000
01-30 17:38:11.323 15052 15589 D FrServiceClient:  DEBUG - mobiFace_getState no capture pending
01-30 17:38:11.323 15052 15052 I GeckoDump: Got analysisResult:0
01-30 17:38:11.323 15052 15052 I GeckoDump: Got analysisInfo:0
01-30 17:38:11.323 15052 15052 I GeckoDump: Got matchScore0
01-30 17:38:11.323 15052 15052 I GeckoDump: Got payload is null
01-30 17:38:11.323 15052 15052 I GeckoDump: Got bestImage is null
01-30 17:38:11.423   492 15571 E AEC_PORT: aec_port_save_update:real_gain:2.730469 linecnt:1672 exp_idx:286 cur_luma:1610612736 led_est:1079064529
01-30 17:38:11.423   492 15536 E mm-camera: c2d_thread_handle_process_buf_event:190 input buf index 6
01-30 17:38:11.423   492 15536 E mm-camera: c2d_thread_handle_process_buf_event:207 input vaddr b3486000
01-30 17:38:11.443 15052 15589 D FrServiceClient:  DEBUG - tiem taken: 6.000000
01-30 17:38:11.443 15052 15589 D FrServiceClient:  DEBUG - mobiFace_getState no capture pending
01-30 17:38:11.443 15052 15052 I GeckoDump: Got analysisResult:0
01-30 17:38:11.443 15052 15052 I GeckoDump: Got analysisInfo:0
01-30 17:38:11.443 15052 15052 I GeckoDump: Got matchScore0
01-30 17:38:11.443 15052 15052 I GeckoDump: Got payload is null
01-30 17:38:11.443 15052 15052 I GeckoDump: Got bestImage is null
01-30 17:38:10.1566     1     1 I KERNEL  : [ 6636.848198] init: Starting service 'updater-daemon'...
01-30 17:38:11.533   492 15571 E AEC_PORT: aec_port_save_update:real_gain:2.730469 linecnt:1672 exp_idx:286 cur_luma:-1073741824 led_est:1079087120
01-30 17:38:11.533   492 15536 E mm-camera: c2d_thread_handle_process_buf_event:190 input buf index 4
01-30 17:38:11.533   492 15536 E mm-camera: c2d_thread_handle_process_buf_event:207 input vaddr b3568000
01-30 17:38:11.543 15052 15589 D FrServiceClient:  DEBUG - tiem taken: 6.000000
01-30 17:38:10.1600     1     1 I KERNEL  : [ 6636.882169] init: Service 'updater-daemon' (pid 15610) exited with status 127
01-30 17:38:10.1600     1     1 I KERNEL  : [ 6636.882269] init: Service 'updater-daemon' (pid 15610) killing any children in process group
01-30 17:38:11.553 15052 15589 D FrServiceClient:  DEBUG - mobiFace_getState no capture pending
01-30 17:38:11.563 15052 15052 I GeckoDump: Got analysisResult:0
01-30 17:38:11.563 15052 15052 I GeckoDump: Got analysisInfo:0
01-30 17:38:11.563 15052 15052 I GeckoDump: Got matchScore0
01-30 17:38:11.563 15052 15052 I GeckoDump: Got payload is null
01-30 17:38:11.563 15052 15052 I GeckoDump: Got bestImage is null
01-30 17:38:11.643   492 15536 E mm-camera: c2d_thread_handle_process_buf_event:190 input buf index 5
01-30 17:38:11.643   492 15536 E mm-camera: c2d_thread_handle_process_buf_event:207 input vaddr b34f7000
01-30 17:38:11.643   492 15571 E AEC_PORT: aec_port_save_update:real_gain:2.730469 linecnt:1672 exp_idx:286 cur_luma:1073741824 led_est:1079092187
01-30 17:38:11.653 15052 15589 D FrServiceClient:  DEBUG - tiem taken: 6.000000
01-30 17:38:11.653 15052 15589 D FrServiceClient:  DEBUG - mobiFace_getState no capture pending
01-30 17:38:11.653 15052 15052 I GeckoDump: Got analysisResult:0
01-30 17:38:11.663 15052 15052 I GeckoDump: Got analysisInfo:0
01-30 17:38:11.663 15052 15052 I GeckoDump: Got matchScore0
01-30 17:38:11.663 15052 15052 I GeckoDump: Got payload is null
01-30 17:38:11.663 15052 15052 I GeckoDump: Got bestImage is null
01-30 17:38:11.753   492 15536 E mm-camera: c2d_thread_handle_process_buf_event:190 input buf index 6
01-30 17:38:11.753   492 15536 E mm-camera: c2d_thread_handle_process_buf_event:207 input vaddr b3486000
01-30 17:38:11.753   492 15571 E AEC_PORT: aec_port_save_update:real_gain:2.730469 linecnt:1672 exp_idx:286 cur_luma:0 led_est:1079069779
01-30 17:38:11.763 15052 15589 D FrServiceClient:  DEBUG - tiem taken: 6.000000
01-30 17:38:11.763 15052 15589 D FrServiceClient:  DEBUG - mobiFace_getState no capture pending
01-30 17:38:11.773 15052 15052 I GeckoDump: Got analysisResult:0
01-30 17:38:11.773 15052 15052 I GeckoDump: Got analysisInfo:0
01-30 17:38:11.773 15052 15052 I GeckoDump: Got matchScore0
01-30 17:38:11.773 15052 15052 I GeckoDump: Got payload is null
01-30 17:38:11.773 15052 15052 I GeckoDump: Got bestImage is null
01-30 17:38:11.833  5463  5463 D wpa_supplicant: wlan0: Control interface command 'SIGNAL_POLL'
01-30 17:38:11.863 15052 15052 I WakeLock: Release cpu wakelock
01-30 17:38:11.863 15052 15052 I WakeLock: Release screen wakelock
01-30 17:38:11.863   492 15571 E AEC_PORT: aec_port_save_update:real_gain:2.730469 linecnt:1672 exp_idx:286 cur_luma:-2147483648 led_est:1079054734
01-30 17:38:11.863   492 15536 E mm-camera: c2d_thread_handle_process_buf_event:190 input buf index 4
01-30 17:38:11.863   492 15536 E mm-camera: c2d_thread_handle_process_buf_event:207 input vaddr b3568000
01-30 17:38:11.873  5463  5463 D wpa_supplicant: CTRL-DEBUG: global_ctrl_sock-sendto: sock=11 sndbuf=163840 outq=0 send_len=48
01-30 17:38:11.873   408 15526 D QCamera2HWI: int qcamera::QCamera2HardwareInterface::disableMsgType(int32_t) (0x10) : mMsgEnabled = 0xc0d
01-30 17:38:11.873   408  1560 D QCamera2HWI: [KPI Perf] static void qcamera::QCamera2HardwareInterface::stop_preview(camera_device*): E PROFILE_STOP_PREVIEW
01-30 17:38:11.873   408 15526 D QCamera2HWI: int qcamera::QCamera2HardwareInterface::stopPreview(): E
01-30 17:38:11.883 15052 15589 D FrServiceClient:  DEBUG - tiem taken: 6.000000
01-30 17:38:11.893   492 15543 D mm-camera: mct_pipeline_process_set:command=8000009
01-30 17:38:11.893   492 15543 D mm-camera: mct_pipeline_process_set: stream_type = 1
01-30 17:38:11.893   492 15543 E mm-camera: port_isp_mct_ctrl_cmd: E, identity = 0x20002, STREAMOFF
01-30 17:38:11.893   492 15543 D mm-camera: gyro_port_enable_disable_sensor_request: Deinit all sensors
01-30 17:38:11.893   492 15543 E mm-camera: is_port_handle_stream_event: MCT_EVENT_CONTROL_STREAMOFF, identity = 0x20002
01-30 17:38:11.893   492 15543 D mm-camera: c2d_module_handle_streamoff_event:1809, info: stream-off done for identity 0x20002
01-30 17:38:11.893   492 15543 E mm-camera: isp_streamoff: E, session_id = 2, stream_id = 2, active_count = 1
01-30 17:38:11.893   492 15533 E mm-camera: isp_proc_streamoff: E,session_id = 2, stream_id= 2, stream_type= 1 meta 0
01-30 17:38:11.893   492 15571 E mm-camera-CORE: aec_set_fd_roi: invalid CPP width and height (0, 0)!
01-30 17:38:11.893   492 15533 D mm-camera: isp_hw_action: last pix stop, pix_cnt = 1, cnt = 1
01-30 17:38:11.893   492 15566 E mm-camera: isp_thread_proc_cmd: start/stop, thread_data = 0xb3a26804, action_code = 2
01-30 17:38:11.893   492 15566 E mm-camera: isp_axi_util_subscribe_v4l2_event: event_type = 0x8000100, is_subscribe = 0
01-30 17:38:11.893   492 15533 E mm-camera: isp_ch_util_streamoff: session_id = 2, vfe_mask = 0x1, async streamoff, rc = 0
01-30 17:38:11.893   492 15533 D mm-camera: isp_hw_action: hw_thread for ack
