--------- beginning of system
01-11 10:40:01.999   225   225 I vold    : Vold 3.0 (the awakening) firing up
01-11 10:40:02.009   225   225 V vold    : Detected support for: ext4 vfat
01-11 10:40:04.519   418   418 I irsc_util: Starting irsc tool
01-11 10:40:04.589   418   418 I irsc_util: Num of entries:284
01-11 10:40:04.639   418   418 I irsc_util: Ending irsc tool
01-11 10:40:13.519   225   235 V vold    : Waiting for FUSE to spin up...
01-11 10:40:13.569   225   235 V vold    : Waiting for FUSE to spin up...
01-11 10:40:13.619   225   235 V vold    : Waiting for FUSE to spin up...
01-11 10:40:13.669   225   235 D vold    : Linking /storage/emulated/0 to /mnt/user/0/primary
01-11 10:40:15.399   453   453 I Gecko   : ============ KaiOS device information ============
01-11 10:40:15.399   453   453 I Gecko   : Build UID         = 
01-11 10:40:15.399   453   453 I Gecko   : Build Description = msm8909_512-userdebug 6.0.1 MMB29M eng.mars.20191213.155739 dev-keys
01-11 10:40:15.399   453   453 I Gecko   : Bootloader        = unknown
01-11 10:40:15.399   453   453 I Gecko   : OS Version        = KaiOS 2.5
01-11 10:40:15.399   453   453 I Gecko   : ==================================================
01-30 15:48:34.867  2080  5008 E NetlinkEvent: Unknown ifindex 24 in RTM_DELADDR
01-30 17:32:12.473  2080  5008 E NetlinkEvent: Unknown ifindex 25 in RTM_DELADDR
--------- beginning of main
01-30 17:40:43.463 15728 15728 I GeckoDump: Got analysisInfo:0
01-30 17:40:43.463 15728 15728 I GeckoDump: Got matchScore0
01-30 17:40:43.463 15728 15728 I GeckoDump: Got faceanalysisresults payload ![object Blob]
01-30 17:40:43.463 15728 15728 I GeckoDump: Got bestImage is null
01-30 17:40:43.463 15728 15728 I MobiFace: Content JS LOG:  contact.challengeInfo  ============{"challengeInfo":{"availableCurrentPosition":true,"current_x":205,"current_y":216,"stability":100,"availableTargetPosition":true,"currentTarget":1,"numTargets":2,"targets":[{"target_x":156,"target_y":91,"target_radius":45},{"target_x":191,"target_y":208,"target_radius":45},{"target_x":0,"target_y":0,"target_radius":0}]}} 
01-30 17:40:43.463 15728 15728 I MobiFace:     at startFaceRecognition/</</reader.onload (app://2ec57ac3-eee0-41a3-9d3f-e1b3e29e617f/js/livenesschallenge.js:163:29)
01-30 17:40:43.473 15728 16470 D FrServiceClient:  DEBUG - tiem taken: 25.000000
01-30 17:40:43.473 16188 16484 D MobiFace:  DEBUG - frameParams: 6 640 480 720 270
01-30 17:40:43.473 15728 16470 D FrServiceClient:  DEBUG - mobiFace_pushFrame frame 0xac772000 460800
01-30 17:40:43.473 15728 16470 D FrServiceClient:  DEBUG - IdemiaFrServiceImpl::StartFaceAnalysis: FrServiceClient 460800
01-30 17:40:43.513 16188 16471 D MobiFace:  DEBUG - pushImage2: 0xb7754998 0xb7af9748 0xb0e2f008 460800 1 -1214425856 0x58a73882
01-30 17:40:43.563   492 16384 E         : dmlroc_entry  entering dmlroc_entry
01-30 17:40:43.563   492 16386 E mm-camera: c2d_thread_handle_process_buf_event:190 input buf index 6
01-30 17:40:43.563   492 16386 E mm-camera: c2d_thread_handle_process_buf_event:207 input vaddr b3428000
01-30 17:40:43.653 16188 16471 D MobiFace:  DEBUG - [event] trackingInfo_cb
01-30 17:40:43.673   492 16441 E AEC_PORT: aec_port_save_update:real_gain:2.152344 linecnt:1672 exp_idx:278 cur_luma:1610612736 led_est:1079094351
01-30 17:40:43.673   492 16386 E mm-camera: c2d_thread_handle_process_buf_event:190 input buf index 4
01-30 17:40:43.673   492 16386 E mm-camera: c2d_thread_handle_process_buf_event:207 input vaddr b350a000
01-30 17:40:43.723 16188 16467 D MobiFace:  DEBUG - [event] challenge2DInfo_cb
01-30 17:40:43.723 16188 16471 D MobiFace:  DEBUG - [event] freeImage_cb
01-30 17:40:43.723 16188 16471 D MobiFace:  DEBUG - pushImage2: 0
01-30 17:40:43.733 16188 16188 D MobiFace:  DEBUG - getPositionInfo
01-30 17:40:43.733 16188 16197 D MobiFace:  DEBUG - getChallenge
01-30 17:40:43.733 16188 16484 D MobiFace:  DEBUG - getChallengeInfo
01-30 17:40:43.733 15728 16470 D FrServiceClient:  DEBUG - challenge2DInfo 208 213 - 156 91 - 191 208
01-30 17:40:43.733 15728 15728 I GeckoDump: Got analysisResult:0
01-30 17:40:43.733 15728 15728 I GeckoDump: Got analysisInfo:0
01-30 17:40:43.733 15728 15728 I GeckoDump: Got matchScore0
01-30 17:40:43.733 15728 15728 I GeckoDump: Got faceanalysisresults payload ![object Blob]
01-30 17:40:43.733 15728 15728 I GeckoDump: Got bestImage is null
01-30 17:40:43.743 15728 15728 I MobiFace: Content JS LOG:  contact.challengeInfo  ============{"challengeInfo":{"availableCurrentPosition":true,"current_x":208,"current_y":213,"stability":100,"availableTargetPosition":true,"currentTarget":1,"numTargets":2,"targets":[{"target_x":156,"target_y":91,"target_radius":45},{"target_x":191,"target_y":208,"target_radius":45},{"target_x":0,"target_y":0,"target_radius":0}]}} 
01-30 17:40:43.743 15728 15728 I MobiFace:     at startFaceRecognition/</</reader.onload (app://2ec57ac3-eee0-41a3-9d3f-e1b3e29e617f/js/livenesschallenge.js:163:29)
01-30 17:40:43.743 15728 16470 D FrServiceClient:  DEBUG - tiem taken: 25.000000
01-30 17:40:43.743 16188 16484 D MobiFace:  DEBUG - frameParams: 6 640 480 720 270
01-30 17:40:43.743 15728 16470 D FrServiceClient:  DEBUG - mobiFace_pushFrame frame 0xac701000 460800
01-30 17:40:43.743 15728 16470 D FrServiceClient:  DEBUG - IdemiaFrServiceImpl::StartFaceAnalysis: FrServiceClient 460800
01-30 17:40:43.763 16188 16188 D MobiFace:  DEBUG - pushImage2: 0xb7754998 0xb7af9748 0xb0e2f008 460800 1 -1217058672 0x58ab078b
01-30 17:40:43.793   492 16441 E AEC_PORT: aec_port_save_update:real_gain:2.152344 linecnt:1672 exp_idx:278 cur_luma:-2147483648 led_est:1079081039
01-30 17:40:43.793   492 16386 E mm-camera: c2d_thread_handle_process_buf_event:190 input buf index 5
01-30 17:40:43.793   492 16386 E mm-camera: c2d_thread_handle_process_buf_event:207 input vaddr b3499000
01-30 17:40:43.853 16188 16188 D MobiFace:  DEBUG - [event] trackingInfo_cb
01-30 17:40:43.853 16188 16467 D MobiFace:  DEBUG - [event] challenge2DInfo_cb
01-30 17:40:43.853 16188 16188 D MobiFace:  DEBUG - [event] freeImage_cb
01-30 17:40:43.853 16188 16188 D MobiFace:  DEBUG - pushImage2: 0
01-30 17:40:43.853 16188 16471 D MobiFace:  DEBUG - getPositionInfo
01-30 17:40:43.853 16188 16197 D MobiFace:  DEBUG - getChallenge
01-30 17:40:43.853 16188 16484 D MobiFace:  DEBUG - getChallengeInfo
01-30 17:40:43.853 15728 16470 D FrServiceClient:  DEBUG - challenge2DInfo 208 213 - 156 91 - 191 208
01-30 17:40:43.853 15728 15728 I GeckoDump: Got analysisResult:0
01-30 17:40:43.853 15728 15728 I GeckoDump: Got analysisInfo:0
01-30 17:40:43.853 15728 15728 I GeckoDump: Got matchScore0
01-30 17:40:43.853 15728 15728 I GeckoDump: Got faceanalysisresults payload ![object Blob]
01-30 17:40:43.853 15728 15728 I GeckoDump: Got bestImage is null
01-30 17:40:43.863 15728 15728 I MobiFace: Content JS LOG:  contact.challengeInfo  ============{"challengeInfo":{"availableCurrentPosition":true,"current_x":208,"current_y":213,"stability":100,"availableTargetPosition":true,"currentTarget":1,"numTargets":2,"targets":[{"target_x":156,"target_y":91,"target_radius":45},{"target_x":191,"target_y":208,"target_radius":45},{"target_x":0,"target_y":0,"target_radius":0}]}} 
01-30 17:40:43.863 15728 15728 I MobiFace:     at startFaceRecognition/</</reader.onload (app://2ec57ac3-eee0-41a3-9d3f-e1b3e29e617f/js/livenesschallenge.js:163:29)
01-30 17:40:43.873 15728 16470 D FrServiceClient:  DEBUG - tiem taken: 25.000000
01-30 17:40:43.873 16188 16197 D MobiFace:  DEBUG - frameParams: 6 640 480 720 270
01-30 17:40:43.873 15728 16470 D FrServiceClient:  DEBUG - mobiFace_pushFrame frame 0xa9201000 460800
01-30 17:40:43.873 15728 16470 D FrServiceClient:  DEBUG - IdemiaFrServiceImpl::StartFaceAnalysis: FrServiceClient 460800
01-30 17:40:43.893   492 16386 E mm-camera: c2d_thread_handle_process_buf_event:190 input buf index 6
01-30 17:40:43.893   492 16386 E mm-camera: c2d_thread_handle_process_buf_event:207 input vaddr b3428000
01-30 17:40:43.893   492 16441 E AEC_PORT: aec_port_save_update:real_gain:2.152344 linecnt:1672 exp_idx:278 cur_luma:536870912 led_est:1079082244
01-30 17:40:43.913 16188 16484 D MobiFace:  DEBUG - pushImage2: 0xb7754998 0xb7af9748 0xb0561008 460800 1 -1214000880 0x58ad4c27
01-30 17:40:43.993 16188 16484 D MobiFace:  DEBUG - [event] trackingInfo_cb
01-30 17:40:43.993 16188 16467 D MobiFace:  DEBUG - [event] challenge2DInfo_cb
01-30 17:40:44.003 16188 16484 D MobiFace:  DEBUG - [event] freeImage_cb
01-30 17:40:44.003 16188 16484 D MobiFace:  DEBUG - pushImage2: 0
01-30 17:40:44.003 16188 16188 D MobiFace:  DEBUG - getPositionInfo
01-30 17:40:44.003 16188 16471 D MobiFace:  DEBUG - getChallenge
01-30 17:40:44.003 16188 16197 D MobiFace:  DEBUG - getChallengeInfo
01-30 17:40:44.003   492 16386 E mm-camera: c2d_thread_handle_process_buf_event:190 input buf index 4
01-30 17:40:44.003   492 16386 E mm-camera: c2d_thread_handle_process_buf_event:207 input vaddr b350a000
01-30 17:40:44.003   492 16441 E AEC_PORT: aec_port_save_update:real_gain:2.152344 linecnt:1672 exp_idx:278 cur_luma:1073741824 led_est:1079085245
01-30 17:40:44.003 15728 16470 D FrServiceClient:  DEBUG - challenge2DInfo 208 213 - 156 91 - 191 208
01-30 17:40:44.013 15728 15728 I GeckoDump: Got analysisResult:0
01-30 17:40:44.013 15728 15728 I GeckoDump: Got analysisInfo:0
01-30 17:40:44.013 15728 15728 I GeckoDump: Got matchScore0
01-30 17:40:44.013 15728 15728 I GeckoDump: Got faceanalysisresults payload ![object Blob]
01-30 17:40:44.013 15728 15728 I GeckoDump: Got bestImage is null
01-30 17:40:44.023 15728 15728 I MobiFace: Content JS LOG:  contact.challengeInfo  ============{"challengeInfo":{"availableCurrentPosition":true,"current_x":208,"current_y":213,"stability":100,"availableTargetPosition":true,"currentTarget":1,"numTargets":2,"targets":[{"target_x":156,"target_y":91,"target_radius":45},{"target_x":191,"target_y":208,"target_radius":45},{"target_x":0,"target_y":0,"target_radius":0}]}} 
01-30 17:40:44.023 15728 15728 I MobiFace:     at startFaceRecognition/</</reader.onload (app://2ec57ac3-eee0-41a3-9d3f-e1b3e29e617f/js/livenesschallenge.js:163:29)
01-30 17:40:44.023   425   558 D ThermalEngine: sensor_wait: case_therm Wait done.
01-30 17:40:44.023   425   558 D ThermalEngine: sensor_monitor: case_therm Reading 35000 .
01-30 17:40:44.023   425   558 I ThermalEngine: Sensor:case_therm:35000 mC
01-30 17:40:44.023   425   558 D ThermalEngine: update_active_thresh: case_therm Active(1), Hi(1) 40000, Lo(0) -2147483648, Interval(1) 5000
01-30 17:40:44.023   425   558 D ThermalEngine: sensor_monitor: case_therm Sensor wait.
01-30 17:40:44.023   425   558 D ThermalEngine: sensor_wait: case_therm Wait start. 5000ms
01-30 17:40:44.023 15728 16470 D FrServiceClient:  DEBUG - tiem taken: 26.000000
01-30 17:40:44.033 16188 16197 D MobiFace:  DEBUG - frameParams: 6 640 480 720 270
01-30 17:40:44.033 15728 16470 D FrServiceClient:  DEBUG - mobiFace_pushFrame frame 0xac772000 460800
01-30 17:40:44.033 15728 16470 D FrServiceClient:  DEBUG - IdemiaFrServiceImpl::StartFaceAnalysis: FrServiceClient 460800
01-30 17:40:44.053 16188 16188 D MobiFace:  DEBUG - pushImage2: 0xb7754998 0xb7af9748 0xb0e2f008 460800 1 -1217058672 0x58af5b30
01-30 17:40:44.113   492 16386 E mm-camera: c2d_thread_handle_process_buf_event:190 input buf index 5
01-30 17:40:44.113   492 16386 E mm-camera: c2d_thread_handle_process_buf_event:207 input vaddr b3499000
01-30 17:40:44.113   492 16441 E AEC_PORT: aec_port_save_update:real_gain:2.152344 linecnt:1672 exp_idx:278 cur_luma:-2147483648 led_est:1079087871
01-30 17:40:44.213 16188 16465 D MobiFace:  DEBUG - [event] freeImage_cb
01-30 17:40:44.223 16188 16465 D MobiFace:  DEBUG - [event] freeImage_cb
01-30 17:40:44.223 16188 16465 D MobiFace:  DEBUG - [event] freeImage_cb
01-30 17:40:44.223 16188 16465 D MobiFace:  DEBUG - [event] freeImage_cb
01-30 17:40:44.223 16188 16465 D MobiFace:  DEBUG - [event] freeImage_cb
01-30 17:40:44.223   492 16386 E mm-camera: c2d_thread_handle_process_buf_event:190 input buf index 6
01-30 17:40:44.223   492 16386 E mm-camera: c2d_thread_handle_process_buf_event:207 input vaddr b3428000
01-30 17:40:44.223   492 16441 E AEC_PORT: aec_port_save_update:real_gain:2.152344 linecnt:1672 exp_idx:278 cur_luma:-2147483648 led_est:1079090432
01-30 17:40:44.223 16188 16465 D MobiFace:  DEBUG - [event] freeImage_cb
01-30 17:40:44.233 16188 16465 D MobiFace:  DEBUG - [event] freeImage_cb
01-30 17:40:44.233 16188 16465 D MobiFace:  DEBUG - [event] freeImage_cb
01-30 17:40:44.233 16188 16465 D MobiFace:  DEBUG - [event] freeImage_cb
01-30 17:40:44.243 16188 16465 D MobiFace:  DEBUG - [event] freeImage_cb
01-30 17:40:44.253 16188 16188 D MobiFace:  DEBUG - [event] trackingInfo_cb
01-30 17:40:44.253 16188 16467 D MobiFace:  DEBUG - [event] challenge2DInfo_cb
01-30 17:40:44.253 16188 16188 D MobiFace:  DEBUG - pushImage2: 0
01-30 17:40:44.253 16188 16465 D MobiFace:  DEBUG - [event] freeImage_cb
01-30 17:40:44.253 16188 16484 D MobiFace:  DEBUG - getPositionInfo
01-30 17:40:44.253 16188 16471 D MobiFace:  DEBUG - getChallenge
01-30 17:40:44.253 16188 16197 D MobiFace:  DEBUG - getChallengeInfo
01-30 17:40:44.253 15728 16470 D FrServiceClient:  DEBUG - challenge2DInfo 208 213 - 156 91 - 191 208
01-30 17:40:44.253 15728 15728 I GeckoDump: Got analysisResult:0
01-30 17:40:44.253 15728 15728 I GeckoDump: Got analysisInfo:0
01-30 17:40:44.253 15728 15728 I GeckoDump: Got matchScore0
01-30 17:40:44.253 15728 15728 I GeckoDump: Got faceanalysisresults payload ![object Blob]
01-30 17:40:44.263 15728 15728 I GeckoDump: Got bestImage is null
01-30 17:40:44.263 15728 15728 I MobiFace: Content JS LOG:  contact.challengeInfo  ============{"challengeInfo":{"availableCurrentPosition":true,"current_x":208,"current_y":213,"stability":100,"availableTargetPosition":true,"currentTarget":1,"numTargets":2,"targets":[{"target_x":156,"target_y":91,"target_radius":45},{"target_x":191,"target_y":208,"target_radius":45},{"target_x":0,"target_y":0,"target_radius":0}]}} 
01-30 17:40:44.263 15728 15728 I MobiFace:     at startFaceRecognition/</</reader.onload (app://2ec57ac3-eee0-41a3-9d3f-e1b3e29e617f/js/livenesschallenge.js:163:29)
01-30 17:40:44.263 15728 16470 D FrServiceClient:  DEBUG - tiem taken: 26.000000
01-30 17:40:44.263 16188 16471 D MobiFace:  DEBUG - frameParams: 6 640 480 720 270
01-30 17:40:44.273 15728 16470 D FrServiceClient:  DEBUG - mobiFace_pushFrame frame 0xac701000 460800
01-30 17:40:44.273 15728 16470 D FrServiceClient:  DEBUG - IdemiaFrServiceImpl::StartFaceAnalysis: FrServiceClient 460800
01-30 17:40:44.283 16188 16197 D MobiFace:  DEBUG - pushImage2: 0xb7754998 0xb7a38ab8 0xb18b3008 460800 1 -1217057632 0x58b2eeb1
01-30 17:40:44.333   492 16386 E mm-camera: c2d_thread_handle_process_buf_event:190 input buf index 4
01-30 17:40:44.333   492 16386 E mm-camera: c2d_thread_handle_process_buf_event:207 input vaddr b350a000
01-30 17:40:44.333   492 16441 E AEC_PORT: aec_port_save_update:real_gain:2.152344 linecnt:1672 exp_idx:278 cur_luma:1610612736 led_est:1079085953
01-30 17:40:44.383 16188 16197 D MobiFace:  DEBUG - [event] challengeResult_cb
01-30 17:40:44.383 16188 16197 D MobiFace:  DEBUG - [event] bestImage_cb
01-30 17:40:44.393 16188 16197 D MobiFace:  DEBUG - [event] freeImage_cb
01-30 17:40:44.393 16188 16197 D MobiFace:  DEBUG - pushImage2: 0
01-30 17:40:44.393 16188 16188 D MobiFace:  DEBUG - getPositionInfo
01-30 17:40:44.393 16188 16484 D MobiFace:  DEBUG - getChallenge
01-30 17:40:44.393 16188 16471 D MobiFace:  DEBUG - getChallengeInfo
01-30 17:40:44.393 16188 16188 D MobiFace:  DEBUG - getChallengeResponse
01-30 17:40:44.393 15728 16470 D FrServiceClient:  DEBUG - challengeResponse MOBIFACE_CHALLENGERESPONSE_SUCCESS
01-30 17:40:44.393 16188 16484 D MobiFace:  DEBUG - getMatchingScore
01-30 17:40:44.413 16188 16484 D MobiFace:  DEBUG - isValid: Start validating license
01-30 17:40:44.413 16188 16484 D MobiFace:  DEBUG - inside devenv
01-30 17:40:44.413 16188 16484 D MobiFace:  DEBUG - MLT_MorphoLite_Create : 0
01-30 17:40:44.443   492 16386 E mm-camera: c2d_thread_handle_process_buf_event:190 input buf index 5
01-30 17:40:44.443   492 16386 E mm-camera: c2d_thread_handle_process_buf_event:207 input vaddr b3499000
01-30 17:40:44.443   492 16441 E AEC_PORT: aec_port_save_update:real_gain:2.152344 linecnt:1672 exp_idx:278 cur_luma:536870912 led_est:1079082874
01-30 17:40:44.483   726   726 D VM_BMS  : wake_lock acquired
01-30 17:40:44.483   726   726 D VM_BMS  : New BMS data - Size=56
01-30 17:40:44.483   726   726 D VM_BMS  : Start process_bms_data
01-30 17:40:44.483   726   726 D VM_BMS  : For batt_temp=314 fcc_mah=2075
01-30 17:40:44.483   726   726 D VM_BMS  : For ocv=4144759 batt_temp=314 soc=98
01-30 17:40:44.483   726   726 D VM_BMS  : fifo_count=5 acc_count=0
01-30 17:40:44.483   726   726 D VM_BMS  : INIT: ocv=4144759 last_ocv=4144759 batt_temp=314 soc=98
01-30 17:40:44.483   726   726 D VM_BMS  : For soc=98 batt_temp=314 slope=15400
01-30 17:40:44.483   726   726 D VM_BMS  : For soc=98 batt_temp=314 rbatt_sf=95
01-30 17:40:44.483   726   726 D VM_BMS  : rbatt_mohm_default=138, rbatt_mohm=131, sf=95 batt_temp=314
01-30 17:40:44.483   726   726 D VM_BMS  : For ocv=4145255 batt_temp=314 soc=98
01-30 17:40:44.483   726   726 D VM_BMS  : FIFO=0 fifo_avg=4.193668 rbatt=0.181000 slope=1.540000 ibatt=-0.268842 ocv=4.145256 soc=98 fcc_ah=2.075000 sample_count=128 sample_interval=70 seq_num=140
01-30 17:40:44.483   726   726 D VM_BMS  : For soc=98 batt_temp=314 slope=15400
01-30 17:40:44.483   726   726 D VM_BMS  : For soc=98 batt_temp=314 rbatt_sf=95
01-30 17:40:44.483   726   726 D VM_BMS  : rbatt_mohm_default=138, rbatt_mohm=131, sf=95 batt_temp=314
01-30 17:40:44.483   726   726 D VM_BMS  : For ocv=4145722 batt_temp=314 soc=98
01-30 17:40:44.483   726   726 D VM_BMS  : FIFO=1 fifo_avg=4.191315 rbatt=0.181000 slope=1.540000 ibatt=-0.253184 ocv=4.145723 soc=98 fcc_ah=2.075000 sample_count=128 sample_interval=70 seq_num=140
01-30 17:40:44.483   726   726 D VM_BMS  : For soc=98 batt_temp=314 slope=15400
01-30 17:40:44.483   726   726 D VM_BMS  : For soc=98 batt_temp=314 rbatt_sf=95
01-30 17:40:44.483   726   726 D VM_BMS  : rbatt_mohm_default=138, rbatt_mohm=131, sf=95 batt_temp=314
01-30 17:40:44.483   726   726 D VM_BMS  : For ocv=4146002 batt_temp=314 soc=98
01-30 17:40:44.483   726   726 D VM_BMS  : FIFO=2 fifo_avg=4.173346 rbatt=0.181000 slope=1.540000 ibatt=-0.151845 ocv=4.146002 soc=98 fcc_ah=2.075000 sample_count=128 sample_interval=70 seq_num=140
01-30 17:40:44.483   726   726 D VM_BMS  : For soc=98 batt_temp=314 slope=15400
01-30 17:40:44.483   726   726 D VM_BMS  : For soc=98 batt_temp=314 rbatt_sf=95
01-30 17:40:44.483   726   726 D VM_BMS  : rbatt_mohm_default=138, rbatt_mohm=131, sf=95 batt_temp=314
01-30 17:40:44.483   726   726 D VM_BMS  : For ocv=4146255 batt_temp=314 soc=98
01-30 17:40:44.483   726   726 D VM_BMS  : FIFO=3 fifo_avg=4.171005 rbatt=0.181000 slope=1.540000 ibatt=-0.137437 ocv=4.146255 soc=98 fcc_ah=2.075000 sample_count=128 sample_interval=70 seq_num=140
01-30 17:40:44.483   726   726 D VM_BMS  : For soc=98 batt_temp=314 slope=15400
01-30 17:40:44.483   726   726 D VM_BMS  : For soc=98 batt_temp=314 rbatt_sf=95
01-30 17:40:44.483   726   726 D VM_BMS  : rbatt_mohm_default=138, rbatt_mohm=131, sf=95 batt_temp=314
01-30 17:40:44.483   726   726 D VM_BMS  : For ocv=4146449 batt_temp=314 soc=98
01-30 17:40:44.483   726   726 D VM_BMS  : FIFO=4 fifo_avg=4.165409 rbatt=0.181000 slope=1.540000 ibatt=-0.105286 ocv=4.146450 soc=98 fcc_ah=2.075000 sample_count=128 sample_interval=70 seq_num=140
01-30 17:40:44.483   726   726 I VM_BMS  : power_supply_update: ocv_uv=4146449 ibatt=-105286 soc=98 seq_num=140
01-30 17:40:44.483   726   726 D VM_BMS  : End process_bms_data
01-30 17:40:44.483   726   726 D VM_BMS  : wake_lock released
01-30 17:40:44.553   492 16386 E mm-camera: c2d_thread_handle_process_buf_event:190 input buf index 6
01-30 17:40:44.553   492 16386 E mm-camera: c2d_thread_handle_process_buf_event:207 input vaddr b3428000
01-30 17:40:44.553   492 16441 E AEC_PORT: aec_port_save_update:real_gain:2.152344 linecnt:1672 exp_idx:278 cur_luma:-536870912 led_est:1079070206
01-30 17:40:44.663   492 16384 E         : dmlroc_entry  entering dmlroc_entry
01-30 17:40:44.663   492 16386 E mm-camera: c2d_thread_handle_process_buf_event:190 input buf index 4
01-30 17:40:44.663   492 16386 E mm-camera: c2d_thread_handle_process_buf_event:207 input vaddr b350a000
01-30 17:40:44.773   492 16441 E AEC_PORT: aec_port_save_update:real_gain:2.152344 linecnt:1672 exp_idx:278 cur_luma:1610612736 led_est:1079052623
01-30 17:40:44.773   492 16386 E mm-camera: c2d_thread_handle_process_buf_event:190 input buf index 5
01-30 17:40:44.773   492 16386 E mm-camera: c2d_thread_handle_process_buf_event:207 input vaddr b3499000
01-30 17:40:44.883   492 16441 E AEC_PORT: aec_port_save_update:real_gain:2.152344 linecnt:1672 exp_idx:278 cur_luma:-536870912 led_est:1079068471
01-30 17:40:44.883   492 16386 E mm-camera: c2d_thread_handle_process_buf_event:190 input buf index 6
01-30 17:40:44.883   492 16386 E mm-camera: c2d_thread_handle_process_buf_event:207 input vaddr b3428000
01-30 17:40:44.993   492 16441 E AEC_PORT: aec_port_save_update:real_gain:2.152344 linecnt:1672 exp_idx:278 cur_luma:-1073741824 led_est:1079076514
01-30 17:40:44.993   492 16386 E mm-camera: c2d_thread_handle_process_buf_event:190 input buf index 4
01-30 17:40:44.993   492 16386 E mm-camera: c2d_thread_handle_process_buf_event:207 input vaddr b350a000
01-30 17:40:45.103   492 16386 E mm-camera: c2d_thread_handle_process_buf_event:190 input buf index 5
01-30 17:40:45.103   492 16386 E mm-camera: c2d_thread_handle_process_buf_event:207 input vaddr b3499000
01-30 17:40:45.103   492 16441 E AEC_PORT: aec_port_save_update:real_gain:2.152344 linecnt:1672 exp_idx:278 cur_luma:-1610612736 led_est:1079082493
01-30 17:40:45.213   492 16386 E mm-camera: c2d_thread_handle_process_buf_event:190 input buf index 6
01-30 17:40:45.213   492 16386 E mm-camera: c2d_thread_handle_process_buf_event:207 input vaddr b3428000
01-30 17:40:45.213   492 16441 E AEC_PORT: aec_port_save_update:real_gain:2.152344 linecnt:1672 exp_idx:278 cur_luma:1073741824 led_est:1079066759
01-30 17:40:45.323   492 16386 E mm-camera: c2d_thread_handle_process_buf_event:190 input buf index 4
01-30 17:40:45.323   492 16386 E mm-camera: c2d_thread_handle_process_buf_event:207 input vaddr b350a000
01-30 17:40:45.323   492 16441 E AEC_PORT: aec_port_save_update:real_gain:2.152344 linecnt:1672 exp_idx:278 cur_luma:-2147483648 led_est:1079054593
01-30 17:40:45.403  5463  5463 D wpa_supplicant: wlan0: Control interface command 'SIGNAL_POLL'
01-30 17:40:45.423  5463  5463 D wpa_supplicant: CTRL-DEBUG: global_ctrl_sock-sendto: sock=11 sndbuf=163840 outq=0 send_len=48
01-30 17:40:45.433   492 16441 E AEC_PORT: aec_port_save_update:real_gain:2.152344 linecnt:1672 exp_idx:278 cur_luma:-2147483648 led_est:1079058433
01-30 17:40:45.433   492 16386 E mm-camera: c2d_thread_handle_process_buf_event:190 input buf index 5
01-30 17:40:45.433   492 16386 E mm-camera: c2d_thread_handle_process_buf_event:207 input vaddr b3499000
01-30 17:40:45.523  2227  2227 E sdcard  : missing packages.list; retrying
01-30 17:40:45.543   492 16441 E AEC_PORT: aec_port_save_update:real_gain:2.152344 linecnt:1672 exp_idx:278 cur_luma:-1073741824 led_est:1079060518
01-30 17:40:45.543   492 16386 E mm-camera: c2d_thread_handle_process_buf_event:190 input buf index 6
01-30 17:40:45.543   492 16386 E mm-camera: c2d_thread_handle_process_buf_event:207 input vaddr b3428000
01-30 17:40:45.653   492 16386 E mm-camera: c2d_thread_handle_process_buf_event:190 input buf index 4
01-30 17:40:45.653   492 16386 E mm-camera: c2d_thread_handle_process_buf_event:207 input vaddr b350a000
01-30 17:40:45.653   492 16441 E AEC_PORT: aec_port_save_update:real_gain:2.152344 linecnt:1672 exp_idx:278 cur_luma:536870912 led_est:1079060033
01-30 17:40:45.763   492 16384 E         : dmlroc_entry  entering dmlroc_entry
01-30 17:40:45.763   492 16386 E mm-camera: c2d_thread_handle_process_buf_event:190 input buf index 5
01-30 17:40:45.763   492 16386 E mm-camera: c2d_thread_handle_process_buf_event:207 input vaddr b3499000
01-30 17:40:45.802     1     1 I KERNEL  : [ 6791.084097] init: Starting service 'updater-daemon'...
01-30 17:40:45.827     1     1 I KERNEL  : [ 6791.109440] init: Service 'updater-daemon' (pid 16544) exited with status 127
01-30 17:40:45.827     1     1 I KERNEL  : [ 6791.109512] init: Service 'updater-daemon' (pid 16544) killing any children in process group
01-30 17:40:45.873   492 16441 E AEC_PORT: aec_port_save_update:real_gain:2.152344 linecnt:1672 exp_idx:278 cur_luma:1610612736 led_est:1079057134
01-30 17:40:45.873   492 16386 E mm-camera: c2d_thread_handle_process_buf_event:190 input buf index 6
01-30 17:40:45.873   492 16386 E mm-camera: c2d_thread_handle_process_buf_event:207 input vaddr b3428000
01-30 17:40:45.983   492 16441 E AEC_PORT: aec_port_save_update:real_gain:2.152344 linecnt:1672 exp_idx:278 cur_luma:0 led_est:1079057658
01-30 17:40:45.983   492 16386 E mm-camera: c2d_thread_handle_process_buf_event:190 input buf index 4
01-30 17:40:45.983   492 16386 E mm-camera: c2d_thread_handle_process_buf_event:207 input vaddr b350a000
01-30 17:40:46.093   492 16441 E AEC_PORT: aec_port_save_update:real_gain:2.152344 linecnt:1672 exp_idx:278 cur_luma:536870912 led_est:1079056322
01-30 17:40:46.093   492 16386 E mm-camera: c2d_thread_handle_process_buf_event:190 input buf index 5
01-30 17:40:46.093   492 16386 E mm-camera: c2d_thread_handle_process_buf_event:207 input vaddr b3499000
01-30 17:40:46.203   492 16386 E mm-camera: c2d_thread_handle_process_buf_event:190 input buf index 6
01-30 17:40:46.203   492 16386 E mm-camera: c2d_thread_handle_process_buf_event:207 input vaddr b3428000
01-30 17:40:46.203   492 16441 E AEC_PORT: aec_port_save_update:real_gain:2.218750 linecnt:1672 exp_idx:279 cur_luma:1073741824 led_est:1079048493
01-30 17:40:46.313   492 16441 E AEC_PORT: aec_port_save_update:real_gain:2.218750 linecnt:1672 exp_idx:279 cur_luma:1073741824 led_est:1079044771
01-30 17:40:46.313   492 16386 E mm-camera: c2d_thread_handle_process_buf_event:190 input buf index 4
01-30 17:40:46.313   492 16386 E mm-camera: c2d_thread_handle_process_buf_event:207 input vaddr b350a000
01-30 17:40:46.423   492 16441 E AEC_PORT: aec_port_save_update:real_gain:2.218750 linecnt:1672 exp_idx:279 cur_luma:-1073741824 led_est:1079040831
01-30 17:40:46.423   492 16386 E mm-camera: c2d_thread_handle_process_buf_event:190 input buf index 5
01-30 17:40:46.423   492 16386 E mm-camera: c2d_thread_handle_process_buf_event:207 input vaddr b3499000
01-30 17:40:46.533   492 16441 E AEC_PORT: aec_port_save_update:real_gain:2.218750 linecnt:1672 exp_idx:279 cur_luma:1610612736 led_est:1079076892
01-30 17:40:46.533   492 16386 E mm-camera: c2d_thread_handle_process_buf_event:190 input buf index 6
01-30 17:40:46.533   492 16386 E mm-camera: c2d_thread_handle_process_buf_event:207 input vaddr b3428000
01-30 17:40:46.643   492 16441 E AEC_PORT: aec_port_save_update:real_gain:2.218750 linecnt:1672 exp_idx:279 cur_luma:-1610612736 led_est:1079078168
01-30 17:40:46.643   492 16386 E mm-camera: c2d_thread_handle_process_buf_event:190 input buf index 4
01-30 17:40:46.643   492 16386 E mm-camera: c2d_thread_handle_process_buf_event:207 input vaddr b350a000
01-30 17:40:46.753   492 16441 E AEC_PORT: aec_port_save_update:real_gain:2.218750 linecnt:1672 exp_idx:279 cur_luma:-1610612736 led_est:1079075828
01-30 17:40:46.753   492 16386 E mm-camera: c2d_thread_handle_process_buf_event:190 input buf index 5
01-30 17:40:46.753   492 16386 E mm-camera: c2d_thread_handle_process_buf_event:207 input vaddr b3499000
01-30 17:40:46.863   492 16384 E         : dmlroc_entry  entering dmlroc_entry
01-30 17:40:46.863   492 16386 E mm-camera: c2d_thread_handle_process_buf_event:190 input buf index 6
01-30 17:40:46.863   492 16386 E mm-camera: c2d_thread_handle_process_buf_event:207 input vaddr b3428000
01-30 17:40:46.973   492 16386 E mm-camera: c2d_thread_handle_process_buf_event:190 input buf index 4
01-30 17:40:46.973   492 16386 E mm-camera: c2d_thread_handle_process_buf_event:207 input vaddr b350a000
01-30 17:40:46.973   492 16441 E AEC_PORT: aec_port_save_update:real_gain:2.218750 linecnt:1672 exp_idx:279 cur_luma:-536870912 led_est:1079074331
01-30 17:40:47.083   492 16441 E AEC_PORT: aec_port_save_update:real_gain:2.218750 linecnt:1672 exp_idx:279 cur_luma:-1073741824 led_est:1079080084
01-30 17:40:47.083   492 16386 E mm-camera: c2d_thread_handle_process_buf_event:190 input buf index 5
01-30 17:40:47.083   492 16386 E mm-camera: c2d_thread_handle_process_buf_event:207 input vaddr b3499000
01-30 17:40:47.193   492 16441 E AEC_PORT: aec_port_save_update:real_gain:2.218750 linecnt:1672 exp_idx:279 cur_luma:1610612736 led_est:1079082619
01-30 17:40:47.193   492 16386 E mm-camera: c2d_thread_handle_process_buf_event:190 input buf index 6
01-30 17:40:47.193   492 16386 E mm-camera: c2d_thread_handle_process_buf_event:207 input vaddr b3428000
01-30 17:40:47.303   492 16386 E mm-camera: c2d_thread_handle_process_buf_event:190 input buf index 4
01-30 17:40:47.303   492 16386 E mm-camera: c2d_thread_handle_process_buf_event:207 input vaddr b350a000
01-30 17:40:47.303   492 16441 E AEC_PORT: aec_port_save_update:real_gain:2.218750 linecnt:1672 exp_idx:279 cur_luma:1073741824 led_est:1079083918
01-30 17:40:47.313 15728 16470 D FrServiceClient:  DEBUG - setting matchingScore
01-30 17:40:47.333 16188 16471 D MobiFace:  DEBUG - frame 0xb78197c0 460800
01-30 17:40:47.333 16188 16471 D MobiFace:  DEBUG - frame 0x0 921654
01-30 17:40:47.333 15728 16470 D FrServiceClient:  DEBUG - frame: 0xaae01000 921654
01-30 17:40:47.343 15728 16470 D FrServiceClient:  DEBUG - image 0xa9501000
01-30 17:40:47.343 15728 16470 D FrServiceClient:  DEBUG - IdemiaFrServiceImpl::StartFaceAnalysis: FrServiceClient term
01-30 17:40:47.343 16188 16188 D MobiFace:  DEBUG - term
01-30 17:40:47.363 15728 15728 I GeckoDump: Got analysisResult:0
01-30 17:40:47.363 15728 15728 I GeckoDump: Got analysisInfo:0
01-30 17:40:47.363 15728 15728 I GeckoDump: Got matchScore5605
01-30 17:40:47.363 15728 15728 I GeckoDump: Got payload is null
01-30 17:40:47.363 15728 15728 I GeckoDump: Got faceanalysisresults!640
01-30 17:40:47.363 15728 15728 I GeckoDump: Got faceanalysisresults!480
01-30 17:40:47.363 15728 15728 I GeckoDump: Got faceanalysisresults!4
01-30 17:40:47.373 15728 15728 I GeckoDump: Got faceanalysisresults![object Blob]
01-30 17:40:47.373 15728 16470 D FrServiceClient:  DEBUG - tiem taken: 29.000000
01-30 17:40:47.373 15728 16470 D FrServiceClient:  DEBUG - mobiFace_getState no capture pending
01-30 17:40:47.383 15728 15728 I GeckoDump: Got analysisResult:0
01-30 17:40:47.383 15728 15728 I GeckoDump: Got analysisInfo:0
01-30 17:40:47.383 15728 15728 I GeckoDump: Got matchScore0
01-30 17:40:47.383 15728 15728 I GeckoDump: Got payload is null
01-30 17:40:47.383 15728 15728 I GeckoDump: Got bestImage is null
01-30 17:40:47.383 15728 16470 D FrServiceClient:  DEBUG - tiem taken: 29.000000
01-30 17:40:47.383 15728 16470 D FrServiceClient:  DEBUG - mobiFace_getState no capture pending
01-30 17:40:47.383 15728 15728 I GeckoDump: Got analysisResult:0
01-30 17:40:47.383 15728 15728 I GeckoDump: Got analysisInfo:0
01-30 17:40:47.383 15728 15728 I GeckoDump: Got matchScore0
01-30 17:40:47.383 15728 15728 I GeckoDump: Got payload is null
01-30 17:40:47.383 15728 15728 I GeckoDump: Got bestImage is null
01-30 17:40:47.393 15728 15728 I MobiFace: Content JS LOG: Best Image Deleted 
01-30 17:40:47.393 15728 15728 I MobiFace:     at startFaceRecognition/</</</requestDelete.onsuccess (app://2ec57ac3-eee0-41a3-9d3f-e1b3e29e617f/js/livenesschallenge.js:192:45)
01-30 17:40:47.403 15728 15728 I GeckoDump: BestImage length = 921654
01-30 17:40:47.403 15728 15728 I GeckoDump: BestImage:
01-30 17:40:47.413   492 16386 E mm-camera: c2d_thread_handle_process_buf_event:190 input buf index 5
01-30 17:40:47.413   492 16386 E mm-camera: c2d_thread_handle_process_buf_event:207 input vaddr b3499000
01-30 17:40:47.413   492 16441 E AEC_PORT: aec_port_save_update:real_gain:2.218750 linecnt:1672 exp_idx:279 cur_luma:536870912 led_est:1079087342
01-30 17:40:47.443 15728 16470 D FrServiceClient:  DEBUG - tiem taken: 29.000000
01-30 17:40:47.443 15728 16470 D FrServiceClient:  DEBUG - mobiFace_getState no capture pending
01-30 17:40:47.443 15728 15728 I GeckoDump: Got analysisResult:0
01-30 17:40:47.443 15728 15728 I GeckoDump: Got analysisInfo:0
01-30 17:40:47.443 15728 15728 I GeckoDump: Got matchScore0
01-30 17:40:47.443 15728 15728 I GeckoDump: Got payload is null
01-30 17:40:47.443 15728 15728 I GeckoDump: Got bestImage is null
01-30 17:40:47.453   453   453 I Gecko   : DSF (parent) mtp-watcher-update: mStorageType 'pictures' mStorageName 'sdcard' mRootDir '' mPath 'Jio/BestImage.bmp' mFile->GetPath '/data/usbmsc_mnt/Jio/BestImage.bmp'
01-30 17:40:47.453   453   453 I MozMtp  : Observe: mtp-watcher-update: file Jio/BestImage.bmp modified
01-30 17:40:47.463   453   453 I Gecko   : DSF (parent) mtp-watcher-update: mStorageType 'pictures' mStorageName 'sdcard' mRootDir '' mPath 'Jio/BestImage.bmp' mFile->GetPath '/data/usbmsc_mnt/Jio/BestImage.bmp'
01-30 17:40:47.463   453   453 I MozMtp  : Observe: mtp-watcher-update: file Jio/BestImage.bmp modified
01-30 17:40:47.463   453 16555 I MozMtp  : MtpWatcherUpdate: file /data/usbmsc_mnt/Jio/BestImage.bmp modified
01-30 17:40:47.463   453 16555 I MozMtp  : CreateEntryForFileAndNotify: About to call sendObjectAdded Handle 0x00000026 file /data/usbmsc_mnt/Jio/BestImage.bmp
01-30 17:40:47.463   453 13560 I MozMtp  : getObjectInfo: Handle: 0x00000026 Display:'BestImage.bmp' Object:'BestImage.bmp'
01-30 17:40:47.463   453 13560 I MozMtp  : getObjectInfo: aInfo.mDateCreated = 1580386247 entry->mDateCreated = 1580386247
01-30 17:40:47.463   453 13560 I MozMtp  : getObjectInfo: aInfo.mDateModified = 1580386247 entry->mDateModified = 1580386247
01-30 17:40:47.463 15728 15728 I MobiFace: Content JS LOG: File/sdcard/Jio/BestImage.bmp" successfully wrote on the sdcard storage area 
01-30 17:40:47.463 15728 15728 I MobiFace:     at startFaceRecognition/</</</requestDelete.onsuccess/request.onsuccess (app://2ec57ac3-eee0-41a3-9d3f-e1b3e29e617f/js/livenesschallenge.js:203:49)
01-30 17:40:47.463   453 13560 I MozMtp  : getSupportedObjectProperties: 
01-30 17:40:47.463   453 16556 I MozMtp  : MtpWatcherUpdate: file /data/usbmsc_mnt/Jio/BestImage.bmp modified
01-30 17:40:47.463   453 13560 I MozMtp  : getObjectPropertyValue: Handle: 0x00000026 'BestImage.bmp' Property: MTP_PROPERTY_OBJECT_SIZE 0x0000dc04
01-30 17:40:47.523   492 16386 E mm-camera: c2d_thread_handle_process_buf_event:190 input buf index 6
01-30 17:40:47.523   492 16386 E mm-camera: c2d_thread_handle_process_buf_event:207 input vaddr b3428000
01-30 17:40:47.523   492 16441 E AEC_PORT: aec_port_save_update:real_gain:2.218750 linecnt:1672 exp_idx:279 cur_luma:0 led_est:1079090683
01-30 17:40:47.543 15728 16470 D FrServiceClient:  DEBUG - tiem taken: 29.000000
01-30 17:40:47.543 15728 16470 D FrServiceClient:  DEBUG - mobiFace_getState no capture pending
01-30 17:40:47.543 15728 15728 I GeckoDump: Got analysisResult:0
01-30 17:40:47.543 15728 15728 I GeckoDump: Got analysisInfo:0
01-30 17:40:47.543 15728 15728 I GeckoDump: Got matchScore0
01-30 17:40:47.543 15728 15728 I GeckoDump: Got payload is null
01-30 17:40:47.543 15728 15728 I GeckoDump: Got bestImage is null
01-30 17:40:47.633   492 16441 E AEC_PORT: aec_port_save_update:real_gain:2.218750 linecnt:1672 exp_idx:279 cur_luma:1073741824 led_est:1079092344
01-30 17:40:47.633   492 16386 E mm-camera: c2d_thread_handle_process_buf_event:190 input buf index 4
01-30 17:40:47.633   492 16386 E mm-camera: c2d_thread_handle_process_buf_event:207 input vaddr b350a000
01-30 17:40:47.653 15728 16470 D FrServiceClient:  DEBUG - tiem taken: 29.000000
01-30 17:40:47.653 15728 16470 D FrServiceClient:  DEBUG - mobiFace_getState no capture pending
01-30 17:40:47.653 15728 15728 I GeckoDump: Got analysisResult:0
01-30 17:40:47.653 15728 15728 I GeckoDump: Got analysisInfo:0
01-30 17:40:47.653 15728 15728 I GeckoDump: Got matchScore0
01-30 17:40:47.653 15728 15728 I GeckoDump: Got payload is null
01-30 17:40:47.653 15728 15728 I GeckoDump: Got bestImage is null
01-30 17:40:47.743   492 16386 E mm-camera: c2d_thread_handle_process_buf_event:190 input buf index 5
01-30 17:40:47.743   492 16386 E mm-camera: c2d_thread_handle_process_buf_event:207 input vaddr b3499000
01-30 17:40:47.743   492 16441 E AEC_PORT: aec_port_save_update:real_gain:2.218750 linecnt:1672 exp_idx:279 cur_luma:1610612736 led_est:1079094003
01-30 17:40:47.753 15728 16470 D FrServiceClient:  DEBUG - tiem taken: 29.000000
01-30 17:40:47.753 15728 16470 D FrServiceClient:  DEBUG - mobiFace_getState no capture pending
01-30 17:40:47.763 15728 15728 I GeckoDump: Got analysisResult:0
01-30 17:40:47.763 15728 15728 I GeckoDump: Got analysisInfo:0
01-30 17:40:47.763 15728 15728 I GeckoDump: Got matchScore0
01-30 17:40:47.763 15728 15728 I GeckoDump: Got payload is null
01-30 17:40:47.763 15728 15728 I GeckoDump: Got bestImage is null
01-30 17:40:47.853   492 16386 E mm-camera: c2d_thread_handle_process_buf_event:190 input buf index 6
01-30 17:40:47.853   492 16386 E mm-camera: c2d_thread_handle_process_buf_event:207 input vaddr b3428000
01-30 17:40:47.853   492 16441 E AEC_PORT: aec_port_save_update:real_gain:2.218750 linecnt:1672 exp_idx:279 cur_luma:536870912 led_est:1079104531
01-30 17:40:47.863 15728 16470 D FrServiceClient:  DEBUG - tiem taken: 29.000000
01-30 17:40:47.863 15728 16470 D FrServiceClient:  DEBUG - mobiFace_getState no capture pending
01-30 17:40:47.873 15728 15728 I GeckoDump: Got analysisResult:0
01-30 17:40:47.873 15728 15728 I GeckoDump: Got analysisInfo:0
01-30 17:40:47.873 15728 15728 I GeckoDump: Got matchScore0
01-30 17:40:47.873 15728 15728 I GeckoDump: Got payload is null
01-30 17:40:47.873 15728 15728 I GeckoDump: Got bestImage is null
01-30 17:40:47.963   492 16384 E         : dmlroc_entry  entering dmlroc_entry
01-30 17:40:47.963   492 16386 E mm-camera: c2d_thread_handle_process_buf_event:190 input buf index 4
01-30 17:40:47.963   492 16386 E mm-camera: c2d_thread_handle_process_buf_event:207 input vaddr b350a000
01-30 17:40:47.973 15728 16470 D FrServiceClient:  DEBUG - tiem taken: 29.000000
01-30 17:40:47.983 15728 16470 D FrServiceClient:  DEBUG - mobiFace_getState no capture pending
01-30 17:40:47.983 15728 15728 I GeckoDump: Got analysisResult:0
01-30 17:40:47.983 15728 15728 I GeckoDump: Got analysisInfo:0
01-30 17:40:47.983 15728 15728 I GeckoDump: Got matchScore0
01-30 17:40:47.983 15728 15728 I GeckoDump: Got payload is null
01-30 17:40:47.983 15728 15728 I GeckoDump: Got bestImage is null
01-30 17:40:48.073   492 16386 E mm-camera: c2d_thread_handle_process_buf_event:190 input buf index 5
01-30 17:40:48.073   492 16386 E mm-camera: c2d_thread_handle_process_buf_event:207 input vaddr b3499000
01-30 17:40:48.073   492 16441 E AEC_PORT: aec_port_save_update:real_gain:2.218750 linecnt:1672 exp_idx:279 cur_luma:1610612736 led_est:1079079004
01-30 17:40:48.083 15728 16470 D FrServiceClient:  DEBUG - tiem taken: 30.000000
01-30 17:40:48.083 15728 16470 D FrServiceClient:  DEBUG - mobiFace_getState no capture pending
01-30 17:40:48.093 15728 15728 I GeckoDump: Got analysisResult:0
01-30 17:40:48.093 15728 15728 I GeckoDump: Got analysisInfo:0
01-30 17:40:48.093 15728 15728 I GeckoDump: Got matchScore0
01-30 17:40:48.093 15728 15728 I GeckoDump: Got payload is null
01-30 17:40:48.093 15728 15728 I GeckoDump: Got bestImage is null
01-30 17:40:48.183   492 16386 E mm-camera: c2d_thread_handle_process_buf_event:190 input buf index 6
01-30 17:40:48.183   492 16386 E mm-camera: c2d_thread_handle_process_buf_event:207 input vaddr b3428000
01-30 17:40:48.183   492 16441 E AEC_PORT: aec_port_save_update:real_gain:2.218750 linecnt:1672 exp_idx:279 cur_luma:1073741824 led_est:1079069181
01-30 17:40:48.193 15728 16470 D FrServiceClient:  DEBUG - tiem taken: 30.000000
01-30 17:40:48.193 15728 16470 D FrServiceClient:  DEBUG - mobiFace_getState no capture pending
01-30 17:40:48.203 15728 15728 I GeckoDump: Got analysisResult:0
01-30 17:40:48.203 15728 15728 I GeckoDump: Got analysisInfo:0
01-30 17:40:48.203 15728 15728 I GeckoDump: Got matchScore0
01-30 17:40:48.203 15728 15728 I GeckoDump: Got payload is null
01-30 17:40:48.203 15728 15728 I GeckoDump: Got bestImage is null
01-30 17:40:48.293   492 16441 E AEC_PORT: aec_port_save_update:real_gain:2.218750 linecnt:1672 exp_idx:279 cur_luma:0 led_est:1079097556
01-30 17:40:48.293   492 16386 E mm-camera: c2d_thread_handle_process_buf_event:190 input buf index 4
01-30 17:40:48.293   492 16386 E mm-camera: c2d_thread_handle_process_buf_event:207 input vaddr b350a000
01-30 17:40:48.313 15728 16470 D FrServiceClient:  DEBUG - tiem taken: 30.000000
01-30 17:40:48.323 15728 16470 D FrServiceClient:  DEBUG - mobiFace_getState no capture pending
01-30 17:40:48.323 15728 15728 I GeckoDump: Got analysisResult:0
01-30 17:40:47.1568   492 16393 I KERNEL  : [ 6793.850057] csi2_src_clk get failed
01-30 17:40:48.323 15728 15728 I GeckoDump: Got analysisInfo:0
01-30 17:40:48.323 15728 15728 I GeckoDump: Got matchScore0
01-30 17:40:48.323 15728 15728 I GeckoDump: Got payload is null
01-30 17:40:48.323 15728 15728 I GeckoDump: Got bestImage is null
01-30 17:40:48.403   492 16441 E AEC_PORT: aec_port_save_update:real_gain:2.027344 linecnt:1672 exp_idx:276 cur_luma:1610612736 led_est:1079364372
01-30 17:40:48.403  5463  5463 D wpa_supplicant: wlan0: Control interface command 'SIGNAL_POLL'
01-30 17:40:48.403   492 16386 E mm-camera: c2d_thread_handle_process_buf_event:190 input buf index 5
01-30 17:40:48.403   492 16386 E mm-camera: c2d_thread_handle_process_buf_event:207 input vaddr b3499000
01-30 17:40:48.433 15728 16470 D FrServiceClient:  DEBUG - tiem taken: 30.000000
01-30 17:40:48.433 15728 16470 D FrServiceClient:  DEBUG - mobiFace_getState no capture pending
01-30 17:40:48.433  5463  5463 D wpa_supplicant: CTRL-DEBUG: global_ctrl_sock-sendto: sock=11 sndbuf=163840 outq=0 send_len=48
01-30 17:40:48.433 15728 15728 I GeckoDump: Got analysisResult:0
01-30 17:40:48.433 15728 15728 I GeckoDump: Got analysisInfo:0
01-30 17:40:48.433 15728 15728 I GeckoDump: Got matchScore0
01-30 17:40:48.433 15728 15728 I GeckoDump: Got payload is null
01-30 17:40:48.433 15728 15728 I GeckoDump: Got bestImage is null
01-30 17:40:48.493 15728 15728 I WakeLock: Release cpu wakelock
01-30 17:40:48.493 15728 15728 I WakeLock: Release screen wakelock
01-30 17:40:48.493   408 16377 D QCamera2HWI: int qcamera::QCamera2HardwareInterface::disableMsgType(int32_t) (0x10) : mMsgEnabled = 0xc0d
01-30 17:40:48.493   408  1560 D QCamera2HWI: [KPI Perf] static void qcamera::QCamera2HardwareInterface::stop_preview(camera_device*): E PROFILE_STOP_PREVIEW
01-30 17:40:48.493   408 16377 D QCamera2HWI: int qcamera::QCamera2HardwareInterface::stopPreview(): E
01-30 17:40:48.503   492 16393 D mm-camera: mct_pipeline_process_set:command=8000009
01-30 17:40:48.503   492 16393 D mm-camera: mct_pipeline_process_set: stream_type = 1
01-30 17:40:48.503   492 16393 E mm-camera: port_isp_mct_ctrl_cmd: E, identity = 0x20002, STREAMOFF
01-30 17:40:48.503   492 16393 D mm-camera: gyro_port_enable_disable_sensor_request: Deinit all sensors
01-30 17:40:48.503   492 16393 E mm-camera: is_port_handle_stream_event: MCT_EVENT_CONTROL_STREAMOFF, identity = 0x20002
01-30 17:40:48.503   492 16393 D mm-camera: c2d_module_handle_streamoff_event:1809, info: stream-off done for identity 0x20002
01-30 17:40:48.503   492 16393 E mm-camera: isp_streamoff: E, session_id = 2, stream_id = 2, active_count = 1
01-30 17:40:48.503   492 16385 E mm-camera: isp_proc_streamoff: E,session_id = 2, stream_id= 2, stream_type= 1 meta 0
01-30 17:40:48.503   492 16385 D mm-camera: isp_hw_action: last pix stop, pix_cnt = 1, cnt = 1
01-30 17:40:48.503   492 16441 E mm-camera-CORE: aec_set_fd_roi: invalid CPP width and height (0, 0)!
01-30 17:40:48.503   492 16416 E mm-camera: isp_thread_proc_cmd: start/stop, thread_data = 0xb62df804, action_code = 2
01-30 17:40:48.503   492 16416 E mm-camera: isp_axi_util_subscribe_v4l2_event: event_type = 0x8000100, is_subscribe = 0
01-30 17:40:48.503   492 16385 E mm-camera: isp_ch_util_streamoff: session_id = 2, vfe_mask = 0x1, async streamoff, rc = 0
01-30 17:40:48.503   492 16385 D mm-camera: isp_hw_action: hw_thread for ack
01-30 17:40:48.503   492 16416 E mm-camera: isp_axi_unreg_buf: session_id = 2, stream_id = 2, buf_handle = 0x10000
01-30 17:40:48.513   492 16416 D mm-camera: linearization_action: action code = 7 is not supported. nop
01-30 17:40:48.513   492 16416 D mm-camera: pca_rolloff_action: action code = 7 is not supported. nop
01-30 17:40:48.513   492 16416 D mm-camera: demux_action: action code = 7 is not supported. nop
01-30 17:40:48.513   492 16416 D mm-camera: demosaic_action: action code = 7 is not supported. nop
01-30 17:40:48.513   492 16416 D mm-camera: bpc_action: action code = 7 is not supported. nop
01-30 17:40:48.513   492 16416 D mm-camera: abf_action: action code = 7 is not supported. nop
01-30 17:40:48.513   492 16416 D mm-camera: asf_action: action code = 7 is not supported. nop
01-30 17:40:48.513   492 16416 D mm-camera: color_conversion_action: action code = 7 is not supported. nop
01-30 17:40:48.513   492 16416 D mm-camera: color_correct_action: action code = 7 is not supported. nop
01-30 17:40:48.513   492 16416 D mm-camera: chroma_subsample_action: action code = 7 is not supported. nop
01-30 17:40:48.513   492 16416 D mm-camera: chroma_suppress_action: action code = 7 is not supported. nop
01-30 17:40:48.513   492 16416 D mm-camera: la_action: action code = 7 is not supported. nop
01-30 17:40:48.513   492 16416 D mm-camera: mce_action: action code = 7 is not supported. nop
01-30 17:40:48.513   492 16416 D mm-camera: sce_action: action code = 7 is not supported. nop
01-30 17:40:48.513   492 16416 D mm-camera: clf_action: action code = 7 is not supported. nop
01-30 17:40:48.513   492 16416 D mm-camera: wb_action: action code = 7 is not supported. nop
01-30 17:40:48.513   492 16416 D mm-camera: gamma_action: action code = 7 is not supported. nop
01-30 17:40:48.513   492 16416 D mm-camera: fov_action: action code = 7 is not supported. nop
01-30 17:40:48.513   492 16416 D mm-camera: scaler_action: action code = 7 is not supported
01-30 17:40:48.513   492 16416 D mm-camera: bcc_action: action code = 7 is not supported. nop
01-30 17:40:48.513   492 16416 D mm-camera: clamp_action: action code = 7 is not supported. nop
01-30 17:40:48.513   492 16416 D mm-camera: stats_action: action code = 7 is not supported. nop
01-30 17:40:48.513   492 16385 E mm-camera: isp_ch_util_streamoff: session_id = 2, sync ack done
01-30 17:40:48.513   492 16416 E mm-camera: isp_thread_proc_cmd: start/stop ack done, thread_data = 0xb62df804, action_code = 3, rc = 0
01-30 17:40:48.513   492 16393 E mm-camera: isp_streamoff: X, session_id = 2, rc = 0
01-30 17:40:48.513   492 16393 E mm-camera: port_isp_mct_ctrl_cmd: X, identity = 0x20002, STREAMOFF, ret = 0
01-30 17:40:48.513   492 16393 D mm-camera: stream id 2, stream num_meta 0
01-30 17:40:48.513   492 16393 D mm-camera: ispif_streamoff: session_id = 2, active_streams = 0
01-30 17:40:48.513   492 16393 E mm-camera-sensor: sensor_pdaf_deinit:3275 failed to open pdaf3 init library function
01-30 17:40:48.513   492 16393 E mm-camera-sensor: module_sensor_module_process_event: Sending stop bus message
01-30 17:40:48.513   492 16393 D mm-camera: stop_sof_check_thread: Stopping SOF timeout thread
01-30 17:40:48.523  2227  2227 E sdcard  : missing packages.list; retrying
01-30 17:40:48.533   492 16393 D mm-camera: mct_pipeline_process_set:command=8000009
01-30 17:40:48.533   492 16393 D mm-camera: mct_pipeline_process_set: stream_type = 7
01-30 17:40:48.533   408 16377 D QCameraHWI_Mem: put buffer 0 successfully
01-30 17:40:48.533   408 16377 D QCameraHWI_Mem: put buffer 1 successfully
01-30 17:40:48.533   408 16377 D QCameraHWI_Mem: cancel_buffer: hdl =0xb8c35c70
01-30 17:40:48.533   408 16377 D QCameraHWI_Mem: put buffer 2 successfully
01-30 17:40:48.533   408 16377 D QCameraHWI_Mem: put buffer 3 successfully
01-30 17:40:48.533   408 16377 D QCameraHWI_Mem: cancel_buffer: hdl =0xb8c36040
01-30 17:40:48.533   408 16377 D QCameraHWI_Mem: put buffer 4 successfully
01-30 17:40:48.533   408 16377 D QCameraHWI_Mem: cancel_buffer: hdl =0xb8c36228
01-30 17:40:48.533   408 16377 D QCameraHWI_Mem: put buffer 5 successfully
01-30 17:40:48.533   408 16377 D QCameraHWI_Mem: cancel_buffer: hdl =0xb8c36410
01-30 17:40:48.533   408 16377 D QCameraHWI_Mem: put buffer 6 successfully
01-30 17:40:48.533   408 16377 D QCameraHWI_Mem: put buffer 7 successfully
01-30 17:40:48.543   492 16393 D mm-camera: mct_pipeline_process_set:command=800000b
01-30 17:40:48.543   492 16393 D mm-camera: mct_stream_streamoff: Enter
01-30 17:40:48.553   492 16393 D mm-camera: mct_pipeline_process_set:command=800000b
01-30 17:40:48.553   492 16393 D mm-camera: mct_stream_streamoff: Enter
01-30 17:40:48.553   492 16393 D mm-camera: c2d_port_check_caps_unreserve:179, identity=0x20002, unreserved
01-30 17:40:48.553 15728 15728 W MobiFace: [JavaScript Warning: "Expected color but found '#\30 0bcd452'.  Error in parsing value for 'background-color'.  Declaration dropped." {file: "app://2ec57ac3-eee0-41a3-9d3f-e1b3e29e617f/css/matchresult.css" line: 61 column: 22 source: "    background-color: #00bcd452;"}]
01-30 17:40:48.553   492 16393 D mm-camera: c2d_port_check_caps_unreserve:179, identity=0x20002, unreserved
01-30 17:40:48.553   492 16393 E mm-camera-img: faceproc_save_album:795] Error No album 
01-30 17:40:48.553   492 16393 E mm-camera-img: faceproc_comp_eng_destroy: Album save failed -1
