01-30 17:39:15.683   492 16102 E mm-camera: c2d_thread_handle_process_buf_event:207 input vaddr b33bb000
01-30 17:39:15.713  7854 15177 D MobiFace:  DEBUG - [event] trackingInfo_cb
01-30 17:39:15.713  7854 15177 D MobiFace:  DEBUG - [event] positionInstruction_cb
01-30 17:39:15.713  7854 15177 D MobiFace:  DEBUG - [event] freeImage_cb
01-30 17:39:15.713  7854 15177 D MobiFace:  DEBUG - pushImage2: 0
01-30 17:39:15.713  7854 14954 D MobiFace:  DEBUG - getPositionInfo
01-30 17:39:15.723  7854  7854 D MobiFace:  DEBUG - getChallenge
01-30 17:39:15.723  7854  7858 D MobiFace:  DEBUG - getChallengeInfo
01-30 17:39:15.723 15728 15728 I GeckoDump: Got analysisResult:0
01-30 17:39:15.723 15728 15728 I GeckoDump: Got analysisInfo:1
01-30 17:39:15.723 15728 15728 I GeckoDump: Got matchScore0
01-30 17:39:15.723 15728 15728 I GeckoDump: Got payload is null
01-30 17:39:15.723 15728 15728 I GeckoDump: Got bestImage is null
01-30 17:39:15.733   492 16097 E         : dmlroc_entry  entering dmlroc_entry
01-30 17:39:15.733   492 16102 E mm-camera: c2d_thread_handle_process_buf_event:190 input buf index 6
01-30 17:39:15.733   492 16102 E mm-camera: c2d_thread_handle_process_buf_event:207 input vaddr b334a000
01-30 17:39:15.733 15728 16152 D FrServiceClient:  DEBUG - tiem taken: 11.000000
01-30 17:39:15.733  7854  7854 D MobiFace:  DEBUG - frameParams: 6 640 480 720 270
01-30 17:39:15.733 15728 16152 D FrServiceClient:  DEBUG - mobiFace_pushFrame frame 0xacb01000 460800
01-30 17:39:15.733 15728 16152 D FrServiceClient:  DEBUG - IdemiaFrServiceImpl::StartFaceAnalysis: FrServiceClient 460800
01-30 17:39:15.763  7854  7858 D MobiFace:  DEBUG - pushImage2: 0xb7ae69c8 0xb7ae6d60 0xb44ce008 460800 1 -1213330272 0x536c37ec
01-30 17:39:15.783   492 16138 E AEC_PORT: aec_port_save_update:real_gain:1.000000 linecnt:773 exp_idx:225 cur_luma:0 led_est:1079028775
01-30 17:39:15.783   492 16102 E mm-camera: c2d_thread_handle_process_buf_event:190 input buf index 4
01-30 17:39:15.783   492 16102 E mm-camera: c2d_thread_handle_process_buf_event:207 input vaddr b342c000
01-30 17:39:15.833   492 16138 E AEC_PORT: aec_port_save_update:real_gain:1.000000 linecnt:773 exp_idx:225 cur_luma:536870912 led_est:1079030355
01-30 17:39:15.833   492 16102 E mm-camera: c2d_thread_handle_process_buf_event:190 input buf index 5
01-30 17:39:15.833   492 16102 E mm-camera: c2d_thread_handle_process_buf_event:207 input vaddr b33bb000
01-30 17:39:15.883   492 16138 E AEC_PORT: aec_port_save_update:real_gain:1.000000 linecnt:773 exp_idx:225 cur_luma:-536870912 led_est:1079030140
01-30 17:39:15.883   492 16102 E mm-camera: c2d_thread_handle_process_buf_event:190 input buf index 6
01-30 17:39:15.883   492 16102 E mm-camera: c2d_thread_handle_process_buf_event:207 input vaddr b334a000
01-30 17:39:15.893  7854  7858 D MobiFace:  DEBUG - [event] trackingInfo_cb
01-30 17:39:15.893  7854  7858 D MobiFace:  DEBUG - [event] positionInstruction_cb
01-30 17:39:15.893  7854  7858 D MobiFace:  DEBUG - [event] freeImage_cb
01-30 17:39:15.893  7854  7858 D MobiFace:  DEBUG - pushImage2: 0
01-30 17:39:15.893  7854 15177 D MobiFace:  DEBUG - getPositionInfo
01-30 17:39:15.903  7854 14954 D MobiFace:  DEBUG - getChallenge
01-30 17:39:15.903  7854  7854 D MobiFace:  DEBUG - getChallengeInfo
01-30 17:39:15.903 15728 15728 I GeckoDump: Got analysisResult:0
01-30 17:39:15.903 15728 15728 I GeckoDump: Got analysisInfo:1
01-30 17:39:15.903 15728 15728 I GeckoDump: Got matchScore0
01-30 17:39:15.903 15728 15728 I GeckoDump: Got payload is null
01-30 17:39:15.903 15728 15728 I GeckoDump: Got bestImage is null
01-30 17:39:15.913 15728 16152 D FrServiceClient:  DEBUG - tiem taken: 11.000000
01-30 17:39:15.913  7854 14954 D MobiFace:  DEBUG - frameParams: 6 640 480 720 270
01-30 17:39:15.923 15728 16152 D FrServiceClient:  DEBUG - mobiFace_pushFrame frame 0xad801000 460800
01-30 17:39:15.923 15728 16152 D FrServiceClient:  DEBUG - IdemiaFrServiceImpl::StartFaceAnalysis: FrServiceClient 460800
01-30 17:39:15.933   492 16102 E mm-camera: c2d_thread_handle_process_buf_event:190 input buf index 4
01-30 17:39:15.933   492 16102 E mm-camera: c2d_thread_handle_process_buf_event:207 input vaddr b342c000
01-30 17:39:15.933   492 16138 E AEC_PORT: aec_port_save_update:real_gain:1.000000 linecnt:773 exp_idx:225 cur_luma:536870912 led_est:1079030517
01-30 17:39:15.943  7854  7854 D MobiFace:  DEBUG - pushImage2: 0xb7ae69c8 0xb7ae6d60 0xb44ce008 460800 1 -1213331312 0x536f0668
01-30 17:39:15.999     1     1 I KERNEL  : [ 6701.281729] init: Starting service 'updater-daemon'...
01-30 17:39:15.1031     1     1 I KERNEL  : [ 6701.313647] init: Service 'updater-daemon' (pid 16163) exited with status 127
01-30 17:39:15.1031     1     1 I KERNEL  : [ 6701.313724] init: Service 'updater-daemon' (pid 16163) killing any children in process group
01-30 17:39:15.983   492 16138 E AEC_PORT: aec_port_save_update:real_gain:1.000000 linecnt:773 exp_idx:225 cur_luma:-1073741824 led_est:1079029853
01-30 17:39:15.983   492 16102 E mm-camera: c2d_thread_handle_process_buf_event:190 input buf index 5
01-30 17:39:15.983   492 16102 E mm-camera: c2d_thread_handle_process_buf_event:207 input vaddr b33bb000
01-30 17:39:16.033   492 16138 E AEC_PORT: aec_port_save_update:real_gain:1.000000 linecnt:773 exp_idx:225 cur_luma:0 led_est:1079030491
01-30 17:39:16.033   492 16102 E mm-camera: c2d_thread_handle_process_buf_event:190 input buf index 6
01-30 17:39:16.033   492 16102 E mm-camera: c2d_thread_handle_process_buf_event:207 input vaddr b334a000
01-30 17:39:16.083   492 16138 E AEC_PORT: aec_port_save_update:real_gain:1.000000 linecnt:773 exp_idx:225 cur_luma:1073741824 led_est:1079030413
01-30 17:39:16.083   492 16102 E mm-camera: c2d_thread_handle_process_buf_event:190 input buf index 4
01-30 17:39:16.083   492 16102 E mm-camera: c2d_thread_handle_process_buf_event:207 input vaddr b342c000
01-30 17:39:16.093  7854  7854 D MobiFace:  DEBUG - [event] trackingInfo_cb
01-30 17:39:16.093  7854  7854 D MobiFace:  DEBUG - [event] positionInstruction_cb
01-30 17:39:16.093  7854  7854 D MobiFace:  DEBUG - [event] freeImage_cb
01-30 17:39:16.093  7854  7854 D MobiFace:  DEBUG - pushImage2: 0
01-30 17:39:16.093  7854  7858 D MobiFace:  DEBUG - getPositionInfo
01-30 17:39:16.093  7854 14954 D MobiFace:  DEBUG - getChallenge
01-30 17:39:16.093  7854  7858 D MobiFace:  DEBUG - getChallengeInfo
01-30 17:39:16.093 15728 15728 I GeckoDump: Got analysisResult:0
01-30 17:39:16.093 15728 15728 I GeckoDump: Got analysisInfo:1
01-30 17:39:16.093 15728 15728 I GeckoDump: Got matchScore0
01-30 17:39:16.093 15728 15728 I GeckoDump: Got payload is null
01-30 17:39:16.093 15728 15728 I GeckoDump: Got bestImage is null
01-30 17:39:16.103 15728 16152 D FrServiceClient:  DEBUG - tiem taken: 12.000000
01-30 17:39:16.103  7854  7858 D MobiFace:  DEBUG - frameParams: 6 640 480 720 270
01-30 17:39:16.103 15728 16152 D FrServiceClient:  DEBUG - mobiFace_pushFrame frame 0xad872000 460800
01-30 17:39:16.103 15728 16152 D FrServiceClient:  DEBUG - IdemiaFrServiceImpl::StartFaceAnalysis: FrServiceClient 460800
01-30 17:39:16.123  7854  7854 D MobiFace:  DEBUG - pushImage2: 0xb7ae69c8 0xb7ae6d60 0xb44ce008 460800 1 -1213331312 0x5371b6e6
01-30 17:39:16.133   492 16102 E mm-camera: c2d_thread_handle_process_buf_event:190 input buf index 5
01-30 17:39:16.133   492 16102 E mm-camera: c2d_thread_handle_process_buf_event:207 input vaddr b33bb000
01-30 17:39:16.133   492 16138 E AEC_PORT: aec_port_save_update:real_gain:1.000000 linecnt:773 exp_idx:225 cur_luma:-536870912 led_est:1079030053
01-30 17:39:16.183   492 16138 E AEC_PORT: aec_port_save_update:real_gain:1.000000 linecnt:773 exp_idx:225 cur_luma:-1610612736 led_est:1079030539
01-30 17:39:16.193   492 16102 E mm-camera: c2d_thread_handle_process_buf_event:190 input buf index 6
01-30 17:39:16.193   492 16102 E mm-camera: c2d_thread_handle_process_buf_event:207 input vaddr b334a000
01-30 17:39:16.233   492 16097 E         : dmlroc_entry  entering dmlroc_entry
01-30 17:39:16.243   492 16102 E mm-camera: c2d_thread_handle_process_buf_event:190 input buf index 4
01-30 17:39:16.243   492 16102 E mm-camera: c2d_thread_handle_process_buf_event:207 input vaddr b342c000
01-30 17:39:16.263  7854  7854 D MobiFace:  DEBUG - [event] trackingInfo_cb
01-30 17:39:16.263  7854  7854 D MobiFace:  DEBUG - [event] positionInstruction_cb
01-30 17:39:16.263  7854  7854 D MobiFace:  DEBUG - [event] freeImage_cb
01-30 17:39:16.263  7854  7854 D MobiFace:  DEBUG - pushImage2: 0
01-30 17:39:16.263  7854 15177 D MobiFace:  DEBUG - getPositionInfo
01-30 17:39:16.263  7854 14954 D MobiFace:  DEBUG - getChallenge
01-30 17:39:16.263  7854  7858 D MobiFace:  DEBUG - getChallengeInfo
01-30 17:39:16.263 15728 15728 I GeckoDump: Got analysisResult:0
01-30 17:39:16.263 15728 15728 I GeckoDump: Got analysisInfo:1
01-30 17:39:16.263 15728 15728 I GeckoDump: Got matchScore0
01-30 17:39:16.263 15728 15728 I GeckoDump: Got payload is null
01-30 17:39:16.263 15728 15728 I GeckoDump: Got bestImage is null
01-30 17:39:16.273 15728 16152 D FrServiceClient:  DEBUG - tiem taken: 12.000000
01-30 17:39:16.273  7854 14954 D MobiFace:  DEBUG - frameParams: 6 640 480 720 270
01-30 17:39:16.273 15728 16152 D FrServiceClient:  DEBUG - mobiFace_pushFrame frame 0xacb01000 460800
01-30 17:39:16.273 15728 16152 D FrServiceClient:  DEBUG - IdemiaFrServiceImpl::StartFaceAnalysis: FrServiceClient 460800
01-30 17:39:16.293   492 16102 E mm-camera: c2d_thread_handle_process_buf_event:190 input buf index 5
01-30 17:39:16.293   492 16102 E mm-camera: c2d_thread_handle_process_buf_event:207 input vaddr b33bb000
01-30 17:39:16.293   492 16138 E AEC_PORT: aec_port_save_update:real_gain:1.000000 linecnt:773 exp_idx:225 cur_luma:1610612736 led_est:1079030136
01-30 17:39:16.303  7854  7858 D MobiFace:  DEBUG - pushImage2: 0xb7ae69c8 0xb7ae6d60 0xb44ce008 460800 1 -1213330272 0x537472d4
01-30 17:39:16.343   492 16138 E AEC_PORT: aec_port_save_update:real_gain:1.000000 linecnt:773 exp_idx:225 cur_luma:-2147483648 led_est:1079027555
01-30 17:39:16.343   492 16102 E mm-camera: c2d_thread_handle_process_buf_event:190 input buf index 6
01-30 17:39:16.343   492 16102 E mm-camera: c2d_thread_handle_process_buf_event:207 input vaddr b334a000
01-30 17:39:16.393   492 16138 E AEC_PORT: aec_port_save_update:real_gain:1.000000 linecnt:773 exp_idx:225 cur_luma:-2147483648 led_est:1079027700
01-30 17:39:16.393   492 16102 E mm-camera: c2d_thread_handle_process_buf_event:190 input buf index 4
01-30 17:39:16.393   492 16102 E mm-camera: c2d_thread_handle_process_buf_event:207 input vaddr b342c000
01-30 17:39:16.433  7854  7858 D MobiFace:  DEBUG - [event] trackingInfo_cb
01-30 17:39:16.433  7854  7858 D MobiFace:  DEBUG - [event] positionInstruction_cb
01-30 17:39:16.433  7854  7858 D MobiFace:  DEBUG - [event] freeImage_cb
01-30 17:39:16.433  7854  7858 D MobiFace:  DEBUG - pushImage2: 0
01-30 17:39:16.433  7854  7854 D MobiFace:  DEBUG - getPositionInfo
01-30 17:39:16.433  7854 15177 D MobiFace:  DEBUG - getChallenge
01-30 17:39:16.433  7854 14954 D MobiFace:  DEBUG - getChallengeInfo
01-30 17:39:16.433 15728 15728 I GeckoDump: Got analysisResult:0
01-30 17:39:16.433 15728 15728 I GeckoDump: Got analysisInfo:1
01-30 17:39:16.433 15728 15728 I GeckoDump: Got matchScore0
01-30 17:39:16.433 15728 15728 I GeckoDump: Got payload is null
01-30 17:39:16.433 15728 15728 I GeckoDump: Got bestImage is null
01-30 17:39:16.443   492 16102 E mm-camera: c2d_thread_handle_process_buf_event:190 input buf index 5
01-30 17:39:16.443   492 16102 E mm-camera: c2d_thread_handle_process_buf_event:207 input vaddr b33bb000
01-30 17:39:16.443   492 16138 E AEC_PORT: aec_port_save_update:real_gain:1.000000 linecnt:773 exp_idx:225 cur_luma:536870912 led_est:1079027489
01-30 17:39:16.443 15728 16152 D FrServiceClient:  DEBUG - tiem taken: 12.000000
01-30 17:39:16.443  7854 15177 D MobiFace:  DEBUG - frameParams: 6 640 480 720 270
01-30 17:39:16.443 15728 16152 D FrServiceClient:  DEBUG - mobiFace_pushFrame frame 0xad801000 460800
01-30 17:39:16.443 15728 16152 D FrServiceClient:  DEBUG - IdemiaFrServiceImpl::StartFaceAnalysis: FrServiceClient 460800
01-30 17:39:16.473  7854 14954 D MobiFace:  DEBUG - pushImage2: 0xb7ae69c8 0xb7ae6d60 0xb44ce008 460800 1 -1213304712 0x53770583
01-30 17:39:16.493   492 16102 E mm-camera: c2d_thread_handle_process_buf_event:190 input buf index 6
01-30 17:39:16.493   492 16102 E mm-camera: c2d_thread_handle_process_buf_event:207 input vaddr b334a000
01-30 17:39:16.493   492 16138 E AEC_PORT: aec_port_save_update:real_gain:1.000000 linecnt:773 exp_idx:225 cur_luma:-2147483648 led_est:1079027593
01-30 17:39:16.543   492 16138 E AEC_PORT: aec_port_save_update:real_gain:1.000000 linecnt:773 exp_idx:225 cur_luma:536870912 led_est:1079027464
01-30 17:39:16.543   492 16102 E mm-camera: c2d_thread_handle_process_buf_event:190 input buf index 4
01-30 17:39:16.543   492 16102 E mm-camera: c2d_thread_handle_process_buf_event:207 input vaddr b342c000
01-30 17:39:16.593   492 16138 E AEC_PORT: aec_port_save_update:real_gain:1.000000 linecnt:773 exp_idx:225 cur_luma:-1073741824 led_est:1079027051
01-30 17:39:16.593   492 16102 E mm-camera: c2d_thread_handle_process_buf_event:190 input buf index 5
01-30 17:39:16.593   492 16102 E mm-camera: c2d_thread_handle_process_buf_event:207 input vaddr b33bb000
01-30 17:39:16.603  7854 14954 D MobiFace:  DEBUG - [event] trackingInfo_cb
01-30 17:39:16.603  7854 14954 D MobiFace:  DEBUG - [event] positionInstruction_cb
01-30 17:39:16.603  7854 14954 D MobiFace:  DEBUG - [event] freeImage_cb
01-30 17:39:16.603  7854 14954 D MobiFace:  DEBUG - pushImage2: 0
01-30 17:39:16.603  7854  7858 D MobiFace:  DEBUG - getPositionInfo
01-30 17:39:16.603  7854 15177 D MobiFace:  DEBUG - getChallenge
01-30 17:39:16.603  7854  7854 D MobiFace:  DEBUG - getChallengeInfo
01-30 17:39:16.613 15728 15728 I GeckoDump: Got analysisResult:0
01-30 17:39:16.623 15728 15728 I GeckoDump: Got analysisInfo:1
01-30 17:39:16.623 15728 15728 I GeckoDump: Got matchScore0
01-30 17:39:16.623 15728 15728 I GeckoDump: Got payload is null
01-30 17:39:16.623 15728 15728 I GeckoDump: Got bestImage is null
01-30 17:39:16.623 15728 16152 D FrServiceClient:  DEBUG - tiem taken: 12.000000
01-30 17:39:16.623  7854 15177 D MobiFace:  DEBUG - frameParams: 6 640 480 720 270
01-30 17:39:16.623 15728 16152 D FrServiceClient:  DEBUG - mobiFace_pushFrame frame 0xad872000 460800
01-30 17:39:16.623 15728 16152 D FrServiceClient:  DEBUG - IdemiaFrServiceImpl::StartFaceAnalysis: FrServiceClient 460800
01-30 17:39:16.643  7854  7854 D MobiFace:  DEBUG - pushImage2: 0xb7ae69c8 0xb7ae6d60 0xb44ce008 460800 1 -1213331312 0x5379a550
01-30 17:39:16.643   492 16138 E AEC_PORT: aec_port_save_update:real_gain:1.000000 linecnt:773 exp_idx:225 cur_luma:1610612736 led_est:1079026952
01-30 17:39:16.643   492 16102 E mm-camera: c2d_thread_handle_process_buf_event:190 input buf index 6
01-30 17:39:16.643   492 16102 E mm-camera: c2d_thread_handle_process_buf_event:207 input vaddr b334a000
01-30 17:39:16.693   492 16102 E mm-camera: c2d_thread_handle_process_buf_event:190 input buf index 4
01-30 17:39:16.693   492 16102 E mm-camera: c2d_thread_handle_process_buf_event:207 input vaddr b342c000
01-30 17:39:16.693   492 16138 E AEC_PORT: aec_port_save_update:real_gain:1.000000 linecnt:773 exp_idx:225 cur_luma:1073741824 led_est:1079026854
01-30 17:39:16.743   492 16102 E mm-camera: c2d_thread_handle_process_buf_event:190 input buf index 5
01-30 17:39:16.743   492 16102 E mm-camera: c2d_thread_handle_process_buf_event:207 input vaddr b33bb000
01-30 17:39:16.743   492 16097 E         : dmlroc_entry  entering dmlroc_entry
01-30 17:39:16.783  7854  7854 D MobiFace:  DEBUG - [event] trackingInfo_cb
01-30 17:39:16.783  7854  7854 D MobiFace:  DEBUG - [event] positionInstruction_cb
01-30 17:39:16.783  7854  7854 D MobiFace:  DEBUG - [event] freeImage_cb
01-30 17:39:16.783  7854  7854 D MobiFace:  DEBUG - pushImage2: 0
01-30 17:39:16.793  7854 14954 D MobiFace:  DEBUG - getPositionInfo
01-30 17:39:16.793  7854  7858 D MobiFace:  DEBUG - getChallenge
01-30 17:39:16.793  7854 15177 D MobiFace:  DEBUG - getChallengeInfo
01-30 17:39:16.793 15728 15728 I GeckoDump: Got analysisResult:0
01-30 17:39:16.793 15728 15728 I GeckoDump: Got analysisInfo:1
01-30 17:39:16.793 15728 15728 I GeckoDump: Got matchScore0
01-30 17:39:16.793 15728 15728 I GeckoDump: Got payload is null
01-30 17:39:16.793 15728 15728 I GeckoDump: Got bestImage is null
01-30 17:39:16.793   492 16138 E AEC_PORT: aec_port_save_update:real_gain:1.000000 linecnt:773 exp_idx:225 cur_luma:0 led_est:1079026821
01-30 17:39:16.793   492 16102 E mm-camera: c2d_thread_handle_process_buf_event:190 input buf index 6
01-30 17:39:16.793   492 16102 E mm-camera: c2d_thread_handle_process_buf_event:207 input vaddr b334a000
01-30 17:39:16.803 15728 16152 D FrServiceClient:  DEBUG - tiem taken: 12.000000
01-30 17:39:16.803  7854  7858 D MobiFace:  DEBUG - frameParams: 6 640 480 720 270
01-30 17:39:16.803 15728 16152 D FrServiceClient:  DEBUG - mobiFace_pushFrame frame 0xacb01000 460800
01-30 17:39:16.803 15728 16152 D FrServiceClient:  DEBUG - IdemiaFrServiceImpl::StartFaceAnalysis: FrServiceClient 460800
01-30 17:39:16.833  7854 15177 D MobiFace:  DEBUG - pushImage2: 0xb7ae69c8 0xb7ae6d60 0xb44ce008 460800 1 -1213303792 0x537c90ae
01-30 17:39:16.853   492 16138 E AEC_PORT: aec_port_save_update:real_gain:1.000000 linecnt:773 exp_idx:225 cur_luma:1610612736 led_est:1079028665
01-30 17:39:16.853   492 16102 E mm-camera: c2d_thread_handle_process_buf_event:190 input buf index 4
01-30 17:39:16.853   492 16102 E mm-camera: c2d_thread_handle_process_buf_event:207 input vaddr b342c000
01-30 17:39:16.903   492 16102 E mm-camera: c2d_thread_handle_process_buf_event:190 input buf index 5
01-30 17:39:16.903   492 16102 E mm-camera: c2d_thread_handle_process_buf_event:207 input vaddr b33bb000
01-30 17:39:16.903   492 16138 E AEC_PORT: aec_port_save_update:real_gain:1.000000 linecnt:773 exp_idx:225 cur_luma:-1073741824 led_est:1079028659
01-30 17:39:16.953   492 16102 E mm-camera: c2d_thread_handle_process_buf_event:190 input buf index 6
01-30 17:39:16.953   492 16102 E mm-camera: c2d_thread_handle_process_buf_event:207 input vaddr b334a000
01-30 17:39:16.953   492 16138 E AEC_PORT: aec_port_save_update:real_gain:1.000000 linecnt:773 exp_idx:225 cur_luma:536870912 led_est:1079028919
01-30 17:39:16.993  7854 15177 D MobiFace:  DEBUG - [event] trackingInfo_cb
01-30 17:39:16.993  7854 15177 D MobiFace:  DEBUG - [event] positionInstruction_cb
01-30 17:39:16.993  7854 15177 D MobiFace:  DEBUG - [event] freeImage_cb
01-30 17:39:16.993  7854 15177 D MobiFace:  DEBUG - pushImage2: 0
01-30 17:39:16.993  7854  7854 D MobiFace:  DEBUG - getPositionInfo
01-30 17:39:16.993  7854 14954 D MobiFace:  DEBUG - getChallenge
01-30 17:39:16.993  7854  7858 D MobiFace:  DEBUG - getChallengeInfo
01-30 17:39:16.993 15728 15728 I GeckoDump: Got analysisResult:0
01-30 17:39:16.993 15728 15728 I GeckoDump: Got analysisInfo:1
01-30 17:39:16.993 15728 15728 I GeckoDump: Got matchScore0
01-30 17:39:16.993 15728 15728 I GeckoDump: Got payload is null
01-30 17:39:16.993 15728 15728 I GeckoDump: Got bestImage is null
01-30 17:39:17.003   492 16138 E AEC_PORT: aec_port_save_update:real_gain:1.000000 linecnt:773 exp_idx:225 cur_luma:536870912 led_est:1079029007
01-30 17:39:17.003   492 16102 E mm-camera: c2d_thread_handle_process_buf_event:190 input buf index 4
01-30 17:39:17.003   492 16102 E mm-camera: c2d_thread_handle_process_buf_event:207 input vaddr b342c000
01-30 17:39:17.003 15728 16152 D FrServiceClient:  DEBUG - tiem taken: 13.000000
01-30 17:39:17.003  7854 14954 D MobiFace:  DEBUG - frameParams: 6 640 480 720 270
01-30 17:39:17.003 15728 16152 D FrServiceClient:  DEBUG - mobiFace_pushFrame frame 0xad801000 460800
01-30 17:39:17.003 15728 16152 D FrServiceClient:  DEBUG - IdemiaFrServiceImpl::StartFaceAnalysis: FrServiceClient 460800
01-30 17:39:17.023  7854  7858 D MobiFace:  DEBUG - pushImage2: 0xb7ae69c8 0xb7ae6d60 0xb44ce008 460800 1 -1213330272 0x537f87cb
01-30 17:39:17.053   492 16138 E AEC_PORT: aec_port_save_update:real_gain:1.000000 linecnt:773 exp_idx:225 cur_luma:-536870912 led_est:1079029580
01-30 17:39:17.053   492 16102 E mm-camera: c2d_thread_handle_process_buf_event:190 input buf index 5
01-30 17:39:17.053   492 16102 E mm-camera: c2d_thread_handle_process_buf_event:207 input vaddr b33bb000
01-30 17:39:17.103   492 16138 E AEC_PORT: aec_port_save_update:real_gain:1.000000 linecnt:773 exp_idx:225 cur_luma:536870912 led_est:1079029562
01-30 17:39:17.103   492 16102 E mm-camera: c2d_thread_handle_process_buf_event:190 input buf index 6
01-30 17:39:17.103   492 16102 E mm-camera: c2d_thread_handle_process_buf_event:207 input vaddr b334a000
01-30 17:39:17.153   492 16102 E mm-camera: c2d_thread_handle_process_buf_event:190 input buf index 4
01-30 17:39:17.153   492 16102 E mm-camera: c2d_thread_handle_process_buf_event:207 input vaddr b342c000
01-30 17:39:17.153   492 16138 E AEC_PORT: aec_port_save_update:real_gain:1.000000 linecnt:773 exp_idx:225 cur_luma:1610612736 led_est:1079029821
01-30 17:39:17.163  7854  7858 D MobiFace:  DEBUG - [event] trackingInfo_cb
01-30 17:39:17.163  7854  7858 D MobiFace:  DEBUG - [event] positionInstruction_cb
01-30 17:39:17.163  7854  7858 D MobiFace:  DEBUG - [event] freeImage_cb
01-30 17:39:17.163  7854  7858 D MobiFace:  DEBUG - pushImage2: 0
01-30 17:39:17.163  7854 15177 D MobiFace:  DEBUG - getPositionInfo
01-30 17:39:17.163  7854  7854 D MobiFace:  DEBUG - getChallenge
01-30 17:39:17.163  7854 14954 D MobiFace:  DEBUG - getChallengeInfo
01-30 17:39:17.173 15728 15728 I GeckoDump: Got analysisResult:0
01-30 17:39:17.173 15728 15728 I GeckoDump: Got analysisInfo:1
01-30 17:39:17.173 15728 15728 I GeckoDump: Got matchScore0
01-30 17:39:17.173 15728 15728 I GeckoDump: Got payload is null
01-30 17:39:17.173 15728 15728 I GeckoDump: Got bestImage is null
01-30 17:39:17.183 15728 16152 D FrServiceClient:  DEBUG - tiem taken: 13.000000
01-30 17:39:17.183  7854  7854 D MobiFace:  DEBUG - frameParams: 6 640 480 720 270
01-30 17:39:17.183 15728 16152 D FrServiceClient:  DEBUG - mobiFace_pushFrame frame 0xad872000 460800
01-30 17:39:17.183 15728 16152 D FrServiceClient:  DEBUG - IdemiaFrServiceImpl::StartFaceAnalysis: FrServiceClient 460800
01-30 17:39:17.193  7854 14954 D MobiFace:  DEBUG - pushImage2: 0xb7ae69c8 0xb7ae6d60 0xb44ce008 460800 1 -1213304712 0x53821860
01-30 17:39:17.203   492 16138 E AEC_PORT: aec_port_save_update:real_gain:1.000000 linecnt:773 exp_idx:225 cur_luma:-1073741824 led_est:1079029701
01-30 17:39:17.203   492 16102 E mm-camera: c2d_thread_handle_process_buf_event:190 input buf index 5
01-30 17:39:17.203   492 16102 E mm-camera: c2d_thread_handle_process_buf_event:207 input vaddr b33bb000
01-30 17:39:17.253   492 16097 E         : dmlroc_entry  entering dmlroc_entry
01-30 17:39:17.253   492 16102 E mm-camera: c2d_thread_handle_process_buf_event:190 input buf index 6
01-30 17:39:17.253   492 16102 E mm-camera: c2d_thread_handle_process_buf_event:207 input vaddr b334a000
01-30 17:39:17.303   492 16138 E AEC_PORT: aec_port_save_update:real_gain:1.000000 linecnt:773 exp_idx:225 cur_luma:-1073741824 led_est:1079030084
01-30 17:39:17.303   492 16102 E mm-camera: c2d_thread_handle_process_buf_event:190 input buf index 4
01-30 17:39:17.303   492 16102 E mm-camera: c2d_thread_handle_process_buf_event:207 input vaddr b342c000
01-30 17:39:17.333  7854 14954 D MobiFace:  DEBUG - [event] trackingInfo_cb
01-30 17:39:17.333  7854 14954 D MobiFace:  DEBUG - [event] positionInstruction_cb
01-30 17:39:17.333  7854 14954 D MobiFace:  DEBUG - [event] freeImage_cb
01-30 17:39:17.333  7854 14954 D MobiFace:  DEBUG - pushImage2: 0
01-30 17:39:17.333  7854  7858 D MobiFace:  DEBUG - getPositionInfo
01-30 17:39:17.333  7854 15177 D MobiFace:  DEBUG - getChallenge
01-30 17:39:17.343  7854  7854 D MobiFace:  DEBUG - getChallengeInfo
01-30 17:39:17.343 15728 15728 I GeckoDump: Got analysisResult:0
01-30 17:39:17.343 15728 15728 I GeckoDump: Got analysisInfo:1
01-30 17:39:17.343 15728 15728 I GeckoDump: Got matchScore0
01-30 17:39:17.343 15728 15728 I GeckoDump: Got payload is null
01-30 17:39:17.343 15728 15728 I GeckoDump: Got bestImage is null
01-30 17:39:17.353 15728 16152 D FrServiceClient:  DEBUG - tiem taken: 13.000000
01-30 17:39:17.353  7854 15177 D MobiFace:  DEBUG - frameParams: 6 640 480 720 270
01-30 17:39:17.353 15728 16152 D FrServiceClient:  DEBUG - mobiFace_pushFrame frame 0xacb01000 460800
01-30 17:39:17.353 15728 16152 D FrServiceClient:  DEBUG - IdemiaFrServiceImpl::StartFaceAnalysis: FrServiceClient 460800
01-30 17:39:17.353   492 16138 E AEC_PORT: aec_port_save_update:real_gain:1.000000 linecnt:773 exp_idx:225 cur_luma:0 led_est:1079028317
01-30 17:39:17.363   492 16102 E mm-camera: c2d_thread_handle_process_buf_event:190 input buf index 5
01-30 17:39:17.363   492 16102 E mm-camera: c2d_thread_handle_process_buf_event:207 input vaddr b33bb000
01-30 17:39:17.383  7854  7854 D MobiFace:  DEBUG - pushImage2: 0xb7ae69c8 0xb7ae6d60 0xb44ce008 460800 1 -1213331312 0x5384fd97
01-30 17:39:17.403   492 16138 E AEC_PORT: aec_port_save_update:real_gain:1.000000 linecnt:773 exp_idx:225 cur_luma:-2147483648 led_est:1079028455
01-30 17:39:17.403   492 16102 E mm-camera: c2d_thread_handle_process_buf_event:190 input buf index 6
01-30 17:39:17.403   492 16102 E mm-camera: c2d_thread_handle_process_buf_event:207 input vaddr b334a000
01-30 17:39:17.453   492 16102 E mm-camera: c2d_thread_handle_process_buf_event:190 input buf index 4
01-30 17:39:17.453   492 16102 E mm-camera: c2d_thread_handle_process_buf_event:207 input vaddr b342c000
01-30 17:39:17.463   492 16138 E AEC_PORT: aec_port_save_update:real_gain:1.000000 linecnt:773 exp_idx:225 cur_luma:0 led_est:1079028182
01-30 17:39:17.503   492 16102 E mm-camera: c2d_thread_handle_process_buf_event:190 input buf index 5
01-30 17:39:17.503   492 16102 E mm-camera: c2d_thread_handle_process_buf_event:207 input vaddr b33bb000
01-30 17:39:17.513   492 16138 E AEC_PORT: aec_port_save_update:real_gain:1.000000 linecnt:773 exp_idx:225 cur_luma:536870912 led_est:1079028443
01-30 17:39:17.523  7854  7854 D MobiFace:  DEBUG - [event] trackingInfo_cb
01-30 17:39:17.523  7854  7854 D MobiFace:  DEBUG - [event] positionInstruction_cb
01-30 17:39:17.523  7854  7854 D MobiFace:  DEBUG - [event] freeImage_cb
01-30 17:39:17.523  7854  7854 D MobiFace:  DEBUG - pushImage2: 0
01-30 17:39:17.523  7854  7858 D MobiFace:  DEBUG - getPositionInfo
01-30 17:39:17.523  7854 15177 D MobiFace:  DEBUG - getChallenge
01-30 17:39:17.523  7854  7858 D MobiFace:  DEBUG - getChallengeInfo
01-30 17:39:17.523 15728 15728 I GeckoDump: Got analysisResult:0
01-30 17:39:17.523 15728 15728 I GeckoDump: Got analysisInfo:1
01-30 17:39:17.523 15728 15728 I GeckoDump: Got matchScore0
01-30 17:39:17.533 15728 15728 I GeckoDump: Got payload is null
01-30 17:39:17.533 15728 15728 I GeckoDump: Got bestImage is null
01-30 17:39:17.543 15728 16152 D FrServiceClient:  DEBUG - tiem taken: 13.000000
01-30 17:39:17.543  7854 15177 D MobiFace:  DEBUG - frameParams: 6 640 480 720 270
01-30 17:39:17.543 15728 16152 D FrServiceClient:  DEBUG - mobiFace_pushFrame frame 0xad801000 460800
01-30 17:39:17.543 15728 16152 D FrServiceClient:  DEBUG - IdemiaFrServiceImpl::StartFaceAnalysis: FrServiceClient 460800
01-30 17:39:17.553  7854  7854 D MobiFace:  DEBUG - pushImage2: 0xb7ae69c8 0xb7ae6d60 0xb44ce008 460800 1 -1213331312 0x53879ba1
01-30 17:39:17.563   492 16138 E AEC_PORT: aec_port_save_update:real_gain:1.000000 linecnt:773 exp_idx:225 cur_luma:1073741824 led_est:1079028493
01-30 17:39:17.563   492 16102 E mm-camera: c2d_thread_handle_process_buf_event:190 input buf index 6
01-30 17:39:17.563   492 16102 E mm-camera: c2d_thread_handle_process_buf_event:207 input vaddr b334a000
01-30 17:39:17.613   492 16138 E AEC_PORT: aec_port_save_update:real_gain:1.000000 linecnt:773 exp_idx:225 cur_luma:-1073741824 led_est:1079028139
01-30 17:39:17.613   492 16102 E mm-camera: c2d_thread_handle_process_buf_event:190 input buf index 4
01-30 17:39:17.613   492 16102 E mm-camera: c2d_thread_handle_process_buf_event:207 input vaddr b342c000
01-30 17:39:17.663   492 16138 E AEC_PORT: aec_port_save_update:real_gain:1.000000 linecnt:773 exp_idx:225 cur_luma:-1073741824 led_est:1079028598
01-30 17:39:17.663   492 16102 E mm-camera: c2d_thread_handle_process_buf_event:190 input buf index 5
01-30 17:39:17.663   492 16102 E mm-camera: c2d_thread_handle_process_buf_event:207 input vaddr b33bb000
01-30 17:39:17.703  7854  7854 D MobiFace:  DEBUG - [event] trackingInfo_cb
01-30 17:39:17.703  7854  7854 D MobiFace:  DEBUG - [event] positionInstruction_cb
01-30 17:39:17.703  7854  7854 D MobiFace:  DEBUG - [event] freeImage_cb
01-30 17:39:17.703  7854  7854 D MobiFace:  DEBUG - pushImage2: 0
01-30 17:39:17.703  7854 14954 D MobiFace:  DEBUG - getPositionInfo
01-30 17:39:17.703  7854  7858 D MobiFace:  DEBUG - getChallenge
01-30 17:39:17.703  7854 15177 D MobiFace:  DEBUG - getChallengeInfo
01-30 17:39:17.713 15728 15728 I GeckoDump: Got analysisResult:0
01-30 17:39:17.713 15728 15728 I GeckoDump: Got analysisInfo:1
01-30 17:39:17.713 15728 15728 I GeckoDump: Got matchScore0
01-30 17:39:17.713 15728 15728 I GeckoDump: Got payload is null
01-30 17:39:17.713 15728 15728 I GeckoDump: Got bestImage is null
01-30 17:39:17.713   492 16138 E AEC_PORT: aec_port_save_update:real_gain:1.000000 linecnt:773 exp_idx:225 cur_luma:-1610612736 led_est:1079028284
01-30 17:39:17.713   492 16102 E mm-camera: c2d_thread_handle_process_buf_event:190 input buf index 6
01-30 17:39:17.713   492 16102 E mm-camera: c2d_thread_handle_process_buf_event:207 input vaddr b334a000
01-30 17:39:17.723 15728 16152 D FrServiceClient:  DEBUG - tiem taken: 13.000000
01-30 17:39:17.723  7854  7858 D MobiFace:  DEBUG - frameParams: 6 640 480 720 270
01-30 17:39:17.723 15728 16152 D FrServiceClient:  DEBUG - mobiFace_pushFrame frame 0xad872000 460800
01-30 17:39:17.723 15728 16152 D FrServiceClient:  DEBUG - IdemiaFrServiceImpl::StartFaceAnalysis: FrServiceClient 460800
01-30 17:39:17.743  7854 15177 D MobiFace:  DEBUG - pushImage2: 0xb7ae69c8 0xb7ae6d60 0xb44ce008 460800 1 -1213303792 0x538a6779
01-30 17:39:17.763   492 16097 E         : dmlroc_entry  entering dmlroc_entry
01-30 17:39:17.763   492 16102 E mm-camera: c2d_thread_handle_process_buf_event:190 input buf index 4
01-30 17:39:17.763   492 16102 E mm-camera: c2d_thread_handle_process_buf_event:207 input vaddr b342c000
01-30 17:39:17.813   492 16138 E AEC_PORT: aec_port_save_update:real_gain:1.000000 linecnt:773 exp_idx:225 cur_luma:-1073741824 led_est:1079027737
01-30 17:39:17.813   492 16102 E mm-camera: c2d_thread_handle_process_buf_event:190 input buf index 5
01-30 17:39:17.813   492 16102 E mm-camera: c2d_thread_handle_process_buf_event:207 input vaddr b33bb000
01-30 17:39:17.863   492 16102 E mm-camera: c2d_thread_handle_process_buf_event:190 input buf index 6
01-30 17:39:17.863   492 16102 E mm-camera: c2d_thread_handle_process_buf_event:207 input vaddr b334a000
01-30 17:39:17.863   492 16138 E AEC_PORT: aec_port_save_update:real_gain:1.000000 linecnt:773 exp_idx:225 cur_luma:-536870912 led_est:1079030625
01-30 17:39:17.873  7854 15177 D MobiFace:  DEBUG - [event] trackingInfo_cb
01-30 17:39:17.873  7854 15177 D MobiFace:  DEBUG - [event] positionInstruction_cb
01-30 17:39:17.873  7854 15177 D MobiFace:  DEBUG - [event] freeImage_cb
01-30 17:39:17.873  7854 15177 D MobiFace:  DEBUG - pushImage2: 0
01-30 17:39:17.873  7854  7854 D MobiFace:  DEBUG - getPositionInfo
01-30 17:39:17.873  7854 14954 D MobiFace:  DEBUG - getChallenge
01-30 17:39:17.873  7854  7854 D MobiFace:  DEBUG - getChallengeInfo
01-30 17:39:17.873 15728 15728 I GeckoDump: Got analysisResult:0
01-30 17:39:17.873 15728 15728 I GeckoDump: Got analysisInfo:1
01-30 17:39:17.873 15728 15728 I GeckoDump: Got matchScore0
01-30 17:39:17.873 15728 15728 I GeckoDump: Got payload is null
01-30 17:39:17.873 15728 15728 I GeckoDump: Got bestImage is null
01-30 17:39:17.883 15728 16152 D FrServiceClient:  DEBUG - tiem taken: 13.000000
01-30 17:39:17.893  7854  7854 D MobiFace:  DEBUG - frameParams: 6 640 480 720 270
01-30 17:39:17.893 15728 16152 D FrServiceClient:  DEBUG - mobiFace_pushFrame frame 0xacb01000 460800
01-30 17:39:17.893 15728 16152 D FrServiceClient:  DEBUG - IdemiaFrServiceImpl::StartFaceAnalysis: FrServiceClient 460800
01-30 17:39:17.903  7854 14954 D MobiFace:  DEBUG - pushImage2: 0xb7ae69c8 0xb7ae6d60 0xb44ce008 460800 1 -1213304712 0x538ce756
01-30 17:39:17.913   492 16102 E mm-camera: c2d_thread_handle_process_buf_event:190 input buf index 4
01-30 17:39:17.913   492 16102 E mm-camera: c2d_thread_handle_process_buf_event:207 input vaddr b342c000
01-30 17:39:17.913   492 16138 E AEC_PORT: aec_port_save_update:real_gain:1.000000 linecnt:773 exp_idx:225 cur_luma:-1610612736 led_est:1079031155
01-30 17:39:17.973   492 16138 E AEC_PORT: aec_port_save_update:real_gain:1.000000 linecnt:773 exp_idx:225 cur_luma:-1073741824 led_est:1079030671
01-30 17:39:17.973   492 16102 E mm-camera: c2d_thread_handle_process_buf_event:190 input buf index 5
01-30 17:39:17.973   492 16102 E mm-camera: c2d_thread_handle_process_buf_event:207 input vaddr b33bb000
01-30 17:39:18.023   492 16138 E AEC_PORT: aec_port_save_update:real_gain:1.000000 linecnt:773 exp_idx:225 cur_luma:1610612736 led_est:1079030411
01-30 17:39:18.023   492 16102 E mm-camera: c2d_thread_handle_process_buf_event:190 input buf index 6
01-30 17:39:18.023   492 16102 E mm-camera: c2d_thread_handle_process_buf_event:207 input vaddr b334a000
01-30 17:39:18.043  7854 14954 D MobiFace:  DEBUG - [event] trackingInfo_cb
01-30 17:39:18.043  7854 14954 D MobiFace:  DEBUG - [event] positionInstruction_cb
01-30 17:39:18.043  7854 14954 D MobiFace:  DEBUG - [event] freeImage_cb
01-30 17:39:18.043  7854 14954 D MobiFace:  DEBUG - pushImage2: 0
01-30 17:39:18.043  7854 15177 D MobiFace:  DEBUG - getPositionInfo
01-30 17:39:18.043  7854  7858 D MobiFace:  DEBUG - getChallenge
01-30 17:39:18.043  7854  7854 D MobiFace:  DEBUG - getChallengeInfo
01-30 17:39:18.043 15728 15728 I GeckoDump: Got analysisResult:0
01-30 17:39:18.043 15728 15728 I GeckoDump: Got analysisInfo:1
01-30 17:39:18.043 15728 15728 I GeckoDump: Got matchScore0
01-30 17:39:18.043 15728 15728 I GeckoDump: Got payload is null
01-30 17:39:18.043 15728 15728 I GeckoDump: Got bestImage is null
01-30 17:39:18.053 15728 16152 D FrServiceClient:  DEBUG - tiem taken: 14.000000
01-30 17:39:18.053  7854  7858 D MobiFace:  DEBUG - frameParams: 6 640 480 720 270
01-30 17:39:18.053 15728 16152 D FrServiceClient:  DEBUG - mobiFace_pushFrame frame 0xad801000 460800
01-30 17:39:18.053 15728 16152 D FrServiceClient:  DEBUG - IdemiaFrServiceImpl::StartFaceAnalysis: FrServiceClient 460800
01-30 17:39:18.063   492 16102 E mm-camera: c2d_thread_handle_process_buf_event:190 input buf index 4
01-30 17:39:18.063   492 16102 E mm-camera: c2d_thread_handle_process_buf_event:207 input vaddr b342c000
01-30 17:39:18.063   492 16138 E AEC_PORT: aec_port_save_update:real_gain:1.000000 linecnt:773 exp_idx:225 cur_luma:1073741824 led_est:1079030604
01-30 17:39:18.073  7854  7854 D MobiFace:  DEBUG - pushImage2: 0xb7ae69c8 0xb7ae6d60 0xb44ce008 460800 1 -1213331312 0x538f8624
01-30 17:39:18.113   492 16102 E mm-camera: c2d_thread_handle_process_buf_event:190 input buf index 5
01-30 17:39:18.113   492 16102 E mm-camera: c2d_thread_handle_process_buf_event:207 input vaddr b33bb000
01-30 17:39:18.123   492 16138 E AEC_PORT: aec_port_save_update:real_gain:1.000000 linecnt:773 exp_idx:225 cur_luma:1610612736 led_est:1079030620
01-30 17:39:18.173   492 16138 E AEC_PORT: aec_port_save_update:real_gain:1.000000 linecnt:773 exp_idx:225 cur_luma:1073741824 led_est:1079030534
01-30 17:39:18.173   492 16102 E mm-camera: c2d_thread_handle_process_buf_event:190 input buf index 6
01-30 17:39:18.173   492 16102 E mm-camera: c2d_thread_handle_process_buf_event:207 input vaddr b334a000
01-30 17:39:18.213  5463  5463 D wpa_supplicant: wlan0: Control interface command 'SIGNAL_POLL'
01-30 17:39:18.223   492 16138 E AEC_PORT: aec_port_save_update:real_gain:1.000000 linecnt:773 exp_idx:225 cur_luma:-2147483648 led_est:1079030557
01-30 17:39:18.223   492 16102 E mm-camera: c2d_thread_handle_process_buf_event:190 input buf index 4
01-30 17:39:18.223   492 16102 E mm-camera: c2d_thread_handle_process_buf_event:207 input vaddr b342c000
01-30 17:39:18.233  5463  5463 D wpa_supplicant: CTRL-DEBUG: global_ctrl_sock-sendto: sock=11 sndbuf=163840 outq=0 send_len=48
01-30 17:39:18.233  7854  7854 D MobiFace:  DEBUG - [event] trackingInfo_cb
01-30 17:39:18.233  7854  7854 D MobiFace:  DEBUG - [event] positionInstruction_cb
01-30 17:39:18.233  7854  7854 D MobiFace:  DEBUG - [event] freeImage_cb
01-30 17:39:18.233  7854  7854 D MobiFace:  DEBUG - pushImage2: 0
01-30 17:39:18.233  7854 14954 D MobiFace:  DEBUG - getPositionInfo
01-30 17:39:18.233  7854 15177 D MobiFace:  DEBUG - getChallenge
01-30 17:39:18.233  7854  7858 D MobiFace:  DEBUG - getChallengeInfo
01-30 17:39:18.233 15728 15728 I GeckoDump: Got analysisResult:0
01-30 17:39:18.233 15728 15728 I GeckoDump: Got analysisInfo:1
01-30 17:39:18.233 15728 15728 I GeckoDump: Got matchScore0
01-30 17:39:18.233 15728 15728 I GeckoDump: Got payload is null
01-30 17:39:18.233 15728 15728 I GeckoDump: Got bestImage is null
01-30 17:39:18.243 15728 16152 D FrServiceClient:  DEBUG - tiem taken: 14.000000
01-30 17:39:18.243  7854 15177 D MobiFace:  DEBUG - frameParams: 6 640 480 720 270
01-30 17:39:18.243 15728 16152 D FrServiceClient:  DEBUG - mobiFace_pushFrame frame 0xad872000 460800
01-30 17:39:18.243 15728 16152 D FrServiceClient:  DEBUG - IdemiaFrServiceImpl::StartFaceAnalysis: FrServiceClient 460800
01-30 17:39:18.263  7854  7858 D MobiFace:  DEBUG - pushImage2: 0xb7ae69c8 0xb7ae6d60 0xb44ce008 460800 1 -1213330272 0x5392647b
01-30 17:39:18.273   492 16097 E         : dmlroc_entry  entering dmlroc_entry
01-30 17:39:18.273   492 16102 E mm-camera: c2d_thread_handle_process_buf_event:190 input buf index 5
01-30 17:39:18.273   492 16102 E mm-camera: c2d_thread_handle_process_buf_event:207 input vaddr b33bb000
01-30 17:39:18.323   492 16138 E AEC_PORT: aec_port_save_update:real_gain:1.000000 linecnt:773 exp_idx:225 cur_luma:1073741824 led_est:1079030663
01-30 17:39:18.323   492 16102 E mm-camera: c2d_thread_handle_process_buf_event:190 input buf index 6
01-30 17:39:18.323   492 16102 E mm-camera: c2d_thread_handle_process_buf_event:207 input vaddr b334a000
01-30 17:39:18.373   492 16138 E AEC_PORT: aec_port_save_update:real_gain:1.000000 linecnt:773 exp_idx:225 cur_luma:-536870912 led_est:1079028099
01-30 17:39:18.373   492 16102 E mm-camera: c2d_thread_handle_process_buf_event:190 input buf index 4
01-30 17:39:18.373   492 16102 E mm-camera: c2d_thread_handle_process_buf_event:207 input vaddr b342c000
01-30 17:39:18.403  7854  7858 D MobiFace:  DEBUG - [event] trackingInfo_cb
01-30 17:39:18.403  7854  7858 D MobiFace:  DEBUG - [event] positionInstruction_cb
01-30 17:39:18.403  7854  7858 D MobiFace:  DEBUG - [event] freeImage_cb
01-30 17:39:18.403  7854  7858 D MobiFace:  DEBUG - pushImage2: 0
01-30 17:39:18.403  7854  7854 D MobiFace:  DEBUG - getPositionInfo
01-30 17:39:18.403  7854 14954 D MobiFace:  DEBUG - getChallenge
01-30 17:39:18.403  7854 15177 D MobiFace:  DEBUG - getChallengeInfo
01-30 17:39:18.403 15728 15728 I GeckoDump: Got analysisResult:0
01-30 17:39:18.403 15728 15728 I GeckoDump: Got analysisInfo:1
01-30 17:39:18.403 15728 15728 I GeckoDump: Got matchScore0
01-30 17:39:18.403 15728 15728 I GeckoDump: Got payload is null
01-30 17:39:18.403 15728 15728 I GeckoDump: Got bestImage is null
01-30 17:39:18.413 15728 16152 D FrServiceClient:  DEBUG - tiem taken: 14.000000
01-30 17:39:18.413  7854 14954 D MobiFace:  DEBUG - frameParams: 6 640 480 720 270
01-30 17:39:18.423 15728 16152 D FrServiceClient:  DEBUG - mobiFace_pushFrame frame 0xacb01000 460800
01-30 17:39:18.423 15728 16152 D FrServiceClient:  DEBUG - IdemiaFrServiceImpl::StartFaceAnalysis: FrServiceClient 460800
01-30 17:39:18.423   492 16102 E mm-camera: c2d_thread_handle_process_buf_event:190 input buf index 5
01-30 17:39:18.423   492 16102 E mm-camera: c2d_thread_handle_process_buf_event:207 input vaddr b33bb000
01-30 17:39:18.433   492 16138 E AEC_PORT: aec_port_save_update:real_gain:1.000000 linecnt:773 exp_idx:225 cur_luma:1610612736 led_est:1079028120
01-30 17:39:18.443  7854 15177 D MobiFace:  DEBUG - pushImage2: 0xb7ae69c8 0xb7ae6d60 0xb44ce008 460800 1 -1213303792 0x53950ce5
01-30 17:39:18.473   492 16138 E AEC_PORT: aec_port_save_update:real_gain:1.000000 linecnt:773 exp_idx:225 cur_luma:0 led_est:1079028171
01-30 17:39:18.473   492 16102 E mm-camera: c2d_thread_handle_process_buf_event:190 input buf index 6
01-30 17:39:18.473   492 16102 E mm-camera: c2d_thread_handle_process_buf_event:207 input vaddr b334a000
01-30 17:39:18.513  2227  2227 E sdcard  : missing packages.list; retrying
01-30 17:39:18.523   492 16138 E AEC_PORT: aec_port_save_update:real_gain:1.000000 linecnt:773 exp_idx:225 cur_luma:-1610612736 led_est:1079028482
01-30 17:39:18.523   492 16102 E mm-camera: c2d_thread_handle_process_buf_event:190 input buf index 4
01-30 17:39:18.523   492 16102 E mm-camera: c2d_thread_handle_process_buf_event:207 input vaddr b342c000
01-30 17:39:18.573   492 16102 E mm-camera: c2d_thread_handle_process_buf_event:190 input buf index 5
01-30 17:39:18.573   492 16102 E mm-camera: c2d_thread_handle_process_buf_event:207 input vaddr b33bb000
01-30 17:39:18.573  7854 15177 D MobiFace:  DEBUG - [event] trackingInfo_cb
01-30 17:39:18.573  7854 15177 D MobiFace:  DEBUG - [event] positionInstruction_cb
01-30 17:39:18.573  7854 15177 D MobiFace:  DEBUG - [event] freeImage_cb
01-30 17:39:18.573  7854 15177 D MobiFace:  DEBUG - pushImage2: 0
01-30 17:39:18.573  7854  7854 D MobiFace:  DEBUG - getPositionInfo
01-30 17:39:18.573  7854 15177 D MobiFace:  DEBUG - getChallenge
01-30 17:39:18.573  7854  7854 D MobiFace:  DEBUG - getChallengeInfo
01-30 17:39:18.573   492 16138 E AEC_PORT: aec_port_save_update:real_gain:1.000000 linecnt:773 exp_idx:225 cur_luma:-2147483648 led_est:1079028393
01-30 17:39:18.573 15728 15728 I GeckoDump: Got analysisResult:0
01-30 17:39:18.573 15728 15728 I GeckoDump: Got analysisInfo:1
01-30 17:39:18.573 15728 15728 I GeckoDump: Got matchScore0
01-30 17:39:18.573 15728 15728 I GeckoDump: Got payload is null
01-30 17:39:18.573 15728 15728 I GeckoDump: Got bestImage is null
01-30 17:39:18.583 15728 16152 D FrServiceClient:  DEBUG - tiem taken: 14.000000
01-30 17:39:18.593  7854 15177 D MobiFace:  DEBUG - frameParams: 6 640 480 720 270
01-30 17:39:18.593 15728 16152 D FrServiceClient:  DEBUG - mobiFace_pushFrame frame 0xad801000 460800
01-30 17:39:18.593 15728 16152 D FrServiceClient:  DEBUG - IdemiaFrServiceImpl::StartFaceAnalysis: FrServiceClient 460800
01-30 17:39:18.613  7854 14954 D MobiFace:  DEBUG - pushImage2: 0xb7ae69c8 0xb7ae6d60 0xb44ce008 460800 1 -1213304712 0x5397ae6d
01-30 17:39:18.633   492 16102 E mm-camera: c2d_thread_handle_process_buf_event:190 input buf index 6
01-30 17:39:18.633   492 16102 E mm-camera: c2d_thread_handle_process_buf_event:207 input vaddr b334a000
01-30 17:39:18.633   492 16138 E AEC_PORT: aec_port_save_update:real_gain:1.000000 linecnt:773 exp_idx:225 cur_luma:-1073741824 led_est:1079028088
01-30 17:39:18.673   492 16138 E AEC_PORT: aec_port_save_update:real_gain:1.000000 linecnt:773 exp_idx:225 cur_luma:536870912 led_est:1079028708
01-30 17:39:18.673   492 16102 E mm-camera: c2d_thread_handle_process_buf_event:190 input buf index 4
01-30 17:39:18.683   492 16102 E mm-camera: c2d_thread_handle_process_buf_event:207 input vaddr b342c000
01-30 17:39:18.723   492 16102 E mm-camera: c2d_thread_handle_process_buf_event:190 input buf index 5
01-30 17:39:18.723   492 16102 E mm-camera: c2d_thread_handle_process_buf_event:207 input vaddr b33bb000
01-30 17:39:18.733   492 16138 E AEC_PORT: aec_port_save_update:real_gain:1.000000 linecnt:773 exp_idx:225 cur_luma:-536870912 led_est:1079028481
01-30 17:39:18.763  7854 14954 D MobiFace:  DEBUG - [event] trackingInfo_cb
01-30 17:39:18.763  7854 14954 D MobiFace:  DEBUG - [event] positionInstruction_cb
01-30 17:39:18.763  7854 14954 D MobiFace:  DEBUG - [event] freeImage_cb
01-30 17:39:18.763  7854 14954 D MobiFace:  DEBUG - pushImage2: 0
01-30 17:39:18.763  7854  7858 D MobiFace:  DEBUG - getPositionInfo
01-30 17:39:18.763  7854  7854 D MobiFace:  DEBUG - getChallenge
01-30 17:39:18.763  7854 15177 D MobiFace:  DEBUG - getChallengeInfo
01-30 17:39:18.763 15728 15728 I GeckoDump: Got analysisResult:0
01-30 17:39:18.763 15728 15728 I GeckoDump: Got analysisInfo:1
01-30 17:39:18.763 15728 15728 I GeckoDump: Got matchScore0
01-30 17:39:18.763 15728 15728 I GeckoDump: Got payload is null
01-30 17:39:18.763 15728 15728 I GeckoDump: Got bestImage is null
01-30 17:39:18.773 15728 16152 D FrServiceClient:  DEBUG - tiem taken: 14.000000
01-30 17:39:18.773  7854  7854 D MobiFace:  DEBUG - frameParams: 6 640 480 720 270
01-30 17:39:18.773 15728 16152 D FrServiceClient:  DEBUG - mobiFace_pushFrame frame 0xad872000 460800
01-30 17:39:18.773 15728 16152 D FrServiceClient:  DEBUG - IdemiaFrServiceImpl::StartFaceAnalysis: FrServiceClient 460800
01-30 17:39:18.773   492 16097 E         : dmlroc_entry  entering dmlroc_entry
01-30 17:39:18.783   492 16102 E mm-camera: c2d_thread_handle_process_buf_event:190 input buf index 6
01-30 17:39:18.783   492 16102 E mm-camera: c2d_thread_handle_process_buf_event:207 input vaddr b334a000
01-30 17:39:18.793  7854 15177 D MobiFace:  DEBUG - pushImage2: 0xb7ae69c8 0xb7ae6d60 0xb44ce008 460800 1 -1213303792 0x539a89fb
01-30 17:39:18.833   492 16138 E AEC_PORT: aec_port_save_update:real_gain:1.000000 linecnt:773 exp_idx:225 cur_luma:0 led_est:1079028253
01-30 17:39:18.833   492 16102 E mm-camera: c2d_thread_handle_process_buf_event:190 input buf index 4
01-30 17:39:18.833   492 16102 E mm-camera: c2d_thread_handle_process_buf_event:207 input vaddr b342c000
01-30 17:39:18.883   492 16138 E AEC_PORT: aec_port_save_update:real_gain:1.000000 linecnt:773 exp_idx:225 cur_luma:1610612736 led_est:1079028649
01-30 17:39:18.883   492 16102 E mm-camera: c2d_thread_handle_process_buf_event:190 input buf index 5
01-30 17:39:18.883   492 16102 E mm-camera: c2d_thread_handle_process_buf_event:207 input vaddr b33bb000
01-30 17:39:18.933   492 16102 E mm-camera: c2d_thread_handle_process_buf_event:190 input buf index 6
01-30 17:39:18.933   492 16102 E mm-camera: c2d_thread_handle_process_buf_event:207 input vaddr b334a000
01-30 17:39:18.933  7854 15177 D MobiFace:  DEBUG - [event] trackingInfo_cb
01-30 17:39:18.933  7854 15177 D MobiFace:  DEBUG - [event] positionInstruction_cb
01-30 17:39:18.933  7854 15177 D MobiFace:  DEBUG - [event] freeImage_cb
01-30 17:39:18.933  7854 15177 D MobiFace:  DEBUG - pushImage2: 0
01-30 17:39:18.933  7854 15177 D MobiFace:  DEBUG - getPositionInfo
01-30 17:39:18.933  7854 15177 D MobiFace:  DEBUG - getChallenge
01-30 17:39:18.933  7854 15177 D MobiFace:  DEBUG - getChallengeInfo
01-30 17:39:18.933 15728 15728 I GeckoDump: Got analysisResult:0
01-30 17:39:18.933 15728 15728 I GeckoDump: Got analysisInfo:1
01-30 17:39:18.933 15728 15728 I GeckoDump: Got matchScore0
01-30 17:39:18.933   492 16138 E AEC_PORT: aec_port_save_update:real_gain:1.000000 linecnt:773 exp_idx:225 cur_luma:-2147483648 led_est:1079028591
01-30 17:39:18.933 15728 15728 I GeckoDump: Got payload is null
01-30 17:39:18.933 15728 15728 I GeckoDump: Got bestImage is null
01-30 17:39:18.943 15728 16152 D FrServiceClient:  DEBUG - tiem taken: 14.000000
01-30 17:39:18.943  7854  7858 D MobiFace:  DEBUG - frameParams: 6 640 480 720 270
01-30 17:39:18.943 15728 16152 D FrServiceClient:  DEBUG - mobiFace_pushFrame frame 0xacb01000 460800
01-30 17:39:18.943 15728 16152 D FrServiceClient:  DEBUG - IdemiaFrServiceImpl::StartFaceAnalysis: FrServiceClient 460800
01-30 17:39:18.963  7854  7854 D MobiFace:  DEBUG - pushImage2: 0xb7ae69c8 0xb7ae6d60 0xb44ce008 460800 1 -1213331312 0x539d0d5c
01-30 17:39:18.983   492 16138 E AEC_PORT: aec_port_save_update:real_gain:1.000000 linecnt:773 exp_idx:225 cur_luma:-2147483648 led_est:1079027180
01-30 17:39:18.983   492 16102 E mm-camera: c2d_thread_handle_process_buf_event:190 input buf index 4
01-30 17:39:18.983   492 16102 E mm-camera: c2d_thread_handle_process_buf_event:207 input vaddr b342c000
01-30 17:39:18.993   425   558 D ThermalEngine: sensor_wait: case_therm Wait done.
01-30 17:39:18.993   425   558 D ThermalEngine: sensor_monitor: case_therm Reading 34000 .
01-30 17:39:18.993   425   558 I ThermalEngine: Sensor:case_therm:34000 mC
01-30 17:39:18.993   425   558 D ThermalEngine: update_active_thresh: case_therm Active(1), Hi(1) 40000, Lo(0) -2147483648, Interval(1) 5000
01-30 17:39:18.993   425   558 D ThermalEngine: sensor_monitor: case_therm Sensor wait.
01-30 17:39:18.993   425   558 D ThermalEngine: sensor_wait: case_therm Wait start. 5000ms
01-30 17:39:19.033   492 16102 E mm-camera: c2d_thread_handle_process_buf_event:190 input buf index 5
01-30 17:39:19.033   492 16102 E mm-camera: c2d_thread_handle_process_buf_event:207 input vaddr b33bb000
01-30 17:39:19.033   492 16138 E AEC_PORT: aec_port_save_update:real_gain:1.000000 linecnt:773 exp_idx:225 cur_luma:-1073741824 led_est:1079027345
01-30 17:39:19.083   492 16138 E AEC_PORT: aec_port_save_update:real_gain:1.000000 linecnt:773 exp_idx:225 cur_luma:536870912 led_est:1079027116
01-30 17:39:19.083   492 16102 E mm-camera: c2d_thread_handle_process_buf_event:190 input buf index 6
01-30 17:39:19.083   492 16102 E mm-camera: c2d_thread_handle_process_buf_event:207 input vaddr b334a000
01-30 17:39:19.103  7854  7854 D MobiFace:  DEBUG - [event] trackingInfo_cb
01-30 17:39:19.103  7854  7854 D MobiFace:  DEBUG - [event] positionInstruction_cb
