01-30 17:37:39.883   492 15322 E mm-camera-eztune: vendor/qcom/proprietary/mm-camera/mm-camera2/server-tuning/tuning/eztune_cam_adapter.cpp(667): "mct_stream_t* eztune::get_mct_stream(mct_pipeline_t*, eztune::mct_pipeline_get_stream_info_t*): no children"
01-30 17:37:39.883   492 15322 W mm-camera-eztune: vendor/qcom/proprietary/mm-camera/mm-camera2/server-tuning/tuning/eztune_cam_adapter.cpp(719): "Message send ignored as stream or stream state not valid"
01-30 17:37:39.883   492 15322 E mm-camera-eztune: vendor/qcom/proprietary/mm-camera/mm-camera2/server-tuning/tuning/eztune_cam_adapter.cpp(667): "mct_stream_t* eztune::get_mct_stream(mct_pipeline_t*, eztune::mct_pipeline_get_stream_info_t*): no children"
01-30 17:37:39.883   492 15322 W mm-camera-eztune: vendor/qcom/proprietary/mm-camera/mm-camera2/server-tuning/tuning/eztune_cam_adapter.cpp(719): "Message send ignored as stream or stream state not valid"
01-30 17:37:39.883   492 15322 E mm-camera-eztune: vendor/qcom/proprietary/mm-camera/mm-camera2/server-tuning/tuning/eztune_cam_adapter.cpp(667): "mct_stream_t* eztune::get_mct_stream(mct_pipeline_t*, eztune::mct_pipeline_get_stream_info_t*): no children"
01-30 17:37:39.883   492 15322 W mm-camera-eztune: vendor/qcom/proprietary/mm-camera/mm-camera2/server-tuning/tuning/eztune_cam_adapter.cpp(719): "Message send ignored as stream or stream state not valid"
01-30 17:37:39.883   492   492 I mm-camera-eztune: vendor/qcom/proprietary/mm-camera/mm-camera2/server-tuning/tuning/eztune_interface.cpp(381): "Delete Server : 0xb70f3d08"
01-30 17:37:39.883   492 15323 W mm-camera-sensor: vendor/qcom/proprietary/mm-camera/mm-camera2/server-tuning/tuning/mmcam_socket_utils.cpp(318): "Received event from non socket fd"
01-30 17:37:39.883   492 15323 W mm-camera-eztune: vendor/qcom/proprietary/mm-camera/mm-camera2/server-tuning/tuning/eztune_interface.cpp(72): "Stop message. Exiting server thread"
01-30 17:37:39.883   492 15323 E mm-camera-eztune: vendor/qcom/proprietary/mm-camera/mm-camera2/server-tuning/tuning/eztune_process.cpp(445): "Process layer not initialized. just return"
01-30 17:37:39.883   492   492 D mm-camera: mct_pipeline_stop_session - E
01-30 17:37:39.883   408  1560 D QCamera2HWI: int qcamera::QCamera2HardwareInterface::closeCamera(): X
01-30 17:37:39.883   408  1560 D QCamera2HWI: virtual qcamera::QCamera2HardwareInterface::~QCamera2HardwareInterface(): X
01-30 17:37:39.893   408  1560 D QCamera2HWI: [KPI Perf] static int qcamera::QCamera2HardwareInterface::close_camera_device(hw_device_t*): X
01-30 17:37:39.893   408  1560 E         : batterystats service unavailable!
01-30 17:37:39.893   408  1560 I CameraService: onTorchStatusChangedLocked: Torch status changed for cameraId=0, newStatus=1
01-30 17:37:39.893   408  1560 I CameraService: onTorchStatusChangedLocked: Torch status changed for cameraId=0, newStatus=1
01-30 17:37:39.893   408  1560 I CameraService: disconnect: Disconnected client for camera 0 for PID 15052
01-30 17:37:39.893 15052 15052 I FocusManager: * WindowRaised *
01-30 17:37:39.893 15052 15052 I FocusManager: -> focus is now on, tag: BUTTON, id: , class: move
01-30 17:37:39.893   453   453 I Gecko   : [BrowserElement] event type: keydown, key: Enter, target: [object HTMLDivElement], class: content p-ul
01-30 17:37:39.893   492 15348 D mm-camera: mct_pipeline_stop_session_thread thread_id is 15348
01-30 17:37:39.893   492 15348 D mm-camera: mct_pipeline_stop_session_thread: Stop module name: sensor - E
01-30 17:37:39.893   408   408 D NuPlayerDriver: reset(0xb8c25170)
01-30 17:37:39.893   408   408 D NuPlayerDriver: notifyListener_l(0xb8c25170), (8, 0, 0)
01-30 17:37:39.893   408 15301 W AMessage: failed to post message as target looper for handler 0 is gone.
01-30 17:37:39.893   408 15301 D NuPlayerDriver: notifyResetComplete(0xb8c25170)
01-30 17:37:39.893   408   408 D NuPlayerDriver: reset(0xb8c1e0a0)
01-30 17:37:39.893   408   408 D NuPlayerDriver: notifyListener_l(0xb8c1e0a0), (8, 0, 0)
01-30 17:37:39.893   408 15304 W AMessage: failed to post message as target looper for handler 0 is gone.
01-30 17:37:39.893   408 15304 D NuPlayerDriver: notifyResetComplete(0xb8c1e0a0)
01-30 17:37:39.893   408   408 D NuPlayerDriver: reset(0xb8bf8738)
01-30 17:37:39.893   408   408 D NuPlayerDriver: notifyListener_l(0xb8bf8738), (8, 0, 0)
01-30 17:37:39.893   408 15306 W AMessage: failed to post message as target looper for handler 0 is gone.
01-30 17:37:39.893   408 15306 D NuPlayerDriver: notifyResetComplete(0xb8bf8738)
01-30 17:37:39.913   492 15349 D mm-camera: mct_pipeline_stop_session_thread thread_id is 15349
01-30 17:37:39.913   492 15349 D mm-camera: mct_pipeline_stop_session_thread: Stop module name: iface - E
01-30 17:37:39.913   492 15349 D mm-camera: mct_pipeline_stop_session_thread: Stop module name: iface - X
01-30 17:37:39.913   492 15350 D mm-camera: mct_pipeline_stop_session_thread thread_id is 15350
01-30 17:37:39.913   492 15350 D mm-camera: mct_pipeline_stop_session_thread: Stop module name: isp - E
01-30 17:37:39.913   492 15350 E         : dmlroc_deinit
01-30 17:37:39.923   492 15350 D mm-camera: mct_pipeline_stop_session_thread: Stop module name: isp - X
01-30 17:37:39.923   492 15351 D mm-camera: mct_pipeline_stop_session_thread thread_id is 15351
01-30 17:37:39.923   492 15351 D mm-camera: mct_pipeline_stop_session_thread: Stop module name: stats - E
01-30 17:37:39.923   492 15351 D mm-camera: gyro_port_deinit , Enter 
01-30 17:37:39.923   492 15351 D mm-camera: gyro_port_deinit:Deinit Gyro port
01-30 17:37:39.923   492 15351 E mm-camera: gyro_port_deinit: Error in android Deinit
01-30 17:37:39.923   492 15351 D mm-camera: gyro_port_deinit , EXIT 
01-30 17:37:39.923   492 15351 D mm-camera: mct_pipeline_stop_session_thread: Stop module name: stats - X
01-30 17:37:39.923   492 15352 D mm-camera: mct_pipeline_stop_session_thread thread_id is 15352
01-30 17:37:39.923   492 15352 D mm-camera: mct_pipeline_stop_session_thread: Stop module name: pproc - E
01-30 17:37:39.923   492 15352 D mm-camera: c2d_module_stop_session:444, info: stopping session 1 ...
01-30 17:37:39.923   492 15317 D mm-camera: c2d_thread_process_pipe_message:793, C2D_THREAD_MSG_ABORT: c2d_thread exiting..
01-30 17:37:39.933   492 15352 D mm-camera: c2d_module_stop_session:488, info: session 1 stopped.
01-30 17:37:39.933   492 15352 D mm-camera: mct_pipeline_stop_session_thread: Stop module name: pproc - X
01-30 17:37:39.933   492 15353 D mm-camera: mct_pipeline_stop_session_thread thread_id is 15353
01-30 17:37:39.933   492 15348 D mm-camera: mct_pipeline_stop_session_thread: Stop module name: sensor - X
01-30 17:37:39.933   492 15321 E mm-camera: Got some events
01-30 17:37:39.953   492   492 E mm-camera: mct_pipeline_stop_session: left modules: 5
01-30 17:37:39.953   492   492 E mm-camera: mct_pipeline_stop_session: left modules: 4
01-30 17:37:39.953   492   492 E mm-camera: mct_pipeline_stop_session: left modules: 3
01-30 17:37:39.953   492   492 E mm-camera: mct_pipeline_stop_session: left modules: 2
01-30 17:37:39.953   492   492 E mm-camera: mct_pipeline_stop_session: left modules: 1
01-30 17:37:39.953   492 15353 D mm-camera: mct_pipeline_stop_session_thread: Stop module name: imglib - E
01-30 17:37:39.953   492 15353 D mm-camera: mct_pipeline_stop_session_thread: Stop module name: imglib - X
01-30 17:37:39.953   492   492 E mm-camera: mct_pipeline_stop_session: left modules: 0
01-30 17:37:39.953   492   492 D mm-camera: mct_pipeline_stop_session - X
01-30 17:37:39.983   453   453 I Gecko   : [BrowserElement] event type: keyup, key: Enter, target: [object HTMLIFrameElement], src: app://2ec57ac3-eee0-41a3-9d3f-e1b3e29e617f/splash.html, id: browser17, class: browser
01-30 17:37:39.988   492 15348 I KERNEL  : [ 6605.270278] msm_camera_config_single_vreg can't disable cam_vio
01-30 17:37:39.988   492 15348 I KERNEL  : [ 6605.270375] msm_sensor_config:1348 sensor state 0
01-30 17:37:40.003 15052 15052 I Gecko   : [BrowserElement] event type: keyup, key: Enter, target: [object HTMLButtonElement], class: move
01-30 17:37:40.1392     1     1 I KERNEL  : [ 6606.674345] init: Starting service 'updater-daemon'...
01-30 17:37:40.1411     1     1 I KERNEL  : [ 6606.694002] init: Service 'updater-daemon' (pid 15379) exited with status 127
01-30 17:37:40.1412     1     1 I KERNEL  : [ 6606.694082] init: Service 'updater-daemon' (pid 15379) killing any children in process group
01-30 17:37:41.813  5463  5463 D wpa_supplicant: wlan0: Control interface command 'SIGNAL_POLL'
01-30 17:37:41.843  5463  5463 D wpa_supplicant: CTRL-DEBUG: global_ctrl_sock-sendto: sock=11 sndbuf=163840 outq=0 send_len=48
01-30 17:37:42.323 15358 15383 I (Preallocated app): PAC file installed from data: URI
01-30 17:37:42.513  2227  2227 E sdcard  : missing packages.list; retrying
01-30 17:37:43.953   425   558 D ThermalEngine: sensor_wait: case_therm Wait done.
01-30 17:37:43.953   425   558 D ThermalEngine: sensor_monitor: case_therm Reading 32000 .
01-30 17:37:43.953   425   558 I ThermalEngine: Sensor:case_therm:32000 mC
01-30 17:37:43.953   425   558 D ThermalEngine: update_active_thresh: case_therm Active(1), Hi(1) 40000, Lo(0) -2147483648, Interval(1) 5000
01-30 17:37:43.953   425   558 D ThermalEngine: sensor_monitor: case_therm Sensor wait.
01-30 17:37:43.953   425   558 D ThermalEngine: sensor_wait: case_therm Wait start. 5000ms
01-30 17:37:44.823  5463  5463 D wpa_supplicant: wlan0: Control interface command 'SIGNAL_POLL'
01-30 17:37:44.843  5463  5463 D wpa_supplicant: CTRL-DEBUG: global_ctrl_sock-sendto: sock=11 sndbuf=163840 outq=0 send_len=48
01-30 17:37:44.983   453   453 I GeckoConsole: Content JS LOG: [AppUsage] got an event:  idle 
01-30 17:37:44.983   453   453 I GeckoConsole:     at debug (app://system.gaiamobile.org/js/app_usage_metrics.js:141:7)
01-30 17:37:45.513  2227  2227 E sdcard  : missing packages.list; retrying
01-30 17:37:45.1418     1     1 I KERNEL  : [ 6611.700414] init: Starting service 'updater-daemon'...
01-30 17:37:45.1439     1     1 I KERNEL  : [ 6611.721849] init: Service 'updater-daemon' (pid 15395) exited with status 127
01-30 17:37:45.1439     1     1 I KERNEL  : [ 6611.721938] init: Service 'updater-daemon' (pid 15395) killing any children in process group
01-30 17:37:47.823  5463  5463 D wpa_supplicant: wlan0: Control interface command 'SIGNAL_POLL'
01-30 17:37:47.853  5463  5463 D wpa_supplicant: CTRL-DEBUG: global_ctrl_sock-sendto: sock=11 sndbuf=163840 outq=0 send_len=48
01-30 17:37:48.513  2227  2227 E sdcard  : missing packages.list; retrying
01-30 17:37:48.953   425   558 D ThermalEngine: sensor_wait: case_therm Wait done.
01-30 17:37:48.953   425   558 D ThermalEngine: sensor_monitor: case_therm Reading 32000 .
01-30 17:37:48.953   425   558 I ThermalEngine: Sensor:case_therm:32000 mC
01-30 17:37:48.953   425   558 D ThermalEngine: update_active_thresh: case_therm Active(1), Hi(1) 40000, Lo(0) -2147483648, Interval(1) 5000
01-30 17:37:48.953   425   558 D ThermalEngine: sensor_monitor: case_therm Sensor wait.
01-30 17:37:48.953   425   558 D ThermalEngine: sensor_wait: case_therm Wait start. 5000ms
01-30 17:37:50.823  5463  5463 D wpa_supplicant: wlan0: Control interface command 'SIGNAL_POLL'
01-30 17:37:50.843  5463  5463 D wpa_supplicant: CTRL-DEBUG: global_ctrl_sock-sendto: sock=11 sndbuf=163840 outq=0 send_len=48
01-30 17:37:50.1446     1     1 I KERNEL  : [ 6616.728621] init: Starting service 'updater-daemon'...
01-30 17:37:50.1465     1     1 I KERNEL  : [ 6616.748012] init: Service 'updater-daemon' (pid 15410) exited with status 127
01-30 17:37:50.1466     1     1 I KERNEL  : [ 6616.748085] init: Service 'updater-daemon' (pid 15410) killing any children in process group
01-30 17:37:51.513  2227  2227 E sdcard  : missing packages.list; retrying
01-30 17:37:53.833  5463  5463 D wpa_supplicant: wlan0: Control interface command 'SIGNAL_POLL'
01-30 17:37:53.853  5463  5463 D wpa_supplicant: CTRL-DEBUG: global_ctrl_sock-sendto: sock=11 sndbuf=163840 outq=0 send_len=48
01-30 17:37:53.953   425   558 D ThermalEngine: sensor_wait: case_therm Wait done.
01-30 17:37:53.953   425   558 D ThermalEngine: sensor_monitor: case_therm Reading 32000 .
01-30 17:37:53.953   425   558 I ThermalEngine: Sensor:case_therm:32000 mC
01-30 17:37:53.953   425   558 D ThermalEngine: update_active_thresh: case_therm Active(1), Hi(1) 40000, Lo(0) -2147483648, Interval(1) 5000
01-30 17:37:53.953   425   558 D ThermalEngine: sensor_monitor: case_therm Sensor wait.
01-30 17:37:53.953   425   558 D ThermalEngine: sensor_wait: case_therm Wait start. 5000ms
01-30 17:37:54.503  2227  2227 E sdcard  : missing packages.list; retrying
01-30 17:37:55.943  5463  5463 D wpa_supplicant: wlan0: BSS: Remove id 112 BSSID 1c:5f:2b:9f:cf:5c SSID 'DSI-RND' due to wpa_bss_flush_by_age
01-30 17:37:55.943  5463  5463 D wpa_supplicant: CTRL-DEBUG: ctrl_sock-sendmsg: sock=11 sndbuf=163840 outq=0 send_len=44
01-30 17:37:55.943  5463  5463 D wpa_supplicant: CTRL_IFACE monitor sent successfully to /data/misc/wifi/sockets/wpa_ctrl_417-6\x00
01-30 17:37:55.943  5463  5463 D wpa_supplicant: CTRL-DEBUG: ctrl_sock-sendmsg: sock=11 sndbuf=163840 outq=448 send_len=44
01-30 17:37:55.943  5463  5463 D wpa_supplicant: CTRL_IFACE monitor sent successfully to /data/misc/wifi/sockets/wpa_ctrl_453-2\x00
01-30 17:37:55.943  5463  5463 D wpa_supplicant: wlan0: BSS: Remove id 115 BSSID b2:84:c6:12:80:4e SSID 'Boardroom' due to wpa_bss_flush_by_age
01-30 17:37:55.943  5463  5463 D wpa_supplicant: CTRL-DEBUG: ctrl_sock-sendmsg: sock=11 sndbuf=163840 outq=896 send_len=44
01-30 17:37:55.943  5463  5463 D wpa_supplicant: CTRL_IFACE monitor sent successfully to /data/misc/wifi/sockets/wpa_ctrl_417-6\x00
01-30 17:37:55.943  5463  5463 D wpa_supplicant: CTRL-DEBUG: ctrl_sock-sendmsg: sock=11 sndbuf=163840 outq=1344 send_len=44
01-30 17:37:55.943  5463  5463 D wpa_supplicant: CTRL_IFACE monitor sent successfully to /data/misc/wifi/sockets/wpa_ctrl_453-2\x00
01-30 17:37:55.943  5463  5463 D wpa_supplicant: wlan0: BSS: Remove id 113 BSSID a4:9b:4f:22:aa:f2 SSID 'Airtel-Hotspot-AAF2' due to wpa_bss_flush_by_age
01-30 17:37:55.943  5463  5463 D wpa_supplicant: CTRL-DEBUG: ctrl_sock-sendmsg: sock=11 sndbuf=163840 outq=1792 send_len=44
01-30 17:37:55.943  5463  5463 D wpa_supplicant: CTRL_IFACE monitor sent successfully to /data/misc/wifi/sockets/wpa_ctrl_417-6\x00
01-30 17:37:55.943  5463  5463 D wpa_supplicant: CTRL-DEBUG: ctrl_sock-sendmsg: sock=11 sndbuf=163840 outq=2240 send_len=44
01-30 17:37:55.943  5463  5463 D wpa_supplicant: CTRL_IFACE monitor sent successfully to /data/misc/wifi/sockets/wpa_ctrl_453-2\x00
01-30 17:37:55.943  5463  5463 D wpa_supplicant: wlan0: BSS: Remove id 117 BSSID b6:84:c6:12:80:4e SSID 'oxygen' due to wpa_bss_flush_by_age
01-30 17:37:55.943  5463  5463 D wpa_supplicant: CTRL-DEBUG: ctrl_sock-sendmsg: sock=11 sndbuf=163840 outq=2688 send_len=44
01-30 17:37:55.943  5463  5463 D wpa_supplicant: CTRL_IFACE monitor sent successfully to /data/misc/wifi/sockets/wpa_ctrl_417-6\x00
01-30 17:37:55.943  5463  5463 D wpa_supplicant: CTRL-DEBUG: ctrl_sock-sendmsg: sock=11 sndbuf=163840 outq=3136 send_len=44
01-30 17:37:55.943  5463  5463 D wpa_supplicant: CTRL_IFACE monitor sent successfully to /data/misc/wifi/sockets/wpa_ctrl_453-2\x00
01-30 17:37:55.943  5463  5463 D wpa_supplicant: wlan0: BSS: Remove id 116 BSSID ac:84:c6:12:80:4e SSID 'visitor-network2G' due to wpa_bss_flush_by_age
01-30 17:37:55.943  5463  5463 D wpa_supplicant: CTRL-DEBUG: ctrl_sock-sendmsg: sock=11 sndbuf=163840 outq=3584 send_len=44
01-30 17:37:55.943  5463  5463 D wpa_supplicant: CTRL_IFACE monitor sent successfully to /data/misc/wifi/sockets/wpa_ctrl_417-6\x00
01-30 17:37:55.943  5463  5463 D wpa_supplicant: CTRL-DEBUG: ctrl_sock-sendmsg: sock=11 sndbuf=163840 outq=4032 send_len=44
01-30 17:37:55.943  5463  5463 D wpa_supplicant: CTRL_IFACE monitor sent successfully to /data/misc/wifi/sockets/wpa_ctrl_453-2\x00
01-30 17:37:55.943  5463  5463 D wpa_supplicant: wlan0: BSS: Remove id 114 BSSID ce:2f:71:2a:9c:f7 SSID 'DIRECT-OHINNO2-00YRRRmsuP' due to wpa_bss_flush_by_age
01-30 17:37:55.943  5463  5463 D wpa_supplicant: CTRL-DEBUG: ctrl_sock-sendmsg: sock=11 sndbuf=163840 outq=4480 send_len=44
01-30 17:37:55.943  5463  5463 D wpa_supplicant: CTRL_IFACE monitor sent successfully to /data/misc/wifi/sockets/wpa_ctrl_417-6\x00
01-30 17:37:55.943  5463  5463 D wpa_supplicant: CTRL-DEBUG: ctrl_sock-sendmsg: sock=11 sndbuf=163840 outq=4928 send_len=44
01-30 17:37:55.943  5463  5463 D wpa_supplicant: CTRL_IFACE monitor sent successfully to /data/misc/wifi/sockets/wpa_ctrl_453-2\x00
01-30 17:37:55.943  5463  5463 D wpa_supplicant: wlan0: BSS: Remove id 125 BSSID 2a:16:ad:4e:08:b3 SSID 'DIRECT-QUINNO2-00YRSQmsGJ' due to wpa_bss_flush_by_age
01-30 17:37:55.943  5463  5463 D wpa_supplicant: CTRL-DEBUG: ctrl_sock-sendmsg: sock=11 sndbuf=163840 outq=5376 send_len=44
01-30 17:37:55.943  5463  5463 D wpa_supplicant: CTRL_IFACE monitor sent successfully to /data/misc/wifi/sockets/wpa_ctrl_417-6\x00
01-30 17:37:55.943  5463  5463 D wpa_supplicant: CTRL-DEBUG: ctrl_sock-sendmsg: sock=11 sndbuf=163840 outq=5824 send_len=44
01-30 17:37:55.943  5463  5463 D wpa_supplicant: CTRL_IFACE monitor sent successfully to /data/misc/wifi/sockets/wpa_ctrl_453-2\x00
01-30 17:37:55.943  5463  5463 D wpa_supplicant: wlan0: BSS: Remove id 118 BSSID b6:84:c6:12:8c:20 SSID 'oxygen' due to wpa_bss_flush_by_age
01-30 17:37:55.943  5463  5463 D wpa_supplicant: CTRL-DEBUG: ctrl_sock-sendmsg: sock=11 sndbuf=163840 outq=6272 send_len=44
01-30 17:37:55.943  5463  5463 D wpa_supplicant: CTRL_IFACE monitor sent successfully to /data/misc/wifi/sockets/wpa_ctrl_417-6\x00
01-30 17:37:55.943  5463  5463 D wpa_supplicant: CTRL-DEBUG: ctrl_sock-sendmsg: sock=11 sndbuf=163840 outq=6720 send_len=44
01-30 17:37:55.943  5463  5463 D wpa_supplicant: CTRL_IFACE monitor sent successfully to /data/misc/wifi/sockets/wpa_ctrl_453-2\x00
01-30 17:37:55.943  5463  5463 D wpa_supplicant: wlan0: BSS: Remove id 120 BSSID ac:84:c6:12:8c:20 SSID 'visitor-network2G' due to wpa_bss_flush_by_age
01-30 17:37:55.943  5463  5463 D wpa_supplicant: CTRL-DEBUG: ctrl_sock-sendmsg: sock=11 sndbuf=163840 outq=7168 send_len=44
01-30 17:37:55.943  5463  5463 D wpa_supplicant: CTRL_IFACE monitor sent successfully to /data/misc/wifi/sockets/wpa_ctrl_417-6\x00
01-30 17:37:55.943  5463  5463 D wpa_supplicant: CTRL-DEBUG: ctrl_sock-sendmsg: sock=11 sndbuf=163840 outq=7616 send_len=44
01-30 17:37:55.943  5463  5463 D wpa_supplicant: CTRL_IFACE monitor sent successfully to /data/misc/wifi/sockets/wpa_ctrl_453-2\x00
01-30 17:37:55.943  5463  5463 D wpa_supplicant: wlan0: BSS: Remove id 119 BSSID b2:84:c6:12:8c:20 SSID 'Boardroom' due to wpa_bss_flush_by_age
01-30 17:37:55.943  5463  5463 D wpa_supplicant: CTRL-DEBUG: ctrl_sock-sendmsg: sock=11 sndbuf=163840 outq=8064 send_len=44
01-30 17:37:55.943  5463  5463 D wpa_supplicant: CTRL_IFACE monitor sent successfully to /data/misc/wifi/sockets/wpa_ctrl_417-6\x00
01-30 17:37:55.943  5463  5463 D wpa_supplicant: CTRL-DEBUG: ctrl_sock-sendmsg: sock=11 sndbuf=163840 outq=8512 send_len=44
01-30 17:37:55.943  5463  5463 D wpa_supplicant: CTRL_IFACE monitor sent successfully to /data/misc/wifi/sockets/wpa_ctrl_453-2\x00
01-30 17:37:55.943  5463  5463 D wpa_supplicant: wlan0: BSS: Remove id 123 BSSID 56:d4:f7:f3:64:f6 SSID 'Boardroom' due to wpa_bss_flush_by_age
01-30 17:37:55.943  5463  5463 D wpa_supplicant: CTRL-DEBUG: ctrl_sock-sendmsg: sock=11 sndbuf=163840 outq=8960 send_len=44
01-30 17:37:55.943  5463  5463 D wpa_supplicant: CTRL_IFACE monitor sent successfully to /data/misc/wifi/sockets/wpa_ctrl_417-6\x00
01-30 17:37:55.943  5463  5463 D wpa_supplicant: CTRL-DEBUG: ctrl_sock-sendmsg: sock=11 sndbuf=163840 outq=9408 send_len=44
01-30 17:37:55.943  5463  5463 D wpa_supplicant: CTRL_IFACE monitor sent successfully to /data/misc/wifi/sockets/wpa_ctrl_453-2\x00
01-30 17:37:55.943  5463  5463 D wpa_supplicant: wlan0: BSS: Remove id 122 BSSID 50:d4:f7:f3:64:f6 SSID 'visitor-network2G' due to wpa_bss_flush_by_age
01-30 17:37:55.943  5463  5463 D wpa_supplicant: CTRL-DEBUG: ctrl_sock-sendmsg: sock=11 sndbuf=163840 outq=9856 send_len=44
01-30 17:37:55.943  5463  5463 D wpa_supplicant: CTRL_IFACE monitor sent successfully to /data/misc/wifi/sockets/wpa_ctrl_417-6\x00
01-30 17:37:55.943  5463  5463 D wpa_supplicant: CTRL-DEBUG: ctrl_sock-sendmsg: sock=11 sndbuf=163840 outq=10304 send_len=44
01-30 17:37:55.943  5463  5463 D wpa_supplicant: CTRL_IFACE monitor sent successfully to /data/misc/wifi/sockets/wpa_ctrl_453-2\x00
01-30 17:37:55.943  5463  5463 D wpa_supplicant: wlan0: BSS: Remove id 124 BSSID 64:70:02:af:94:24 SSID 'TP-LINK_AF9424' due to wpa_bss_flush_by_age
01-30 17:37:55.943  5463  5463 D wpa_supplicant: CTRL-DEBUG: ctrl_sock-sendmsg: sock=11 sndbuf=163840 outq=10752 send_len=44
01-30 17:37:55.943  5463  5463 D wpa_supplicant: CTRL_IFACE monitor sent successfully to /data/misc/wifi/sockets/wpa_ctrl_417-6\x00
01-30 17:37:55.943  5463  5463 D wpa_supplicant: CTRL-DEBUG: ctrl_sock-sendmsg: sock=11 sndbuf=163840 outq=11200 send_len=44
01-30 17:37:55.943  5463  5463 D wpa_supplicant: CTRL_IFACE monitor sent successfully to /data/misc/wifi/sockets/wpa_ctrl_453-2\x00
01-30 17:37:55.1472     1     1 I KERNEL  : [ 6621.754586] init: Starting service 'updater-daemon'...
01-30 17:37:55.1493     1     1 I KERNEL  : [ 6621.775676] init: Service 'updater-daemon' (pid 15424) exited with status 127
01-30 17:37:55.1493     1     1 I KERNEL  : [ 6621.775748] init: Service 'updater-daemon' (pid 15424) killing any children in process group
01-30 17:37:56.823  5463  5463 D wpa_supplicant: wlan0: Control interface command 'SIGNAL_POLL'
01-30 17:37:56.863  5463  5463 D wpa_supplicant: CTRL-DEBUG: global_ctrl_sock-sendto: sock=11 sndbuf=163840 outq=0 send_len=48
01-30 17:37:57.503  2227  2227 E sdcard  : missing packages.list; retrying
01-30 17:37:57.833   453   453 I Gecko   : [BrowserElement] event type: keydown, key: Enter, target: [object HTMLIFrameElement], src: app://2ec57ac3-eee0-41a3-9d3f-e1b3e29e617f/splash.html, id: browser17, class: browser
01-30 17:37:57.843   453   453 I GeckoConsole: Content JS LOG: [AppUsage] got an event:  active 
01-30 17:37:57.843   453   453 I GeckoConsole:     at debug (app://system.gaiamobile.org/js/app_usage_metrics.js:141:7)
01-30 17:37:57.963   453   453 I Gecko   : [BrowserElement] event type: keyup, key: Enter, target: [object HTMLIFrameElement], src: app://2ec57ac3-eee0-41a3-9d3f-e1b3e29e617f/splash.html, id: browser17, class: browser
01-30 17:37:58.173 15052 15052 I Gecko   : [BrowserElement] event type: keydown, key: Enter, target: [object HTMLButtonElement], class: move
01-30 17:37:58.183 15052 15052 I Gecko   : [BrowserElement] event type: keyup, key: Enter, target: [object HTMLButtonElement], class: move
01-30 17:37:58.223   453   453 I Gecko   : XXX FIXME : Dispatch a mozChromeEvent: activity-choice
01-30 17:37:58.313   453   453 I FocusManager: << focus() called >>
01-30 17:37:58.313   453   453 I FocusManager:    trying to set focus on, tag: DIV, id: , class: option-menu-container
01-30 17:37:58.333   453   453 I FocusManager:    current focused element, tag: IFRAME, id: browser17, class: browser
01-30 17:37:58.333   453   453 I FocusManager: <- blur on, tag: IFRAME, id: browser17, class: browser
01-30 17:37:58.333 15052 15052 I FocusManager: <- blur on, tag: BUTTON, id: , class: move
01-30 17:37:58.343   453   453 I FocusManager: -> focus is now on, tag: DIV, id: , class: option-menu-container
01-30 17:37:58.373   453   453 I FocusManager: << focus() called >>
01-30 17:37:58.373   453   453 I FocusManager:    trying to set focus on, tag: DIV, id: , class: option-menu-container
01-30 17:37:58.383   453   453 I FocusManager: Warning: element is already focused.
01-30 17:37:58.403   453   453 I FocusManager: << focus() called >>
01-30 17:37:58.403   453   453 I FocusManager:    trying to set focus on, tag: DIV, id: , class: menu-item p-pri
01-30 17:37:58.403   453   453 I FocusManager:    current focused element, tag: DIV, id: , class: option-menu-container
01-30 17:37:58.403   453   453 I FocusManager: <- blur on, tag: DIV, id: , class: option-menu-container
01-30 17:37:58.403   453   453 I FocusManager: -> focus is now on, tag: DIV, id: , class: menu-item p-pri
01-30 17:37:58.593   453   453 I FocusManager: << focus() called >>
01-30 17:37:58.593   453   453 I FocusManager:    trying to set focus on, tag: DIV, id: , class: menu-item p-pri
01-30 17:37:58.593   453   453 I FocusManager:    current focused element, tag: DIV, id: , class: menu-item p-pri
01-30 17:37:58.593   453   453 I FocusManager: <- blur on, tag: DIV, id: , class: menu-item p-pri
01-30 17:37:58.603   453   453 I FocusManager: -> focus is now on, tag: DIV, id: , class: menu-item p-pri
01-30 17:37:58.623   453   453 I Gecko   : [BrowserElement] event type: keydown, key: ArrowDown, target: [object HTMLDivElement], class: menu-item p-pri
01-30 17:37:58.763   453   453 I Gecko   : [BrowserElement] event type: keyup, key: ArrowDown, target: [object HTMLDivElement], class: menu-item p-pri
01-30 17:37:58.953   425   558 D ThermalEngine: sensor_wait: case_therm Wait done.
01-30 17:37:58.963   425   558 D ThermalEngine: sensor_monitor: case_therm Reading 32000 .
01-30 17:37:58.963   425   558 I ThermalEngine: Sensor:case_therm:32000 mC
01-30 17:37:58.963   425   558 D ThermalEngine: update_active_thresh: case_therm Active(1), Hi(1) 40000, Lo(0) -2147483648, Interval(1) 5000
01-30 17:37:58.963   425   558 D ThermalEngine: sensor_monitor: case_therm Sensor wait.
01-30 17:37:58.963   425   558 D ThermalEngine: sensor_wait: case_therm Wait start. 5000ms
01-30 17:37:59.003   453   453 I GeckoDump: XXX FIXME : Got a mozContentEvent: activity-choice
01-30 17:37:59.033   453   453 I FocusManager: << focus() called >>
01-30 17:37:59.033   453   453 I FocusManager:    trying to set focus on, tag: IFRAME, id: browser17, class: browser
01-30 17:37:59.043   453   453 I FocusManager:    current focused element, tag: DIV, id: , class: menu-item p-pri
01-30 17:37:59.043   453   453 I FocusManager: <- blur on, tag: DIV, id: , class: menu-item p-pri
01-30 17:37:59.053   453   453 I FocusManager: -> focus is now on, tag: IFRAME, id: browser17, class: browser
01-30 17:37:59.053 15052 15052 I FocusManager: * WindowRaised *
01-30 17:37:59.053 15052 15052 I FocusManager: -> focus is now on, tag: BUTTON, id: , class: move
01-30 17:37:59.073   453   453 I Gecko   : [BrowserElement] event type: keydown, key: Enter, target: [object HTMLDivElement], class: menu-item p-pri
01-30 17:37:59.093   453   453 I WakeLock: Acquire cpu wakelock
01-30 17:37:59.103   453   453 I Gecko   : XXX FIXME : Dispatch a open-app: undefined
01-30 17:37:59.153 15358 15358 I Gecko   : ######################## extensions.js loaded
01-30 17:37:59.163   453   453 I GeckoConsole: Content JS LOG: [AppUsage] got an event:  activitycreated 
01-30 17:37:59.163   453   453 I GeckoConsole:     at debug (app://system.gaiamobile.org/js/app_usage_metrics.js:141:7)
01-30 17:37:59.183 15358 15358 W Gallery : [JavaScript Warning: "Use of nsIFile in content process is deprecated." {file: "jar:file:///system/b2g/omni.ja!/components/DirectoryProvider.js" line: 9}]
01-30 17:37:59.183   453   453 I Gecko   : [BrowserElement] event type: keyup, key: Enter, target: [object HTMLIFrameElement], src: app://2ec57ac3-eee0-41a3-9d3f-e1b3e29e617f/splash.html, id: browser17, class: browser
01-30 17:37:59.183 15052 15052 I Gecko   : [BrowserElement] event type: keyup, key: Enter, target: [object HTMLButtonElement], class: move
01-30 17:37:59.323 15358 15358 W Gallery : [JavaScript Warning: "Error in parsing value for 'float'.  Declaration dropped." {file: "app://gallery.gaiamobile.org/style/gallery_thumbnail.css" line: 30 column: 9 source: "  float: bottom;"}]
01-30 17:37:59.513   453   453 I FocusManager: << focus() called >>
01-30 17:37:59.513   453   453 I FocusManager:    trying to set focus on, tag: IFRAME, id: browser18, class: browser
01-30 17:37:59.523   453   453 I FocusManager:    current focused element, tag: IFRAME, id: browser17, class: browser
01-30 17:37:59.533   453   453 I FocusManager: <- blur on, tag: IFRAME, id: browser17, class: browser
01-30 17:37:59.543 15052 15052 I FocusManager: <- blur on, tag: BUTTON, id: , class: move
01-30 17:37:59.553   453   453 I FocusManager: -> focus is now on, tag: IFRAME, id: browser18, class: browser
01-30 17:37:59.823  5463  5463 D wpa_supplicant: wlan0: Control interface command 'SIGNAL_POLL'
01-30 17:37:59.853  5463  5463 D wpa_supplicant: CTRL-DEBUG: global_ctrl_sock-sendto: sock=11 sndbuf=163840 outq=0 send_len=48
01-30 17:38:00.053 15358 15358 I FocusManager: * WindowRaised *
01-30 17:38:00.053 15358 15358 I FocusManager: -> focus is now on, NULL, tag: , id: , class: 
01-30 17:38:00.073 15358 15358 I Gallery : Content JS LOG: NavigationMap init 
01-30 17:38:00.073 15358 15358 I Gallery :     at window.debug (app://gallery.gaiamobile.org/js/utils.js:3:1)
01-30 17:38:00.123 15358 15358 I Gallery : Content JS LOG: App init 
01-30 17:38:00.123 15358 15358 I Gallery :     at window.debug (app://gallery.gaiamobile.org/js/utils.js:3:1)
01-30 17:38:00.133 15358 15358 I Gallery : Content JS LOG: SoftkeyManager init 
01-30 17:38:00.133 15358 15358 I Gallery :     at window.debug (app://gallery.gaiamobile.org/js/utils.js:3:1)
01-30 17:38:00.143 15358 15358 I Gallery : Content JS LOG: SoftkeyManager init done 
01-30 17:38:00.143 15358 15358 I Gallery :     at window.debug (app://gallery.gaiamobile.org/js/utils.js:3:1)
01-30 17:38:00.143 15358 15358 I Gallery : Content JS LOG: Pick init 
01-30 17:38:00.143 15358 15358 I Gallery :     at window.debug (app://gallery.gaiamobile.org/js/utils.js:3:1)
01-30 17:38:00.143 15358 15358 I Gallery : Content JS LOG: Pick init done 
01-30 17:38:00.143 15358 15358 I Gallery :     at window.debug (app://gallery.gaiamobile.org/js/utils.js:3:1)
01-30 17:38:00.203 15358 15358 I Gallery : Content JS LOG: ViewHelper resetView pickView 
01-30 17:38:00.203 15358 15358 I Gallery :     at window.debug (app://gallery.gaiamobile.org/js/utils.js:3:1)
01-30 17:38:00.243 15358 15374 E linker  : readlink('/proc/self/fd/40') failed: Invalid argument [fd=40]
01-30 17:38:00.243 15358 15374 E linker  : warning: unable to get realpath for the library "/system/lib/hw/gralloc.msm8909.so". Will use given name.
01-30 17:38:00.243 15358 15374 E linker  : readlink('/proc/self/fd/40') failed: Invalid argument [fd=40]
01-30 17:38:00.243 15358 15374 E linker  : warning: unable to get realpath for the library "libmemalloc.so". Will use given name.
01-30 17:38:00.243 15358 15374 E linker  : readlink('/proc/self/fd/40') failed: Invalid argument [fd=40]
01-30 17:38:00.243 15358 15374 E linker  : warning: unable to get realpath for the library "libqdMetaData.so". Will use given name.
01-30 17:38:00.243 15358 15374 E linker  : readlink('/proc/self/fd/40') failed: Invalid argument [fd=40]
01-30 17:38:00.243 15358 15374 E linker  : warning: unable to get realpath for the library "libqdutils.so". Will use given name.
01-30 17:38:00.243 15358 15374 E linker  : readlink('/proc/self/fd/40') failed: Invalid argument [fd=40]
01-30 17:38:00.243 15358 15374 E linker  : warning: unable to get realpath for the library "libGLESv1_CM.so". Will use given name.
01-30 17:38:00.243 15358 15374 E linker  : readlink('/proc/self/fd/40') failed: Invalid argument [fd=40]
01-30 17:38:00.243 15358 15374 E linker  : warning: unable to get realpath for the library "libqservice.so". Will use given name.
01-30 17:38:00.273   453   453 I WakeLock: Release cpu wakelock
01-30 17:38:00.293 15358 15358 I Gallery : Content JS LOG: NavigationMap ## reset ## 2 
01-30 17:38:00.293 15358 15358 I Gallery :     at window.debug (app://gallery.gaiamobile.org/js/utils.js:3:1)
01-30 17:38:00.293 15358 15358 I Gallery : Content JS LOG: SoftkeyManager setSkMenu: pickView 
01-30 17:38:00.293 15358 15358 I Gallery :     at window.debug (app://gallery.gaiamobile.org/js/utils.js:3:1)
01-30 17:38:00.303 15358 15358 I Gallery : Content JS LOG: SoftkeyManager create [object Object],[object Object] 
01-30 17:38:00.303 15358 15358 I Gallery :     at window.debug (app://gallery.gaiamobile.org/js/utils.js:3:1)
01-30 17:38:00.303 15358 15358 I FocusManager: << focus() called >>
01-30 17:38:00.313 15358 15358 I FocusManager:    trying to set focus on, tag: FORM, id: softkeyPanel, class: skbar none-paddings visible focused
01-30 17:38:00.323 15358 15358 I FocusManager: Warning: element is not focusable.
01-30 17:38:00.393 15358 15358 I WakeLock: Acquire screen wakelock
01-30 17:38:00.483 15358 15358 I Gallery : Content JS LOG: NavigationMap ## reset ## 2 
01-30 17:38:00.483 15358 15358 I Gallery :     at window.debug (app://gallery.gaiamobile.org/js/utils.js:3:1)
01-30 17:38:00.493 15358 15358 I FocusManager: << focus() called >>
01-30 17:38:00.493 15358 15358 I FocusManager:    trying to set focus on, tag: DIV, id: , class: thumbnail focus
01-30 17:38:00.493 15358 15358 I FocusManager:    current focused element, NULL, tag: , id: , class: 
01-30 17:38:00.493 15358 15358 I FocusManager: <- blur on, NULL, tag: , id: , class: 
01-30 17:38:00.493 15358 15358 I FocusManager: -> focus is now on, tag: DIV, id: , class: thumbnail focus
01-30 17:38:00.503 15358 15358 I Gallery : Content JS LOG: App setCurrentFileIndexByElement:currentFileIndex: 0 
01-30 17:38:00.503 15358 15358 I Gallery :     at window.debug (app://gallery.gaiamobile.org/js/utils.js:3:1)
01-30 17:38:00.503 15358 15358 I Gallery : Content JS LOG: SoftkeyManager setSkMenu: pickView 
01-30 17:38:00.503 15358 15358 I Gallery :     at window.debug (app://gallery.gaiamobile.org/js/utils.js:3:1)
01-30 17:38:00.503 15358 15358 I Gallery : Content JS LOG: SoftkeyManager create [object Object],[object Object] 
01-30 17:38:00.503 15358 15358 I Gallery :     at window.debug (app://gallery.gaiamobile.org/js/utils.js:3:1)
01-30 17:38:00.503  2227  2227 E sdcard  : missing packages.list; retrying
01-30 17:38:00.513 15358 15358 I FocusManager: << focus() called >>
01-30 17:38:00.513 15358 15358 I FocusManager:    trying to set focus on, tag: FORM, id: softkeyPanel, class: skbar none-paddings visible focused
01-30 17:38:00.513 15358 15358 I FocusManager: Warning: element is not focusable.
01-30 17:38:00.693 15358 15358 I Gallery : Content JS LOG: updateFocusThumbnail:currentFileIndex:0 
01-30 17:38:00.693 15358 15358 I Gallery :     at window.debug (app://gallery.gaiamobile.org/js/utils.js:3:1)
01-30 17:38:00.693 15358 15358 I WakeLock: Release screen wakelock
01-30 17:38:00.763 15358 15358 I Gallery : Content JS LOG: NavigationMap ## reset ## 2 
01-30 17:38:00.763 15358 15358 I Gallery :     at window.debug (app://gallery.gaiamobile.org/js/utils.js:3:1)
01-30 17:38:00.763 15358 15358 I FocusManager: << focus() called >>
01-30 17:38:00.763 15358 15358 I FocusManager:    trying to set focus on, tag: DIV, id: , class: thumbnail focus
01-30 17:38:00.773 15358 15358 I FocusManager:    current focused element, NULL, tag: , id: , class: 
01-30 17:38:00.773 15358 15358 I FocusManager: <- blur on, NULL, tag: , id: , class: 
01-30 17:38:00.773 15358 15358 I FocusManager: -> focus is now on, tag: DIV, id: , class: thumbnail focus
01-30 17:38:00.773 15358 15358 I Gallery : Content JS LOG: App setCurrentFileIndexByElement:currentFileIndex: 0 
01-30 17:38:00.773 15358 15358 I Gallery :     at window.debug (app://gallery.gaiamobile.org/js/utils.js:3:1)
01-30 17:38:00.783 15358 15358 I Gallery : Content JS LOG: SoftkeyManager setSkMenu: pickView 
01-30 17:38:00.783 15358 15358 I Gallery :     at window.debug (app://gallery.gaiamobile.org/js/utils.js:3:1)
01-30 17:38:00.783 15358 15358 I Gallery : Content JS LOG: SoftkeyManager create [object Object],[object Object] 
01-30 17:38:00.783 15358 15358 I Gallery :     at window.debug (app://gallery.gaiamobile.org/js/utils.js:3:1)
01-30 17:38:00.783 15358 15358 I FocusManager: << focus() called >>
01-30 17:38:00.783 15358 15358 I FocusManager:    trying to set focus on, tag: FORM, id: softkeyPanel, class: skbar none-paddings visible focused
01-30 17:38:00.783 15358 15358 I FocusManager: Warning: element is not focusable.
01-30 17:38:01.233   453   453 I Gecko   : [BrowserElement] event type: keydown, key: ArrowUp, target: [object HTMLIFrameElement], src: app://gallery.gaiamobile.org/index.html#pick, id: browser18, class: browser
01-30 17:38:01.253 15358 15358 I FocusManager: << focus() called >>
01-30 17:38:01.253 15358 15358 I FocusManager:    trying to set focus on, tag: DIV, id: , class: thumbnail focus
01-30 17:38:01.253 15358 15358 I FocusManager:    current focused element, tag: DIV, id: , class: thumbnail
01-30 17:38:01.263 15358 15358 I FocusManager: <- blur on, tag: DIV, id: , class: thumbnail
01-30 17:38:01.263 15358 15358 I FocusManager: -> focus is now on, tag: DIV, id: , class: thumbnail focus
01-30 17:38:01.273 15358 15358 I Gallery : Content JS LOG: App setCurrentFileIndexByElement:currentFileIndex: 10 
01-30 17:38:01.273 15358 15358 I Gallery :     at window.debug (app://gallery.gaiamobile.org/js/utils.js:3:1)
01-30 17:38:01.273 15358 15358 I Gallery : Content JS LOG: NavigationMap keydown: ArrowUp 
01-30 17:38:01.273 15358 15358 I Gallery :     at window.debug (app://gallery.gaiamobile.org/js/utils.js:3:1)
01-30 17:38:01.273 15358 15358 I Gecko   : [BrowserElement] event type: keydown, key: ArrowUp, target: [object HTMLDivElement], class: thumbnail
01-30 17:38:01.383   453   453 I Gecko   : [BrowserElement] event type: keyup, key: ArrowUp, target: [object HTMLIFrameElement], src: app://gallery.gaiamobile.org/index.html#pick, id: browser18, class: browser
01-30 17:38:01.393 15358 15358 I Gecko   : [BrowserElement] event type: keyup, key: ArrowUp, target: [object HTMLDivElement], class: thumbnail focus
01-30 17:38:00.1500     1     1 I KERNEL  : [ 6626.782061] init: Starting service 'updater-daemon'...
01-30 17:38:00.1518     1     1 I KERNEL  : [ 6626.800494] init: Service 'updater-daemon' (pid 15481) exited with status 127
01-30 17:38:00.1519     1     1 I KERNEL  : [ 6626.801167] init: Service 'updater-daemon' (pid 15481) killing any children in process group
01-30 17:38:01.683   453   453 I Gecko   : [BrowserElement] event type: keydown, key: ArrowRight, target: [object HTMLIFrameElement], src: app://gallery.gaiamobile.org/index.html#pick, id: browser18, class: browser
01-30 17:38:01.683 15358 15358 I FocusManager: << focus() called >>
01-30 17:38:01.683 15358 15358 I FocusManager:    trying to set focus on, tag: DIV, id: , class: thumbnail focus
01-30 17:38:01.693 15358 15358 I FocusManager:    current focused element, tag: DIV, id: , class: thumbnail
01-30 17:38:01.693 15358 15358 I FocusManager: <- blur on, tag: DIV, id: , class: thumbnail
01-30 17:38:01.693 15358 15358 I FocusManager: -> focus is now on, tag: DIV, id: , class: thumbnail focus
01-30 17:38:01.703 15358 15358 I Gallery : Content JS LOG: App setCurrentFileIndexByElement:currentFileIndex: 0 
01-30 17:38:01.703 15358 15358 I Gallery :     at window.debug (app://gallery.gaiamobile.org/js/utils.js:3:1)
01-30 17:38:01.703 15358 15358 I Gallery : Content JS LOG: NavigationMap keydown: ArrowRight 
01-30 17:38:01.703 15358 15358 I Gallery :     at window.debug (app://gallery.gaiamobile.org/js/utils.js:3:1)
01-30 17:38:01.713 15358 15358 I Gecko   : [BrowserElement] event type: keydown, key: ArrowRight, target: [object HTMLDivElement], class: thumbnail
01-30 17:38:01.783   453   453 I Gecko   : [BrowserElement] event type: keyup, key: ArrowRight, target: [object HTMLIFrameElement], src: app://gallery.gaiamobile.org/index.html#pick, id: browser18, class: browser
01-30 17:38:01.793 15358 15358 I Gecko   : [BrowserElement] event type: keyup, key: ArrowRight, target: [object HTMLDivElement], class: thumbnail focus
01-30 17:38:02.383   453   453 I Gecko   : [BrowserElement] event type: keydown, key: ArrowUp, target: [object HTMLIFrameElement], src: app://gallery.gaiamobile.org/index.html#pick, id: browser18, class: browser
01-30 17:38:02.393 15358 15358 I FocusManager: << focus() called >>
01-30 17:38:02.393 15358 15358 I FocusManager:    trying to set focus on, tag: DIV, id: , class: thumbnail focus
01-30 17:38:02.393 15358 15358 I FocusManager:    current focused element, tag: DIV, id: , class: thumbnail
01-30 17:38:02.393 15358 15358 I FocusManager: <- blur on, tag: DIV, id: , class: thumbnail
01-30 17:38:02.403 15358 15358 I FocusManager: -> focus is now on, tag: DIV, id: , class: thumbnail focus
01-30 17:38:02.413 15358 15358 I Gallery : Content JS LOG: App setCurrentFileIndexByElement:currentFileIndex: 10 
01-30 17:38:02.413 15358 15358 I Gallery :     at window.debug (app://gallery.gaiamobile.org/js/utils.js:3:1)
01-30 17:38:02.413 15358 15358 I Gallery : Content JS LOG: NavigationMap keydown: ArrowUp 
01-30 17:38:02.413 15358 15358 I Gallery :     at window.debug (app://gallery.gaiamobile.org/js/utils.js:3:1)
01-30 17:38:02.413 15358 15358 I Gecko   : [BrowserElement] event type: keydown, key: ArrowUp, target: [object HTMLDivElement], class: thumbnail
01-30 17:38:02.533   453   453 I Gecko   : [BrowserElement] event type: keyup, key: ArrowUp, target: [object HTMLIFrameElement], src: app://gallery.gaiamobile.org/index.html#pick, id: browser18, class: browser
01-30 17:38:02.543 15358 15358 I Gecko   : [BrowserElement] event type: keyup, key: ArrowUp, target: [object HTMLDivElement], class: thumbnail focus
01-30 17:38:02.793   453   453 I Gecko   : [BrowserElement] event type: keydown, key: Enter, target: [object HTMLIFrameElement], src: app://gallery.gaiamobile.org/index.html#pick, id: browser18, class: browser
01-30 17:38:02.793 15358 15358 I FocusManager: << focus() called >>
01-30 17:38:02.793 15358 15358 I FocusManager:    trying to set focus on, tag: DIV, id: , class: thumbnail focus
01-30 17:38:02.793 15358 15358 I FocusManager: Warning: element is already focused.
01-30 17:38:02.803 15358 15358 I Gallery : Content JS LOG: ViewHelper resetView cropView 
01-30 17:38:02.803 15358 15358 I Gallery :     at window.debug (app://gallery.gaiamobile.org/js/utils.js:3:1)
01-30 17:38:02.803 15358 15358 I FocusManager: << focus() called >>
01-30 17:38:02.803 15358 15358 I FocusManager:    trying to set focus on, tag: SECTION, id: crop-view, class: skin-dark
01-30 17:38:02.813 15358 15358 I FocusManager:    current focused element, tag: DIV, id: , class: thumbnail focus
01-30 17:38:02.813 15358 15358 I FocusManager: <- blur on, tag: DIV, id: , class: thumbnail focus
01-30 17:38:02.823 15358 15358 I FocusManager: -> focus is now on, tag: SECTION, id: crop-view, class: skin-dark
01-30 17:38:02.833 15358 15358 I Gallery : Content JS LOG: NavigationMap keydown: Enter 
01-30 17:38:02.833 15358 15358 I Gallery :     at window.debug (app://gallery.gaiamobile.org/js/utils.js:3:1)
01-30 17:38:02.833  5463  5463 D wpa_supplicant: wlan0: Control interface command 'SIGNAL_POLL'
01-30 17:38:02.833 15358 15358 I Gecko   : [BrowserElement] event type: keydown, key: Enter, target: [object HTMLDivElement], class: thumbnail focus
01-30 17:38:02.853  5463  5463 D wpa_supplicant: CTRL-DEBUG: global_ctrl_sock-sendto: sock=11 sndbuf=163840 outq=0 send_len=48
01-30 17:38:02.893   453   453 I Gecko   : [BrowserElement] event type: keyup, key: Enter, target: [object HTMLIFrameElement], src: app://gallery.gaiamobile.org/index.html#pick, id: browser18, class: browser
01-30 17:38:02.913 15358 15358 I Gallery : Content JS LOG: NavigationMap ## reset ## 2 
01-30 17:38:02.913 15358 15358 I Gallery :     at window.debug (app://gallery.gaiamobile.org/js/utils.js:3:1)
01-30 17:38:02.913 15358 15358 I Gallery : Content JS LOG: SoftkeyManager setSkMenu: cropView.pickImage 
01-30 17:38:02.913 15358 15358 I Gallery :     at window.debug (app://gallery.gaiamobile.org/js/utils.js:3:1)
01-30 17:38:02.913 15358 15358 I Gallery : Content JS LOG: SoftkeyManager create [object Object],[object Object] 
01-30 17:38:02.913 15358 15358 I Gallery :     at window.debug (app://gallery.gaiamobile.org/js/utils.js:3:1)
01-30 17:38:02.913 15358 15358 I FocusManager: << focus() called >>
01-30 17:38:02.913 15358 15358 I FocusManager:    trying to set focus on, tag: FORM, id: softkeyPanel, class: skbar none-paddings visible focused
01-30 17:38:02.923 15358 15358 I FocusManager: Warning: element is not focusable.
01-30 17:38:02.933 15358 15358 I Gecko   : [BrowserElement] event type: keyup, key: Enter, target: [object HTMLElement], id: crop-view, class: skin-dark
01-30 17:38:02.943 15358 15358 I Gallery : Content JS LOG: SoftkeyManager setSkMenu: cropView.pickImage 
01-30 17:38:02.943 15358 15358 I Gallery :     at window.debug (app://gallery.gaiamobile.org/js/utils.js:3:1)
01-30 17:38:02.943 15358 15358 I Gallery : Content JS LOG: SoftkeyManager create [object Object],[object Object] 
01-30 17:38:02.943 15358 15358 I Gallery :     at window.debug (app://gallery.gaiamobile.org/js/utils.js:3:1)
01-30 17:38:02.943 15358 15358 I FocusManager: << focus() called >>
01-30 17:38:02.943 15358 15358 I FocusManager:    trying to set focus on, tag: FORM, id: softkeyPanel, class: skbar none-paddings visible focused
01-30 17:38:02.943 15358 15358 I FocusManager: Warning: element is not focusable.
01-30 17:38:03.183   453   453 I Gecko   : [BrowserElement] event type: keydown, key: SoftRight, target: [object HTMLIFrameElement], src: app://gallery.gaiamobile.org/index.html#pick, id: browser18, class: browser
01-30 17:38:03.193 15052 15052 I MobiFace: Content JS LOG: testing=[object File] 
01-30 17:38:03.193 15052 15052 I MobiFace:     at openCamera/activity.onsuccess (app://2ec57ac3-eee0-41a3-9d3f-e1b3e29e617f/js/index.js:89:9)
01-30 17:38:03.203 15358 15358 I Gecko   : [BrowserElement] event type: keydown, key: SoftRight, target: [object HTMLElement], id: crop-view, class: skin-dark
01-30 17:38:03.333   453   453 I Gecko   : [BrowserElement] event type: keyup, key: SoftRight, target: [object HTMLIFrameElement], src: app://gallery.gaiamobile.org/index.html#pick, id: browser18, class: browser
01-30 17:38:03.333 15358 15358 I Gecko   : [BrowserElement] event type: keyup, key: SoftRight, target: [object HTMLElement], id: crop-view, class: skin-dark
01-30 17:38:03.503  2227  2227 E sdcard  : missing packages.list; retrying
01-30 17:38:03.583   453   453 I FocusManager: << focus() called >>
01-30 17:38:03.583   453   453 I FocusManager:    trying to set focus on, tag: IFRAME, id: browser17, class: browser
01-30 17:38:03.593   453   453 I FocusManager:    current focused element, tag: IFRAME, id: browser18, class: browser
01-30 17:38:03.593   453   453 I FocusManager: <- blur on, tag: IFRAME, id: browser18, class: browser
01-30 17:38:03.593   453   453 I FocusManager: -> focus is now on, tag: IFRAME, id: browser17, class: browser
01-30 17:38:03.593 15052 15052 I FocusManager: * WindowRaised *
01-30 17:38:03.593 15052 15052 I FocusManager: -> focus is now on, tag: BUTTON, id: , class: move
01-30 17:38:03.673   453   453 I Gecko   : [BrowserElement] event type: keydown, key: ArrowDown, target: [object HTMLIFrameElement], src: app://2ec57ac3-eee0-41a3-9d3f-e1b3e29e617f/splash.html, id: browser17, class: browser
01-30 17:38:03.703 15052 15052 I FocusManager: << focus() called >>
01-30 17:38:03.703 15052 15052 I FocusManager:    trying to set focus on, tag: BUTTON, id: , class: move
01-30 17:38:03.703 15052 15052 I FocusManager:    current focused element, tag: BUTTON, id: , class: move
01-30 17:38:03.703 15052 15052 I FocusManager: <- blur on, tag: BUTTON, id: , class: move
01-30 17:38:03.703 15052 15052 I FocusManager: -> focus is now on, tag: BUTTON, id: , class: move
01-30 17:38:03.703   453   453 I Gecko   : [BrowserElement] event type: keyup, key: ArrowDown, target: [object HTMLIFrameElement], src: app://2ec57ac3-eee0-41a3-9d3f-e1b3e29e617f/splash.html, id: browser17, class: browser
01-30 17:38:03.713 15052 15052 I Gecko   : [BrowserElement] event type: keydown, key: ArrowDown, target: [object HTMLButtonElement], class: move
01-30 17:38:03.723 15358 15358 I FocusManager: <- blur on, tag: SECTION, id: crop-view, class: skin-dark
01-30 17:38:03.733   453   453 I Gecko   : XXX FIXME : Dispatch a mozChromeEvent: default-volume-channel-changed
01-30 17:38:03.733 15052 15052 I Gecko   : [BrowserElement] event type: keyup, key: ArrowDown, target: [object HTMLButtonElement], class: move
01-30 17:38:03.783   453   453 I Gecko   : XXX FIXME : Dispatch a mozChromeEvent: default-volume-channel-changed
01-30 17:38:03.783   453  1067 I Gecko   : [Parent 453] WARNING: pipe error (291): Connection reset by peer: file /home/leo/Weekly_release_automation/workspace/quoin/src/gecko/ipc/chromium/src/chrome/common/ipc_channel_posix.cc, line 316
01-30 17:38:03.793   453  1067 I Gecko   : [Parent 453] WARNING: pipe error (301): Connection reset by peer: file /home/leo/Weekly_release_automation/workspace/quoin/src/gecko/ipc/chromium/src/chrome/common/ipc_channel_posix.cc, line 316
01-30 17:38:03.813   453   453 I Gecko   : [BrowserElement] event type: keydown, key: ArrowDown, target: [object HTMLIFrameElement], src: app://2ec57ac3-eee0-41a3-9d3f-e1b3e29e617f/splash.html, id: browser17, class: browser
01-30 17:38:03.813 15052 15052 I FocusManager: << focus() called >>
01-30 17:38:03.813 15052 15052 I FocusManager:    trying to set focus on, tag: BUTTON, id: , class: move
01-30 17:38:03.813 15052 15052 I FocusManager:    current focused element, tag: BUTTON, id: , class: move
01-30 17:38:03.813 15052 15052 I FocusManager: <- blur on, tag: BUTTON, id: , class: move
01-30 17:38:03.823 15052 15052 I FocusManager: -> focus is now on, tag: BUTTON, id: , class: move
01-30 17:38:03.823 15052 15052 I Gecko   : [BrowserElement] event type: keydown, key: ArrowDown, target: [object HTMLButtonElement], class: move
