01-30 17:41:06.713   453   453 I Gecko   : 1580386266722	AlarmsService	DEBUG	Current alarm: {"date":"2020-01-30T12:17:49.777Z","data":{"alarmType":"SalesTrackerAlarm"},"ignoreTimezone":true,"timezoneOffset":-330,"id":-51}
01-30 17:41:06.723   453   453 I Gecko   : 1580386266725	AlarmsService	DEBUG	Alarm queue: [{"date":"2020-01-30T12:26:07.715Z","ignoreTimezone":true,"timezoneOffset":-330,"id":-66},{"date":"2020-01-30T12:27:44.395Z","ignoreTimezone":true,"timezoneOffset":-330,"id":-62},{"date":"2020-01-31T06:20:50.037Z","ignoreTimezone":true,"data":{"type":"AppUsageMetrics"},"pageURL":"app://system.gaiamobile.org/index.html","manifestURL":"app://system.gaiamobile.org/manifest.webapp","timezoneOffset":-330,"id":752},{"date":"2020-01-31T06:40:56.196Z","ignoreTimezone":true,"data":{"type":"silentInstall"},"pageURL":"app://system.gaiamobile.org/index.html","manifestURL":"app://system.gaiamobile.org/manifest.webapp","timezoneOffset":-330,"id":753},{"date":"2020-01-31T06:41:11.717Z","ignoreTimezone":true,"timezoneOffset":-330,"id":-14},{"date":"2020-01-31T09:19:03.047Z","ignoreTimezone":true,"data":{"func":"reportingAlarm"},"pageURL":"app://jioservice.jio.com/index.html","manifestURL":"https://api.kai.jiophone.net/v2.0/apps/manifest/GihMv9tGcRfA6i3gqBIH","timezoneOffset":-3
01-30 17:41:06.723   453   453 I OmaGecko: ../../../gecko/koost/omaservice/omadmThreadToMain.cpp:158 virtual nsresult omadmThreadToMain::Run(). 
01-30 17:41:06.723   453   453 I OmaGecko: main thread mDataType = 0
01-30 17:41:06.753   453  5580 V vDM     : x/vdm_comm_pl_conn.c.  370: [Comm] connect() success over IPv4 only, dmunifiedsolution.jio.com:443
01-30 17:41:06.753   453  5580 E vDM     : x/vdm_comm_pl_conn.c. 1260: [Comm] Using proper client cipher list
01-30 17:41:06.943 16716 16716 I FocusManager: * WindowRaised *
01-30 17:41:06.943 16716 16716 I FocusManager: -> focus is now on, NULL, tag: , id: , class: 
01-30 17:41:07.023 16716 16716 I Gallery : Content JS LOG: NavigationMap init 
01-30 17:41:07.023 16716 16716 I Gallery :     at window.debug (app://gallery.gaiamobile.org/js/utils.js:3:1)
01-30 17:41:07.033   453  5580 V vDM     : x/vdm_comm_pl_conn.c. 1080: [Comm] Certificate verify return code: 20
01-30 17:41:07.033   453  5580 E vDM     : x/vdm_comm_pl_conn.c. 1092: [Comm] Certificate doesn't verify (error 20)
01-30 17:41:07.033   453  5580 E vDM     : x/vdm_comm_pl_conn.c.  189: [Comm] Certificate check failed
01-30 17:41:07.033   453  5580 V vDM     : x/vdm_comm_pl_conn.c.  693: [Comm] connection NOT opened to dmunifiedsolution.jio.com:443
01-30 17:41:07.033   453  5580 V vDM     : http_sockethandler.c.  124: [HTTP] Message transport failed (last error=0x6303)
01-30 17:41:07.033   453  5580 V vDM     : 
01-30 17:41:07.033   453  5580 V vDM     : c/vdm_mq_scheduler.c.  577: [Core_MsgQ] +Scheduler_enqueueTrigger
01-30 17:41:07.033   453  5580 V vDM     : /vdm_mq_rdmtrigger.c.   34: [Core_MsgQ] +cloneTrgData
01-30 17:41:07.033   453  5580 V vDM     : 
01-30 17:41:07.033   453  5580 V vDM     : /vdm_mq_rdmtrigger.c.  125: [Core_MsgQ] -cloneTrgData
01-30 17:41:07.033   453  5580 V vDM     : 
01-30 17:41:07.033   453  5580 I vDM     : rc/vdm_mq_trgqueue.c.  163: [Core_MsgQ] Enqueue to MAIN MQ (VDM_MQ_TriggerType_DmCommBroken) <<<<<<<<<<<<<<<<<<<<<<<<<<<<<<
01-30 17:41:07.033   453  5580 V vDM     : c/vdm_utl_priqueue.c.   74: [Util] +PriQueue_enqueue(inData=0xa865c2e8, inPriority=30 queue=0xafac6918)
01-30 17:41:07.033   453  5580 V vDM     : c/vdm_utl_priqueue.c.  108: [Util] PriQueue_enqueue: enqueued (pItem = 0xa67b1c90, pItem->priority=30, count=1) (0xafac6918)
01-30 17:41:07.033   453  5580 V vDM     : c/vdm_utl_priqueue.c.  111: [Util] -PriQueue_enqueue (result= 0x0)
01-30 17:41:07.033   453  5580 V vDM     : c/vdm_utl_msgqueue.c.  142: [Util] MsgQueue_enqueue- Calling SignalEvent...
01-30 17:41:07.033   453  5580 V vDM     : c/vdm_mq_scheduler.c.  614: [Core_MsgQ] -Scheduler_enqueueTrigger (result=0)
01-30 17:41:07.033   453  5580 V vDM     : x/vdm_comm_pl_conn.c.  705: [Comm] -VDM_Comm_PL_Conn_open (connId = 290) returns 0x0
01-30 17:41:07.033   453  5580 V vDM     : /http/src/vdm_http.c.  349: [HTTP] VDM_Comm_PL_Conn_open returned 0x0. outConnId=290
01-30 17:41:07.033   453  5580 V vDM     : 
01-30 17:41:07.033   453  5580 V vDM     : /core/src/vdm_comm.c.  253: [Core_MsgQ] +VDM_Comm_registerHttpHeadersObserver
01-30 17:41:07.033   453  5580 V vDM     : 
01-30 17:41:07.033   453  5580 V vDM     : /core/src/vdm_comm.c.  280: [Core_MsgQ] -VDM_Comm_registerHttpHeadersObserver
01-30 17:41:07.033   453  5580 V vDM     : 
01-30 17:41:07.033   453  5580 V vDM     : dm/sess/sess_comms.c.  530: [Core_Comm] VDM_HTTP_open returned 0x0. outConnId=290
01-30 17:41:07.033   453  5580 V vDM     : 
01-30 17:41:07.033   453  5580 V vDM     : ne/rdm/rdm_control.c.  753: [Core_Eng] DmRun: lastResult = 0
01-30 17:41:07.033   453  5580 V vDM     : ne/rdm/rdm_control.c. 1080: [Core_Eng] -DmRun: result = 0
01-30 17:41:07.033   453  5580 V vDM     : c/vdm_mq_scheduler.c.  744: [Core_MsgQ] TRG_RDM_run for (VDM_MQ_TriggerType_DmCommInitialized) returned (0) >>==========>>
01-30 17:41:07.033   453  5580 V vDM     : /vdm_mq_rdmtrigger.c.  151: [Core_MsgQ] +VDM_MQ_destroyTrgData (0xa663f860)
01-30 17:41:07.033   453  5580 V vDM     : /vdm_mq_rdmtrigger.c.  158: [Core_MsgQ] -VDM_MQ_destroyTrgData
01-30 17:41:07.033   453  5580 I vDM     : c/vdm_mq_scheduler.c. 1456: [Core_MsgQ] ~~~~~~~~~~~~~~~~~ ++ VDM DEBUG: DUMP ++ ~~~~~~~~~~~~~~~~~~~
01-30 17:41:07.033   453  5580 I vDM     : rc/vdm_mq_trgqueue.c.  425: [Core_MsgQ] MAIN QUEUE: 
01-30 17:41:07.033   453  5580 V vDM     : rc/vdm_mq_trgqueue.c.   49: [Core_MsgQ] => WEIGHTED THRESHOLD=80 (mode(0): 999 internal: 80)
01-30 17:41:07.033   453  5580 I vDM     : c/vdm_utl_priqueue.c.  299: [Util] { { { { (queue=0xafac6918)
01-30 17:41:07.033   453  5580 I vDM     : c/vdm_utl_priqueue.c.  311: [Util]   [0 : P=(030)]	[ VDM_MQ_TriggerType_DmCommBroken ] 
01-30 17:41:07.033   453  5580 I vDM     : c/vdm_utl_priqueue.c.  316: [Util] } } } }
01-30 17:41:07.033   453  5580 I vDM     : rc/vdm_mq_trgqueue.c.  425: [Core_MsgQ] DL QUEUE: 
01-30 17:41:07.033   453  5580 V vDM     : rc/vdm_mq_trgqueue.c.   49: [Core_MsgQ] => WEIGHTED THRESHOLD=80 (mode(0): 999 internal: 80)
01-30 17:41:07.033   453  5580 I vDM     : c/vdm_utl_priqueue.c.  299: [Util] { { { { (queue=0xafac6928)
01-30 17:41:07.033   453  5580 I vDM     : c/vdm_utl_priqueue.c.  303: [Util]  -- Queue is Empty :-) --
01-30 17:41:07.033   453  5580 I vDM     : c/vdm_utl_priqueue.c.  316: [Util] } } } }
01-30 17:41:07.033   453  5580 I vDM     : c/vdm_mq_scheduler.c. 1461: [Core_MsgQ] ~~~~~~~~~~~~~~~~~ -- VDM DEBUG: DUMP -- ~~~~~~~~~~~~~~~~~~~
01-30 17:41:07.033   453  5580 V vDM     : c/vdm_mq_scheduler.c.  239: [Core_MsgQ] +Scheduler_dispatchTimedEvents
01-30 17:41:07.033   453  5580 V vDM     : c/vdm_utl_priqueue.c.  169: [Util] +PriQueue_dequeue(inThreshold=1580386267, count=0 queue=0xafac6930)
01-30 17:41:07.033   453  5580 D vDM     : c/vdm_utl_priqueue.c.  122: [Util] PriQueue is Empty :-) (0xafac6930)
01-30 17:41:07.033   453  5580 V vDM     : c/vdm_utl_priqueue.c.  182: [Util] -PriQueue_dequeue (outData=0x0, count=0, queue=0xafac6930)
01-30 17:41:07.033   453  5580 V vDM     : c/vdm_mq_scheduler.c.  282: [Core_MsgQ] -Scheduler_dispatchTimedEvents (0)
01-30 17:41:07.033   453  5580 V vDM     : c/vdm_mq_scheduler.c.  768: [Core_MsgQ] +Scheduler_dequeueTrigger
01-30 17:41:07.033   453  5580 V vDM     : rc/vdm_mq_trgqueue.c.   49: [Core_MsgQ] => WEIGHTED THRESHOLD=80 (mode(0): 999 internal: 80)
01-30 17:41:07.033   453  5580 V vDM     : c/vdm_utl_priqueue.c.  169: [Util] +PriQueue_dequeue(inThreshold=80, count=0 queue=0xafac6928)
01-30 17:41:07.033   453  5580 D vDM     : c/vdm_utl_priqueue.c.  122: [Util] PriQueue is Empty :-) (0xafac6928)
01-30 17:41:07.033   453  5580 V vDM     : c/vdm_utl_priqueue.c.  182: [Util] -PriQueue_dequeue (outData=0x0, count=0, queue=0xafac6928)
01-30 17:41:07.033   453  5580 V vDM     : c/vdm_mq_scheduler.c.  926: [Core_MsgQ] -Scheduler_dequeueTrigger
01-30 17:41:07.033   453  5580 V vDM     : c/vdm_mq_scheduler.c.  768: [Core_MsgQ] +Scheduler_dequeueTrigger
01-30 17:41:07.033   453  5580 V vDM     : rc/vdm_mq_trgqueue.c.   49: [Core_MsgQ] => WEIGHTED THRESHOLD=80 (mode(0): 999 internal: 80)
01-30 17:41:07.033   453  5580 V vDM     : c/vdm_utl_priqueue.c.  169: [Util] +PriQueue_dequeue(inThreshold=80, count=1 queue=0xafac6918)
01-30 17:41:07.033   453  5580 V vDM     : c/vdm_utl_priqueue.c.  182: [Util] -PriQueue_dequeue (outData=0xa865c2e8, count=0, queue=0xafac6918)
01-30 17:41:07.033   453  5580 V vDM     : c/vdm_utl_priqueue.c.  226: [Util] +PriQueue_condRemove (inPriority=40, count=0, queue=0xafac6918)
01-30 17:41:07.033   453  5580 D vDM     : c/vdm_utl_priqueue.c.  230: [Util] PriQueue_condRemove: Queue is Empty :-)
01-30 17:41:07.033   453  5580 V vDM     : c/vdm_utl_priqueue.c.  256: [Util] -PriQueue_condRemove (count=0,, queue=0xafac6918)
01-30 17:41:07.033   453  5580 V vDM     : c/vdm_mq_scheduler.c.  926: [Core_MsgQ] -Scheduler_dequeueTrigger
01-30 17:41:07.033   453  5580 I vDM     : c/vdm_mq_scheduler.c.  737: [Core_MsgQ] vDM Dispatch (=VDM_MQ_TriggerType_DmCommBroken) >>>>>>>>>>>>>>>>>>>>>>>>>>>>>>
01-30 17:41:07.033   453  5580 V vDM     : ne/rdm/rdm_control.c.  441: [Core_Eng] +setTriggerInfo
01-30 17:41:07.033   453  5580 V vDM     : ne/rdm/rdm_control.c.  491: [Core_Eng] -setTriggerInfo::result = 0
01-30 17:41:07.033   453  5580 V vDM     : ne/rdm/rdm_control.c. 1246: [Core_Eng] sessionKey = [[null]]
01-30 17:41:07.033   453  5580 V vDM     : ne/rdm/rdm_control.c.  726: [Core_Eng] +DmRun, pTriggerInfo->type: 103
01-30 17:41:07.033   453  5580 V vDM     : ne/rdm/rdm_control.c.  640: [Core_Eng] +DmSanity
01-30 17:41:07.033   453  5580 V vDM     : ne/rdm/rdm_control.c.  644: [Core_Eng] DmSanity dmState->statenum : 3
01-30 17:41:07.033   453  5580 V vDM     : ne/rdm/rdm_control.c.  646: [Core_Eng] DmSanity pTriggerInfo->type : 103
01-30 17:41:07.033   453  5580 I vDM     : TRACE: ne/rdm/rdm_control.c,   882, [Core_Eng], Connection broken, 0x6303, retrying
01-30 17:41:07.033   453  5580 I vDM     : 
01-30 17:41:07.033   453  5580 I vDM     : ne/rdm/rdm_control.c.  272: [Core_Eng] MoveToNextState from: SetupOpen(3) pTrgInf:2791569040 forceNewState:11
01-30 17:41:07.033   453  5580 I vDM     : 
01-30 17:41:07.033   453  5580 I vDM     : ne/rdm/rdm_control.c.  338: [Core_Eng] MoveToNextState to:   SetupRetry(11) 
01-30 17:41:07.033   453  5580 I vDM     : 
01-30 17:41:07.033   453  5580 V vDM     : e/rdm/sess/session.c.  799: [Core_Sess] +session: SESS_runSession
01-30 17:41:07.033   453  5580 V vDM     : /core/src/vdm_comm.c.  296: [Core_MsgQ] +VDM_Comm_unregisterHttpHeadersObserver
01-30 17:41:07.033   453  5580 V vDM     : 
01-30 17:41:07.033   453  5580 V vDM     : /core/src/vdm_comm.c.  316: [Core_MsgQ] -VDM_Comm_unregisterHttpHeadersObserver
01-30 17:41:07.033   453  5580 V vDM     : 
01-30 17:41:07.033   453  5580 V vDM     : /http/src/vdm_http.c.  686: [HTTP] VDM_HTTP_close called (0xa56e6100)
01-30 17:41:07.033   453  5580 V vDM     : 
01-30 17:41:07.033   453  5580 V vDM     : /http/src/vdm_http.c.  654: [HTTP] httpCloseConnection called (0xa56e6100)
01-30 17:41:07.033   453  5580 V vDM     : 
01-30 17:41:07.033   453  5580 V vDM     : /http/src/vdm_http.c.  660: [HTTP] Calling VDM_Comm_PL_Conn_close: connContext=0xa56b8970, connId=290
01-30 17:41:07.033   453  5580 V vDM     : 
01-30 17:41:07.033   453  5580 V vDM     : x/vdm_comm_pl_conn.c.  823: [Comm] +VDM_Comm_PL_Conn_close
01-30 17:41:07.033   453  5580 V vDM     : x/vdm_comm_pl_conn.c.  389: [Comm] SSL_shutdown returned 0
01-30 17:41:07.033   453  5580 V vDM     : x/vdm_comm_pl_conn.c.  398: [Comm] SSL_shutdown failed - calling shutdown again retry 1
01-30 17:41:07.093 16716 16716 I Gallery : Content JS LOG: App init 
01-30 17:41:07.093 16716 16716 I Gallery :     at window.debug (app://gallery.gaiamobile.org/js/utils.js:3:1)
01-30 17:41:07.093 16716 16716 I Gallery : Content JS LOG: SoftkeyManager init 
01-30 17:41:07.093 16716 16716 I Gallery :     at window.debug (app://gallery.gaiamobile.org/js/utils.js:3:1)
01-30 17:41:07.103 16716 16716 I Gallery : Content JS LOG: SoftkeyManager init done 
01-30 17:41:07.103 16716 16716 I Gallery :     at window.debug (app://gallery.gaiamobile.org/js/utils.js:3:1)
01-30 17:41:07.103 16716 16716 I Gallery : Content JS LOG: Pick init 
01-30 17:41:07.103 16716 16716 I Gallery :     at window.debug (app://gallery.gaiamobile.org/js/utils.js:3:1)
01-30 17:41:07.113 16716 16716 I Gallery : Content JS LOG: Pick init done 
01-30 17:41:07.113 16716 16716 I Gallery :     at window.debug (app://gallery.gaiamobile.org/js/utils.js:3:1)
01-30 17:41:07.163   453  5580 V vDM     : x/vdm_comm_pl_conn.c.  389: [Comm] SSL_shutdown returned 1
01-30 17:41:07.163   453  5580 V vDM     : x/vdm_comm_pl_conn.c.  402: [Comm] SSL_shutdown succeeded 
01-30 17:41:07.163   453  5580 V vDM     : 
01-30 17:41:07.163   453  5580 I vDM     : http_sockethandler.c.  152: [HTTP] Notify socket was closed
01-30 17:41:07.163   453  5580 I vDM     : 
01-30 17:41:07.163   453  5580 V vDM     : c/vdm_mq_scheduler.c.  577: [Core_MsgQ] +Scheduler_enqueueTrigger
01-30 17:41:07.163   453  5580 V vDM     : /vdm_mq_rdmtrigger.c.   34: [Core_MsgQ] +cloneTrgData
01-30 17:41:07.163   453  5580 V vDM     : 
01-30 17:41:07.163   453  5580 V vDM     : /vdm_mq_rdmtrigger.c.  125: [Core_MsgQ] -cloneTrgData
01-30 17:41:07.163   453  5580 V vDM     : 
01-30 17:41:07.163   453  5580 I vDM     : rc/vdm_mq_trgqueue.c.  163: [Core_MsgQ] Enqueue to MAIN MQ (VDM_MQ_TriggerType_DmCommClosed) <<<<<<<<<<<<<<<<<<<<<<<<<<<<<<
01-30 17:41:07.163   453  5580 V vDM     : c/vdm_utl_priqueue.c.   74: [Util] +PriQueue_enqueue(inData=0xa865c090, inPriority=30 queue=0xafac6918)
01-30 17:41:07.163   453  5580 V vDM     : c/vdm_utl_priqueue.c.  108: [Util] PriQueue_enqueue: enqueued (pItem = 0xa67b19a0, pItem->priority=30, count=1) (0xafac6918)
01-30 17:41:07.163   453  5580 V vDM     : c/vdm_utl_priqueue.c.  111: [Util] -PriQueue_enqueue (result= 0x0)
01-30 17:41:07.163   453  5580 V vDM     : c/vdm_utl_msgqueue.c.  142: [Util] MsgQueue_enqueue- Calling SignalEvent...
01-30 17:41:07.163   453  5580 V vDM     : c/vdm_mq_scheduler.c.  614: [Core_MsgQ] -Scheduler_enqueueTrigger (result=0)
01-30 17:41:07.163   453  5580 V vDM     : x/vdm_comm_pl_conn.c.  840: [Comm] VDM_Comm_PL_Conn_close (connId = 290) returns
01-30 17:41:07.173   453  5580 V vDM     : /http/src/vdm_http.c.  675: [HTTP] VDM_Comm_PL_Conn_close returned. httpContext->socketRef=290
01-30 17:41:07.173   453  5580 V vDM     : 
01-30 17:41:07.173   453  5580 V vDM     : /vdm_http_internal.c.  181: [HTTP] VDM_HTTP_postClose called (0xa56e6100)
01-30 17:41:07.173   453  5580 V vDM     : 
01-30 17:41:07.173   453  5580 V vDM     : ne/rdm/rdm_control.c. 1080: [Core_Eng] -DmRun: result = 0
01-30 17:41:07.173   453  5580 V vDM     : c/vdm_mq_scheduler.c.  744: [Core_MsgQ] TRG_RDM_run for (VDM_MQ_TriggerType_DmCommBroken) returned (0) >>==========>>
01-30 17:41:07.173   453  5580 V vDM     : /vdm_mq_rdmtrigger.c.  151: [Core_MsgQ] +VDM_MQ_destroyTrgData (0xa663f860)
01-30 17:41:07.173   453  5580 V vDM     : /vdm_mq_rdmtrigger.c.  158: [Core_MsgQ] -VDM_MQ_destroyTrgData
01-30 17:41:07.173   453  5580 I vDM     : c/vdm_mq_scheduler.c. 1456: [Core_MsgQ] ~~~~~~~~~~~~~~~~~ ++ VDM DEBUG: DUMP ++ ~~~~~~~~~~~~~~~~~~~
01-30 17:41:07.173   453  5580 I vDM     : rc/vdm_mq_trgqueue.c.  425: [Core_MsgQ] MAIN QUEUE: 
01-30 17:41:07.173   453  5580 V vDM     : rc/vdm_mq_trgqueue.c.   49: [Core_MsgQ] => WEIGHTED THRESHOLD=80 (mode(0): 999 internal: 80)
01-30 17:41:07.173   453  5580 I vDM     : c/vdm_utl_priqueue.c.  299: [Util] { { { { (queue=0xafac6918)
01-30 17:41:07.173   453  5580 I vDM     : c/vdm_utl_priqueue.c.  311: [Util]   [0 : P=(030)]	[ VDM_MQ_TriggerType_DmCommClosed ] 
01-30 17:41:07.173   453  5580 I vDM     : c/vdm_utl_priqueue.c.  316: [Util] } } } }
01-30 17:41:07.173   453  5580 I vDM     : rc/vdm_mq_trgqueue.c.  425: [Core_MsgQ] DL QUEUE: 
01-30 17:41:07.183   453  5580 V vDM     : rc/vdm_mq_trgqueue.c.   49: [Core_MsgQ] => WEIGHTED THRESHOLD=80 (mode(0): 999 internal: 80)
01-30 17:41:07.183   453  5580 I vDM     : c/vdm_utl_priqueue.c.  299: [Util] { { { { (queue=0xafac6928)
01-30 17:41:07.183   453  5580 I vDM     : c/vdm_utl_priqueue.c.  303: [Util]  -- Queue is Empty :-) --
01-30 17:41:07.183   453  5580 I vDM     : c/vdm_utl_priqueue.c.  316: [Util] } } } }
01-30 17:41:07.183   453  5580 I vDM     : c/vdm_mq_scheduler.c. 1461: [Core_MsgQ] ~~~~~~~~~~~~~~~~~ -- VDM DEBUG: DUMP -- ~~~~~~~~~~~~~~~~~~~
01-30 17:41:07.183   453  5580 V vDM     : c/vdm_mq_scheduler.c.  239: [Core_MsgQ] +Scheduler_dispatchTimedEvents
01-30 17:41:07.183   453  5580 V vDM     : c/vdm_utl_priqueue.c.  169: [Util] +PriQueue_dequeue(inThreshold=1580386267, count=0 queue=0xafac6930)
01-30 17:41:07.183   453  5580 D vDM     : c/vdm_utl_priqueue.c.  122: [Util] PriQueue is Empty :-) (0xafac6930)
01-30 17:41:07.193   453  5580 V vDM     : c/vdm_utl_priqueue.c.  182: [Util] -PriQueue_dequeue (outData=0x0, count=0, queue=0xafac6930)
01-30 17:41:07.193   453  5580 V vDM     : c/vdm_mq_scheduler.c.  282: [Core_MsgQ] -Scheduler_dispatchTimedEvents (0)
01-30 17:41:07.193   453  5580 V vDM     : c/vdm_mq_scheduler.c.  768: [Core_MsgQ] +Scheduler_dequeueTrigger
01-30 17:41:07.193   453  5580 V vDM     : rc/vdm_mq_trgqueue.c.   49: [Core_MsgQ] => WEIGHTED THRESHOLD=80 (mode(0): 999 internal: 80)
01-30 17:41:07.193   453  5580 V vDM     : c/vdm_utl_priqueue.c.  169: [Util] +PriQueue_dequeue(inThreshold=80, count=0 queue=0xafac6928)
01-30 17:41:07.193   453  5580 D vDM     : c/vdm_utl_priqueue.c.  122: [Util] PriQueue is Empty :-) (0xafac6928)
01-30 17:41:07.193   453  5580 V vDM     : c/vdm_utl_priqueue.c.  182: [Util] -PriQueue_dequeue (outData=0x0, count=0, queue=0xafac6928)
01-30 17:41:07.193   453  5580 V vDM     : c/vdm_mq_scheduler.c.  926: [Core_MsgQ] -Scheduler_dequeueTrigger
01-30 17:41:07.193   453  5580 V vDM     : c/vdm_mq_scheduler.c.  768: [Core_MsgQ] +Scheduler_dequeueTrigger
01-30 17:41:07.193   453  5580 V vDM     : rc/vdm_mq_trgqueue.c.   49: [Core_MsgQ] => WEIGHTED THRESHOLD=80 (mode(0): 999 internal: 80)
01-30 17:41:07.203   453  5580 V vDM     : c/vdm_utl_priqueue.c.  169: [Util] +PriQueue_dequeue(inThreshold=80, count=1 queue=0xafac6918)
01-30 17:41:07.203   453  5580 V vDM     : c/vdm_utl_priqueue.c.  182: [Util] -PriQueue_dequeue (outData=0xa865c090, count=0, queue=0xafac6918)
01-30 17:41:07.203   453  5580 V vDM     : c/vdm_mq_scheduler.c.  926: [Core_MsgQ] -Scheduler_dequeueTrigger
01-30 17:41:07.203   453  5580 I vDM     : c/vdm_mq_scheduler.c.  737: [Core_MsgQ] vDM Dispatch (=VDM_MQ_TriggerType_DmCommClosed) >>>>>>>>>>>>>>>>>>>>>>>>>>>>>>
01-30 17:41:07.203   453  5580 V vDM     : ne/rdm/rdm_control.c.  441: [Core_Eng] +setTriggerInfo
01-30 17:41:07.203   453  5580 V vDM     : ne/rdm/rdm_control.c.  491: [Core_Eng] -setTriggerInfo::result = 0
01-30 17:41:07.203   453  5580 V vDM     : ne/rdm/rdm_control.c. 1246: [Core_Eng] sessionKey = [[null]]
01-30 17:41:07.203   453  5580 V vDM     : ne/rdm/rdm_control.c.  726: [Core_Eng] +DmRun, pTriggerInfo->type: 105
01-30 17:41:07.203   453  5580 V vDM     : ne/rdm/rdm_control.c.  640: [Core_Eng] +DmSanity
01-30 17:41:07.203   453  5580 V vDM     : ne/rdm/rdm_control.c.  644: [Core_Eng] DmSanity dmState->statenum : 11
01-30 17:41:07.203   453  5580 V vDM     : ne/rdm/rdm_control.c.  646: [Core_Eng] DmSanity pTriggerInfo->type : 105
01-30 17:41:07.203   453  5580 I vDM     : TRACE: dm/sess/sess_comms.c,   514, [Core_Comm], Open connection to DM server, https://dmunifiedsolution.jio.com:443/dm
01-30 17:41:07.203   453  5580 I vDM     : 
01-30 17:41:07.203   453  5580 V vDM     : dm/sess/sess_comms.c.  519: [Core_Comm] Calling VDM_HTTP_open: inContext=0xa56e6100, inAddr=https://dmunifiedsolution.jio.com:443/dm, inMimeType=1 
01-30 17:41:07.203   453  5580 V vDM     : 
01-30 17:41:07.203   453  5580 V vDM     : /http/src/vdm_http.c.  367: [HTTP] VDM_HTTP_open called (inAddr=https://dmunifiedsolution.jio.com:443/dm)
01-30 17:41:07.203   453  5580 V vDM     : 
01-30 17:41:07.203   453  5580 V vDM     : /http/src/vdm_http.c.  311: [HTTP] httpOpen called (inAddr=https://dmunifiedsolution.jio.com:443/dm)
01-30 17:41:07.203   453  5580 V vDM     : 
01-30 17:41:07.203   453  5580 V vDM     : /http/src/vdm_http.c.  252: [HTTP] getHost called (inAddr=https://dmunifiedsolution.jio.com:443/dm)
01-30 17:41:07.203   453  5580 V vDM     : 
01-30 17:41:07.203   453  5580 V vDM     : /http/src/vdm_http.c.  334: [HTTP] Calling VDM_Comm_PL_Conn_open: inContext=0xa56b8970, inUrl=https://dmunifiedsolution.jio.com:443
01-30 17:41:07.203   453  5580 V vDM     : 
01-30 17:41:07.203   453  5580 V vDM     : x/vdm_comm_pl_conn.c.  656: [Comm] +VDM_Comm_PL_Conn_open (url=https://dmunifiedsolution.jio.com:443, proxy=[null])
01-30 17:41:07.203   453  5580 V vDM     : x/vdm_comm_pl_conn.c.  662: [Comm] VDM_Comm_PL_Conn_open try to open connection with IPv4 or IPv6 ...
01-30 17:41:07.203   453  5580 V vDM     : x/vdm_comm_pl_conn.c.  449: [Comm] server name = dmunifiedsolution.jio.com port = 443
01-30 17:41:07.213 16716 16716 I Gallery : Content JS LOG: ViewHelper resetView pickView 
01-30 17:41:07.213 16716 16716 I Gallery :     at window.debug (app://gallery.gaiamobile.org/js/utils.js:3:1)
01-30 17:41:07.223   453   453 I WakeLock: Release cpu wakelock
01-30 17:41:07.253 16716 16736 E linker  : readlink('/proc/self/fd/40') failed: Invalid argument [fd=40]
01-30 17:41:07.253 16716 16736 E linker  : warning: unable to get realpath for the library "/system/lib/hw/gralloc.msm8909.so". Will use given name.
01-30 17:41:07.253 16716 16736 E linker  : readlink('/proc/self/fd/40') failed: Invalid argument [fd=40]
01-30 17:41:07.253 16716 16736 E linker  : warning: unable to get realpath for the library "libmemalloc.so". Will use given name.
01-30 17:41:07.253 16716 16736 E linker  : readlink('/proc/self/fd/40') failed: Invalid argument [fd=40]
01-30 17:41:07.253 16716 16736 E linker  : warning: unable to get realpath for the library "libqdMetaData.so". Will use given name.
01-30 17:41:07.253 16716 16736 E linker  : readlink('/proc/self/fd/40') failed: Invalid argument [fd=40]
01-30 17:41:07.253 16716 16736 E linker  : warning: unable to get realpath for the library "libqdutils.so". Will use given name.
01-30 17:41:07.263 16716 16736 E linker  : readlink('/proc/self/fd/40') failed: Invalid argument [fd=40]
01-30 17:41:07.263 16716 16736 E linker  : warning: unable to get realpath for the library "libGLESv1_CM.so". Will use given name.
01-30 17:41:07.263 16716 16736 E linker  : readlink('/proc/self/fd/40') failed: Invalid argument [fd=40]
01-30 17:41:07.263 16716 16736 E linker  : warning: unable to get realpath for the library "libqservice.so". Will use given name.
01-30 17:41:07.283 16716 16716 I Gallery : Content JS LOG: NavigationMap ## reset ## 2 
01-30 17:41:07.283 16716 16716 I Gallery :     at window.debug (app://gallery.gaiamobile.org/js/utils.js:3:1)
01-30 17:41:07.283 16716 16716 I Gallery : Content JS LOG: SoftkeyManager setSkMenu: pickView 
01-30 17:41:07.283 16716 16716 I Gallery :     at window.debug (app://gallery.gaiamobile.org/js/utils.js:3:1)
01-30 17:41:07.293 16716 16716 I Gallery : Content JS LOG: SoftkeyManager create [object Object],[object Object] 
01-30 17:41:07.293 16716 16716 I Gallery :     at window.debug (app://gallery.gaiamobile.org/js/utils.js:3:1)
01-30 17:41:07.293 16716 16716 I FocusManager: << focus() called >>
01-30 17:41:07.293 16716 16716 I FocusManager:    trying to set focus on, tag: FORM, id: softkeyPanel, class: skbar none-paddings visible focused
01-30 17:41:07.313 16716 16716 I FocusManager: Warning: element is not focusable.
01-30 17:41:07.323   453  5580 V vDM     : x/vdm_comm_pl_conn.c.  319: [Comm] connect() success over IPv4 or IPv6, dmunifiedsolution.jio.com:443
01-30 17:41:07.323   453  5580 E vDM     : x/vdm_comm_pl_conn.c. 1260: [Comm] Using proper client cipher list
01-30 17:41:07.373 16716 16716 I WakeLock: Acquire screen wakelock
01-30 17:41:07.463 16716 16716 I Gallery : Content JS LOG: NavigationMap ## reset ## 2 
01-30 17:41:07.463 16716 16716 I Gallery :     at window.debug (app://gallery.gaiamobile.org/js/utils.js:3:1)
01-30 17:41:07.473 16716 16716 I FocusManager: << focus() called >>
01-30 17:41:07.473 16716 16716 I FocusManager:    trying to set focus on, tag: DIV, id: , class: thumbnail focus
01-30 17:41:07.473 16716 16716 I FocusManager:    current focused element, NULL, tag: , id: , class: 
01-30 17:41:07.473 16716 16716 I FocusManager: <- blur on, NULL, tag: , id: , class: 
01-30 17:41:07.473 16716 16716 I FocusManager: -> focus is now on, tag: DIV, id: , class: thumbnail focus
01-30 17:41:07.473 16716 16716 I Gallery : Content JS LOG: App setCurrentFileIndexByElement:currentFileIndex: 0 
01-30 17:41:07.473 16716 16716 I Gallery :     at window.debug (app://gallery.gaiamobile.org/js/utils.js:3:1)
01-30 17:41:07.483 16716 16716 I Gallery : Content JS LOG: SoftkeyManager setSkMenu: pickView 
01-30 17:41:07.483 16716 16716 I Gallery :     at window.debug (app://gallery.gaiamobile.org/js/utils.js:3:1)
01-30 17:41:07.483 16716 16716 I Gallery : Content JS LOG: SoftkeyManager create [object Object],[object Object] 
01-30 17:41:07.483 16716 16716 I Gallery :     at window.debug (app://gallery.gaiamobile.org/js/utils.js:3:1)
01-30 17:41:07.483 16716 16716 I FocusManager: << focus() called >>
01-30 17:41:07.483 16716 16716 I FocusManager:    trying to set focus on, tag: FORM, id: softkeyPanel, class: skbar none-paddings visible focused
01-30 17:41:07.493 16716 16716 I FocusManager: Warning: element is not focusable.
01-30 17:41:07.583   453  5580 V vDM     : x/vdm_comm_pl_conn.c. 1080: [Comm] Certificate verify return code: 20
01-30 17:41:07.583   453  5580 E vDM     : x/vdm_comm_pl_conn.c. 1092: [Comm] Certificate doesn't verify (error 20)
01-30 17:41:07.583   453  5580 E vDM     : x/vdm_comm_pl_conn.c.  189: [Comm] Certificate check failed
01-30 17:41:07.583   453  5580 V vDM     : x/vdm_comm_pl_conn.c.  389: [Comm] SSL_shutdown returned 0
01-30 17:41:07.583   453  5580 V vDM     : x/vdm_comm_pl_conn.c.  398: [Comm] SSL_shutdown failed - calling shutdown again retry 1
01-30 17:41:07.663 16716 16716 I WakeLock: Release screen wakelock
01-30 17:41:07.693   453  5580 V vDM     : x/vdm_comm_pl_conn.c.  389: [Comm] SSL_shutdown returned 1
01-30 17:41:07.693   453  5580 V vDM     : x/vdm_comm_pl_conn.c.  402: [Comm] SSL_shutdown succeeded 
01-30 17:41:07.693   453  5580 V vDM     : 
01-30 17:41:07.693   453  5580 V vDM     : x/vdm_comm_pl_conn.c.  674: [Comm] VDM_Comm_PL_Conn_open try to open connection with IPv4 only ...
01-30 17:41:07.693   453  5580 V vDM     : x/vdm_comm_pl_conn.c.  449: [Comm] server name = dmunifiedsolution.jio.com port = 443
01-30 17:41:07.723 16716 16716 I Gallery : Content JS LOG: NavigationMap ## reset ## 2 
01-30 17:41:07.723 16716 16716 I Gallery :     at window.debug (app://gallery.gaiamobile.org/js/utils.js:3:1)
01-30 17:41:07.733 16716 16716 I FocusManager: << focus() called >>
01-30 17:41:07.733 16716 16716 I FocusManager:    trying to set focus on, tag: DIV, id: , class: thumbnail focus
01-30 17:41:07.733 16716 16716 I FocusManager: Warning: element is already focused.
01-30 17:41:07.733 16716 16716 I Gallery : Content JS LOG: App setCurrentFileIndexByElement:currentFileIndex: 0 
01-30 17:41:07.733 16716 16716 I Gallery :     at window.debug (app://gallery.gaiamobile.org/js/utils.js:3:1)
01-30 17:41:07.733 16716 16716 I Gallery : Content JS LOG: SoftkeyManager setSkMenu: pickView 
01-30 17:41:07.733 16716 16716 I Gallery :     at window.debug (app://gallery.gaiamobile.org/js/utils.js:3:1)
01-30 17:41:07.743 16716 16716 I Gallery : Content JS LOG: SoftkeyManager create [object Object],[object Object] 
01-30 17:41:07.743 16716 16716 I Gallery :     at window.debug (app://gallery.gaiamobile.org/js/utils.js:3:1)
01-30 17:41:07.743 16716 16716 I FocusManager: << focus() called >>
01-30 17:41:07.743 16716 16716 I FocusManager:    trying to set focus on, tag: FORM, id: softkeyPanel, class: skbar none-paddings visible focused
01-30 17:41:07.743 16716 16716 I FocusManager: Warning: element is not focusable.
01-30 17:41:07.793   453  5580 V vDM     : x/vdm_comm_pl_conn.c.  370: [Comm] connect() success over IPv4 only, dmunifiedsolution.jio.com:443
01-30 17:41:07.793   453  5580 E vDM     : x/vdm_comm_pl_conn.c. 1260: [Comm] Using proper client cipher list
01-30 17:41:08.033   453  5580 V vDM     : x/vdm_comm_pl_conn.c. 1080: [Comm] Certificate verify return code: 20
01-30 17:41:08.033   453  5580 E vDM     : x/vdm_comm_pl_conn.c. 1092: [Comm] Certificate doesn't verify (error 20)
01-30 17:41:08.033   453  5580 E vDM     : x/vdm_comm_pl_conn.c.  189: [Comm] Certificate check failed
01-30 17:41:08.033   453  5580 V vDM     : x/vdm_comm_pl_conn.c.  693: [Comm] connection NOT opened to dmunifiedsolution.jio.com:443
01-30 17:41:08.033   453  5580 V vDM     : http_sockethandler.c.  124: [HTTP] Message transport failed (last error=0x6303)
01-30 17:41:08.033   453  5580 V vDM     : 
01-30 17:41:08.033   453  5580 V vDM     : c/vdm_mq_scheduler.c.  577: [Core_MsgQ] +Scheduler_enqueueTrigger
01-30 17:41:08.033   453  5580 V vDM     : /vdm_mq_rdmtrigger.c.   34: [Core_MsgQ] +cloneTrgData
01-30 17:41:08.033   453  5580 V vDM     : 
01-30 17:41:08.033   453  5580 V vDM     : /vdm_mq_rdmtrigger.c.  125: [Core_MsgQ] -cloneTrgData
01-30 17:41:08.033   453  5580 V vDM     : 
01-30 17:41:08.033   453  5580 I vDM     : rc/vdm_mq_trgqueue.c.  163: [Core_MsgQ] Enqueue to MAIN MQ (VDM_MQ_TriggerType_DmCommBroken) <<<<<<<<<<<<<<<<<<<<<<<<<<<<<<
01-30 17:41:08.033   453  5580 V vDM     : c/vdm_utl_priqueue.c.   74: [Util] +PriQueue_enqueue(inData=0xa865c3c0, inPriority=30 queue=0xafac6918)
01-30 17:41:08.033   453  5580 V vDM     : c/vdm_utl_priqueue.c.  108: [Util] PriQueue_enqueue: enqueued (pItem = 0xa3e61ca0, pItem->priority=30, count=1) (0xafac6918)
01-30 17:41:08.033   453  5580 V vDM     : c/vdm_utl_priqueue.c.  111: [Util] -PriQueue_enqueue (result= 0x0)
01-30 17:41:08.033   453  5580 V vDM     : c/vdm_utl_msgqueue.c.  142: [Util] MsgQueue_enqueue- Calling SignalEvent...
01-30 17:41:08.033   453  5580 V vDM     : c/vdm_mq_scheduler.c.  614: [Core_MsgQ] -Scheduler_enqueueTrigger (result=0)
01-30 17:41:08.033   453  5580 V vDM     : x/vdm_comm_pl_conn.c.  705: [Comm] -VDM_Comm_PL_Conn_open (connId = 357) returns 0x0
01-30 17:41:08.033   453  5580 V vDM     : /http/src/vdm_http.c.  349: [HTTP] VDM_Comm_PL_Conn_open returned 0x0. outConnId=357
01-30 17:41:08.033   453  5580 V vDM     : 
01-30 17:41:08.033   453  5580 V vDM     : /core/src/vdm_comm.c.  253: [Core_MsgQ] +VDM_Comm_registerHttpHeadersObserver
01-30 17:41:08.033   453  5580 V vDM     : 
01-30 17:41:08.033   453  5580 V vDM     : /core/src/vdm_comm.c.  280: [Core_MsgQ] -VDM_Comm_registerHttpHeadersObserver
01-30 17:41:08.033   453  5580 V vDM     : 
01-30 17:41:08.033   453  5580 V vDM     : dm/sess/sess_comms.c.  530: [Core_Comm] VDM_HTTP_open returned 0x0. outConnId=357
01-30 17:41:08.033   453  5580 V vDM     : 
01-30 17:41:08.033   453  5580 I vDM     : ne/rdm/rdm_control.c.  272: [Core_Eng] MoveToNextState from: SetupRetry(11) pTrgInf:0 forceNewState:3
01-30 17:41:08.033   453  5580 I vDM     : 
01-30 17:41:08.033   453  5580 I vDM     : ne/rdm/rdm_control.c.  338: [Core_Eng] MoveToNextState to:   SetupOpen(3) 
01-30 17:41:08.033   453  5580 I vDM     : 
01-30 17:41:08.033   453  5580 V vDM     : ne/rdm/rdm_control.c. 1080: [Core_Eng] -DmRun: result = 0
01-30 17:41:08.033   453  5580 V vDM     : c/vdm_mq_scheduler.c.  744: [Core_MsgQ] TRG_RDM_run for (VDM_MQ_TriggerType_DmCommClosed) returned (0) >>==========>>
01-30 17:41:08.033   453  5580 V vDM     : /vdm_mq_rdmtrigger.c.  151: [Core_MsgQ] +VDM_MQ_destroyTrgData (0xa663f860)
01-30 17:41:08.033   453  5580 V vDM     : /vdm_mq_rdmtrigger.c.  158: [Core_MsgQ] -VDM_MQ_destroyTrgData
01-30 17:41:08.033   453  5580 I vDM     : c/vdm_mq_scheduler.c. 1456: [Core_MsgQ] ~~~~~~~~~~~~~~~~~ ++ VDM DEBUG: DUMP ++ ~~~~~~~~~~~~~~~~~~~
01-30 17:41:08.033   453  5580 I vDM     : rc/vdm_mq_trgqueue.c.  425: [Core_MsgQ] MAIN QUEUE: 
01-30 17:41:08.033   453  5580 V vDM     : rc/vdm_mq_trgqueue.c.   49: [Core_MsgQ] => WEIGHTED THRESHOLD=80 (mode(0): 999 internal: 80)
01-30 17:41:08.033   453  5580 I vDM     : c/vdm_utl_priqueue.c.  299: [Util] { { { { (queue=0xafac6918)
01-30 17:41:08.033   453  5580 I vDM     : c/vdm_utl_priqueue.c.  311: [Util]   [0 : P=(030)]	[ VDM_MQ_TriggerType_DmCommBroken ] 
01-30 17:41:08.033   453  5580 I vDM     : c/vdm_utl_priqueue.c.  316: [Util] } } } }
01-30 17:41:08.033   453  5580 I vDM     : rc/vdm_mq_trgqueue.c.  425: [Core_MsgQ] DL QUEUE: 
01-30 17:41:08.033   453  5580 V vDM     : rc/vdm_mq_trgqueue.c.   49: [Core_MsgQ] => WEIGHTED THRESHOLD=80 (mode(0): 999 internal: 80)
01-30 17:41:08.033   453  5580 I vDM     : c/vdm_utl_priqueue.c.  299: [Util] { { { { (queue=0xafac6928)
01-30 17:41:08.043   453  5580 I vDM     : c/vdm_utl_priqueue.c.  303: [Util]  -- Queue is Empty :-) --
01-30 17:41:08.043   453  5580 I vDM     : c/vdm_utl_priqueue.c.  316: [Util] } } } }
01-30 17:41:08.043   453  5580 I vDM     : c/vdm_mq_scheduler.c. 1461: [Core_MsgQ] ~~~~~~~~~~~~~~~~~ -- VDM DEBUG: DUMP -- ~~~~~~~~~~~~~~~~~~~
01-30 17:41:08.043   453  5580 V vDM     : c/vdm_mq_scheduler.c.  239: [Core_MsgQ] +Scheduler_dispatchTimedEvents
01-30 17:41:08.043   453  5580 V vDM     : c/vdm_utl_priqueue.c.  169: [Util] +PriQueue_dequeue(inThreshold=1580386268, count=0 queue=0xafac6930)
01-30 17:41:08.043   453  5580 D vDM     : c/vdm_utl_priqueue.c.  122: [Util] PriQueue is Empty :-) (0xafac6930)
01-30 17:41:08.043   453  5580 V vDM     : c/vdm_utl_priqueue.c.  182: [Util] -PriQueue_dequeue (outData=0x0, count=0, queue=0xafac6930)
01-30 17:41:08.043   453  5580 V vDM     : c/vdm_mq_scheduler.c.  282: [Core_MsgQ] -Scheduler_dispatchTimedEvents (0)
01-30 17:41:08.043   453  5580 V vDM     : c/vdm_mq_scheduler.c.  768: [Core_MsgQ] +Scheduler_dequeueTrigger
01-30 17:41:08.043   453  5580 V vDM     : rc/vdm_mq_trgqueue.c.   49: [Core_MsgQ] => WEIGHTED THRESHOLD=80 (mode(0): 999 internal: 80)
01-30 17:41:08.043   453  5580 V vDM     : c/vdm_utl_priqueue.c.  169: [Util] +PriQueue_dequeue(inThreshold=80, count=0 queue=0xafac6928)
01-30 17:41:08.043   453  5580 D vDM     : c/vdm_utl_priqueue.c.  122: [Util] PriQueue is Empty :-) (0xafac6928)
01-30 17:41:08.043   453  5580 V vDM     : c/vdm_utl_priqueue.c.  182: [Util] -PriQueue_dequeue (outData=0x0, count=0, queue=0xafac6928)
01-30 17:41:08.043   453  5580 V vDM     : c/vdm_mq_scheduler.c.  926: [Core_MsgQ] -Scheduler_dequeueTrigger
01-30 17:41:08.043   453  5580 V vDM     : c/vdm_mq_scheduler.c.  768: [Core_MsgQ] +Scheduler_dequeueTrigger
01-30 17:41:08.043   453  5580 V vDM     : rc/vdm_mq_trgqueue.c.   49: [Core_MsgQ] => WEIGHTED THRESHOLD=80 (mode(0): 999 internal: 80)
01-30 17:41:08.043   453  5580 V vDM     : c/vdm_utl_priqueue.c.  169: [Util] +PriQueue_dequeue(inThreshold=80, count=1 queue=0xafac6918)
01-30 17:41:08.043   453  5580 V vDM     : c/vdm_utl_priqueue.c.  182: [Util] -PriQueue_dequeue (outData=0xa865c3c0, count=0, queue=0xafac6918)
01-30 17:41:08.043   453  5580 V vDM     : c/vdm_utl_priqueue.c.  226: [Util] +PriQueue_condRemove (inPriority=40, count=0, queue=0xafac6918)
01-30 17:41:08.043   453  5580 D vDM     : c/vdm_utl_priqueue.c.  230: [Util] PriQueue_condRemove: Queue is Empty :-)
01-30 17:41:08.043   453  5580 V vDM     : c/vdm_utl_priqueue.c.  256: [Util] -PriQueue_condRemove (count=0,, queue=0xafac6918)
01-30 17:41:08.043   453  5580 V vDM     : c/vdm_mq_scheduler.c.  926: [Core_MsgQ] -Scheduler_dequeueTrigger
01-30 17:41:08.043   453  5580 I vDM     : c/vdm_mq_scheduler.c.  737: [Core_MsgQ] vDM Dispatch (=VDM_MQ_TriggerType_DmCommBroken) >>>>>>>>>>>>>>>>>>>>>>>>>>>>>>
01-30 17:41:08.043   453  5580 V vDM     : ne/rdm/rdm_control.c.  441: [Core_Eng] +setTriggerInfo
01-30 17:41:08.043   453  5580 V vDM     : ne/rdm/rdm_control.c.  491: [Core_Eng] -setTriggerInfo::result = 0
01-30 17:41:08.043   453  5580 V vDM     : ne/rdm/rdm_control.c. 1246: [Core_Eng] sessionKey = [[null]]
01-30 17:41:08.043   453  5580 V vDM     : ne/rdm/rdm_control.c.  726: [Core_Eng] +DmRun, pTriggerInfo->type: 103
01-30 17:41:08.043   453  5580 V vDM     : ne/rdm/rdm_control.c.  640: [Core_Eng] +DmSanity
01-30 17:41:08.043   453  5580 V vDM     : ne/rdm/rdm_control.c.  644: [Core_Eng] DmSanity dmState->statenum : 3
01-30 17:41:08.043   453  5580 V vDM     : ne/rdm/rdm_control.c.  646: [Core_Eng] DmSanity pTriggerInfo->type : 103
01-30 17:41:08.043   453  5580 I vDM     : TRACE: ne/rdm/rdm_control.c,   882, [Core_Eng], Connection broken, 0x6303, retrying
01-30 17:41:08.043   453  5580 I vDM     : 
01-30 17:41:08.043   453  5580 I vDM     : ne/rdm/rdm_control.c.  272: [Core_Eng] MoveToNextState from: SetupOpen(3) pTrgInf:2791569040 forceNewState:11
01-30 17:41:08.043   453  5580 I vDM     : 
01-30 17:41:08.043   453  5580 I vDM     : ne/rdm/rdm_control.c.  338: [Core_Eng] MoveToNextState to:   SetupRetry(11) 
01-30 17:41:08.043   453  5580 I vDM     : 
01-30 17:41:08.043   453  5580 V vDM     : e/rdm/sess/session.c.  799: [Core_Sess] +session: SESS_runSession
01-30 17:41:08.043   453  5580 V vDM     : /core/src/vdm_comm.c.  296: [Core_MsgQ] +VDM_Comm_unregisterHttpHeadersObserver
01-30 17:41:08.043   453  5580 V vDM     : 
01-30 17:41:08.043   453  5580 V vDM     : /core/src/vdm_comm.c.  316: [Core_MsgQ] -VDM_Comm_unregisterHttpHeadersObserver
01-30 17:41:08.043   453  5580 V vDM     : 
01-30 17:41:08.043   453  5580 V vDM     : /http/src/vdm_http.c.  686: [HTTP] VDM_HTTP_close called (0xa56e6100)
01-30 17:41:08.043   453  5580 V vDM     : 
01-30 17:41:08.043   453  5580 V vDM     : /http/src/vdm_http.c.  654: [HTTP] httpCloseConnection called (0xa56e6100)
01-30 17:41:08.043   453  5580 V vDM     : 
01-30 17:41:08.043   453  5580 V vDM     : /http/src/vdm_http.c.  660: [HTTP] Calling VDM_Comm_PL_Conn_close: connContext=0xa56b8970, connId=357
01-30 17:41:08.043   453  5580 V vDM     : 
01-30 17:41:08.043   453  5580 V vDM     : x/vdm_comm_pl_conn.c.  823: [Comm] +VDM_Comm_PL_Conn_close
01-30 17:41:08.043   453  5580 V vDM     : x/vdm_comm_pl_conn.c.  389: [Comm] SSL_shutdown returned 0
01-30 17:41:08.043   453  5580 V vDM     : x/vdm_comm_pl_conn.c.  398: [Comm] SSL_shutdown failed - calling shutdown again retry 1
01-30 17:41:08.153   453  5580 V vDM     : x/vdm_comm_pl_conn.c.  389: [Comm] SSL_shutdown returned 1
01-30 17:41:08.153   453  5580 V vDM     : x/vdm_comm_pl_conn.c.  402: [Comm] SSL_shutdown succeeded 
01-30 17:41:08.153   453  5580 V vDM     : 
01-30 17:41:08.153   453  5580 I vDM     : http_sockethandler.c.  152: [HTTP] Notify socket was closed
01-30 17:41:08.153   453  5580 I vDM     : 
01-30 17:41:08.153   453  5580 V vDM     : c/vdm_mq_scheduler.c.  577: [Core_MsgQ] +Scheduler_enqueueTrigger
01-30 17:41:08.153   453  5580 V vDM     : /vdm_mq_rdmtrigger.c.   34: [Core_MsgQ] +cloneTrgData
01-30 17:41:08.153   453  5580 V vDM     : 
01-30 17:41:08.153   453  5580 V vDM     : /vdm_mq_rdmtrigger.c.  125: [Core_MsgQ] -cloneTrgData
01-30 17:41:08.153   453  5580 V vDM     : 
01-30 17:41:08.153   453  5580 I vDM     : rc/vdm_mq_trgqueue.c.  163: [Core_MsgQ] Enqueue to MAIN MQ (VDM_MQ_TriggerType_DmCommClosed) <<<<<<<<<<<<<<<<<<<<<<<<<<<<<<
01-30 17:41:08.163   453  5580 V vDM     : c/vdm_utl_priqueue.c.   74: [Util] +PriQueue_enqueue(inData=0xa7f5be20, inPriority=30 queue=0xafac6918)
01-30 17:41:08.163   453  5580 V vDM     : c/vdm_utl_priqueue.c.  108: [Util] PriQueue_enqueue: enqueued (pItem = 0xa542c4c0, pItem->priority=30, count=1) (0xafac6918)
01-30 17:41:08.163   453  5580 V vDM     : c/vdm_utl_priqueue.c.  111: [Util] -PriQueue_enqueue (result= 0x0)
01-30 17:41:08.163   453  5580 V vDM     : c/vdm_utl_msgqueue.c.  142: [Util] MsgQueue_enqueue- Calling SignalEvent...
01-30 17:41:08.163   453  5580 V vDM     : c/vdm_mq_scheduler.c.  614: [Core_MsgQ] -Scheduler_enqueueTrigger (result=0)
01-30 17:41:08.163   453  5580 V vDM     : x/vdm_comm_pl_conn.c.  840: [Comm] VDM_Comm_PL_Conn_close (connId = 357) returns
01-30 17:41:08.163   453  5580 V vDM     : /http/src/vdm_http.c.  675: [HTTP] VDM_Comm_PL_Conn_close returned. httpContext->socketRef=357
01-30 17:41:08.163   453  5580 V vDM     : 
01-30 17:41:08.163   453  5580 V vDM     : /vdm_http_internal.c.  181: [HTTP] VDM_HTTP_postClose called (0xa56e6100)
01-30 17:41:08.163   453  5580 V vDM     : 
01-30 17:41:08.163   453  5580 V vDM     : ne/rdm/rdm_control.c. 1080: [Core_Eng] -DmRun: result = 0
01-30 17:41:08.163   453  5580 V vDM     : c/vdm_mq_scheduler.c.  744: [Core_MsgQ] TRG_RDM_run for (VDM_MQ_TriggerType_DmCommBroken) returned (0) >>==========>>
01-30 17:41:08.163   453  5580 V vDM     : /vdm_mq_rdmtrigger.c.  151: [Core_MsgQ] +VDM_MQ_destroyTrgData (0xa663f860)
01-30 17:41:08.163   453  5580 V vDM     : /vdm_mq_rdmtrigger.c.  158: [Core_MsgQ] -VDM_MQ_destroyTrgData
01-30 17:41:08.163   453  5580 I vDM     : c/vdm_mq_scheduler.c. 1456: [Core_MsgQ] ~~~~~~~~~~~~~~~~~ ++ VDM DEBUG: DUMP ++ ~~~~~~~~~~~~~~~~~~~
01-30 17:41:08.163   453  5580 I vDM     : rc/vdm_mq_trgqueue.c.  425: [Core_MsgQ] MAIN QUEUE: 
01-30 17:41:08.163   453  5580 V vDM     : rc/vdm_mq_trgqueue.c.   49: [Core_MsgQ] => WEIGHTED THRESHOLD=80 (mode(0): 999 internal: 80)
01-30 17:41:08.163   453  5580 I vDM     : c/vdm_utl_priqueue.c.  299: [Util] { { { { (queue=0xafac6918)
01-30 17:41:08.163   453  5580 I vDM     : c/vdm_utl_priqueue.c.  311: [Util]   [0 : P=(030)]	[ VDM_MQ_TriggerType_DmCommClosed ] 
01-30 17:41:08.163   453  5580 I vDM     : c/vdm_utl_priqueue.c.  316: [Util] } } } }
01-30 17:41:08.163   453  5580 I vDM     : rc/vdm_mq_trgqueue.c.  425: [Core_MsgQ] DL QUEUE: 
01-30 17:41:08.163   453  5580 V vDM     : rc/vdm_mq_trgqueue.c.   49: [Core_MsgQ] => WEIGHTED THRESHOLD=80 (mode(0): 999 internal: 80)
01-30 17:41:08.163   453  5580 I vDM     : c/vdm_utl_priqueue.c.  299: [Util] { { { { (queue=0xafac6928)
01-30 17:41:08.163   453  5580 I vDM     : c/vdm_utl_priqueue.c.  303: [Util]  -- Queue is Empty :-) --
01-30 17:41:08.163   453  5580 I vDM     : c/vdm_utl_priqueue.c.  316: [Util] } } } }
01-30 17:41:08.163   453  5580 I vDM     : c/vdm_mq_scheduler.c. 1461: [Core_MsgQ] ~~~~~~~~~~~~~~~~~ -- VDM DEBUG: DUMP -- ~~~~~~~~~~~~~~~~~~~
01-30 17:41:08.173   453  5580 V vDM     : c/vdm_mq_scheduler.c.  239: [Core_MsgQ] +Scheduler_dispatchTimedEvents
01-30 17:41:08.173   453  5580 V vDM     : c/vdm_utl_priqueue.c.  169: [Util] +PriQueue_dequeue(inThreshold=1580386268, count=0 queue=0xafac6930)
01-30 17:41:08.173   453  5580 D vDM     : c/vdm_utl_priqueue.c.  122: [Util] PriQueue is Empty :-) (0xafac6930)
01-30 17:41:08.173   453  5580 V vDM     : c/vdm_utl_priqueue.c.  182: [Util] -PriQueue_dequeue (outData=0x0, count=0, queue=0xafac6930)
01-30 17:41:08.173   453  5580 V vDM     : c/vdm_mq_scheduler.c.  282: [Core_MsgQ] -Scheduler_dispatchTimedEvents (0)
01-30 17:41:08.173   453  5580 V vDM     : c/vdm_mq_scheduler.c.  768: [Core_MsgQ] +Scheduler_dequeueTrigger
01-30 17:41:08.173   453  5580 V vDM     : rc/vdm_mq_trgqueue.c.   49: [Core_MsgQ] => WEIGHTED THRESHOLD=80 (mode(0): 999 internal: 80)
01-30 17:41:08.173   453  5580 V vDM     : c/vdm_utl_priqueue.c.  169: [Util] +PriQueue_dequeue(inThreshold=80, count=0 queue=0xafac6928)
01-30 17:41:08.173   453  5580 D vDM     : c/vdm_utl_priqueue.c.  122: [Util] PriQueue is Empty :-) (0xafac6928)
01-30 17:41:08.173   453  5580 V vDM     : c/vdm_utl_priqueue.c.  182: [Util] -PriQueue_dequeue (outData=0x0, count=0, queue=0xafac6928)
01-30 17:41:08.173   453  5580 V vDM     : c/vdm_mq_scheduler.c.  926: [Core_MsgQ] -Scheduler_dequeueTrigger
01-30 17:41:08.173   453  5580 V vDM     : c/vdm_mq_scheduler.c.  768: [Core_MsgQ] +Scheduler_dequeueTrigger
01-30 17:41:08.173   453  5580 V vDM     : rc/vdm_mq_trgqueue.c.   49: [Core_MsgQ] => WEIGHTED THRESHOLD=80 (mode(0): 999 internal: 80)
01-30 17:41:08.173   453  5580 V vDM     : c/vdm_utl_priqueue.c.  169: [Util] +PriQueue_dequeue(inThreshold=80, count=1 queue=0xafac6918)
01-30 17:41:08.173   453  5580 V vDM     : c/vdm_utl_priqueue.c.  182: [Util] -PriQueue_dequeue (outData=0xa7f5be20, count=0, queue=0xafac6918)
01-30 17:41:08.173   453  5580 V vDM     : c/vdm_mq_scheduler.c.  926: [Core_MsgQ] -Scheduler_dequeueTrigger
01-30 17:41:08.173   453  5580 I vDM     : c/vdm_mq_scheduler.c.  737: [Core_MsgQ] vDM Dispatch (=VDM_MQ_TriggerType_DmCommClosed) >>>>>>>>>>>>>>>>>>>>>>>>>>>>>>
01-30 17:41:08.173   453  5580 V vDM     : ne/rdm/rdm_control.c.  441: [Core_Eng] +setTriggerInfo
01-30 17:41:08.173   453  5580 V vDM     : ne/rdm/rdm_control.c.  491: [Core_Eng] -setTriggerInfo::result = 0
01-30 17:41:08.173   453  5580 V vDM     : ne/rdm/rdm_control.c. 1246: [Core_Eng] sessionKey = [[null]]
01-30 17:41:08.173   453  5580 V vDM     : ne/rdm/rdm_control.c.  726: [Core_Eng] +DmRun, pTriggerInfo->type: 105
01-30 17:41:08.173   453  5580 V vDM     : ne/rdm/rdm_control.c.  640: [Core_Eng] +DmSanity
01-30 17:41:08.173   453  5580 V vDM     : ne/rdm/rdm_control.c.  644: [Core_Eng] DmSanity dmState->statenum : 11
01-30 17:41:08.173   453  5580 V vDM     : ne/rdm/rdm_control.c.  646: [Core_Eng] DmSanity pTriggerInfo->type : 105
01-30 17:41:08.173   453  5580 I vDM     : TRACE: dm/sess/sess_comms.c,   514, [Core_Comm], Open connection to DM server, https://dmunifiedsolution.jio.com:443/dm
01-30 17:41:08.173   453  5580 I vDM     : 
01-30 17:41:08.173   453  5580 V vDM     : dm/sess/sess_comms.c.  519: [Core_Comm] Calling VDM_HTTP_open: inContext=0xa56e6100, inAddr=https://dmunifiedsolution.jio.com:443/dm, inMimeType=1 
01-30 17:41:08.173   453  5580 V vDM     : 
01-30 17:41:08.173   453  5580 V vDM     : /http/src/vdm_http.c.  367: [HTTP] VDM_HTTP_open called (inAddr=https://dmunifiedsolution.jio.com:443/dm)
01-30 17:41:08.173   453  5580 V vDM     : 
01-30 17:41:08.173   453  5580 V vDM     : /http/src/vdm_http.c.  311: [HTTP] httpOpen called (inAddr=https://dmunifiedsolution.jio.com:443/dm)
01-30 17:41:08.173   453  5580 V vDM     : 
01-30 17:41:08.173   453  5580 V vDM     : /http/src/vdm_http.c.  252: [HTTP] getHost called (inAddr=https://dmunifiedsolution.jio.com:443/dm)
01-30 17:41:08.173   453  5580 V vDM     : 
01-30 17:41:08.173   453  5580 V vDM     : /http/src/vdm_http.c.  334: [HTTP] Calling VDM_Comm_PL_Conn_open: inContext=0xa56b8970, inUrl=https://dmunifiedsolution.jio.com:443
01-30 17:41:08.173   453  5580 V vDM     : 
01-30 17:41:08.173   453  5580 V vDM     : x/vdm_comm_pl_conn.c.  656: [Comm] +VDM_Comm_PL_Conn_open (url=https://dmunifiedsolution.jio.com:443, proxy=[null])
01-30 17:41:08.173   453  5580 V vDM     : x/vdm_comm_pl_conn.c.  662: [Comm] VDM_Comm_PL_Conn_open try to open connection with IPv4 or IPv6 ...
01-30 17:41:08.173   453  5580 V vDM     : x/vdm_comm_pl_conn.c.  449: [Comm] server name = dmunifiedsolution.jio.com port = 443
01-30 17:41:08.283   453  5580 V vDM     : x/vdm_comm_pl_conn.c.  319: [Comm] connect() success over IPv4 or IPv6, dmunifiedsolution.jio.com:443
01-30 17:41:08.283   453  5580 E vDM     : x/vdm_comm_pl_conn.c. 1260: [Comm] Using proper client cipher list
01-30 17:41:08.513   453  5580 V vDM     : x/vdm_comm_pl_conn.c. 1080: [Comm] Certificate verify return code: 20
01-30 17:41:08.513   453  5580 E vDM     : x/vdm_comm_pl_conn.c. 1092: [Comm] Certificate doesn't verify (error 20)
01-30 17:41:08.513   453  5580 E vDM     : x/vdm_comm_pl_conn.c.  189: [Comm] Certificate check failed
01-30 17:41:08.513   453  5580 V vDM     : x/vdm_comm_pl_conn.c.  389: [Comm] SSL_shutdown returned 0
01-30 17:41:08.513   453  5580 V vDM     : x/vdm_comm_pl_conn.c.  398: [Comm] SSL_shutdown failed - calling shutdown again retry 1
01-30 17:41:08.593   453   453 I Gecko   : [BrowserElement] event type: keydown, key: ArrowRight, target: [object HTMLIFrameElement], src: app://gallery.gaiamobile.org/index.html#pick, id: browser24, class: browser
01-30 17:41:08.613 16716 16716 I FocusManager: << focus() called >>
01-30 17:41:08.613 16716 16716 I FocusManager:    trying to set focus on, tag: DIV, id: , class: thumbnail focus
01-30 17:41:08.623 16716 16716 I FocusManager:    current focused element, tag: DIV, id: , class: thumbnail
01-30 17:41:08.623 16716 16716 I FocusManager: <- blur on, tag: DIV, id: , class: thumbnail
01-30 17:41:08.623 16716 16716 I FocusManager: -> focus is now on, tag: DIV, id: , class: thumbnail focus
01-30 17:41:08.633   453  5580 V vDM     : x/vdm_comm_pl_conn.c.  389: [Comm] SSL_shutdown returned 1
01-30 17:41:08.633   453  5580 V vDM     : x/vdm_comm_pl_conn.c.  402: [Comm] SSL_shutdown succeeded 
01-30 17:41:08.633   453  5580 V vDM     : 
01-30 17:41:08.633   453  5580 V vDM     : x/vdm_comm_pl_conn.c.  674: [Comm] VDM_Comm_PL_Conn_open try to open connection with IPv4 only ...
01-30 17:41:08.633   453  5580 V vDM     : x/vdm_comm_pl_conn.c.  449: [Comm] server name = dmunifiedsolution.jio.com port = 443
01-30 17:41:08.633 16716 16716 I Gallery : Content JS LOG: App setCurrentFileIndexByElement:currentFileIndex: 1 
01-30 17:41:08.633 16716 16716 I Gallery :     at window.debug (app://gallery.gaiamobile.org/js/utils.js:3:1)
01-30 17:41:08.643 16716 16716 I Gallery : Content JS LOG: NavigationMap keydown: ArrowRight 
01-30 17:41:08.643 16716 16716 I Gallery :     at window.debug (app://gallery.gaiamobile.org/js/utils.js:3:1)
01-30 17:41:08.643 16716 16716 I Gecko   : [BrowserElement] event type: keydown, key: ArrowRight, target: [object HTMLDivElement], class: thumbnail
01-30 17:41:08.693   453   453 I Gecko   : [BrowserElement] event type: keyup, key: ArrowRight, target: [object HTMLIFrameElement], src: app://gallery.gaiamobile.org/index.html#pick, id: browser24, class: browser
