01-30 17:41:46.293 16776 16974 D MobiFace:  DEBUG - [event] positionInstruction_cb
01-30 17:41:46.293 16776 17231 D MobiFace:  DEBUG - [event] challenge2DInfo_cb
01-30 17:41:46.293 16776 16974 D MobiFace:  DEBUG - pushImage2: 0
01-30 17:41:46.293 16776 17229 D MobiFace:  DEBUG - [event] freeImage_cb
01-30 17:41:46.293 16776 16959 D MobiFace:  DEBUG - getPositionInfo
01-30 17:41:46.293 16776 16779 D MobiFace:  DEBUG - getChallenge
01-30 17:41:46.293 16776 16776 D MobiFace:  DEBUG - getChallengeInfo
01-30 17:41:46.293 15728 17234 D FrServiceClient:  DEBUG - challenge2DInfo 0 0 - 0 109 - 181 246
01-30 17:41:46.303 15728 15728 I GeckoDump: Got analysisResult:0
01-30 17:41:46.303 15728 15728 I GeckoDump: Got analysisInfo:1
01-30 17:41:46.303 15728 15728 I GeckoDump: Got matchScore0
01-30 17:41:46.303 15728 15728 I GeckoDump: Got faceanalysisresults payload ![object Blob]
01-30 17:41:46.303 15728 15728 I GeckoDump: Got bestImage is null
01-30 17:41:46.313 15728 15728 I MobiFace: Content JS LOG:  contact.challengeInfo  ============{"challengeInfo":{"availableCurrentPosition":false,"current_x":0,"current_y":0,"stability":0,"availableTargetPosition":false,"currentTarget":0,"numTargets":0,"targets":[{"target_x":0,"target_y":109,"target_radius":45},{"target_x":181,"target_y":246,"target_radius":45},{"target_x":0,"target_y":0,"target_radius":0}]}} 
01-30 17:41:46.313 15728 15728 I MobiFace:     at startFaceRecognition/</</reader.onload (app://2ec57ac3-eee0-41a3-9d3f-e1b3e29e617f/js/livenesschallenge.js:163:29)
01-30 17:41:46.313 15728 17234 D FrServiceClient:  DEBUG - tiem taken: 4.000000
01-30 17:41:46.313 16776 16779 D MobiFace:  DEBUG - frameParams: 6 640 480 720 270
01-30 17:41:46.313 15728 17234 D FrServiceClient:  DEBUG - mobiFace_pushFrame frame 0xa9372000 460800
01-30 17:41:46.313 15728 17234 D FrServiceClient:  DEBUG - IdemiaFrServiceImpl::StartFaceAnalysis: FrServiceClient 460800
01-30 17:41:46.333 16776 16776 D MobiFace:  DEBUG - pushImage2: 0xb8d54998 0xb8dbef88 0xb1df4008 460800 1 -1193990000 0x5c65b22a
01-30 17:41:46.333   492 17188 E AEC_PORT: aec_port_save_update:real_gain:1.000000 linecnt:751 exp_idx:224 cur_luma:536870912 led_est:1079057548
01-30 17:41:46.343   492 17150 E mm-camera: c2d_thread_handle_process_buf_event:190 input buf index 4
01-30 17:41:46.343   492 17150 E mm-camera: c2d_thread_handle_process_buf_event:207 input vaddr b34e8000
01-30 17:41:45.1410     1     1 I KERNEL  : [ 6851.692748] init: Starting service 'updater-daemon'...
01-30 17:41:45.1435     1     1 I KERNEL  : [ 6851.717835] init: Service 'updater-daemon' (pid 17237) exited with status 127
01-30 17:41:45.1435     1     1 I KERNEL  : [ 6851.717905] init: Service 'updater-daemon' (pid 17237) killing any children in process group
01-30 17:41:46.383   492 17150 E mm-camera: c2d_thread_handle_process_buf_event:190 input buf index 5
01-30 17:41:46.383   492 17150 E mm-camera: c2d_thread_handle_process_buf_event:207 input vaddr b3477000
01-30 17:41:46.393   492 17188 E AEC_PORT: aec_port_save_update:real_gain:1.000000 linecnt:751 exp_idx:224 cur_luma:-1073741824 led_est:1079057104
01-30 17:41:46.433   492 17188 E AEC_PORT: aec_port_save_update:real_gain:1.000000 linecnt:751 exp_idx:224 cur_luma:0 led_est:1079057363
01-30 17:41:46.443   492 17150 E mm-camera: c2d_thread_handle_process_buf_event:190 input buf index 6
01-30 17:41:46.443   492 17150 E mm-camera: c2d_thread_handle_process_buf_event:207 input vaddr b3406000
01-30 17:41:46.473 16776 16776 D MobiFace:  DEBUG - [event] trackingInfo_cb
01-30 17:41:46.473 16776 16776 D MobiFace:  DEBUG - [event] positionInstruction_cb
01-30 17:41:46.473 16776 17231 D MobiFace:  DEBUG - [event] challenge2DInfo_cb
01-30 17:41:46.473 16776 16776 D MobiFace:  DEBUG - pushImage2: 0
01-30 17:41:46.473 16776 17229 D MobiFace:  DEBUG - [event] freeImage_cb
01-30 17:41:46.473 16776 16974 D MobiFace:  DEBUG - getPositionInfo
01-30 17:41:46.483 16776 16959 D MobiFace:  DEBUG - getChallenge
01-30 17:41:46.483 16776 16779 D MobiFace:  DEBUG - getChallengeInfo
01-30 17:41:46.483 15728 17234 D FrServiceClient:  DEBUG - challenge2DInfo 0 0 - 0 109 - 181 246
01-30 17:41:46.483 15728 15728 I GeckoDump: Got analysisResult:0
01-30 17:41:46.483 15728 15728 I GeckoDump: Got analysisInfo:1
01-30 17:41:46.483 15728 15728 I GeckoDump: Got matchScore0
01-30 17:41:46.483 15728 15728 I GeckoDump: Got faceanalysisresults payload ![object Blob]
01-30 17:41:46.483 15728 15728 I GeckoDump: Got bestImage is null
01-30 17:41:46.483   492 17150 E mm-camera: c2d_thread_handle_process_buf_event:190 input buf index 4
01-30 17:41:46.483   492 17150 E mm-camera: c2d_thread_handle_process_buf_event:207 input vaddr b34e8000
01-30 17:41:46.483   492 17188 E AEC_PORT: aec_port_save_update:real_gain:1.000000 linecnt:751 exp_idx:224 cur_luma:-1610612736 led_est:1079057050
01-30 17:41:46.483 15728 15728 I MobiFace: Content JS LOG:  contact.challengeInfo  ============{"challengeInfo":{"availableCurrentPosition":false,"current_x":0,"current_y":0,"stability":0,"availableTargetPosition":false,"currentTarget":0,"numTargets":0,"targets":[{"target_x":0,"target_y":109,"target_radius":45},{"target_x":181,"target_y":246,"target_radius":45},{"target_x":0,"target_y":0,"target_radius":0}]}} 
01-30 17:41:46.483 15728 15728 I MobiFace:     at startFaceRecognition/</</reader.onload (app://2ec57ac3-eee0-41a3-9d3f-e1b3e29e617f/js/livenesschallenge.js:163:29)
01-30 17:41:46.493 15728 17234 D FrServiceClient:  DEBUG - tiem taken: 4.000000
01-30 17:41:46.493 16776 16959 D MobiFace:  DEBUG - frameParams: 6 640 480 720 270
01-30 17:41:46.493 15728 17234 D FrServiceClient:  DEBUG - mobiFace_pushFrame frame 0xab601000 460800
01-30 17:41:46.493 15728 17234 D FrServiceClient:  DEBUG - IdemiaFrServiceImpl::StartFaceAnalysis: FrServiceClient 460800
01-30 17:41:46.513 16776 16779 D MobiFace:  DEBUG - pushImage2: 0xb8d54998 0xb8dbef88 0xb1df4008 460800 1 -1193988960 0x5c687bcd
01-30 17:41:46.533   492 17188 E AEC_PORT: aec_port_save_update:real_gain:1.000000 linecnt:751 exp_idx:224 cur_luma:0 led_est:1079057565
01-30 17:41:46.533   492 17150 E mm-camera: c2d_thread_handle_process_buf_event:190 input buf index 5
01-30 17:41:46.533   492 17150 E mm-camera: c2d_thread_handle_process_buf_event:207 input vaddr b3477000
01-30 17:41:46.583   492 17150 E mm-camera: c2d_thread_handle_process_buf_event:190 input buf index 6
01-30 17:41:46.583   492 17150 E mm-camera: c2d_thread_handle_process_buf_event:207 input vaddr b3406000
01-30 17:41:46.583   492 17188 E AEC_PORT: aec_port_save_update:real_gain:1.000000 linecnt:751 exp_idx:224 cur_luma:536870912 led_est:1079057446
01-30 17:41:46.633   492 17146 E         : dmlroc_entry  entering dmlroc_entry
01-30 17:41:46.633   492 17150 E mm-camera: c2d_thread_handle_process_buf_event:190 input buf index 4
01-30 17:41:46.633   492 17150 E mm-camera: c2d_thread_handle_process_buf_event:207 input vaddr b34e8000
01-30 17:41:46.653 16776 16779 D MobiFace:  DEBUG - [event] trackingInfo_cb
01-30 17:41:46.653 16776 16779 D MobiFace:  DEBUG - [event] positionInstruction_cb
01-30 17:41:46.653 16776 17231 D MobiFace:  DEBUG - [event] challenge2DInfo_cb
01-30 17:41:46.653 16776 16779 D MobiFace:  DEBUG - pushImage2: 0
01-30 17:41:46.653 16776 17229 D MobiFace:  DEBUG - [event] freeImage_cb
01-30 17:41:46.653 16776 16776 D MobiFace:  DEBUG - getPositionInfo
01-30 17:41:46.653 16776 16974 D MobiFace:  DEBUG - getChallenge
01-30 17:41:46.653 16776 16959 D MobiFace:  DEBUG - getChallengeInfo
01-30 17:41:46.653 15728 17234 D FrServiceClient:  DEBUG - challenge2DInfo 0 0 - 0 109 - 181 246
01-30 17:41:46.653 15728 15728 I GeckoDump: Got analysisResult:0
01-30 17:41:46.653 15728 15728 I GeckoDump: Got analysisInfo:1
01-30 17:41:46.653 15728 15728 I GeckoDump: Got matchScore0
01-30 17:41:46.653 15728 15728 I GeckoDump: Got faceanalysisresults payload ![object Blob]
01-30 17:41:46.663 15728 15728 I GeckoDump: Got bestImage is null
01-30 17:41:46.663 15728 15728 I MobiFace: Content JS LOG:  contact.challengeInfo  ============{"challengeInfo":{"availableCurrentPosition":false,"current_x":0,"current_y":0,"stability":0,"availableTargetPosition":false,"currentTarget":0,"numTargets":0,"targets":[{"target_x":0,"target_y":109,"target_radius":45},{"target_x":181,"target_y":246,"target_radius":45},{"target_x":0,"target_y":0,"target_radius":0}]}} 
01-30 17:41:46.663 15728 15728 I MobiFace:     at startFaceRecognition/</</reader.onload (app://2ec57ac3-eee0-41a3-9d3f-e1b3e29e617f/js/livenesschallenge.js:163:29)
01-30 17:41:46.663 15728 17234 D FrServiceClient:  DEBUG - tiem taken: 4.000000
01-30 17:41:46.673 16776 16974 D MobiFace:  DEBUG - frameParams: 6 640 480 720 270
01-30 17:41:46.673 15728 17234 D FrServiceClient:  DEBUG - mobiFace_pushFrame frame 0xa9301000 460800
01-30 17:41:46.673 15728 17234 D FrServiceClient:  DEBUG - IdemiaFrServiceImpl::StartFaceAnalysis: FrServiceClient 460800
01-30 17:41:46.683   492 17188 E AEC_PORT: aec_port_save_update:real_gain:1.000000 linecnt:751 exp_idx:224 cur_luma:-1610612736 led_est:1079057572
01-30 17:41:46.683   492 17150 E mm-camera: c2d_thread_handle_process_buf_event:190 input buf index 5
01-30 17:41:46.683   492 17150 E mm-camera: c2d_thread_handle_process_buf_event:207 input vaddr b3477000
01-30 17:41:46.693 16776 16959 D MobiFace:  DEBUG - pushImage2: 0xb8d54998 0xb8dbef88 0xb1df4008 460800 1 -1190936824 0x5c6b3785
01-30 17:41:46.733   492 17188 E AEC_PORT: aec_port_save_update:real_gain:1.000000 linecnt:751 exp_idx:224 cur_luma:-1073741824 led_est:1079057636
01-30 17:41:46.733   492 17150 E mm-camera: c2d_thread_handle_process_buf_event:190 input buf index 6
01-30 17:41:46.733   492 17150 E mm-camera: c2d_thread_handle_process_buf_event:207 input vaddr b3406000
01-30 17:41:46.753   453   453 I GeckoConsole: Content JS LOG: [AppUsage] got an event:  idle 
01-30 17:41:46.753   453   453 I GeckoConsole:     at debug (app://system.gaiamobile.org/js/app_usage_metrics.js:141:7)
01-30 17:41:46.793   492 17188 E AEC_PORT: aec_port_save_update:real_gain:1.000000 linecnt:751 exp_idx:224 cur_luma:-536870912 led_est:1079057378
01-30 17:41:46.793   492 17150 E mm-camera: c2d_thread_handle_process_buf_event:190 input buf index 4
01-30 17:41:46.793   492 17150 E mm-camera: c2d_thread_handle_process_buf_event:207 input vaddr b34e8000
01-30 17:41:46.833   492 17188 E AEC_PORT: aec_port_save_update:real_gain:1.000000 linecnt:751 exp_idx:224 cur_luma:0 led_est:1079060314
01-30 17:41:46.833   492 17150 E mm-camera: c2d_thread_handle_process_buf_event:190 input buf index 5
01-30 17:41:46.833   492 17150 E mm-camera: c2d_thread_handle_process_buf_event:207 input vaddr b3477000
01-30 17:41:46.843 16776 16959 D MobiFace:  DEBUG - [event] trackingInfo_cb
01-30 17:41:46.843 16776 16959 D MobiFace:  DEBUG - [event] positionInstruction_cb
01-30 17:41:46.843 16776 17231 D MobiFace:  DEBUG - [event] challenge2DInfo_cb
01-30 17:41:46.843 16776 16959 D MobiFace:  DEBUG - pushImage2: 0
01-30 17:41:46.843 16776 16779 D MobiFace:  DEBUG - getPositionInfo
01-30 17:41:46.843 16776 17229 D MobiFace:  DEBUG - [event] freeImage_cb
01-30 17:41:46.843 16776 16776 D MobiFace:  DEBUG - getChallenge
01-30 17:41:46.843 16776 16974 D MobiFace:  DEBUG - getChallengeInfo
01-30 17:41:46.843 15728 17234 D FrServiceClient:  DEBUG - challenge2DInfo 0 0 - 0 109 - 181 246
01-30 17:41:46.853 15728 15728 I GeckoDump: Got analysisResult:0
01-30 17:41:46.853 15728 15728 I GeckoDump: Got analysisInfo:1
01-30 17:41:46.853 15728 15728 I GeckoDump: Got matchScore0
01-30 17:41:46.853 15728 15728 I GeckoDump: Got faceanalysisresults payload ![object Blob]
01-30 17:41:46.853 15728 15728 I GeckoDump: Got bestImage is null
01-30 17:41:46.853 15728 15728 I MobiFace: Content JS LOG:  contact.challengeInfo  ============{"challengeInfo":{"availableCurrentPosition":false,"current_x":0,"current_y":0,"stability":0,"availableTargetPosition":false,"currentTarget":0,"numTargets":0,"targets":[{"target_x":0,"target_y":109,"target_radius":45},{"target_x":181,"target_y":246,"target_radius":45},{"target_x":0,"target_y":0,"target_radius":0}]}} 
01-30 17:41:46.853 15728 15728 I MobiFace:     at startFaceRecognition/</</reader.onload (app://2ec57ac3-eee0-41a3-9d3f-e1b3e29e617f/js/livenesschallenge.js:163:29)
01-30 17:41:46.863 15728 17234 D FrServiceClient:  DEBUG - tiem taken: 4.000000
01-30 17:41:46.863 16776 16776 D MobiFace:  DEBUG - frameParams: 6 640 480 720 270
01-30 17:41:46.863 15728 17234 D FrServiceClient:  DEBUG - mobiFace_pushFrame frame 0xa9372000 460800
01-30 17:41:46.863 15728 17234 D FrServiceClient:  DEBUG - IdemiaFrServiceImpl::StartFaceAnalysis: FrServiceClient 460800
01-30 17:41:46.873 16776 16974 D MobiFace:  DEBUG - pushImage2: 0xb8d54998 0xb8dbef88 0xb1df4008 460800 1 -1191139904 0x5c6e061c
01-30 17:41:46.883   492 17150 E mm-camera: c2d_thread_handle_process_buf_event:190 input buf index 6
01-30 17:41:46.883   492 17150 E mm-camera: c2d_thread_handle_process_buf_event:207 input vaddr b3406000
01-30 17:41:46.883   492 17188 E AEC_PORT: aec_port_save_update:real_gain:1.000000 linecnt:751 exp_idx:224 cur_luma:-1073741824 led_est:1079060493
01-30 17:41:46.933   492 17188 E AEC_PORT: aec_port_save_update:real_gain:1.000000 linecnt:751 exp_idx:224 cur_luma:-1073741824 led_est:1079060412
01-30 17:41:46.933   492 17150 E mm-camera: c2d_thread_handle_process_buf_event:190 input buf index 4
01-30 17:41:46.933   492 17150 E mm-camera: c2d_thread_handle_process_buf_event:207 input vaddr b34e8000
01-30 17:41:46.983   492 17188 E AEC_PORT: aec_port_save_update:real_gain:1.000000 linecnt:751 exp_idx:224 cur_luma:1610612736 led_est:1079060502
01-30 17:41:46.983   492 17150 E mm-camera: c2d_thread_handle_process_buf_event:190 input buf index 5
01-30 17:41:46.983   492 17150 E mm-camera: c2d_thread_handle_process_buf_event:207 input vaddr b3477000
01-30 17:41:46.983 16776 16974 D MobiFace:  DEBUG - [event] trackingInfo_cb
01-30 17:41:46.983 16776 16974 D MobiFace:  DEBUG - [event] positionInstruction_cb
01-30 17:41:46.983 16776 17231 D MobiFace:  DEBUG - [event] challenge2DInfo_cb
01-30 17:41:46.983 16776 16974 D MobiFace:  DEBUG - pushImage2: 0
01-30 17:41:46.983 16776 17229 D MobiFace:  DEBUG - [event] freeImage_cb
01-30 17:41:46.983 16776 16959 D MobiFace:  DEBUG - getPositionInfo
01-30 17:41:46.983 16776 16779 D MobiFace:  DEBUG - getChallenge
01-30 17:41:46.993 16776 16776 D MobiFace:  DEBUG - getChallengeInfo
01-30 17:41:46.993 15728 17234 D FrServiceClient:  DEBUG - challenge2DInfo 0 0 - 0 109 - 181 246
01-30 17:41:46.993 15728 15728 I GeckoDump: Got analysisResult:0
01-30 17:41:46.993 15728 15728 I GeckoDump: Got analysisInfo:1
01-30 17:41:46.993 15728 15728 I GeckoDump: Got matchScore0
01-30 17:41:46.993 15728 15728 I GeckoDump: Got faceanalysisresults payload ![object Blob]
01-30 17:41:46.993 15728 15728 I GeckoDump: Got bestImage is null
01-30 17:41:46.993 15728 15728 I MobiFace: Content JS LOG:  contact.challengeInfo  ============{"challengeInfo":{"availableCurrentPosition":false,"current_x":0,"current_y":0,"stability":0,"availableTargetPosition":false,"currentTarget":0,"numTargets":0,"targets":[{"target_x":0,"target_y":109,"target_radius":45},{"target_x":181,"target_y":246,"target_radius":45},{"target_x":0,"target_y":0,"target_radius":0}]}} 
01-30 17:41:46.993 15728 15728 I MobiFace:     at startFaceRecognition/</</reader.onload (app://2ec57ac3-eee0-41a3-9d3f-e1b3e29e617f/js/livenesschallenge.js:163:29)
01-30 17:41:47.003 15728 17234 D FrServiceClient:  DEBUG - tiem taken: 5.000000
01-30 17:41:47.003 16776 16779 D MobiFace:  DEBUG - frameParams: 6 640 480 720 270
01-30 17:41:47.003 15728 17234 D FrServiceClient:  DEBUG - mobiFace_pushFrame frame 0xab601000 460800
01-30 17:41:47.003 15728 17234 D FrServiceClient:  DEBUG - IdemiaFrServiceImpl::StartFaceAnalysis: FrServiceClient 460800
01-30 17:41:47.023 16776 16776 D MobiFace:  DEBUG - pushImage2: 0xb8d54998 0xb8dbef88 0xb1df4008 460800 1 -1193990000 0x5c7040c5
01-30 17:41:47.033   492 17150 E mm-camera: c2d_thread_handle_process_buf_event:190 input buf index 6
01-30 17:41:47.033   492 17150 E mm-camera: c2d_thread_handle_process_buf_event:207 input vaddr b3406000
01-30 17:41:47.033   492 17188 E AEC_PORT: aec_port_save_update:real_gain:1.000000 linecnt:751 exp_idx:224 cur_luma:1073741824 led_est:1079060286
01-30 17:41:47.083   492 17188 E AEC_PORT: aec_port_save_update:real_gain:1.000000 linecnt:751 exp_idx:224 cur_luma:1073741824 led_est:1079060423
01-30 17:41:47.083   492 17150 E mm-camera: c2d_thread_handle_process_buf_event:190 input buf index 4
01-30 17:41:47.083   492 17150 E mm-camera: c2d_thread_handle_process_buf_event:207 input vaddr b34e8000
01-30 17:41:47.123   492 17146 E         : dmlroc_entry  entering dmlroc_entry
01-30 17:41:47.123   492 17150 E mm-camera: c2d_thread_handle_process_buf_event:190 input buf index 5
01-30 17:41:47.123   492 17150 E mm-camera: c2d_thread_handle_process_buf_event:207 input vaddr b3477000
01-30 17:41:47.173 16776 16776 D MobiFace:  DEBUG - [event] trackingInfo_cb
01-30 17:41:47.173 16776 16776 D MobiFace:  DEBUG - [event] positionInstruction_cb
01-30 17:41:47.173 16776 17231 D MobiFace:  DEBUG - [event] challenge2DInfo_cb
01-30 17:41:47.173 16776 16776 D MobiFace:  DEBUG - pushImage2: 0
01-30 17:41:47.173 16776 17229 D MobiFace:  DEBUG - [event] freeImage_cb
01-30 17:41:47.173 16776 16974 D MobiFace:  DEBUG - getPositionInfo
01-30 17:41:47.173 16776 16959 D MobiFace:  DEBUG - getChallenge
01-30 17:41:47.173 16776 16779 D MobiFace:  DEBUG - getChallengeInfo
01-30 17:41:47.173 15728 17234 D FrServiceClient:  DEBUG - challenge2DInfo 0 0 - 0 109 - 181 246
01-30 17:41:47.173 15728 15728 I GeckoDump: Got analysisResult:0
01-30 17:41:47.173 15728 15728 I GeckoDump: Got analysisInfo:1
01-30 17:41:47.173   492 17188 E AEC_PORT: aec_port_save_update:real_gain:1.000000 linecnt:751 exp_idx:224 cur_luma:-536870912 led_est:1079060234
01-30 17:41:47.183   492 17150 E mm-camera: c2d_thread_handle_process_buf_event:190 input buf index 6
01-30 17:41:47.183   492 17150 E mm-camera: c2d_thread_handle_process_buf_event:207 input vaddr b3406000
01-30 17:41:47.183 15728 15728 I GeckoDump: Got matchScore0
01-30 17:41:47.183 15728 15728 I GeckoDump: Got faceanalysisresults payload ![object Blob]
01-30 17:41:47.183 15728 15728 I GeckoDump: Got bestImage is null
01-30 17:41:47.183 15728 15728 I MobiFace: Content JS LOG:  contact.challengeInfo  ============{"challengeInfo":{"availableCurrentPosition":false,"current_x":0,"current_y":0,"stability":0,"availableTargetPosition":false,"currentTarget":0,"numTargets":0,"targets":[{"target_x":0,"target_y":109,"target_radius":45},{"target_x":181,"target_y":246,"target_radius":45},{"target_x":0,"target_y":0,"target_radius":0}]}} 
01-30 17:41:47.183 15728 15728 I MobiFace:     at startFaceRecognition/</</reader.onload (app://2ec57ac3-eee0-41a3-9d3f-e1b3e29e617f/js/livenesschallenge.js:163:29)
01-30 17:41:47.183 15728 17234 D FrServiceClient:  DEBUG - tiem taken: 5.000000
01-30 17:41:47.193 16776 16959 D MobiFace:  DEBUG - frameParams: 6 640 480 720 270
01-30 17:41:47.193 15728 17234 D FrServiceClient:  DEBUG - mobiFace_pushFrame frame 0xa9301000 460800
01-30 17:41:47.193 15728 17234 D FrServiceClient:  DEBUG - IdemiaFrServiceImpl::StartFaceAnalysis: FrServiceClient 460800
01-30 17:41:47.203 16776 16779 D MobiFace:  DEBUG - pushImage2: 0xb8d54998 0xb8dbef88 0xb1df4008 460800 1 -1193988960 0x5c731892
01-30 17:41:47.223   492 17188 E AEC_PORT: aec_port_save_update:real_gain:1.000000 linecnt:751 exp_idx:224 cur_luma:536870912 led_est:1079062237
01-30 17:41:47.233   492 17150 E mm-camera: c2d_thread_handle_process_buf_event:190 input buf index 4
01-30 17:41:47.233   492 17150 E mm-camera: c2d_thread_handle_process_buf_event:207 input vaddr b34e8000
01-30 17:41:47.273   492 17150 E mm-camera: c2d_thread_handle_process_buf_event:190 input buf index 5
01-30 17:41:47.273   492 17150 E mm-camera: c2d_thread_handle_process_buf_event:207 input vaddr b3477000
01-30 17:41:47.273   492 17188 E AEC_PORT: aec_port_save_update:real_gain:1.000000 linecnt:751 exp_idx:224 cur_luma:0 led_est:1079062418
01-30 17:41:47.323   492 17150 E mm-camera: c2d_thread_handle_process_buf_event:190 input buf index 6
01-30 17:41:47.323   492 17150 E mm-camera: c2d_thread_handle_process_buf_event:207 input vaddr b3406000
01-30 17:41:47.323   492 17188 E AEC_PORT: aec_port_save_update:real_gain:1.000000 linecnt:751 exp_idx:224 cur_luma:1073741824 led_est:1079061944
01-30 17:41:47.353 16776 16779 D MobiFace:  DEBUG - [event] trackingInfo_cb
01-30 17:41:47.353 16776 16779 D MobiFace:  DEBUG - [event] positionInstruction_cb
01-30 17:41:47.353 16776 16779 D MobiFace:  DEBUG - pushImage2: 0
01-30 17:41:47.353 16776 17231 D MobiFace:  DEBUG - [event] challenge2DInfo_cb
01-30 17:41:47.353 16776 17229 D MobiFace:  DEBUG - [event] freeImage_cb
01-30 17:41:47.353 16776 16776 D MobiFace:  DEBUG - getPositionInfo
01-30 17:41:47.353 16776 16974 D MobiFace:  DEBUG - getChallenge
01-30 17:41:47.353 16776 16959 D MobiFace:  DEBUG - getChallengeInfo
01-30 17:41:47.353 15728 17234 D FrServiceClient:  DEBUG - challenge2DInfo 0 0 - 0 109 - 181 246
01-30 17:41:47.353 15728 15728 I GeckoDump: Got analysisResult:0
01-30 17:41:47.353 15728 15728 I GeckoDump: Got analysisInfo:1
01-30 17:41:47.353 15728 15728 I GeckoDump: Got matchScore0
01-30 17:41:47.353 15728 15728 I GeckoDump: Got faceanalysisresults payload ![object Blob]
01-30 17:41:47.353 15728 15728 I GeckoDump: Got bestImage is null
01-30 17:41:47.353 15728 15728 I MobiFace: Content JS LOG:  contact.challengeInfo  ============{"challengeInfo":{"availableCurrentPosition":false,"current_x":0,"current_y":0,"stability":0,"availableTargetPosition":false,"currentTarget":0,"numTargets":0,"targets":[{"target_x":0,"target_y":109,"target_radius":45},{"target_x":181,"target_y":246,"target_radius":45},{"target_x":0,"target_y":0,"target_radius":0}]}} 
01-30 17:41:47.353 15728 15728 I MobiFace:     at startFaceRecognition/</</reader.onload (app://2ec57ac3-eee0-41a3-9d3f-e1b3e29e617f/js/livenesschallenge.js:163:29)
01-30 17:41:47.363 15728 17234 D FrServiceClient:  DEBUG - tiem taken: 5.000000
01-30 17:41:47.363 16776 16974 D MobiFace:  DEBUG - frameParams: 6 640 480 720 270
01-30 17:41:47.363 15728 17234 D FrServiceClient:  DEBUG - mobiFace_pushFrame frame 0xa9372000 460800
01-30 17:41:47.363 15728 17234 D FrServiceClient:  DEBUG - IdemiaFrServiceImpl::StartFaceAnalysis: FrServiceClient 460800
01-30 17:41:47.373   492 17188 E AEC_PORT: aec_port_save_update:real_gain:1.000000 linecnt:751 exp_idx:224 cur_luma:-1610612736 led_est:1079062043
01-30 17:41:47.373   492 17150 E mm-camera: c2d_thread_handle_process_buf_event:190 input buf index 4
01-30 17:41:47.373   492 17150 E mm-camera: c2d_thread_handle_process_buf_event:207 input vaddr b34e8000
01-30 17:41:47.383 16776 16959 D MobiFace:  DEBUG - pushImage2: 0xb8d54998 0xb8dbef88 0xb1df4008 460800 1 -1190936824 0x5c75d171
01-30 17:41:47.423   492 17188 E AEC_PORT: aec_port_save_update:real_gain:1.000000 linecnt:751 exp_idx:224 cur_luma:0 led_est:1079061709
01-30 17:41:47.423   492 17150 E mm-camera: c2d_thread_handle_process_buf_event:190 input buf index 5
01-30 17:41:47.423   492 17150 E mm-camera: c2d_thread_handle_process_buf_event:207 input vaddr b3477000
01-30 17:41:47.473   492 17188 E AEC_PORT: aec_port_save_update:real_gain:1.000000 linecnt:751 exp_idx:224 cur_luma:0 led_est:1079061895
01-30 17:41:47.473   492 17150 E mm-camera: c2d_thread_handle_process_buf_event:190 input buf index 6
01-30 17:41:47.473   492 17150 E mm-camera: c2d_thread_handle_process_buf_event:207 input vaddr b3406000
01-30 17:41:47.513 16776 16959 D MobiFace:  DEBUG - [event] trackingInfo_cb
01-30 17:41:47.513 16776 16959 D MobiFace:  DEBUG - [event] positionInstruction_cb
01-30 17:41:47.513 16776 17231 D MobiFace:  DEBUG - [event] challenge2DInfo_cb
01-30 17:41:47.513 16776 16959 D MobiFace:  DEBUG - pushImage2: 0
01-30 17:41:47.513 16776 17229 D MobiFace:  DEBUG - [event] freeImage_cb
01-30 17:41:47.523 16776 16779 D MobiFace:  DEBUG - getPositionInfo
01-30 17:41:47.523 16776 16776 D MobiFace:  DEBUG - getChallenge
01-30 17:41:47.523 16776 16974 D MobiFace:  DEBUG - getChallengeInfo
01-30 17:41:47.523 15728 17234 D FrServiceClient:  DEBUG - challenge2DInfo 0 0 - 0 109 - 181 246
01-30 17:41:47.523 15728 15728 I GeckoDump: Got analysisResult:0
01-30 17:41:47.523 15728 15728 I GeckoDump: Got analysisInfo:1
01-30 17:41:47.523 15728 15728 I GeckoDump: Got matchScore0
01-30 17:41:47.523   492 17188 E AEC_PORT: aec_port_save_update:real_gain:1.000000 linecnt:751 exp_idx:224 cur_luma:536870912 led_est:1079061854
01-30 17:41:47.523 15728 15728 I GeckoDump: Got faceanalysisresults payload ![object Blob]
01-30 17:41:47.523 15728 15728 I GeckoDump: Got bestImage is null
01-30 17:41:47.523   492 17150 E mm-camera: c2d_thread_handle_process_buf_event:190 input buf index 4
01-30 17:41:47.523   492 17150 E mm-camera: c2d_thread_handle_process_buf_event:207 input vaddr b34e8000
01-30 17:41:47.523 15728 15728 I MobiFace: Content JS LOG:  contact.challengeInfo  ============{"challengeInfo":{"availableCurrentPosition":false,"current_x":0,"current_y":0,"stability":0,"availableTargetPosition":false,"currentTarget":0,"numTargets":0,"targets":[{"target_x":0,"target_y":109,"target_radius":45},{"target_x":181,"target_y":246,"target_radius":45},{"target_x":0,"target_y":0,"target_radius":0}]}} 
01-30 17:41:47.523 15728 15728 I MobiFace:     at startFaceRecognition/</</reader.onload (app://2ec57ac3-eee0-41a3-9d3f-e1b3e29e617f/js/livenesschallenge.js:163:29)
01-30 17:41:47.533 15728 17234 D FrServiceClient:  DEBUG - tiem taken: 5.000000
01-30 17:41:47.533 16776 16776 D MobiFace:  DEBUG - frameParams: 6 640 480 720 270
01-30 17:41:47.533 15728 17234 D FrServiceClient:  DEBUG - mobiFace_pushFrame frame 0xab601000 460800
01-30 17:41:47.533 15728 17234 D FrServiceClient:  DEBUG - IdemiaFrServiceImpl::StartFaceAnalysis: FrServiceClient 460800
01-30 17:41:47.543 16776 16974 D MobiFace:  DEBUG - pushImage2: 0xb8d54998 0xb8dbef88 0xb1df4008 460800 1 -1191139904 0x5c784992
01-30 17:41:47.573   492 17188 E AEC_PORT: aec_port_save_update:real_gain:1.000000 linecnt:751 exp_idx:224 cur_luma:1073741824 led_est:1079061861
01-30 17:41:47.573   492 17150 E mm-camera: c2d_thread_handle_process_buf_event:190 input buf index 5
01-30 17:41:47.573   492 17150 E mm-camera: c2d_thread_handle_process_buf_event:207 input vaddr b3477000
01-30 17:41:47.623   492 17146 E         : dmlroc_entry  entering dmlroc_entry
01-30 17:41:47.623   492 17150 E mm-camera: c2d_thread_handle_process_buf_event:190 input buf index 6
01-30 17:41:47.623   492 17150 E mm-camera: c2d_thread_handle_process_buf_event:207 input vaddr b3406000
01-30 17:41:47.673   492 17188 E AEC_PORT: aec_port_save_update:real_gain:1.000000 linecnt:751 exp_idx:224 cur_luma:-536870912 led_est:1079062083
01-30 17:41:47.673   492 17150 E mm-camera: c2d_thread_handle_process_buf_event:190 input buf index 4
01-30 17:41:47.673   492 17150 E mm-camera: c2d_thread_handle_process_buf_event:207 input vaddr b34e8000
01-30 17:41:47.683 16776 16974 D MobiFace:  DEBUG - [event] trackingInfo_cb
01-30 17:41:47.683 16776 16974 D MobiFace:  DEBUG - [event] positionInstruction_cb
01-30 17:41:47.683 16776 17231 D MobiFace:  DEBUG - [event] challenge2DInfo_cb
01-30 17:41:47.683 16776 16974 D MobiFace:  DEBUG - pushImage2: 0
01-30 17:41:47.683 16776 16959 D MobiFace:  DEBUG - getPositionInfo
01-30 17:41:47.683 16776 17229 D MobiFace:  DEBUG - [event] freeImage_cb
01-30 17:41:47.683 16776 16779 D MobiFace:  DEBUG - getChallenge
01-30 17:41:47.683 16776 16776 D MobiFace:  DEBUG - getChallengeInfo
01-30 17:41:47.683 15728 17234 D FrServiceClient:  DEBUG - challenge2DInfo 0 0 - 0 109 - 181 246
01-30 17:41:47.683 15728 15728 I GeckoDump: Got analysisResult:0
01-30 17:41:47.683 15728 15728 I GeckoDump: Got analysisInfo:1
01-30 17:41:47.683 15728 15728 I GeckoDump: Got matchScore0
01-30 17:41:47.683 15728 15728 I GeckoDump: Got faceanalysisresults payload ![object Blob]
01-30 17:41:47.683 15728 15728 I GeckoDump: Got bestImage is null
01-30 17:41:47.693 15728 15728 I MobiFace: Content JS LOG:  contact.challengeInfo  ============{"challengeInfo":{"availableCurrentPosition":false,"current_x":0,"current_y":0,"stability":0,"availableTargetPosition":false,"currentTarget":0,"numTargets":0,"targets":[{"target_x":0,"target_y":109,"target_radius":45},{"target_x":181,"target_y":246,"target_radius":45},{"target_x":0,"target_y":0,"target_radius":0}]}} 
01-30 17:41:47.693 15728 15728 I MobiFace:     at startFaceRecognition/</</reader.onload (app://2ec57ac3-eee0-41a3-9d3f-e1b3e29e617f/js/livenesschallenge.js:163:29)
01-30 17:41:47.693 15728 17234 D FrServiceClient:  DEBUG - tiem taken: 5.000000
01-30 17:41:47.693 16776 16779 D MobiFace:  DEBUG - frameParams: 6 640 480 720 270
01-30 17:41:47.693 15728 17234 D FrServiceClient:  DEBUG - mobiFace_pushFrame frame 0xa9301000 460800
01-30 17:41:47.693 15728 17234 D FrServiceClient:  DEBUG - IdemiaFrServiceImpl::StartFaceAnalysis: FrServiceClient 460800
01-30 17:41:47.713 16776 16776 D MobiFace:  DEBUG - pushImage2: 0xb8d54998 0xb8dbef88 0xb1df4008 460800 1 -1193990000 0x5c7ad6e2
01-30 17:41:47.723   492 17188 E AEC_PORT: aec_port_save_update:real_gain:1.000000 linecnt:751 exp_idx:224 cur_luma:0 led_est:1079059465
01-30 17:41:47.723   492 17150 E mm-camera: c2d_thread_handle_process_buf_event:190 input buf index 5
01-30 17:41:47.723   492 17150 E mm-camera: c2d_thread_handle_process_buf_event:207 input vaddr b3477000
01-30 17:41:47.763   492 17150 E mm-camera: c2d_thread_handle_process_buf_event:190 input buf index 6
01-30 17:41:47.763   492 17150 E mm-camera: c2d_thread_handle_process_buf_event:207 input vaddr b3406000
01-30 17:41:47.773   492 17188 E AEC_PORT: aec_port_save_update:real_gain:1.000000 linecnt:751 exp_idx:224 cur_luma:-2147483648 led_est:1079060038
01-30 17:41:47.823   492 17150 E mm-camera: c2d_thread_handle_process_buf_event:190 input buf index 4
01-30 17:41:47.823   492 17150 E mm-camera: c2d_thread_handle_process_buf_event:207 input vaddr b34e8000
01-30 17:41:47.823   492 17188 E AEC_PORT: aec_port_save_update:real_gain:1.000000 linecnt:751 exp_idx:224 cur_luma:1073741824 led_est:1079059381
01-30 17:41:47.863 16776 16776 D MobiFace:  DEBUG - [event] trackingInfo_cb
01-30 17:41:47.863 16776 16776 D MobiFace:  DEBUG - [event] positionInstruction_cb
01-30 17:41:47.863 16776 17231 D MobiFace:  DEBUG - [event] challenge2DInfo_cb
01-30 17:41:47.863 16776 16776 D MobiFace:  DEBUG - pushImage2: 0
01-30 17:41:47.863 16776 17229 D MobiFace:  DEBUG - [event] freeImage_cb
01-30 17:41:47.863 16776 16974 D MobiFace:  DEBUG - getPositionInfo
01-30 17:41:47.863 16776 16959 D MobiFace:  DEBUG - getChallenge
01-30 17:41:47.863 16776 16779 D MobiFace:  DEBUG - getChallengeInfo
01-30 17:41:47.863 15728 17234 D FrServiceClient:  DEBUG - challenge2DInfo 0 0 - 0 109 - 181 246
01-30 17:41:47.863   492 17150 E mm-camera: c2d_thread_handle_process_buf_event:190 input buf index 5
01-30 17:41:47.863   492 17150 E mm-camera: c2d_thread_handle_process_buf_event:207 input vaddr b3477000
01-30 17:41:47.863   492 17188 E AEC_PORT: aec_port_save_update:real_gain:1.000000 linecnt:751 exp_idx:224 cur_luma:1610612736 led_est:1079059568
01-30 17:41:47.873 15728 15728 I GeckoDump: Got analysisResult:0
01-30 17:41:47.873 15728 15728 I GeckoDump: Got analysisInfo:1
01-30 17:41:47.873 15728 15728 I GeckoDump: Got matchScore0
01-30 17:41:47.873 15728 15728 I GeckoDump: Got faceanalysisresults payload ![object Blob]
01-30 17:41:47.873 15728 17234 D FrServiceClient:  DEBUG - tiem taken: 5.000000
01-30 17:41:47.873 15728 15728 I GeckoDump: Got bestImage is null
01-30 17:41:47.883 16776 16959 D MobiFace:  DEBUG - frameParams: 6 640 480 720 270
01-30 17:41:47.883 15728 17234 D FrServiceClient:  DEBUG - mobiFace_pushFrame frame 0xa9372000 460800
01-30 17:41:47.883 15728 17234 D FrServiceClient:  DEBUG - IdemiaFrServiceImpl::StartFaceAnalysis: FrServiceClient 460800
01-30 17:41:47.893 15728 15728 I MobiFace: Content JS LOG:  contact.challengeInfo  ============{"challengeInfo":{"availableCurrentPosition":false,"current_x":0,"current_y":0,"stability":0,"availableTargetPosition":false,"currentTarget":0,"numTargets":0,"targets":[{"target_x":0,"target_y":109,"target_radius":45},{"target_x":181,"target_y":246,"target_radius":45},{"target_x":0,"target_y":0,"target_radius":0}]}} 
01-30 17:41:47.893 15728 15728 I MobiFace:     at startFaceRecognition/</</reader.onload (app://2ec57ac3-eee0-41a3-9d3f-e1b3e29e617f/js/livenesschallenge.js:163:29)
01-30 17:41:47.903 16776 16779 D MobiFace:  DEBUG - pushImage2: 0xb8d54998 0xb8dbef88 0xb1df4008 460800 1 -1193988960 0x5c7da730
01-30 17:41:47.913   492 17188 E AEC_PORT: aec_port_save_update:real_gain:1.000000 linecnt:751 exp_idx:224 cur_luma:1610612736 led_est:1079059487
01-30 17:41:47.913   492 17150 E mm-camera: c2d_thread_handle_process_buf_event:190 input buf index 6
01-30 17:41:47.913   492 17150 E mm-camera: c2d_thread_handle_process_buf_event:207 input vaddr b3406000
01-30 17:41:47.963   492 17188 E AEC_PORT: aec_port_save_update:real_gain:1.000000 linecnt:751 exp_idx:224 cur_luma:-2147483648 led_est:1079059420
01-30 17:41:47.963   492 17150 E mm-camera: c2d_thread_handle_process_buf_event:190 input buf index 4
01-30 17:41:47.963   492 17150 E mm-camera: c2d_thread_handle_process_buf_event:207 input vaddr b34e8000
01-30 17:41:48.013   492 17188 E AEC_PORT: aec_port_save_update:real_gain:1.000000 linecnt:751 exp_idx:224 cur_luma:1610612736 led_est:1079059599
01-30 17:41:48.013   492 17150 E mm-camera: c2d_thread_handle_process_buf_event:190 input buf index 5
01-30 17:41:48.013   492 17150 E mm-camera: c2d_thread_handle_process_buf_event:207 input vaddr b3477000
01-30 17:41:48.033 16776 16779 D MobiFace:  DEBUG - [event] trackingInfo_cb
01-30 17:41:48.033 16776 16779 D MobiFace:  DEBUG - [event] positionInstruction_cb
01-30 17:41:48.043 16776 17231 D MobiFace:  DEBUG - [event] challenge2DInfo_cb
01-30 17:41:48.043 16776 16779 D MobiFace:  DEBUG - [event] freeImage_cb
01-30 17:41:48.043 16776 16779 D MobiFace:  DEBUG - pushImage2: 0
01-30 17:41:48.043 16776 16776 D MobiFace:  DEBUG - getPositionInfo
01-30 17:41:48.043 16776 16959 D MobiFace:  DEBUG - getChallenge
01-30 17:41:48.043 16776 16779 D MobiFace:  DEBUG - getChallengeInfo
01-30 17:41:48.043 15728 17234 D FrServiceClient:  DEBUG - challenge2DInfo 0 0 - 0 109 - 181 246
01-30 17:41:48.053 15728 15728 I GeckoDump: Got analysisResult:0
01-30 17:41:48.053 15728 15728 I GeckoDump: Got analysisInfo:1
01-30 17:41:48.053 15728 15728 I GeckoDump: Got matchScore0
01-30 17:41:48.053 15728 15728 I GeckoDump: Got faceanalysisresults payload ![object Blob]
01-30 17:41:48.053 15728 15728 I GeckoDump: Got bestImage is null
01-30 17:41:48.053 15728 15728 I MobiFace: Content JS LOG:  contact.challengeInfo  ============{"challengeInfo":{"availableCurrentPosition":false,"current_x":0,"current_y":0,"stability":0,"availableTargetPosition":false,"currentTarget":0,"numTargets":0,"targets":[{"target_x":0,"target_y":109,"target_radius":45},{"target_x":181,"target_y":246,"target_radius":45},{"target_x":0,"target_y":0,"target_radius":0}]}} 
01-30 17:41:48.053 15728 15728 I MobiFace:     at startFaceRecognition/</</reader.onload (app://2ec57ac3-eee0-41a3-9d3f-e1b3e29e617f/js/livenesschallenge.js:163:29)
01-30 17:41:48.053 15728 17234 D FrServiceClient:  DEBUG - tiem taken: 6.000000
01-30 17:41:48.053 16776 16779 D MobiFace:  DEBUG - frameParams: 6 640 480 720 270
01-30 17:41:48.053 15728 17234 D FrServiceClient:  DEBUG - mobiFace_pushFrame frame 0xab601000 460800
01-30 17:41:48.053 15728 17234 D FrServiceClient:  DEBUG - IdemiaFrServiceImpl::StartFaceAnalysis: FrServiceClient 460800
01-30 17:41:48.063   492 17188 E AEC_PORT: aec_port_save_update:real_gain:1.000000 linecnt:751 exp_idx:224 cur_luma:1610612736 led_est:1079059238
01-30 17:41:48.063   492 17150 E mm-camera: c2d_thread_handle_process_buf_event:190 input buf index 6
01-30 17:41:48.063   492 17150 E mm-camera: c2d_thread_handle_process_buf_event:207 input vaddr b3406000
01-30 17:41:48.073 16776 16974 D MobiFace:  DEBUG - pushImage2: 0xb8d54998 0xb8dbef88 0xb1df4008 460800 1 -1191139904 0x5c8059a1
01-30 17:41:48.113   492 17146 E         : dmlroc_entry  entering dmlroc_entry
01-30 17:41:48.113   492 17150 E mm-camera: c2d_thread_handle_process_buf_event:190 input buf index 4
01-30 17:41:48.113   492 17150 E mm-camera: c2d_thread_handle_process_buf_event:207 input vaddr b34e8000
01-30 17:41:48.163   492 17188 E AEC_PORT: aec_port_save_update:real_gain:1.000000 linecnt:751 exp_idx:224 cur_luma:-1610612736 led_est:1079059482
01-30 17:41:48.163   492 17150 E mm-camera: c2d_thread_handle_process_buf_event:190 input buf index 5
01-30 17:41:48.163   492 17150 E mm-camera: c2d_thread_handle_process_buf_event:207 input vaddr b3477000
01-30 17:41:48.213   492 17150 E mm-camera: c2d_thread_handle_process_buf_event:190 input buf index 6
01-30 17:41:48.213   492 17150 E mm-camera: c2d_thread_handle_process_buf_event:207 input vaddr b3406000
01-30 17:41:48.213   492 17188 E AEC_PORT: aec_port_save_update:real_gain:1.000000 linecnt:751 exp_idx:224 cur_luma:-1610612736 led_est:1079060647
01-30 17:41:48.233 16776 16974 D MobiFace:  DEBUG - [event] trackingInfo_cb
01-30 17:41:48.233 16776 16974 D MobiFace:  DEBUG - [event] positionInstruction_cb
01-30 17:41:48.233 16776 17231 D MobiFace:  DEBUG - [event] challenge2DInfo_cb
01-30 17:41:48.233 16776 16974 D MobiFace:  DEBUG - pushImage2: 0
01-30 17:41:48.233 16776 17229 D MobiFace:  DEBUG - [event] freeImage_cb
01-30 17:41:48.233 16776 16776 D MobiFace:  DEBUG - getPositionInfo
01-30 17:41:48.233 16776 16959 D MobiFace:  DEBUG - getChallenge
01-30 17:41:48.243 16776 16779 D MobiFace:  DEBUG - getChallengeInfo
01-30 17:41:48.243 15728 17234 D FrServiceClient:  DEBUG - challenge2DInfo 0 0 - 0 109 - 181 246
01-30 17:41:48.243 15728 15728 I GeckoDump: Got analysisResult:0
01-30 17:41:48.243 15728 15728 I GeckoDump: Got analysisInfo:1
01-30 17:41:48.243 15728 15728 I GeckoDump: Got matchScore0
01-30 17:41:48.243 15728 15728 I GeckoDump: Got faceanalysisresults payload ![object Blob]
01-30 17:41:48.243 15728 15728 I GeckoDump: Got bestImage is null
01-30 17:41:48.243 15728 15728 I MobiFace: Content JS LOG:  contact.challengeInfo  ============{"challengeInfo":{"availableCurrentPosition":false,"current_x":0,"current_y":0,"stability":0,"availableTargetPosition":false,"currentTarget":0,"numTargets":0,"targets":[{"target_x":0,"target_y":109,"target_radius":45},{"target_x":181,"target_y":246,"target_radius":45},{"target_x":0,"target_y":0,"target_radius":0}]}} 
01-30 17:41:48.243 15728 15728 I MobiFace:     at startFaceRecognition/</</reader.onload (app://2ec57ac3-eee0-41a3-9d3f-e1b3e29e617f/js/livenesschallenge.js:163:29)
01-30 17:41:48.253 15728 17234 D FrServiceClient:  DEBUG - tiem taken: 6.000000
01-30 17:41:48.253 16776 16959 D MobiFace:  DEBUG - frameParams: 6 640 480 720 270
01-30 17:41:48.253 15728 17234 D FrServiceClient:  DEBUG - mobiFace_pushFrame frame 0xa9301000 460800
01-30 17:41:48.253 15728 17234 D FrServiceClient:  DEBUG - IdemiaFrServiceImpl::StartFaceAnalysis: FrServiceClient 460800
01-30 17:41:48.263   492 17150 E mm-camera: c2d_thread_handle_process_buf_event:190 input buf index 4
01-30 17:41:48.263   492 17150 E mm-camera: c2d_thread_handle_process_buf_event:207 input vaddr b34e8000
01-30 17:41:48.263   492 17188 E AEC_PORT: aec_port_save_update:real_gain:1.000000 linecnt:751 exp_idx:224 cur_luma:-1073741824 led_est:1079060752
01-30 17:41:48.273 16776 16779 D MobiFace:  DEBUG - pushImage2: 0xb8d54998 0xb8dbef88 0xb1df4008 460800 1 -1193988960 0x5c8356f4
01-30 17:41:48.313   492 17188 E AEC_PORT: aec_port_save_update:real_gain:1.000000 linecnt:751 exp_idx:224 cur_luma:-2147483648 led_est:1079061159
01-30 17:41:48.313   492 17150 E mm-camera: c2d_thread_handle_process_buf_event:190 input buf index 5
01-30 17:41:48.313   492 17150 E mm-camera: c2d_thread_handle_process_buf_event:207 input vaddr b3477000
01-30 17:41:48.363   492 17188 E AEC_PORT: aec_port_save_update:real_gain:1.000000 linecnt:751 exp_idx:224 cur_luma:-2147483648 led_est:1079060886
01-30 17:41:48.363   492 17150 E mm-camera: c2d_thread_handle_process_buf_event:190 input buf index 6
01-30 17:41:48.363   492 17150 E mm-camera: c2d_thread_handle_process_buf_event:207 input vaddr b3406000
01-30 17:41:48.413   492 17188 E AEC_PORT: aec_port_save_update:real_gain:1.000000 linecnt:751 exp_idx:224 cur_luma:-536870912 led_est:1079060455
01-30 17:41:48.413   492 17150 E mm-camera: c2d_thread_handle_process_buf_event:190 input buf index 4
01-30 17:41:48.413   492 17150 E mm-camera: c2d_thread_handle_process_buf_event:207 input vaddr b34e8000
01-30 17:41:48.413 16776 16779 D MobiFace:  DEBUG - [event] trackingInfo_cb
01-30 17:41:48.413 16776 16779 D MobiFace:  DEBUG - [event] positionInstruction_cb
01-30 17:41:48.413 16776 17231 D MobiFace:  DEBUG - [event] challenge2DInfo_cb
01-30 17:41:48.413 16776 16779 D MobiFace:  DEBUG - pushImage2: 0
01-30 17:41:48.413 16776 16974 D MobiFace:  DEBUG - getPositionInfo
01-30 17:41:48.413 16776 17229 D MobiFace:  DEBUG - [event] freeImage_cb
01-30 17:41:48.413 16776 16776 D MobiFace:  DEBUG - getChallenge
01-30 17:41:48.413 16776 16959 D MobiFace:  DEBUG - getChallengeInfo
01-30 17:41:48.413 15728 17234 D FrServiceClient:  DEBUG - challenge2DInfo 0 0 - 0 109 - 181 246
01-30 17:41:48.423 15728 17234 D FrServiceClient:  DEBUG - tiem taken: 6.000000
01-30 17:41:48.433 16776 16959 D MobiFace:  DEBUG - frameParams: 6 640 480 720 270
01-30 17:41:48.433 15728 17234 D FrServiceClient:  DEBUG - mobiFace_pushFrame frame 0xa9372000 460800
01-30 17:41:48.433 15728 17234 D FrServiceClient:  DEBUG - IdemiaFrServiceImpl::StartFaceAnalysis: FrServiceClient 460800
01-30 17:41:48.433 15728 15728 I GeckoDump: Got analysisResult:0
01-30 17:41:48.433 15728 15728 I GeckoDump: Got analysisInfo:1
01-30 17:41:48.433 15728 15728 I GeckoDump: Got matchScore0
01-30 17:41:48.433 15728 15728 I GeckoDump: Got faceanalysisresults payload ![object Blob]
01-30 17:41:48.433 15728 15728 I GeckoDump: Got bestImage is null
01-30 17:41:48.433 15728 15728 I MobiFace: Content JS LOG:  contact.challengeInfo  ============{"challengeInfo":{"availableCurrentPosition":false,"current_x":0,"current_y":0,"stability":0,"availableTargetPosition":false,"currentTarget":0,"numTargets":0,"targets":[{"target_x":0,"target_y":109,"target_radius":45},{"target_x":181,"target_y":246,"target_radius":45},{"target_x":0,"target_y":0,"target_radius":0}]}} 
01-30 17:41:48.433 15728 15728 I MobiFace:     at startFaceRecognition/</</reader.onload (app://2ec57ac3-eee0-41a3-9d3f-e1b3e29e617f/js/livenesschallenge.js:163:29)
01-30 17:41:48.453 16776 16974 D MobiFace:  DEBUG - pushImage2: 0xb8d54998 0xb8dbef88 0xb1df4008 460800 1 -1191139904 0x5c860ee8
01-30 17:41:48.463   492 17150 E mm-camera: c2d_thread_handle_process_buf_event:190 input buf index 5
01-30 17:41:48.463   492 17150 E mm-camera: c2d_thread_handle_process_buf_event:207 input vaddr b3477000
01-30 17:41:48.463   492 17188 E AEC_PORT: aec_port_save_update:real_gain:1.000000 linecnt:751 exp_idx:224 cur_luma:1610612736 led_est:1079060807
01-30 17:41:48.513   492 17150 E mm-camera: c2d_thread_handle_process_buf_event:190 input buf index 6
01-30 17:41:48.513   492 17150 E mm-camera: c2d_thread_handle_process_buf_event:207 input vaddr b3406000
01-30 17:41:48.513   492 17188 E AEC_PORT: aec_port_save_update:real_gain:1.000000 linecnt:751 exp_idx:224 cur_luma:-1073741824 led_est:1079060628
01-30 17:41:48.533  2227  2227 E sdcard  : missing packages.list; retrying
01-30 17:41:48.553   492 17150 E mm-camera: c2d_thread_handle_process_buf_event:190 input buf index 4
01-30 17:41:48.553   492 17150 E mm-camera: c2d_thread_handle_process_buf_event:207 input vaddr b34e8000
01-30 17:41:48.563   492 17188 E AEC_PORT: aec_port_save_update:real_gain:1.000000 linecnt:751 exp_idx:224 cur_luma:-2147483648 led_est:1079060858
01-30 17:41:48.583  5463  5463 D wpa_supplicant: wlan0: Control interface command 'SIGNAL_POLL'
01-30 17:41:48.593 16776 16974 D MobiFace:  DEBUG - [event] trackingInfo_cb
01-30 17:41:48.593 16776 16974 D MobiFace:  DEBUG - [event] positionInstruction_cb
01-30 17:41:48.593 16776 16974 D MobiFace:  DEBUG - pushImage2: 0
01-30 17:41:48.593 16776 16779 D MobiFace:  DEBUG - getPositionInfo
01-30 17:41:48.593 16776 17231 D MobiFace:  DEBUG - [event] challenge2DInfo_cb
01-30 17:41:48.603 16776 17229 D MobiFace:  DEBUG - [event] freeImage_cb
01-30 17:41:48.603 16776 16776 D MobiFace:  DEBUG - getChallenge
01-30 17:41:48.603 16776 16959 D MobiFace:  DEBUG - getChallengeInfo
01-30 17:41:48.603 15728 17234 D FrServiceClient:  DEBUG - challenge2DInfo 0 0 - 0 109 - 181 246
01-30 17:41:48.603 15728 15728 I GeckoDump: Got analysisResult:0
01-30 17:41:48.603 15728 15728 I GeckoDump: Got analysisInfo:1
01-30 17:41:48.603 15728 15728 I GeckoDump: Got matchScore0
01-30 17:41:48.603 15728 15728 I GeckoDump: Got faceanalysisresults payload ![object Blob]
01-30 17:41:48.603 15728 15728 I GeckoDump: Got bestImage is null
01-30 17:41:48.603  5463  5463 D wpa_supplicant: CTRL-DEBUG: global_ctrl_sock-sendto: sock=11 sndbuf=163840 outq=0 send_len=48
01-30 17:41:48.603   492 17146 E         : dmlroc_entry  entering dmlroc_entry
01-30 17:41:48.613   492 17150 E mm-camera: c2d_thread_handle_process_buf_event:190 input buf index 5
01-30 17:41:48.613   492 17150 E mm-camera: c2d_thread_handle_process_buf_event:207 input vaddr b3477000
01-30 17:41:48.613 15728 15728 I MobiFace: Content JS LOG:  contact.challengeInfo  ============{"challengeInfo":{"availableCurrentPosition":false,"current_x":0,"current_y":0,"stability":0,"availableTargetPosition":false,"currentTarget":0,"numTargets":0,"targets":[{"target_x":0,"target_y":109,"target_radius":45},{"target_x":181,"target_y":246,"target_radius":45},{"target_x":0,"target_y":0,"target_radius":0}]}} 
01-30 17:41:48.613 15728 15728 I MobiFace:     at startFaceRecognition/</</reader.onload (app://2ec57ac3-eee0-41a3-9d3f-e1b3e29e617f/js/livenesschallenge.js:163:29)
01-30 17:41:48.613 15728 17234 D FrServiceClient:  DEBUG - tiem taken: 6.000000
01-30 17:41:48.613 16776 16776 D MobiFace:  DEBUG - frameParams: 6 640 480 720 270
01-30 17:41:48.613 15728 17234 D FrServiceClient:  DEBUG - mobiFace_pushFrame frame 0xab601000 460800
01-30 17:41:48.613 15728 17234 D FrServiceClient:  DEBUG - IdemiaFrServiceImpl::StartFaceAnalysis: FrServiceClient 460800
01-30 17:41:48.633 16776 16959 D MobiFace:  DEBUG - pushImage2: 0xb8d54998 0xb8dbef88 0xb1df4008 460800 1 -1190936824 0x5c88e881
01-30 17:41:48.653   492 17150 E mm-camera: c2d_thread_handle_process_buf_event:190 input buf index 6
01-30 17:41:48.653   492 17150 E mm-camera: c2d_thread_handle_process_buf_event:207 input vaddr b3406000
01-30 17:41:48.663   492 17188 E AEC_PORT: aec_port_save_update:real_gain:1.000000 linecnt:751 exp_idx:224 cur_luma:1073741824 led_est:1079060720
01-30 17:41:48.703   492 17150 E mm-camera: c2d_thread_handle_process_buf_event:190 input buf index 4
01-30 17:41:48.703   492 17150 E mm-camera: c2d_thread_handle_process_buf_event:207 input vaddr b34e8000
01-30 17:41:48.713   492 17188 E AEC_PORT: aec_port_save_update:real_gain:1.000000 linecnt:751 exp_idx:224 cur_luma:1610612736 led_est:1079063943
01-30 17:41:48.753   492 17150 E mm-camera: c2d_thread_handle_process_buf_event:190 input buf index 5
01-30 17:41:48.753   492 17150 E mm-camera: c2d_thread_handle_process_buf_event:207 input vaddr b3477000
01-30 17:41:48.763   492 17188 E AEC_PORT: aec_port_save_update:real_gain:1.000000 linecnt:751 exp_idx:224 cur_luma:536870912 led_est:1079063622
01-30 17:41:48.773 16776 16959 D MobiFace:  DEBUG - [event] trackingInfo_cb
01-30 17:41:48.773 16776 16959 D MobiFace:  DEBUG - [event] positionInstruction_cb
01-30 17:41:48.773 16776 16959 D MobiFace:  DEBUG - pushImage2: 0
01-30 17:41:48.773 16776 17231 D MobiFace:  DEBUG - [event] challenge2DInfo_cb
01-30 17:41:48.773 16776 16974 D MobiFace:  DEBUG - getPositionInfo
01-30 17:41:48.773 16776 16779 D MobiFace:  DEBUG - getChallenge
01-30 17:41:48.773 16776 17229 D MobiFace:  DEBUG - [event] freeImage_cb
01-30 17:41:48.773 16776 16776 D MobiFace:  DEBUG - getChallengeInfo
01-30 17:41:48.783 15728 17234 D FrServiceClient:  DEBUG - challenge2DInfo 0 0 - 0 109 - 181 246
01-30 17:41:48.783 15728 15728 I GeckoDump: Got analysisResult:0
01-30 17:41:48.783 15728 15728 I GeckoDump: Got analysisInfo:1
01-30 17:41:48.783 15728 15728 I GeckoDump: Got matchScore0
01-30 17:41:48.783 15728 15728 I GeckoDump: Got faceanalysisresults payload ![object Blob]
01-30 17:41:48.783 15728 15728 I GeckoDump: Got bestImage is null
01-30 17:41:48.783 15728 15728 I MobiFace: Content JS LOG:  contact.challengeInfo  ============{"challengeInfo":{"availableCurrentPosition":false,"current_x":0,"current_y":0,"stability":0,"availableTargetPosition":false,"currentTarget":0,"numTargets":0,"targets":[{"target_x":0,"target_y":109,"target_radius":45},{"target_x":181,"target_y":246,"target_radius":45},{"target_x":0,"target_y":0,"target_radius":0}]}} 
01-30 17:41:48.783 15728 15728 I MobiFace:     at startFaceRecognition/</</reader.onload (app://2ec57ac3-eee0-41a3-9d3f-e1b3e29e617f/js/livenesschallenge.js:163:29)
01-30 17:41:48.793 15728 17234 D FrServiceClient:  DEBUG - tiem taken: 6.000000
01-30 17:41:48.793 16776 16779 D MobiFace:  DEBUG - frameParams: 6 640 480 720 270
01-30 17:41:48.793 15728 17234 D FrServiceClient:  DEBUG - mobiFace_pushFrame frame 0xa9301000 460800
01-30 17:41:48.793 15728 17234 D FrServiceClient:  DEBUG - IdemiaFrServiceImpl::StartFaceAnalysis: FrServiceClient 460800
01-30 17:41:48.803   492 17188 E AEC_PORT: aec_port_save_update:real_gain:1.000000 linecnt:751 exp_idx:224 cur_luma:-1610612736 led_est:1079064173
01-30 17:41:48.803   492 17150 E mm-camera: c2d_thread_handle_process_buf_event:190 input buf index 6
