01-30 17:40:25.923   492 16386 E mm-camera: c2d_thread_handle_process_buf_event:190 input buf index 4
01-30 17:40:25.923   492 16386 E mm-camera: c2d_thread_handle_process_buf_event:207 input vaddr b350a000
01-30 17:40:25.923 16188 16484 D MobiFace:  DEBUG - [event] trackingInfo_cb
01-30 17:40:25.923 16188 16484 D MobiFace:  DEBUG - [event] positionInstruction_cb
01-30 17:40:25.923 16188 16484 D MobiFace:  DEBUG - pushImage2: 0
01-30 17:40:25.923 16188 16467 D MobiFace:  DEBUG - [event] challenge2DInfo_cb
01-30 17:40:25.923 16188 16471 D MobiFace:  DEBUG - getPositionInfo
01-30 17:40:25.923 16188 16484 D MobiFace:  DEBUG - getChallenge
01-30 17:40:25.933 16188 16197 D MobiFace:  DEBUG - getChallengeInfo
01-30 17:40:25.933 16188 16465 D MobiFace:  DEBUG - [event] freeImage_cb
01-30 17:40:25.933 15728 16470 D FrServiceClient:  DEBUG - challenge2DInfo 0 0 - 0 0 - 0 0
01-30 17:40:25.933 15728 15728 I GeckoDump: Got analysisResult:0
01-30 17:40:25.933 15728 15728 I GeckoDump: Got analysisInfo:5
01-30 17:40:25.933 15728 15728 I GeckoDump: Got matchScore0
01-30 17:40:25.933 15728 15728 I GeckoDump: Got faceanalysisresults payload ![object Blob]
01-30 17:40:25.933 15728 15728 I GeckoDump: Got bestImage is null
01-30 17:40:25.933 15728 15728 I MobiFace: Content JS LOG:  contact.challengeInfo  ============{"challengeInfo":{"availableCurrentPosition":false,"current_x":0,"current_y":0,"stability":0,"availableTargetPosition":false,"currentTarget":0,"numTargets":0,"targets":[{"target_x":0,"target_y":0,"target_radius":0},{"target_x":0,"target_y":0,"target_radius":0},{"target_x":0,"target_y":0,"target_radius":0}]}} 
01-30 17:40:25.933 15728 15728 I MobiFace:     at startFaceRecognition/</</reader.onload (app://2ec57ac3-eee0-41a3-9d3f-e1b3e29e617f/js/livenesschallenge.js:163:29)
01-30 17:40:25.943 15728 16470 D FrServiceClient:  DEBUG - tiem taken: 7.000000
01-30 17:40:25.943 16188 16188 D MobiFace:  DEBUG - frameParams: 6 640 480 720 270
01-30 17:40:25.943 15728 16470 D FrServiceClient:  DEBUG - mobiFace_pushFrame frame 0xac772000 460800
01-30 17:40:25.943 15728 16470 D FrServiceClient:  DEBUG - IdemiaFrServiceImpl::StartFaceAnalysis: FrServiceClient 460800
01-30 17:40:25.953 16188 16197 D MobiFace:  DEBUG - pushImage2: 0xb7754998 0xb78b6520 0xb1995008 460800 1 -1234756021 0x579b4820
01-30 17:40:26.023   492 16386 E mm-camera: c2d_thread_handle_process_buf_event:190 input buf index 5
01-30 17:40:26.023   492 16386 E mm-camera: c2d_thread_handle_process_buf_event:207 input vaddr b3499000
01-30 17:40:26.023   492 16441 E AEC_PORT: aec_port_save_update:real_gain:2.000000 linecnt:1598 exp_idx:274 cur_luma:-1610612736 led_est:1079086449
01-30 17:40:26.043 16188 16197 D MobiFace:  DEBUG - [event] trackingInfo_cb
01-30 17:40:26.043 16188 16197 D MobiFace:  DEBUG - [event] positionInstruction_cb
01-30 17:40:26.043 16188 16467 D MobiFace:  DEBUG - [event] challenge2DInfo_cb
01-30 17:40:26.043 16188 16197 D MobiFace:  DEBUG - pushImage2: 0
01-30 17:40:26.043 16188 16465 D MobiFace:  DEBUG - [event] freeImage_cb
01-30 17:40:26.043 16188 16484 D MobiFace:  DEBUG - getPositionInfo
01-30 17:40:26.043 16188 16471 D MobiFace:  DEBUG - getChallenge
01-30 17:40:26.043 16188 16188 D MobiFace:  DEBUG - getChallengeInfo
01-30 17:40:26.043 15728 16470 D FrServiceClient:  DEBUG - challenge2DInfo 0 0 - 0 0 - 0 0
01-30 17:40:26.043 15728 15728 I GeckoDump: Got analysisResult:0
01-30 17:40:26.043 15728 15728 I GeckoDump: Got analysisInfo:5
01-30 17:40:26.043 15728 15728 I GeckoDump: Got matchScore0
01-30 17:40:26.043 15728 15728 I GeckoDump: Got faceanalysisresults payload ![object Blob]
01-30 17:40:26.043 15728 15728 I GeckoDump: Got bestImage is null
01-30 17:40:26.043 15728 15728 I MobiFace: Content JS LOG:  contact.challengeInfo  ============{"challengeInfo":{"availableCurrentPosition":false,"current_x":0,"current_y":0,"stability":0,"availableTargetPosition":false,"currentTarget":0,"numTargets":0,"targets":[{"target_x":0,"target_y":0,"target_radius":0},{"target_x":0,"target_y":0,"target_radius":0},{"target_x":0,"target_y":0,"target_radius":0}]}} 
01-30 17:40:26.043 15728 15728 I MobiFace:     at startFaceRecognition/</</reader.onload (app://2ec57ac3-eee0-41a3-9d3f-e1b3e29e617f/js/livenesschallenge.js:163:29)
01-30 17:40:26.053 15728 16470 D FrServiceClient:  DEBUG - tiem taken: 8.000000
01-30 17:40:26.053 16188 16471 D MobiFace:  DEBUG - frameParams: 6 640 480 720 270
01-30 17:40:26.053 15728 16470 D FrServiceClient:  DEBUG - mobiFace_pushFrame frame 0xac701000 460800
01-30 17:40:26.053 15728 16470 D FrServiceClient:  DEBUG - IdemiaFrServiceImpl::StartFaceAnalysis: FrServiceClient 460800
01-30 17:40:26.073 16188 16188 D MobiFace:  DEBUG - pushImage2: 0xb7754998 0xb78b6520 0xb1995008 460800 1 -1217058672 0x579d126b
01-30 17:40:26.123 16188 16188 D MobiFace:  DEBUG - [event] trackingInfo_cb
01-30 17:40:26.123 16188 16188 D MobiFace:  DEBUG - [event] positionInstruction_cb
01-30 17:40:26.123 16188 16467 D MobiFace:  DEBUG - [event] challenge2DInfo_cb
01-30 17:40:26.123 16188 16188 D MobiFace:  DEBUG - pushImage2: 0
01-30 17:40:26.123 16188 16484 D MobiFace:  DEBUG - getPositionInfo
01-30 17:40:26.123 16188 16465 D MobiFace:  DEBUG - [event] freeImage_cb
01-30 17:40:26.123 16188 16471 D MobiFace:  DEBUG - getChallenge
01-30 17:40:26.123 16188 16197 D MobiFace:  DEBUG - getChallengeInfo
01-30 17:40:26.123 15728 16470 D FrServiceClient:  DEBUG - challenge2DInfo 0 0 - 0 0 - 0 0
01-30 17:40:26.133 15728 15728 I GeckoDump: Got analysisResult:0
01-30 17:40:26.133 15728 15728 I GeckoDump: Got analysisInfo:5
01-30 17:40:26.133 15728 15728 I GeckoDump: Got matchScore0
01-30 17:40:26.133 15728 15728 I GeckoDump: Got faceanalysisresults payload ![object Blob]
01-30 17:40:26.133   492 16386 E mm-camera: c2d_thread_handle_process_buf_event:190 input buf index 6
01-30 17:40:26.133   492 16386 E mm-camera: c2d_thread_handle_process_buf_event:207 input vaddr b3428000
01-30 17:40:26.133 15728 15728 I GeckoDump: Got bestImage is null
01-30 17:40:26.133 15728 15728 I MobiFace: Content JS LOG:  contact.challengeInfo  ============{"challengeInfo":{"availableCurrentPosition":false,"current_x":0,"current_y":0,"stability":0,"availableTargetPosition":false,"currentTarget":0,"numTargets":0,"targets":[{"target_x":0,"target_y":0,"target_radius":0},{"target_x":0,"target_y":0,"target_radius":0},{"target_x":0,"target_y":0,"target_radius":0}]}} 
01-30 17:40:26.133 15728 15728 I MobiFace:     at startFaceRecognition/</</reader.onload (app://2ec57ac3-eee0-41a3-9d3f-e1b3e29e617f/js/livenesschallenge.js:163:29)
01-30 17:40:26.143   492 16441 E AEC_PORT: aec_port_save_update:real_gain:2.000000 linecnt:1598 exp_idx:274 cur_luma:-1073741824 led_est:1079086560
01-30 17:40:26.153 15728 16470 D FrServiceClient:  DEBUG - tiem taken: 8.000000
01-30 17:40:26.153 16188 16197 D MobiFace:  DEBUG - frameParams: 6 640 480 720 270
01-30 17:40:26.153 15728 16470 D FrServiceClient:  DEBUG - mobiFace_pushFrame frame 0xa9201000 460800
01-30 17:40:26.153 15728 16470 D FrServiceClient:  DEBUG - IdemiaFrServiceImpl::StartFaceAnalysis: FrServiceClient 460800
01-30 17:40:26.163 16188 16188 D MobiFace:  DEBUG - pushImage2: 0xb7754998 0xb78b6520 0xb1995008 460800 1 -1217058672 0x579e83e0
01-30 17:40:26.223 16188 16188 D MobiFace:  DEBUG - [event] trackingInfo_cb
01-30 17:40:26.223 16188 16188 D MobiFace:  DEBUG - [event] positionInstruction_cb
01-30 17:40:26.223 16188 16467 D MobiFace:  DEBUG - [event] challenge2DInfo_cb
01-30 17:40:26.223 16188 16188 D MobiFace:  DEBUG - pushImage2: 0
01-30 17:40:26.223 16188 16465 D MobiFace:  DEBUG - [event] freeImage_cb
01-30 17:40:26.223 16188 16484 D MobiFace:  DEBUG - getPositionInfo
01-30 17:40:26.223 16188 16471 D MobiFace:  DEBUG - getChallenge
01-30 17:40:26.223 16188 16197 D MobiFace:  DEBUG - getChallengeInfo
01-30 17:40:26.223 15728 16470 D FrServiceClient:  DEBUG - challenge2DInfo 0 0 - 0 0 - 0 0
01-30 17:40:26.223 15728 15728 I GeckoDump: Got analysisResult:0
01-30 17:40:26.223 15728 15728 I GeckoDump: Got analysisInfo:5
01-30 17:40:26.223 15728 15728 I GeckoDump: Got matchScore0
01-30 17:40:26.223 15728 15728 I GeckoDump: Got faceanalysisresults payload ![object Blob]
01-30 17:40:26.223 15728 15728 I GeckoDump: Got bestImage is null
01-30 17:40:26.233 15728 15728 I MobiFace: Content JS LOG:  contact.challengeInfo  ============{"challengeInfo":{"availableCurrentPosition":false,"current_x":0,"current_y":0,"stability":0,"availableTargetPosition":false,"currentTarget":0,"numTargets":0,"targets":[{"target_x":0,"target_y":0,"target_radius":0},{"target_x":0,"target_y":0,"target_radius":0},{"target_x":0,"target_y":0,"target_radius":0}]}} 
01-30 17:40:26.233 15728 15728 I MobiFace:     at startFaceRecognition/</</reader.onload (app://2ec57ac3-eee0-41a3-9d3f-e1b3e29e617f/js/livenesschallenge.js:163:29)
01-30 17:40:26.233   492 16386 E mm-camera: c2d_thread_handle_process_buf_event:190 input buf index 4
01-30 17:40:26.233   492 16386 E mm-camera: c2d_thread_handle_process_buf_event:207 input vaddr b350a000
01-30 17:40:26.233   492 16441 E AEC_PORT: aec_port_save_update:real_gain:2.000000 linecnt:1598 exp_idx:274 cur_luma:1610612736 led_est:1079078448
01-30 17:40:26.233 15728 16470 D FrServiceClient:  DEBUG - tiem taken: 8.000000
01-30 17:40:26.243 16188 16471 D MobiFace:  DEBUG - frameParams: 6 640 480 720 270
01-30 17:40:26.243 15728 16470 D FrServiceClient:  DEBUG - mobiFace_pushFrame frame 0xa9272000 460800
01-30 17:40:26.243 15728 16470 D FrServiceClient:  DEBUG - IdemiaFrServiceImpl::StartFaceAnalysis: FrServiceClient 460800
01-30 17:40:26.253 16188 16197 D MobiFace:  DEBUG - pushImage2: 0xb7754998 0xb78b6520 0xb1995008 460800 1 -1217057632 0x579fe081
01-30 17:40:26.333   492 16386 E mm-camera: c2d_thread_handle_process_buf_event:190 input buf index 5
01-30 17:40:26.333   492 16386 E mm-camera: c2d_thread_handle_process_buf_event:207 input vaddr b3499000
01-30 17:40:26.343   492 16441 E AEC_PORT: aec_port_save_update:real_gain:2.000000 linecnt:1598 exp_idx:274 cur_luma:-1610612736 led_est:1079082952
01-30 17:40:26.343 16188 16197 D MobiFace:  DEBUG - [event] trackingInfo_cb
01-30 17:40:26.343 16188 16197 D MobiFace:  DEBUG - [event] positionInstruction_cb
01-30 17:40:26.343 16188 16467 D MobiFace:  DEBUG - [event] challenge2DInfo_cb
01-30 17:40:26.343 16188 16197 D MobiFace:  DEBUG - pushImage2: 0
01-30 17:40:26.343 16188 16465 D MobiFace:  DEBUG - [event] freeImage_cb
01-30 17:40:26.343 16188 16188 D MobiFace:  DEBUG - getPositionInfo
01-30 17:40:26.343 16188 16197 D MobiFace:  DEBUG - getChallenge
01-30 17:40:26.343 16188 16188 D MobiFace:  DEBUG - getChallengeInfo
01-30 17:40:26.343 15728 16470 D FrServiceClient:  DEBUG - challenge2DInfo 0 0 - 0 0 - 0 0
01-30 17:40:26.343 15728 15728 I GeckoDump: Got analysisResult:0
01-30 17:40:26.343 15728 15728 I GeckoDump: Got analysisInfo:5
01-30 17:40:26.343 15728 15728 I GeckoDump: Got matchScore0
01-30 17:40:26.343 15728 15728 I GeckoDump: Got faceanalysisresults payload ![object Blob]
01-30 17:40:26.343 15728 15728 I GeckoDump: Got bestImage is null
01-30 17:40:26.353 15728 15728 I MobiFace: Content JS LOG:  contact.challengeInfo  ============{"challengeInfo":{"availableCurrentPosition":false,"current_x":0,"current_y":0,"stability":0,"availableTargetPosition":false,"currentTarget":0,"numTargets":0,"targets":[{"target_x":0,"target_y":0,"target_radius":0},{"target_x":0,"target_y":0,"target_radius":0},{"target_x":0,"target_y":0,"target_radius":0}]}} 
01-30 17:40:26.353 15728 15728 I MobiFace:     at startFaceRecognition/</</reader.onload (app://2ec57ac3-eee0-41a3-9d3f-e1b3e29e617f/js/livenesschallenge.js:163:29)
01-30 17:40:26.353 15728 16470 D FrServiceClient:  DEBUG - tiem taken: 8.000000
01-30 17:40:26.363 16188 16197 D MobiFace:  DEBUG - frameParams: 6 640 480 720 270
01-30 17:40:26.363 15728 16470 D FrServiceClient:  DEBUG - mobiFace_pushFrame frame 0xa9201000 460800
01-30 17:40:26.363 15728 16470 D FrServiceClient:  DEBUG - IdemiaFrServiceImpl::StartFaceAnalysis: FrServiceClient 460800
01-30 17:40:26.383 16188 16484 D MobiFace:  DEBUG - pushImage2: 0xb7754998 0xb78b6520 0xb1995008 460800 1 -1214000880 0x57a1bba4
01-30 17:40:26.433 16188 16484 D MobiFace:  DEBUG - [event] trackingInfo_cb
01-30 17:40:26.433 16188 16484 D MobiFace:  DEBUG - [event] positionInstruction_cb
01-30 17:40:26.433 16188 16467 D MobiFace:  DEBUG - [event] challenge2DInfo_cb
01-30 17:40:26.433 16188 16484 D MobiFace:  DEBUG - [event] freeImage_cb
01-30 17:40:26.433 16188 16484 D MobiFace:  DEBUG - pushImage2: 0
01-30 17:40:26.433 16188 16471 D MobiFace:  DEBUG - getPositionInfo
01-30 17:40:26.443 16188 16188 D MobiFace:  DEBUG - getChallenge
01-30 17:40:26.443 16188 16197 D MobiFace:  DEBUG - getChallengeInfo
01-30 17:40:26.443 15728 16470 D FrServiceClient:  DEBUG - challenge2DInfo 0 0 - 0 0 - 0 0
01-30 17:40:26.443 15728 15728 I GeckoDump: Got analysisResult:0
01-30 17:40:26.443 15728 15728 I GeckoDump: Got analysisInfo:5
01-30 17:40:26.443 15728 15728 I GeckoDump: Got matchScore0
01-30 17:40:26.443 15728 15728 I GeckoDump: Got faceanalysisresults payload ![object Blob]
01-30 17:40:26.443 15728 15728 I GeckoDump: Got bestImage is null
01-30 17:40:26.443   492 16441 E AEC_PORT: aec_port_save_update:real_gain:2.000000 linecnt:1598 exp_idx:274 cur_luma:0 led_est:1079076929
01-30 17:40:26.443   492 16386 E mm-camera: c2d_thread_handle_process_buf_event:190 input buf index 6
01-30 17:40:26.443   492 16386 E mm-camera: c2d_thread_handle_process_buf_event:207 input vaddr b3428000
01-30 17:40:26.443 15728 15728 I MobiFace: Content JS LOG:  contact.challengeInfo  ============{"challengeInfo":{"availableCurrentPosition":false,"current_x":0,"current_y":0,"stability":0,"availableTargetPosition":false,"currentTarget":0,"numTargets":0,"targets":[{"target_x":0,"target_y":0,"target_radius":0},{"target_x":0,"target_y":0,"target_radius":0},{"target_x":0,"target_y":0,"target_radius":0}]}} 
01-30 17:40:26.443 15728 15728 I MobiFace:     at startFaceRecognition/</</reader.onload (app://2ec57ac3-eee0-41a3-9d3f-e1b3e29e617f/js/livenesschallenge.js:163:29)
01-30 17:40:26.453 15728 16470 D FrServiceClient:  DEBUG - tiem taken: 8.000000
01-30 17:40:26.453 16188 16188 D MobiFace:  DEBUG - frameParams: 6 640 480 720 270
01-30 17:40:26.463 15728 16470 D FrServiceClient:  DEBUG - mobiFace_pushFrame frame 0xac701000 460800
01-30 17:40:26.463 15728 16470 D FrServiceClient:  DEBUG - IdemiaFrServiceImpl::StartFaceAnalysis: FrServiceClient 460800
01-30 17:40:26.483 16188 16197 D MobiFace:  DEBUG - pushImage2: 0xb7754998 0xb78b6520 0xb1995008 460800 1 -1217057632 0x57a347a7
01-30 17:40:26.533 16188 16197 D MobiFace:  DEBUG - [event] trackingInfo_cb
01-30 17:40:26.533 16188 16197 D MobiFace:  DEBUG - [event] positionInstruction_cb
01-30 17:40:26.533 16188 16467 D MobiFace:  DEBUG - [event] challenge2DInfo_cb
01-30 17:40:26.533 16188 16197 D MobiFace:  DEBUG - pushImage2: 0
01-30 17:40:26.533 16188 16465 D MobiFace:  DEBUG - [event] freeImage_cb
01-30 17:40:26.533 16188 16484 D MobiFace:  DEBUG - getPositionInfo
01-30 17:40:26.533 16188 16471 D MobiFace:  DEBUG - getChallenge
01-30 17:40:26.533 16188 16188 D MobiFace:  DEBUG - getChallengeInfo
01-30 17:40:26.533 15728 16470 D FrServiceClient:  DEBUG - challenge2DInfo 0 0 - 0 0 - 0 0
01-30 17:40:26.533 15728 15728 I GeckoDump: Got analysisResult:0
01-30 17:40:26.533 15728 15728 I GeckoDump: Got analysisInfo:5
01-30 17:40:26.543 15728 15728 I GeckoDump: Got matchScore0
01-30 17:40:26.543 15728 15728 I GeckoDump: Got faceanalysisresults payload ![object Blob]
01-30 17:40:26.543 15728 15728 I GeckoDump: Got bestImage is null
01-30 17:40:26.543 15728 15728 I MobiFace: Content JS LOG:  contact.challengeInfo  ============{"challengeInfo":{"availableCurrentPosition":false,"current_x":0,"current_y":0,"stability":0,"availableTargetPosition":false,"currentTarget":0,"numTargets":0,"targets":[{"target_x":0,"target_y":0,"target_radius":0},{"target_x":0,"target_y":0,"target_radius":0},{"target_x":0,"target_y":0,"target_radius":0}]}} 
01-30 17:40:26.543 15728 15728 I MobiFace:     at startFaceRecognition/</</reader.onload (app://2ec57ac3-eee0-41a3-9d3f-e1b3e29e617f/js/livenesschallenge.js:163:29)
01-30 17:40:26.553 15728 16470 D FrServiceClient:  DEBUG - tiem taken: 8.000000
01-30 17:40:26.553   492 16386 E mm-camera: c2d_thread_handle_process_buf_event:190 input buf index 4
01-30 17:40:26.553   492 16386 E mm-camera: c2d_thread_handle_process_buf_event:207 input vaddr b350a000
01-30 17:40:26.553   492 16441 E AEC_PORT: aec_port_save_update:real_gain:2.000000 linecnt:1598 exp_idx:274 cur_luma:536870912 led_est:1079074401
01-30 17:40:26.553 16188 16471 D MobiFace:  DEBUG - frameParams: 6 640 480 720 270
01-30 17:40:26.553 15728 16470 D FrServiceClient:  DEBUG - mobiFace_pushFrame frame 0xac772000 460800
01-30 17:40:26.553 15728 16470 D FrServiceClient:  DEBUG - IdemiaFrServiceImpl::StartFaceAnalysis: FrServiceClient 460800
01-30 17:40:26.573 16188 16188 D MobiFace:  DEBUG - pushImage2: 0xb7754998 0xb78b6520 0xb1995008 460800 1 -1217058672 0x57a4b974
01-30 17:40:25.1631     1     1 I KERNEL  : [ 6771.913906] init: Starting service 'updater-daemon'...
01-30 17:40:25.1650     1     1 I KERNEL  : [ 6771.932192] init: Service 'updater-daemon' (pid 16492) exited with status 127
01-30 17:40:25.1650     1     1 I KERNEL  : [ 6771.932266] init: Service 'updater-daemon' (pid 16492) killing any children in process group
01-30 17:40:26.653   492 16386 E mm-camera: c2d_thread_handle_process_buf_event:190 input buf index 5
01-30 17:40:26.653   492 16386 E mm-camera: c2d_thread_handle_process_buf_event:207 input vaddr b3499000
01-30 17:40:26.653   492 16441 E AEC_PORT: aec_port_save_update:real_gain:2.000000 linecnt:1598 exp_idx:274 cur_luma:-536870912 led_est:1079076843
01-30 17:40:26.663 16188 16188 D MobiFace:  DEBUG - [event] trackingInfo_cb
01-30 17:40:26.663 16188 16188 D MobiFace:  DEBUG - [event] positionInstruction_cb
01-30 17:40:26.673 16188 16467 D MobiFace:  DEBUG - [event] challenge2DInfo_cb
01-30 17:40:26.673 16188 16188 D MobiFace:  DEBUG - pushImage2: 0
01-30 17:40:26.673 16188 16465 D MobiFace:  DEBUG - [event] freeImage_cb
01-30 17:40:26.673 16188 16197 D MobiFace:  DEBUG - getPositionInfo
01-30 17:40:26.673 16188 16188 D MobiFace:  DEBUG - getChallenge
01-30 17:40:26.673 16188 16197 D MobiFace:  DEBUG - getChallengeInfo
01-30 17:40:26.673 15728 16470 D FrServiceClient:  DEBUG - challenge2DInfo 0 0 - 0 0 - 0 0
01-30 17:40:26.673 15728 15728 I GeckoDump: Got analysisResult:0
01-30 17:40:26.673 15728 15728 I GeckoDump: Got analysisInfo:5
01-30 17:40:26.673 15728 15728 I GeckoDump: Got matchScore0
01-30 17:40:26.673 15728 15728 I GeckoDump: Got faceanalysisresults payload ![object Blob]
01-30 17:40:26.673 15728 15728 I GeckoDump: Got bestImage is null
01-30 17:40:26.673 15728 15728 I MobiFace: Content JS LOG:  contact.challengeInfo  ============{"challengeInfo":{"availableCurrentPosition":false,"current_x":0,"current_y":0,"stability":0,"availableTargetPosition":false,"currentTarget":0,"numTargets":0,"targets":[{"target_x":0,"target_y":0,"target_radius":0},{"target_x":0,"target_y":0,"target_radius":0},{"target_x":0,"target_y":0,"target_radius":0}]}} 
01-30 17:40:26.673 15728 15728 I MobiFace:     at startFaceRecognition/</</reader.onload (app://2ec57ac3-eee0-41a3-9d3f-e1b3e29e617f/js/livenesschallenge.js:163:29)
01-30 17:40:26.683 15728 16470 D FrServiceClient:  DEBUG - tiem taken: 8.000000
01-30 17:40:26.683 16188 16197 D MobiFace:  DEBUG - frameParams: 6 640 480 720 270
01-30 17:40:26.683 15728 16470 D FrServiceClient:  DEBUG - mobiFace_pushFrame frame 0xac701000 460800
01-30 17:40:26.683 15728 16470 D FrServiceClient:  DEBUG - IdemiaFrServiceImpl::StartFaceAnalysis: FrServiceClient 460800
01-30 17:40:26.703 16188 16484 D MobiFace:  DEBUG - pushImage2: 0xb7754998 0xb78b6520 0xb1995008 460800 1 -1214000880 0x57a6a66c
01-30 17:40:26.753 16188 16484 D MobiFace:  DEBUG - [event] trackingInfo_cb
01-30 17:40:26.753 16188 16484 D MobiFace:  DEBUG - [event] positionInstruction_cb
01-30 17:40:26.753 16188 16467 D MobiFace:  DEBUG - [event] challenge2DInfo_cb
01-30 17:40:26.753 16188 16484 D MobiFace:  DEBUG - pushImage2: 0
01-30 17:40:26.753 16188 16465 D MobiFace:  DEBUG - [event] freeImage_cb
01-30 17:40:26.753 16188 16188 D MobiFace:  DEBUG - getPositionInfo
01-30 17:40:26.753 16188 16471 D MobiFace:  DEBUG - getChallenge
01-30 17:40:26.753 16188 16197 D MobiFace:  DEBUG - getChallengeInfo
01-30 17:40:26.753 15728 16470 D FrServiceClient:  DEBUG - challenge2DInfo 0 0 - 0 0 - 0 0
01-30 17:40:26.763   492 16386 E mm-camera: c2d_thread_handle_process_buf_event:190 input buf index 6
01-30 17:40:26.763   492 16386 E mm-camera: c2d_thread_handle_process_buf_event:207 input vaddr b3428000
01-30 17:40:26.763   492 16441 E AEC_PORT: aec_port_save_update:real_gain:2.000000 linecnt:1598 exp_idx:274 cur_luma:-536870912 led_est:1079075174
01-30 17:40:26.763 15728 15728 I GeckoDump: Got analysisResult:0
01-30 17:40:26.763 15728 15728 I GeckoDump: Got analysisInfo:5
01-30 17:40:26.763 15728 15728 I GeckoDump: Got matchScore0
01-30 17:40:26.763 15728 15728 I GeckoDump: Got faceanalysisresults payload ![object Blob]
01-30 17:40:26.763 15728 15728 I GeckoDump: Got bestImage is null
01-30 17:40:26.763 15728 15728 I MobiFace: Content JS LOG:  contact.challengeInfo  ============{"challengeInfo":{"availableCurrentPosition":false,"current_x":0,"current_y":0,"stability":0,"availableTargetPosition":false,"currentTarget":0,"numTargets":0,"targets":[{"target_x":0,"target_y":0,"target_radius":0},{"target_x":0,"target_y":0,"target_radius":0},{"target_x":0,"target_y":0,"target_radius":0}]}} 
01-30 17:40:26.763 15728 15728 I MobiFace:     at startFaceRecognition/</</reader.onload (app://2ec57ac3-eee0-41a3-9d3f-e1b3e29e617f/js/livenesschallenge.js:163:29)
01-30 17:40:26.773 15728 16470 D FrServiceClient:  DEBUG - tiem taken: 8.000000
01-30 17:40:26.773 16188 16471 D MobiFace:  DEBUG - frameParams: 6 640 480 720 270
01-30 17:40:26.773 15728 16470 D FrServiceClient:  DEBUG - mobiFace_pushFrame frame 0xa9201000 460800
01-30 17:40:26.773 15728 16470 D FrServiceClient:  DEBUG - IdemiaFrServiceImpl::StartFaceAnalysis: FrServiceClient 460800
01-30 17:40:26.793 16188 16197 D MobiFace:  DEBUG - pushImage2: 0xb7754998 0xb78b6520 0xb1995008 460800 1 -1217057632 0x57a80b26
01-30 17:40:26.843 16188 16197 D MobiFace:  DEBUG - [event] trackingInfo_cb
01-30 17:40:26.843 16188 16197 D MobiFace:  DEBUG - [event] positionInstruction_cb
01-30 17:40:26.843 16188 16467 D MobiFace:  DEBUG - [event] challenge2DInfo_cb
01-30 17:40:26.853 16188 16197 D MobiFace:  DEBUG - pushImage2: 0
01-30 17:40:26.853 16188 16465 D MobiFace:  DEBUG - [event] freeImage_cb
01-30 17:40:26.853 16188 16484 D MobiFace:  DEBUG - getPositionInfo
01-30 17:40:26.853 16188 16188 D MobiFace:  DEBUG - getChallenge
01-30 17:40:26.853 16188 16471 D MobiFace:  DEBUG - getChallengeInfo
01-30 17:40:26.853 15728 16470 D FrServiceClient:  DEBUG - challenge2DInfo 0 0 - 0 0 - 0 0
01-30 17:40:26.853 15728 15728 I GeckoDump: Got analysisResult:0
01-30 17:40:26.853 15728 15728 I GeckoDump: Got analysisInfo:5
01-30 17:40:26.853 15728 15728 I GeckoDump: Got matchScore0
01-30 17:40:26.853 15728 15728 I GeckoDump: Got faceanalysisresults payload ![object Blob]
01-30 17:40:26.853 15728 15728 I GeckoDump: Got bestImage is null
01-30 17:40:26.853 15728 15728 I MobiFace: Content JS LOG:  contact.challengeInfo  ============{"challengeInfo":{"availableCurrentPosition":false,"current_x":0,"current_y":0,"stability":0,"availableTargetPosition":false,"currentTarget":0,"numTargets":0,"targets":[{"target_x":0,"target_y":0,"target_radius":0},{"target_x":0,"target_y":0,"target_radius":0},{"target_x":0,"target_y":0,"target_radius":0}]}} 
01-30 17:40:26.853 15728 15728 I MobiFace:     at startFaceRecognition/</</reader.onload (app://2ec57ac3-eee0-41a3-9d3f-e1b3e29e617f/js/livenesschallenge.js:163:29)
01-30 17:40:26.863   492 16441 E AEC_PORT: aec_port_save_update:real_gain:2.000000 linecnt:1598 exp_idx:274 cur_luma:-2147483648 led_est:1079072857
01-30 17:40:26.863   492 16386 E mm-camera: c2d_thread_handle_process_buf_event:190 input buf index 4
01-30 17:40:26.863   492 16386 E mm-camera: c2d_thread_handle_process_buf_event:207 input vaddr b350a000
01-30 17:40:26.863 15728 16470 D FrServiceClient:  DEBUG - tiem taken: 8.000000
01-30 17:40:26.863 16188 16188 D MobiFace:  DEBUG - frameParams: 6 640 480 720 270
01-30 17:40:26.863 15728 16470 D FrServiceClient:  DEBUG - mobiFace_pushFrame frame 0xac772000 460800
01-30 17:40:26.863 15728 16470 D FrServiceClient:  DEBUG - IdemiaFrServiceImpl::StartFaceAnalysis: FrServiceClient 460800
01-30 17:40:26.883 16188 16471 D MobiFace:  DEBUG - pushImage2: 0xb7754998 0xb78b6520 0xb1995008 460800 1 -1214425856 0x57a9736d
01-30 17:40:26.963   492 16384 E         : dmlroc_entry  entering dmlroc_entry
01-30 17:40:26.973   492 16386 E mm-camera: c2d_thread_handle_process_buf_event:190 input buf index 5
01-30 17:40:26.973   492 16386 E mm-camera: c2d_thread_handle_process_buf_event:207 input vaddr b3499000
01-30 17:40:27.013 16188 16471 D MobiFace:  DEBUG - [event] trackingInfo_cb
01-30 17:40:27.013 16188 16471 D MobiFace:  DEBUG - [event] positionInstruction_cb
01-30 17:40:27.013 16188 16467 D MobiFace:  DEBUG - [event] challenge2DInfo_cb
01-30 17:40:27.013 16188 16471 D MobiFace:  DEBUG - pushImage2: 0
01-30 17:40:27.013 16188 16197 D MobiFace:  DEBUG - getPositionInfo
01-30 17:40:27.013 16188 16484 D MobiFace:  DEBUG - getChallenge
01-30 17:40:27.013 16188 16465 D MobiFace:  DEBUG - [event] freeImage_cb
01-30 17:40:27.013 16188 16197 D MobiFace:  DEBUG - getChallengeInfo
01-30 17:40:27.013 15728 16470 D FrServiceClient:  DEBUG - challenge2DInfo 0 0 - 0 0 - 0 0
01-30 17:40:27.013 15728 15728 I GeckoDump: Got analysisResult:0
01-30 17:40:27.013 15728 15728 I GeckoDump: Got analysisInfo:5
01-30 17:40:27.013 15728 15728 I GeckoDump: Got matchScore0
01-30 17:40:27.013 15728 15728 I GeckoDump: Got faceanalysisresults payload ![object Blob]
01-30 17:40:27.013 15728 15728 I GeckoDump: Got bestImage is null
01-30 17:40:27.013 15728 15728 I MobiFace: Content JS LOG:  contact.challengeInfo  ============{"challengeInfo":{"availableCurrentPosition":false,"current_x":0,"current_y":0,"stability":0,"availableTargetPosition":false,"currentTarget":0,"numTargets":0,"targets":[{"target_x":0,"target_y":0,"target_radius":0},{"target_x":0,"target_y":0,"target_radius":0},{"target_x":0,"target_y":0,"target_radius":0}]}} 
01-30 17:40:27.013 15728 15728 I MobiFace:     at startFaceRecognition/</</reader.onload (app://2ec57ac3-eee0-41a3-9d3f-e1b3e29e617f/js/livenesschallenge.js:163:29)
01-30 17:40:27.023 15728 16470 D FrServiceClient:  DEBUG - tiem taken: 9.000000
01-30 17:40:27.023 16188 16197 D MobiFace:  DEBUG - frameParams: 6 640 480 720 270
01-30 17:40:27.023 15728 16470 D FrServiceClient:  DEBUG - mobiFace_pushFrame frame 0xac701000 460800
01-30 17:40:27.023 15728 16470 D FrServiceClient:  DEBUG - IdemiaFrServiceImpl::StartFaceAnalysis: FrServiceClient 460800
01-30 17:40:27.043 16188 16484 D MobiFace:  DEBUG - pushImage2: 0xb7754998 0xb78b6520 0xb1995008 460800 1 -1214000880 0x57abd65f
01-30 17:40:27.073   492 16441 E AEC_PORT: aec_port_save_update:real_gain:2.000000 linecnt:1598 exp_idx:274 cur_luma:-1610612736 led_est:1079072318
01-30 17:40:27.073   492 16386 E mm-camera: c2d_thread_handle_process_buf_event:190 input buf index 6
01-30 17:40:27.073   492 16386 E mm-camera: c2d_thread_handle_process_buf_event:207 input vaddr b3428000
01-30 17:40:27.093 16188 16484 D MobiFace:  DEBUG - [event] trackingInfo_cb
01-30 17:40:27.093 16188 16484 D MobiFace:  DEBUG - [event] positionInstruction_cb
01-30 17:40:27.093 16188 16467 D MobiFace:  DEBUG - [event] challenge2DInfo_cb
01-30 17:40:27.093 16188 16484 D MobiFace:  DEBUG - pushImage2: 0
01-30 17:40:27.093 16188 16188 D MobiFace:  DEBUG - getPositionInfo
01-30 17:40:27.093 16188 16465 D MobiFace:  DEBUG - [event] freeImage_cb
01-30 17:40:27.093 16188 16197 D MobiFace:  DEBUG - getChallenge
01-30 17:40:27.093 16188 16188 D MobiFace:  DEBUG - getChallengeInfo
01-30 17:40:27.093 15728 16470 D FrServiceClient:  DEBUG - challenge2DInfo 0 0 - 0 0 - 0 0
01-30 17:40:27.093 15728 15728 I GeckoDump: Got analysisResult:0
01-30 17:40:27.093 15728 15728 I GeckoDump: Got analysisInfo:5
01-30 17:40:27.093 15728 15728 I GeckoDump: Got matchScore0
01-30 17:40:27.093 15728 15728 I GeckoDump: Got faceanalysisresults payload ![object Blob]
01-30 17:40:27.093 15728 15728 I GeckoDump: Got bestImage is null
01-30 17:40:27.103 15728 15728 I MobiFace: Content JS LOG:  contact.challengeInfo  ============{"challengeInfo":{"availableCurrentPosition":false,"current_x":0,"current_y":0,"stability":0,"availableTargetPosition":false,"currentTarget":0,"numTargets":0,"targets":[{"target_x":0,"target_y":0,"target_radius":0},{"target_x":0,"target_y":0,"target_radius":0},{"target_x":0,"target_y":0,"target_radius":0}]}} 
01-30 17:40:27.103 15728 15728 I MobiFace:     at startFaceRecognition/</</reader.onload (app://2ec57ac3-eee0-41a3-9d3f-e1b3e29e617f/js/livenesschallenge.js:163:29)
01-30 17:40:27.113 15728 16470 D FrServiceClient:  DEBUG - tiem taken: 9.000000
01-30 17:40:27.113 16188 16197 D MobiFace:  DEBUG - frameParams: 6 640 480 720 270
01-30 17:40:27.113 15728 16470 D FrServiceClient:  DEBUG - mobiFace_pushFrame frame 0xa9201000 460800
01-30 17:40:27.113 15728 16470 D FrServiceClient:  DEBUG - IdemiaFrServiceImpl::StartFaceAnalysis: FrServiceClient 460800
01-30 17:40:27.123 16188 16484 D MobiFace:  DEBUG - pushImage2: 0xb7754998 0xb78b6520 0xb1995008 460800 1 -1234756021 0x57ad2bdf
01-30 17:40:27.183   492 16386 E mm-camera: c2d_thread_handle_process_buf_event:190 input buf index 4
01-30 17:40:27.183   492 16386 E mm-camera: c2d_thread_handle_process_buf_event:207 input vaddr b350a000
01-30 17:40:27.183   492 16441 E AEC_PORT: aec_port_save_update:real_gain:2.000000 linecnt:1598 exp_idx:274 cur_luma:0 led_est:1079072577
01-30 17:40:27.183 16188 16484 D MobiFace:  DEBUG - [event] trackingInfo_cb
01-30 17:40:27.183 16188 16484 D MobiFace:  DEBUG - [event] positionInstruction_cb
01-30 17:40:27.183 16188 16467 D MobiFace:  DEBUG - [event] challenge2DInfo_cb
01-30 17:40:27.183 16188 16484 D MobiFace:  DEBUG - [event] freeImage_cb
01-30 17:40:27.183 16188 16484 D MobiFace:  DEBUG - pushImage2: 0
01-30 17:40:27.193 16188 16471 D MobiFace:  DEBUG - getPositionInfo
01-30 17:40:27.193 16188 16188 D MobiFace:  DEBUG - getChallenge
01-30 17:40:27.193 16188 16197 D MobiFace:  DEBUG - getChallengeInfo
01-30 17:40:27.193 15728 16470 D FrServiceClient:  DEBUG - challenge2DInfo 0 0 - 0 0 - 0 0
01-30 17:40:27.193 15728 15728 I GeckoDump: Got analysisResult:0
01-30 17:40:27.193 15728 15728 I GeckoDump: Got analysisInfo:5
01-30 17:40:27.193 15728 15728 I GeckoDump: Got matchScore0
01-30 17:40:27.193 15728 15728 I GeckoDump: Got faceanalysisresults payload ![object Blob]
01-30 17:40:27.193 15728 15728 I GeckoDump: Got bestImage is null
01-30 17:40:27.193 15728 15728 I MobiFace: Content JS LOG:  contact.challengeInfo  ============{"challengeInfo":{"availableCurrentPosition":false,"current_x":0,"current_y":0,"stability":0,"availableTargetPosition":false,"currentTarget":0,"numTargets":0,"targets":[{"target_x":0,"target_y":0,"target_radius":0},{"target_x":0,"target_y":0,"target_radius":0},{"target_x":0,"target_y":0,"target_radius":0}]}} 
01-30 17:40:27.193 15728 15728 I MobiFace:     at startFaceRecognition/</</reader.onload (app://2ec57ac3-eee0-41a3-9d3f-e1b3e29e617f/js/livenesschallenge.js:163:29)
01-30 17:40:27.203 15728 16470 D FrServiceClient:  DEBUG - tiem taken: 9.000000
01-30 17:40:27.203 16188 16188 D MobiFace:  DEBUG - frameParams: 6 640 480 720 270
01-30 17:40:27.203 15728 16470 D FrServiceClient:  DEBUG - mobiFace_pushFrame frame 0xac772000 460800
01-30 17:40:27.203 15728 16470 D FrServiceClient:  DEBUG - IdemiaFrServiceImpl::StartFaceAnalysis: FrServiceClient 460800
01-30 17:40:27.223 16188 16197 D MobiFace:  DEBUG - pushImage2: 0xb7754998 0xb78b6520 0xb1995008 460800 1 -1217057632 0x57aeb268
01-30 17:40:27.283   492 16441 E AEC_PORT: aec_port_save_update:real_gain:2.000000 linecnt:1598 exp_idx:274 cur_luma:1610612736 led_est:1079072414
01-30 17:40:27.283   492 16386 E mm-camera: c2d_thread_handle_process_buf_event:190 input buf index 5
01-30 17:40:27.283   492 16386 E mm-camera: c2d_thread_handle_process_buf_event:207 input vaddr b3499000
01-30 17:40:27.333 16188 16197 D MobiFace:  DEBUG - [event] trackingInfo_cb
01-30 17:40:27.333 16188 16197 D MobiFace:  DEBUG - [event] positionInstruction_cb
01-30 17:40:27.333 16188 16467 D MobiFace:  DEBUG - [event] challenge2DInfo_cb
01-30 17:40:27.333 16188 16197 D MobiFace:  DEBUG - pushImage2: 0
01-30 17:40:27.333 16188 16484 D MobiFace:  DEBUG - getPositionInfo
01-30 17:40:27.333 16188 16465 D MobiFace:  DEBUG - [event] freeImage_cb
01-30 17:40:27.333 16188 16471 D MobiFace:  DEBUG - getChallenge
01-30 17:40:27.333 16188 16188 D MobiFace:  DEBUG - getChallengeInfo
01-30 17:40:27.333 15728 16470 D FrServiceClient:  DEBUG - challenge2DInfo 0 0 - 0 0 - 0 0
01-30 17:40:27.333 15728 15728 I GeckoDump: Got analysisResult:0
01-30 17:40:27.333 15728 15728 I GeckoDump: Got analysisInfo:5
01-30 17:40:27.333 15728 15728 I GeckoDump: Got matchScore0
01-30 17:40:27.333 15728 15728 I GeckoDump: Got faceanalysisresults payload ![object Blob]
01-30 17:40:27.333 15728 15728 I GeckoDump: Got bestImage is null
01-30 17:40:27.343 15728 15728 I MobiFace: Content JS LOG:  contact.challengeInfo  ============{"challengeInfo":{"availableCurrentPosition":false,"current_x":0,"current_y":0,"stability":0,"availableTargetPosition":false,"currentTarget":0,"numTargets":0,"targets":[{"target_x":0,"target_y":0,"target_radius":0},{"target_x":0,"target_y":0,"target_radius":0},{"target_x":0,"target_y":0,"target_radius":0}]}} 
01-30 17:40:27.343 15728 15728 I MobiFace:     at startFaceRecognition/</</reader.onload (app://2ec57ac3-eee0-41a3-9d3f-e1b3e29e617f/js/livenesschallenge.js:163:29)
01-30 17:40:27.343 15728 16470 D FrServiceClient:  DEBUG - tiem taken: 9.000000
01-30 17:40:27.343 16188 16188 D MobiFace:  DEBUG - frameParams: 6 640 480 720 270
01-30 17:40:27.343 15728 16470 D FrServiceClient:  DEBUG - mobiFace_pushFrame frame 0xac701000 460800
01-30 17:40:27.343 15728 16470 D FrServiceClient:  DEBUG - IdemiaFrServiceImpl::StartFaceAnalysis: FrServiceClient 460800
01-30 17:40:27.363 16188 16484 D MobiFace:  DEBUG - pushImage2: 0xb7754998 0xb78b6520 0xb1995008 460800 1 -1214000880 0x57b0cea4
01-30 17:40:27.393   492 16441 E AEC_PORT: aec_port_save_update:real_gain:2.000000 linecnt:1598 exp_idx:274 cur_luma:1073741824 led_est:1079073882
01-30 17:40:27.393   492 16386 E mm-camera: c2d_thread_handle_process_buf_event:190 input buf index 6
01-30 17:40:27.393   492 16386 E mm-camera: c2d_thread_handle_process_buf_event:207 input vaddr b3428000
01-30 17:40:27.393  5463  5463 D wpa_supplicant: wlan0: Control interface command 'SIGNAL_POLL'
01-30 17:40:27.423  5463  5463 D wpa_supplicant: CTRL-DEBUG: global_ctrl_sock-sendto: sock=11 sndbuf=163840 outq=0 send_len=48
01-30 17:40:27.423 16188 16484 D MobiFace:  DEBUG - [event] trackingInfo_cb
01-30 17:40:27.423 16188 16484 D MobiFace:  DEBUG - [event] positionInstruction_cb
01-30 17:40:27.433 16188 16467 D MobiFace:  DEBUG - [event] challenge2DInfo_cb
01-30 17:40:27.433 16188 16484 D MobiFace:  DEBUG - pushImage2: 0
01-30 17:40:27.433 16188 16197 D MobiFace:  DEBUG - getPositionInfo
01-30 17:40:27.433 16188 16465 D MobiFace:  DEBUG - [event] freeImage_cb
01-30 17:40:27.433 16188 16188 D MobiFace:  DEBUG - getChallenge
01-30 17:40:27.433 16188 16197 D MobiFace:  DEBUG - getChallengeInfo
01-30 17:40:27.433 15728 16470 D FrServiceClient:  DEBUG - challenge2DInfo 0 0 - 0 0 - 0 0
01-30 17:40:27.433 15728 15728 I GeckoDump: Got analysisResult:0
01-30 17:40:27.433 15728 15728 I GeckoDump: Got analysisInfo:5
01-30 17:40:27.433 15728 15728 I GeckoDump: Got matchScore0
01-30 17:40:27.433 15728 15728 I GeckoDump: Got faceanalysisresults payload ![object Blob]
01-30 17:40:27.433 15728 15728 I GeckoDump: Got bestImage is null
01-30 17:40:27.433 15728 15728 I MobiFace: Content JS LOG:  contact.challengeInfo  ============{"challengeInfo":{"availableCurrentPosition":false,"current_x":0,"current_y":0,"stability":0,"availableTargetPosition":false,"currentTarget":0,"numTargets":0,"targets":[{"target_x":0,"target_y":0,"target_radius":0},{"target_x":0,"target_y":0,"target_radius":0},{"target_x":0,"target_y":0,"target_radius":0}]}} 
01-30 17:40:27.433 15728 15728 I MobiFace:     at startFaceRecognition/</</reader.onload (app://2ec57ac3-eee0-41a3-9d3f-e1b3e29e617f/js/livenesschallenge.js:163:29)
01-30 17:40:27.443 15728 16470 D FrServiceClient:  DEBUG - tiem taken: 9.000000
01-30 17:40:27.443 16188 16484 D MobiFace:  DEBUG - frameParams: 6 640 480 720 270
01-30 17:40:27.443 15728 16470 D FrServiceClient:  DEBUG - mobiFace_pushFrame frame 0xa9201000 460800
01-30 17:40:27.443 15728 16470 D FrServiceClient:  DEBUG - IdemiaFrServiceImpl::StartFaceAnalysis: FrServiceClient 460800
01-30 17:40:27.463 16188 16197 D MobiFace:  DEBUG - pushImage2: 0xb7754998 0xb78b6520 0xb1995008 460800 1 -1217057632 0x57b247a6
01-30 17:40:27.493   492 16386 E mm-camera: c2d_thread_handle_process_buf_event:190 input buf index 4
01-30 17:40:27.493   492 16386 E mm-camera: c2d_thread_handle_process_buf_event:207 input vaddr b350a000
01-30 17:40:27.493   492 16441 E AEC_PORT: aec_port_save_update:real_gain:2.000000 linecnt:1598 exp_idx:274 cur_luma:536870912 led_est:1079079131
01-30 17:40:27.513 16188 16197 D MobiFace:  DEBUG - [event] trackingInfo_cb
01-30 17:40:27.513 16188 16197 D MobiFace:  DEBUG - [event] positionInstruction_cb
01-30 17:40:27.513 16188 16467 D MobiFace:  DEBUG - [event] challenge2DInfo_cb
01-30 17:40:27.513 16188 16197 D MobiFace:  DEBUG - [event] freeImage_cb
01-30 17:40:27.513 16188 16197 D MobiFace:  DEBUG - pushImage2: 0
01-30 17:40:27.523 16188 16471 D MobiFace:  DEBUG - getPositionInfo
01-30 17:40:27.523 16188 16188 D MobiFace:  DEBUG - getChallenge
01-30 17:40:27.523 16188 16484 D MobiFace:  DEBUG - getChallengeInfo
01-30 17:40:27.523 15728 16470 D FrServiceClient:  DEBUG - challenge2DInfo 0 0 - 0 0 - 0 0
01-30 17:40:27.523 15728 15728 I GeckoDump: Got analysisResult:0
01-30 17:40:27.523 15728 15728 I GeckoDump: Got analysisInfo:5
01-30 17:40:27.523 15728 15728 I GeckoDump: Got matchScore0
01-30 17:40:27.523 15728 15728 I GeckoDump: Got faceanalysisresults payload ![object Blob]
01-30 17:40:27.523 15728 15728 I GeckoDump: Got bestImage is null
01-30 17:40:27.523  2227  2227 E sdcard  : missing packages.list; retrying
01-30 17:40:27.523 15728 15728 I MobiFace: Content JS LOG:  contact.challengeInfo  ============{"challengeInfo":{"availableCurrentPosition":false,"current_x":0,"current_y":0,"stability":0,"availableTargetPosition":false,"currentTarget":0,"numTargets":0,"targets":[{"target_x":0,"target_y":0,"target_radius":0},{"target_x":0,"target_y":0,"target_radius":0},{"target_x":0,"target_y":0,"target_radius":0}]}} 
01-30 17:40:27.523 15728 15728 I MobiFace:     at startFaceRecognition/</</reader.onload (app://2ec57ac3-eee0-41a3-9d3f-e1b3e29e617f/js/livenesschallenge.js:163:29)
01-30 17:40:27.533 15728 16470 D FrServiceClient:  DEBUG - tiem taken: 9.000000
01-30 17:40:27.533 16188 16188 D MobiFace:  DEBUG - frameParams: 6 640 480 720 270
01-30 17:40:27.533 15728 16470 D FrServiceClient:  DEBUG - mobiFace_pushFrame frame 0xac772000 460800
01-30 17:40:27.533 15728 16470 D FrServiceClient:  DEBUG - IdemiaFrServiceImpl::StartFaceAnalysis: FrServiceClient 460800
01-30 17:40:27.553 16188 16484 D MobiFace:  DEBUG - pushImage2: 0xb7754998 0xb78b6520 0xb1995008 460800 1 -1214000880 0x57b399cc
01-30 17:40:27.603   492 16441 E AEC_PORT: aec_port_save_update:real_gain:2.000000 linecnt:1598 exp_idx:274 cur_luma:0 led_est:1079080325
01-30 17:40:27.603   492 16386 E mm-camera: c2d_thread_handle_process_buf_event:190 input buf index 5
01-30 17:40:27.603   492 16386 E mm-camera: c2d_thread_handle_process_buf_event:207 input vaddr b3499000
01-30 17:40:27.633 16188 16484 D MobiFace:  DEBUG - [event] trackingInfo_cb
01-30 17:40:27.633 16188 16484 D MobiFace:  DEBUG - [event] positionInstruction_cb
01-30 17:40:27.633 16188 16467 D MobiFace:  DEBUG - [event] challenge2DInfo_cb
01-30 17:40:27.633 16188 16484 D MobiFace:  DEBUG - pushImage2: 0
01-30 17:40:27.633 16188 16471 D MobiFace:  DEBUG - getPositionInfo
01-30 17:40:27.633 16188 16188 D MobiFace:  DEBUG - getChallenge
01-30 17:40:27.633 16188 16465 D MobiFace:  DEBUG - [event] freeImage_cb
01-30 17:40:27.633 16188 16471 D MobiFace:  DEBUG - getChallengeInfo
01-30 17:40:27.633 15728 16470 D FrServiceClient:  DEBUG - challenge2DInfo 0 0 - 0 0 - 0 0
01-30 17:40:27.643 15728 15728 I GeckoDump: Got analysisResult:0
01-30 17:40:27.643 15728 15728 I GeckoDump: Got analysisInfo:5
01-30 17:40:27.643 15728 15728 I GeckoDump: Got matchScore0
01-30 17:40:27.643 15728 15728 I GeckoDump: Got faceanalysisresults payload ![object Blob]
01-30 17:40:27.643 15728 15728 I GeckoDump: Got bestImage is null
01-30 17:40:27.643 15728 15728 I MobiFace: Content JS LOG:  contact.challengeInfo  ============{"challengeInfo":{"availableCurrentPosition":false,"current_x":0,"current_y":0,"stability":0,"availableTargetPosition":false,"currentTarget":0,"numTargets":0,"targets":[{"target_x":0,"target_y":0,"target_radius":0},{"target_x":0,"target_y":0,"target_radius":0},{"target_x":0,"target_y":0,"target_radius":0}]}} 
01-30 17:40:27.643 15728 15728 I MobiFace:     at startFaceRecognition/</</reader.onload (app://2ec57ac3-eee0-41a3-9d3f-e1b3e29e617f/js/livenesschallenge.js:163:29)
01-30 17:40:27.653 15728 16470 D FrServiceClient:  DEBUG - tiem taken: 9.000000
01-30 17:40:27.653 16188 16188 D MobiFace:  DEBUG - frameParams: 6 640 480 720 270
01-30 17:40:27.653 15728 16470 D FrServiceClient:  DEBUG - mobiFace_pushFrame frame 0xac701000 460800
01-30 17:40:27.653 15728 16470 D FrServiceClient:  DEBUG - IdemiaFrServiceImpl::StartFaceAnalysis: FrServiceClient 460800
01-30 17:40:27.663 16188 16197 D MobiFace:  DEBUG - pushImage2: 0xb7754998 0xb78b6520 0xb1995008 460800 1 -1217057632 0x57b55f01
01-30 17:40:27.703   492 16441 E AEC_PORT: aec_port_save_update:real_gain:2.000000 linecnt:1598 exp_idx:274 cur_luma:1073741824 led_est:1079082761
01-30 17:40:27.703   492 16386 E mm-camera: c2d_thread_handle_process_buf_event:190 input buf index 6
01-30 17:40:27.703   492 16386 E mm-camera: c2d_thread_handle_process_buf_event:207 input vaddr b3428000
01-30 17:40:27.723 16188 16197 D MobiFace:  DEBUG - [event] trackingInfo_cb
01-30 17:40:27.723 16188 16197 D MobiFace:  DEBUG - [event] positionInstruction_cb
01-30 17:40:27.723 16188 16467 D MobiFace:  DEBUG - [event] challenge2DInfo_cb
01-30 17:40:27.723 16188 16197 D MobiFace:  DEBUG - pushImage2: 0
01-30 17:40:27.723 16188 16465 D MobiFace:  DEBUG - [event] freeImage_cb
01-30 17:40:27.723 16188 16484 D MobiFace:  DEBUG - getPositionInfo
01-30 17:40:27.723 16188 16471 D MobiFace:  DEBUG - getChallenge
01-30 17:40:27.723 16188 16188 D MobiFace:  DEBUG - getChallengeInfo
01-30 17:40:27.733 15728 16470 D FrServiceClient:  DEBUG - challenge2DInfo 0 0 - 0 0 - 0 0
01-30 17:40:27.733 15728 15728 I GeckoDump: Got analysisResult:0
01-30 17:40:27.733 15728 15728 I GeckoDump: Got analysisInfo:5
01-30 17:40:27.733 15728 15728 I GeckoDump: Got matchScore0
01-30 17:40:27.733 15728 15728 I GeckoDump: Got faceanalysisresults payload ![object Blob]
01-30 17:40:27.733 15728 15728 I GeckoDump: Got bestImage is null
01-30 17:40:27.733 15728 15728 I MobiFace: Content JS LOG:  contact.challengeInfo  ============{"challengeInfo":{"availableCurrentPosition":false,"current_x":0,"current_y":0,"stability":0,"availableTargetPosition":false,"currentTarget":0,"numTargets":0,"targets":[{"target_x":0,"target_y":0,"target_radius":0},{"target_x":0,"target_y":0,"target_radius":0},{"target_x":0,"target_y":0,"target_radius":0}]}} 
01-30 17:40:27.733 15728 15728 I MobiFace:     at startFaceRecognition/</</reader.onload (app://2ec57ac3-eee0-41a3-9d3f-e1b3e29e617f/js/livenesschallenge.js:163:29)
01-30 17:40:27.743 15728 16470 D FrServiceClient:  DEBUG - tiem taken: 9.000000
01-30 17:40:27.743 16188 16471 D MobiFace:  DEBUG - frameParams: 6 640 480 720 270
01-30 17:40:27.743 15728 16470 D FrServiceClient:  DEBUG - mobiFace_pushFrame frame 0xa9201000 460800
01-30 17:40:27.743 15728 16470 D FrServiceClient:  DEBUG - IdemiaFrServiceImpl::StartFaceAnalysis: FrServiceClient 460800
01-30 17:40:27.753 16188 16188 D MobiFace:  DEBUG - pushImage2: 0xb7754998 0xb78b5ef0 0xb1995008 460800 1 -1217058672 0x57b6c473
01-30 17:40:27.803   492 16386 E mm-camera: c2d_thread_handle_process_buf_event:190 input buf index 4
01-30 17:40:27.803   492 16386 E mm-camera: c2d_thread_handle_process_buf_event:207 input vaddr b350a000
01-30 17:40:27.813 16188 16188 D MobiFace:  DEBUG - [event] trackingInfo_cb
01-30 17:40:27.813 16188 16188 D MobiFace:  DEBUG - [event] positionInstruction_cb
01-30 17:40:27.813 16188 16188 D MobiFace:  DEBUG - pushImage2: 0
01-30 17:40:27.813   492 16441 E AEC_PORT: aec_port_save_update:real_gain:2.000000 linecnt:1598 exp_idx:274 cur_luma:-536870912 led_est:1079069175
01-30 17:40:27.813 16188 16467 D MobiFace:  DEBUG - [event] challenge2DInfo_cb
01-30 17:40:27.813 16188 16188 D MobiFace:  DEBUG - getPositionInfo
01-30 17:40:27.813 16188 16188 D MobiFace:  DEBUG - getChallenge
01-30 17:40:27.813 16188 16188 D MobiFace:  DEBUG - getChallengeInfo
01-30 17:40:27.813 15728 16470 D FrServiceClient:  DEBUG - challenge2DInfo 0 0 - 0 0 - 0 0
01-30 17:40:27.813 16188 16465 D MobiFace:  DEBUG - [event] freeImage_cb
01-30 17:40:27.813 15728 15728 I GeckoDump: Got analysisResult:0
01-30 17:40:27.813 15728 15728 I GeckoDump: Got analysisInfo:5
01-30 17:40:27.813 15728 15728 I GeckoDump: Got matchScore0
01-30 17:40:27.813 15728 15728 I GeckoDump: Got faceanalysisresults payload ![object Blob]
01-30 17:40:27.813 15728 15728 I GeckoDump: Got bestImage is null
01-30 17:40:27.813 15728 15728 I MobiFace: Content JS LOG:  contact.challengeInfo  ============{"challengeInfo":{"availableCurrentPosition":false,"current_x":0,"current_y":0,"stability":0,"availableTargetPosition":false,"currentTarget":0,"numTargets":0,"targets":[{"target_x":0,"target_y":0,"target_radius":0},{"target_x":0,"target_y":0,"target_radius":0},{"target_x":0,"target_y":0,"target_radius":0}]}} 
01-30 17:40:27.813 15728 15728 I MobiFace:     at startFaceRecognition/</</reader.onload (app://2ec57ac3-eee0-41a3-9d3f-e1b3e29e617f/js/livenesschallenge.js:163:29)
01-30 17:40:27.823 15728 16470 D FrServiceClient:  DEBUG - tiem taken: 9.000000
01-30 17:40:27.823 16188 16188 D MobiFace:  DEBUG - frameParams: 6 640 480 720 270
01-30 17:40:27.823 15728 16470 D FrServiceClient:  DEBUG - mobiFace_pushFrame frame 0xac772000 460800
01-30 17:40:27.823 15728 16470 D FrServiceClient:  DEBUG - IdemiaFrServiceImpl::StartFaceAnalysis: FrServiceClient 460800
01-30 17:40:27.843 16188 16484 D MobiFace:  DEBUG - pushImage2: 0xb7754998 0xb78b5ef0 0xb1995008 460800 1 -1214000880 0x57b82809
01-30 17:40:27.913   492 16386 E mm-camera: c2d_thread_handle_process_buf_event:190 input buf index 5
01-30 17:40:27.913   492 16386 E mm-camera: c2d_thread_handle_process_buf_event:207 input vaddr b3499000
01-30 17:40:27.913   492 16441 E AEC_PORT: aec_port_save_update:real_gain:2.000000 linecnt:1598 exp_idx:274 cur_luma:-536870912 led_est:1079068528
01-30 17:40:27.943 16188 16484 D MobiFace:  DEBUG - [event] trackingInfo_cb
01-30 17:40:27.943 16188 16484 D MobiFace:  DEBUG - [event] positionInstruction_cb
01-30 17:40:27.943 16188 16484 D MobiFace:  DEBUG - pushImage2: 0
01-30 17:40:27.943 16188 16197 D MobiFace:  DEBUG - getPositionInfo
01-30 17:40:27.943 16188 16471 D MobiFace:  DEBUG - getChallenge
01-30 17:40:27.943 16188 16188 D MobiFace:  DEBUG - getChallengeInfo
01-30 17:40:27.943 15728 15728 I GeckoDump: Got analysisResult:0
01-30 17:40:27.943 15728 15728 I GeckoDump: Got analysisInfo:5
01-30 17:40:27.943 15728 15728 I GeckoDump: Got matchScore0
01-30 17:40:27.943 15728 15728 I GeckoDump: Got payload is null
01-30 17:40:27.943 15728 15728 I GeckoDump: Got bestImage is null
01-30 17:40:27.943 16188 16467 D MobiFace:  DEBUG - [event] challenge2DInfo_cb
01-30 17:40:27.943 16188 16465 D MobiFace:  DEBUG - [event] freeImage_cb
01-30 17:40:27.953 15728 16470 D FrServiceClient:  DEBUG - tiem taken: 9.000000
01-30 17:40:27.953 16188 16471 D MobiFace:  DEBUG - frameParams: 6 640 480 720 270
01-30 17:40:27.953 15728 16470 D FrServiceClient:  DEBUG - mobiFace_pushFrame frame 0xac701000 460800
01-30 17:40:27.953 15728 16470 D FrServiceClient:  DEBUG - IdemiaFrServiceImpl::StartFaceAnalysis: FrServiceClient 460800
01-30 17:40:27.973 16188 16188 D MobiFace:  DEBUG - pushImage2: 0xb7754998 0xb78b5ef0 0xb1995008 460800 1 -1217058672 0x57ba0340
01-30 17:40:28.013   492 16384 E         : dmlroc_entry  entering dmlroc_entry
01-30 17:40:28.023   492 16386 E mm-camera: c2d_thread_handle_process_buf_event:190 input buf index 6
01-30 17:40:28.023   492 16386 E mm-camera: c2d_thread_handle_process_buf_event:207 input vaddr b3428000
01-30 17:40:28.033 16188 16188 D MobiFace:  DEBUG - [event] trackingInfo_cb
01-30 17:40:28.033 16188 16188 D MobiFace:  DEBUG - [event] positionInstruction_cb
01-30 17:40:28.033 16188 16467 D MobiFace:  DEBUG - [event] challenge2DInfo_cb
01-30 17:40:28.033 16188 16188 D MobiFace:  DEBUG - pushImage2: 0
01-30 17:40:28.033 16188 16465 D MobiFace:  DEBUG - [event] freeImage_cb
01-30 17:40:28.033 16188 16484 D MobiFace:  DEBUG - getPositionInfo
01-30 17:40:28.033 16188 16197 D MobiFace:  DEBUG - getChallenge
01-30 17:40:28.033 16188 16471 D MobiFace:  DEBUG - getChallengeInfo
01-30 17:40:28.033 15728 16470 D FrServiceClient:  DEBUG - challenge2DInfo 0 0 - 0 0 - 0 0
01-30 17:40:28.043 15728 15728 I GeckoDump: Got analysisResult:0
01-30 17:40:28.043 15728 15728 I GeckoDump: Got analysisInfo:5
