01-30 17:41:03.873   408 16674 D QCameraStateMachine: int32_t qcamera::QCameraStateMachine::procEvtPreviewStoppedState(qcamera::qcamera_sm_evt_enum_t, void*): already in preview stopped state, do nothing
01-30 17:41:03.873   408   408 D QCamera2HWI: [KPI Perf] static void qcamera::QCamera2HardwareInterface::stop_preview(camera_device*): X
01-30 17:41:03.873   408 16674 D QCamera2HWI: int qcamera::QCamera2HardwareInterface::disableMsgType(int32_t) (0xffff) : mMsgEnabled = 0x0
01-30 17:41:03.873   408  1560 D QCamera2HWI: [KPI Perf] static void qcamera::QCamera2HardwareInterface::stop_preview(camera_device*): E PROFILE_STOP_PREVIEW
01-30 17:41:03.873   408 16674 D QCameraStateMachine: int32_t qcamera::QCameraStateMachine::procEvtPreviewStoppedState(qcamera::qcamera_sm_evt_enum_t, void*): already in preview stopped state, do nothing
01-30 17:41:03.873   408  1560 D QCamera2HWI: [KPI Perf] static void qcamera::QCamera2HardwareInterface::stop_preview(camera_device*): X
01-30 17:41:03.873   408  1560 D QCamera2HWI: [KPI Perf] static int qcamera::QCamera2HardwareInterface::cancel_picture(camera_device*): E PROFILE_CANCEL_PICTURE
01-30 17:41:03.873   408 16674 D QCameraStateMachine: int32_t qcamera::QCameraStateMachine::procEvtPreviewStoppedState(qcamera::qcamera_sm_evt_enum_t, void*): No ops for evt(20) in state(0)
01-30 17:41:03.873   408  1560 D QCamera2HWI: [KPI Perf] static int qcamera::QCamera2HardwareInterface::cancel_picture(camera_device*): X
01-30 17:41:03.873   408  1560 I CameraFlashlight: Destroying camera 1
01-30 17:41:03.873   408  1560 D QCamera2HWI: [KPI Perf] static int qcamera::QCamera2HardwareInterface::close_camera_device(hw_device_t*): E
01-30 17:41:03.873   408  1560 D QCamera2HWI: virtual qcamera::QCamera2HardwareInterface::~QCamera2HardwareInterface(): E
01-30 17:41:03.873   408 16675 D QCamera2HWI: static void* qcamera::QCamera2HardwareInterface::defferedWorkRoutine(void*): stop data proc
01-30 17:41:03.873   408 16674 D QCameraStateMachine: static void* qcamera::QCameraStateMachine::smEvtProcRoutine(void*): X
01-30 17:41:03.873   408  1560 D QCamera2HWI: int qcamera::QCamera2HardwareInterface::closeCamera(): E
01-30 17:41:03.883   408  1560 E qomx_image_core: OMX_Deinit:118] Complete
01-30 17:41:03.883   408  1560 E QCameraPostProc: int32_t qcamera::QCameraPostProcessor::deinit(): Jpeg closed, rc = 0, mJpegClientHandle = 1400
01-30 17:41:03.883   408  1560 I Thermal-Lib: Thermal-Lib-Client: Unregisteration is successfull for handle:1
01-30 17:41:03.883   425   602 I ThermalEngine: Thermal-Server: removing client on fd 42
01-30 17:41:03.883   408  1560 I Thermal-Lib: Thermal-Lib-Client: Unregisteration is successfull for handle:2
01-30 17:41:03.883   492 16690 D mm-camera: mct_pipeline_process_set:command=800000b
01-30 17:41:03.883   492   492 I mm-camera-eztune: vendor/qcom/proprietary/mm-camera/mm-camera2/server-tuning/tuning/eztune_interface.cpp(381): "Delete Server : 0xb70fd9b8"
01-30 17:41:03.883   492 16688 W mm-camera-sensor: vendor/qcom/proprietary/mm-camera/mm-camera2/server-tuning/tuning/mmcam_socket_utils.cpp(318): "Received event from non socket fd"
01-30 17:41:03.883   492 16688 W mm-camera-eztune: vendor/qcom/proprietary/mm-camera/mm-camera2/server-tuning/tuning/eztune_interface.cpp(72): "Stop message. Exiting server thread"
01-30 17:41:03.883   492 16688 E mm-camera-eztune: vendor/qcom/proprietary/mm-camera/mm-camera2/server-tuning/tuning/eztune_cam_adapter.cpp(667): "mct_stream_t* eztune::get_mct_stream(mct_pipeline_t*, eztune::mct_pipeline_get_stream_info_t*): no children"
01-30 17:41:03.883   492 16688 W mm-camera-eztune: vendor/qcom/proprietary/mm-camera/mm-camera2/server-tuning/tuning/eztune_cam_adapter.cpp(719): "Message send ignored as stream or stream state not valid"
01-30 17:41:03.883   492 16688 E mm-camera-eztune: vendor/qcom/proprietary/mm-camera/mm-camera2/server-tuning/tuning/eztune_cam_adapter.cpp(667): "mct_stream_t* eztune::get_mct_stream(mct_pipeline_t*, eztune::mct_pipeline_get_stream_info_t*): no children"
01-30 17:41:03.883   492 16688 W mm-camera-eztune: vendor/qcom/proprietary/mm-camera/mm-camera2/server-tuning/tuning/eztune_cam_adapter.cpp(719): "Message send ignored as stream or stream state not valid"
01-30 17:41:03.883   492 16688 E mm-camera-eztune: vendor/qcom/proprietary/mm-camera/mm-camera2/server-tuning/tuning/eztune_cam_adapter.cpp(667): "mct_stream_t* eztune::get_mct_stream(mct_pipeline_t*, eztune::mct_pipeline_get_stream_info_t*): no children"
01-30 17:41:03.883   492 16688 W mm-camera-eztune: vendor/qcom/proprietary/mm-camera/mm-camera2/server-tuning/tuning/eztune_cam_adapter.cpp(719): "Message send ignored as stream or stream state not valid"
01-30 17:41:03.883   492   492 I mm-camera-eztune: vendor/qcom/proprietary/mm-camera/mm-camera2/server-tuning/tuning/eztune_interface.cpp(381): "Delete Server : 0xb70ff2e8"
01-30 17:41:03.883   492 16689 W mm-camera-sensor: vendor/qcom/proprietary/mm-camera/mm-camera2/server-tuning/tuning/mmcam_socket_utils.cpp(318): "Received event from non socket fd"
01-30 17:41:03.883   492 16689 W mm-camera-eztune: vendor/qcom/proprietary/mm-camera/mm-camera2/server-tuning/tuning/eztune_interface.cpp(72): "Stop message. Exiting server thread"
01-30 17:41:03.883   492 16689 E mm-camera-eztune: vendor/qcom/proprietary/mm-camera/mm-camera2/server-tuning/tuning/eztune_process.cpp(445): "Process layer not initialized. just return"
01-30 17:41:03.883   492   492 D mm-camera: mct_pipeline_stop_session - E
01-30 17:41:03.883   408  1560 D QCamera2HWI: int qcamera::QCamera2HardwareInterface::closeCamera(): X
01-30 17:41:03.883   408  1560 D QCamera2HWI: virtual qcamera::QCamera2HardwareInterface::~QCamera2HardwareInterface(): X
01-30 17:41:03.883   408  1560 D QCamera2HWI: [KPI Perf] static int qcamera::QCamera2HardwareInterface::close_camera_device(hw_device_t*): X
01-30 17:41:03.883   408  1560 E         : batterystats service unavailable!
01-30 17:41:03.883   408  1560 I CameraService: onTorchStatusChangedLocked: Torch status changed for cameraId=0, newStatus=1
01-30 17:41:03.883   408  1560 I CameraService: disconnect: Disconnected client for camera 1 for PID 15728
01-30 17:41:03.893   406   406 F DEBUG   : *** *** *** *** *** *** *** *** *** *** *** *** *** *** *** ***
01-30 17:41:03.893   406   406 F DEBUG   : Build fingerprint: 'LYF/F120B/msm8909_512:6.0.1/MMB29M/mars12131558:userdebug/dev-keys'
01-30 17:41:03.893   406   406 F DEBUG   : Revision: '0'
01-30 17:41:03.893   406   406 F DEBUG   : ABI: 'arm'
01-30 17:41:03.893   406   406 F DEBUG   : pid: 16188, tid: 16188, name: MobiFaceService  >>> /system/bin/MobiFace/MobiFaceService <<<
01-30 17:41:03.893   406   406 F DEBUG   : signal 11 (SIGSEGV), code 1 (SEGV_MAPERR), fault addr 0x116
01-30 17:41:03.893   406   406 F DEBUG   :     r0 00000000  r1 00000000  r2 b6f66be4  r3 00000436
01-30 17:41:03.893   406   406 F DEBUG   :     r4 0000010e  r5 0000010e  r6 00000001  r7 00000436
01-30 17:41:03.893   406   406 F DEBUG   :     r8 59dc8073  r9 00059d5a  sl b6693e40  fp beca3860
01-30 17:41:03.893   406   406 F DEBUG   :     ip beca3254  sp beca3030  lr b6847080  pc b684cac4  cpsr 20000010
01-30 17:41:03.893   408  1557 D NuPlayerDriver: reset(0xb8c163c0)
01-30 17:41:03.893   408  1557 D NuPlayerDriver: notifyListener_l(0xb8c163c0), (8, 0, 0)
01-30 17:41:03.893   408 16668 W AMessage: failed to post message as target looper for handler 0 is gone.
01-30 17:41:03.893   408 16668 D NuPlayerDriver: notifyResetComplete(0xb8c163c0)
01-30 17:41:03.893   408  1557 D NuPlayerDriver: reset(0xb8bf8920)
01-30 17:41:03.893   408  1557 D NuPlayerDriver: notifyListener_l(0xb8bf8920), (8, 0, 0)
01-30 17:41:03.893   408 16670 W AMessage: failed to post message as target looper for handler 0 is gone.
01-30 17:41:03.903   408 16670 D NuPlayerDriver: notifyResetComplete(0xb8bf8920)
01-30 17:41:03.903   408  1557 D NuPlayerDriver: reset(0xb8c24f88)
01-30 17:41:03.903   408  1557 D NuPlayerDriver: notifyListener_l(0xb8c24f88), (8, 0, 0)
01-30 17:41:03.903   408 16672 W AMessage: failed to post message as target looper for handler 0 is gone.
01-30 17:41:03.903   408 16672 D NuPlayerDriver: notifyResetComplete(0xb8c24f88)
01-30 17:41:03.903   406   406 F DEBUG   : 
01-30 17:41:03.903   406   406 F DEBUG   : backtrace:
01-30 17:41:03.903   406   406 F DEBUG   :     #00 pc 00033ac4  /system/bin/MobiFace/MobiFaceService (FACEFLOW_CORE_report+40)
01-30 17:41:03.913   492 16768 D mm-camera: mct_pipeline_stop_session_thread thread_id is 16768
01-30 17:41:03.913   492 16768 D mm-camera: mct_pipeline_stop_session_thread: Stop module name: sensor - E
01-30 17:41:03.923   492 16769 D mm-camera: mct_pipeline_stop_session_thread thread_id is 16769
01-30 17:41:03.923   492 16769 D mm-camera: mct_pipeline_stop_session_thread: Stop module name: iface - E
01-30 17:41:03.923   492 16769 D mm-camera: mct_pipeline_stop_session_thread: Stop module name: iface - X
01-30 17:41:03.923   492 16771 D mm-camera: mct_pipeline_stop_session_thread thread_id is 16771
01-30 17:41:03.923   492 16771 D mm-camera: mct_pipeline_stop_session_thread: Stop module name: isp - E
01-30 17:41:03.983   492 16771 I KERNEL  : [ 6809.265645] msm_isp_close_node: halt timeout rc=0
01-30 17:41:03.933   492 16771 E         : dmlroc_deinit
01-30 17:41:03.985   492 16768 I KERNEL  : [ 6809.267105] msm_camera_config_single_vreg can't disable cam_vio
01-30 17:41:03.985   492 16768 I KERNEL  : [ 6809.267220] msm_sensor_config:1348 sensor state 0
01-30 17:41:03.933   492 16687 E mm-camera: Got some events
01-30 17:41:03.933   492 16768 D mm-camera: mct_pipeline_stop_session_thread: Stop module name: sensor - X
01-30 17:41:03.933   492 16771 D mm-camera: mct_pipeline_stop_session_thread: Stop module name: isp - X
01-30 17:41:03.933   492 16772 D mm-camera: mct_pipeline_stop_session_thread thread_id is 16772
01-30 17:41:03.933   492 16772 D mm-camera: mct_pipeline_stop_session_thread: Stop module name: stats - E
01-30 17:41:03.943   492 16772 D mm-camera: gyro_port_deinit , Enter 
01-30 17:41:03.943   492 16772 D mm-camera: gyro_port_deinit:Deinit Gyro port
01-30 17:41:03.943   492 16772 E mm-camera: gyro_port_deinit: Error in android Deinit
01-30 17:41:03.943   492 16772 D mm-camera: gyro_port_deinit , EXIT 
01-30 17:41:03.943   492 16772 D mm-camera: mct_pipeline_stop_session_thread: Stop module name: stats - X
01-30 17:41:03.943   492 16773 D mm-camera: mct_pipeline_stop_session_thread thread_id is 16773
01-30 17:41:03.943   492 16773 D mm-camera: mct_pipeline_stop_session_thread: Stop module name: pproc - E
01-30 17:41:03.943   492 16773 D mm-camera: c2d_module_stop_session:444, info: stopping session 2 ...
01-30 17:41:03.943   492 16684 D mm-camera: c2d_thread_process_pipe_message:793, C2D_THREAD_MSG_ABORT: c2d_thread exiting..
01-30 17:41:03.943   492 16773 D mm-camera: c2d_module_stop_session:488, info: session 2 stopped.
01-30 17:41:03.943   492 16773 D mm-camera: mct_pipeline_stop_session_thread: Stop module name: pproc - X
01-30 17:41:03.943   492 16774 D mm-camera: mct_pipeline_stop_session_thread thread_id is 16774
01-30 17:41:03.943   492   492 E mm-camera: mct_pipeline_stop_session: left modules: 5
01-30 17:41:03.943   492   492 E mm-camera: mct_pipeline_stop_session: left modules: 4
01-30 17:41:03.943   492   492 E mm-camera: mct_pipeline_stop_session: left modules: 3
01-30 17:41:03.943   492   492 E mm-camera: mct_pipeline_stop_session: left modules: 2
01-30 17:41:03.943   492   492 E mm-camera: mct_pipeline_stop_session: left modules: 1
01-30 17:41:03.943   492 16774 D mm-camera: mct_pipeline_stop_session_thread: Stop module name: imglib - E
01-30 17:41:03.943   492 16774 D mm-camera: mct_pipeline_stop_session_thread: Stop module name: imglib - X
01-30 17:41:03.943   492   492 E mm-camera: mct_pipeline_stop_session: left modules: 0
01-30 17:41:03.943   492   492 D mm-camera: mct_pipeline_stop_session - X
01-30 17:41:03.963 15728 15728 W MobiFace: [JavaScript Warning: "Expected color but found '#\30 0bcd452'.  Error in parsing value for 'background-color'.  Declaration dropped." {file: "app://2ec57ac3-eee0-41a3-9d3f-e1b3e29e617f/css/index.css" line: 8 column: 22 source: "    background-color: #00bcd452;"}]
01-30 17:41:03.963 15728 15728 W MobiFace: [JavaScript Warning: "Expected end of value but found ':'.  Error in parsing value for 'display'.  Declaration dropped." {file: "app://2ec57ac3-eee0-41a3-9d3f-e1b3e29e617f/css/index.css" line: 53 column: 19 source: "    display: inline: block;"}]
01-30 17:41:04.023   425   558 D ThermalEngine: sensor_wait: case_therm Wait done.
01-30 17:41:04.023   425   558 D ThermalEngine: sensor_monitor: case_therm Reading 34000 .
01-30 17:41:04.023   425   558 I ThermalEngine: Sensor:case_therm:34000 mC
01-30 17:41:04.023   425   558 D ThermalEngine: update_active_thresh: case_therm Active(1), Hi(1) 40000, Lo(0) -2147483648, Interval(1) 5000
01-30 17:41:04.023   425   558 D ThermalEngine: sensor_monitor: case_therm Sensor wait.
01-30 17:41:04.023   425   558 D ThermalEngine: sensor_wait: case_therm Wait start. 5000ms
01-30 17:41:04.113   406   406 F DEBUG   : 
01-30 17:41:04.113   406   406 F DEBUG   : Tombstone written to: /data/tombstones/tombstone_05
01-30 17:41:03.1169     1     1 I KERNEL  : [ 6809.451914] init: Service 'MobiFaceService' (pid 16188) killed by signal 11
01-30 17:41:03.1169     1     1 I KERNEL  : [ 6809.451989] init: Service 'MobiFaceService' (pid 16188) killing any children in process group
01-30 17:41:03.1171     1     1 I KERNEL  : [ 6809.453127] init: Warning!  Service MobiFaceService needs a SELinux domain defined; please fix!
01-30 17:41:03.1171     1     1 I KERNEL  : [ 6809.453165] init: Starting service 'MobiFaceService'...
01-30 17:41:03.1172 12202 12202 I KERNEL  : [ 6809.454643] binder: release 16188:16188 transaction 37382 in, still active
01-30 17:41:03.1172 12202 12202 I KERNEL  : [ 6809.454675] binder: send failed reply for transaction 37382 to 15728:16767
01-30 17:41:04.123   326   326 I ServiceManager: service 'com.idemia.mobiface.service' died
01-30 17:41:04.123 15728 16767 D FrServiceClient:  DEBUG - mobiFace_pushFrame: 50
01-30 17:41:04.243 16776 16776 I MobiFace:  INFO - Image Converter: 2.0.1.2441 
01-30 17:41:04.243 16776 16776 I MobiFace:  INFO - MobiFace Version : 2020-01-30 V 1.3.2
01-30 17:41:04.333 15728 15728 I MobiFace: Content JS LOG: On Load getting called! 
01-30 17:41:04.333 15728 15728 I MobiFace:     at <anonymous> (app://2ec57ac3-eee0-41a3-9d3f-e1b3e29e617f/js/index.js:61:5)
01-30 17:41:04.373 15728 15728 I FocusManager: -> focus is now on, NULL, tag: , id: , class: 
01-30 17:41:04.413 15728 15728 I FocusManager: << focus() called >>
01-30 17:41:04.413 15728 15728 I FocusManager:    trying to set focus on, tag: BUTTON, id: , class: move
01-30 17:41:04.413 15728 15728 I FocusManager:    current focused element, NULL, tag: , id: , class: 
01-30 17:41:04.413 15728 15728 I FocusManager: <- blur on, NULL, tag: , id: , class: 
01-30 17:41:04.413 15728 15728 I FocusManager: -> focus is now on, tag: BUTTON, id: , class: move
01-30 17:41:04.463 15728 15728 I MobiFace: Content JS LOG: File Exists, Reading the File Now /sdcard/Jio/LogsFile.txt 
01-30 17:41:04.463 15728 15728 I MobiFace:     at readFileFromSDCard/request.onsuccess (app://2ec57ac3-eee0-41a3-9d3f-e1b3e29e617f/js/util.js:65:9)
01-30 17:41:04.463 15728 15728 I MobiFace: Content JS LOG: License File Exists, Reading the File Now /sdcard/Jio/LicenseFile.txt 
01-30 17:41:04.463 15728 15728 I MobiFace:     at checkLicensePresent/request.onsuccess (app://2ec57ac3-eee0-41a3-9d3f-e1b3e29e617f/js/index.js:177:9)
01-30 17:41:04.473 15728 15728 I MobiFace: Content JS LOG: ContentFromSDCard <br /><br /><br /><br /><br /><br /><br /><br /><br /><br /> 
01-30 17:41:04.473 15728 15728 I MobiFace:     at readFileFromSDCard/request.onsuccess/< (app://2ec57ac3-eee0-41a3-9d3f-e1b3e29e617f/js/util.js:69:13)
01-30 17:41:04.473   453   453 I Gecko   : DSF (parent) mtp-watcher-update: mStorageType 'sdcard' mStorageName 'sdcard' mRootDir '' mPath 'Jio/LogsFile.txt' mFile->GetPath '/data/usbmsc_mnt/Jio/LogsFile.txt'
01-30 17:41:04.473   453   453 I MozMtp  : Observe: mtp-watcher-update: file Jio/LogsFile.txt deleted
01-30 17:41:04.473   453   453 I Gecko   : DSF (parent) mtp-watcher-update: mStorageType 'sdcard' mStorageName 'sdcard' mRootDir '' mPath 'Jio/LogsFile.txt' mFile->GetPath '/data/usbmsc_mnt/Jio/LogsFile.txt'
01-30 17:41:04.473   453   453 I MozMtp  : Observe: mtp-watcher-update: file Jio/LogsFile.txt deleted
01-30 17:41:04.473   453 16555 I MozMtp  : MtpWatcherUpdate: file /data/usbmsc_mnt/Jio/LogsFile.txt deleted
01-30 17:41:04.473   453 16555 I MozMtp  : MtpWatcherUpdate: About to call sendObjectRemoved Handle 0x00000027 file /data/usbmsc_mnt/Jio/LogsFile.txt
01-30 17:41:04.473   453 16556 I MozMtp  : MtpWatcherUpdate: file /data/usbmsc_mnt/Jio/LogsFile.txt deleted
01-30 17:41:04.473 15728 15728 I MobiFace: Content JS LOG: finalContentToWrite <br /><br /><br /><br /><br /><br /><br /><br /><br /><br /><br /><br /> 
01-30 17:41:04.473 15728 15728 I MobiFace:     at readFileFromSDCard/request.onsuccess/< (app://2ec57ac3-eee0-41a3-9d3f-e1b3e29e617f/js/util.js:84:17)
01-30 17:41:04.493 15728 15728 I MobiFace: Content JS LOG: File deleted 
01-30 17:41:04.493 15728 15728 I MobiFace:     at deleteFileFromSDCard/request.onsuccess (app://2ec57ac3-eee0-41a3-9d3f-e1b3e29e617f/js/util.js:14:9)
01-30 17:41:04.493 15728 15728 I MobiFace: Content JS LOG: LicenseData isARAITVNDX0NPUkUEA8Rg4AEAJbqqvDGwh+zqSbiDg17muDaCFEMEy3dTqQBsdHidhXyr+MW3x5dYYsIRc+afKcac8TnSd/7mC1oomRx6WBzfK0uOy1PS+iSRuKg8EyFCvZGJjFQUlGLyW1VaD6bbwbwkJWriq5fU2p/7DuFga/BqBZ1h7syKR/dUR89UW6EjDQDnDbTPmV3yhCsOdRlqVF6HJRq+rKiJl19aVh8YTo/pMAuXjsvLtMGIow6uRxxXELzw3wI38I1gX3OFcrMhopxe8L2WRidxyN0CEW778e2q88ezTBiB7UnbMxeXetnr8PFRS6x/B35rgMXuymPr1iD7cuoaGhb3PaDeQ+rFNrQ+LQEUDE1TQ19MSVZFTkVTUwQDxGDgAQCfEJ2CeemJNSi+b93W5/RzHsFRsiGBRKUwPIfEAE/f9r/xT+SPt481+M5BJphprWf65gSL5gijXjwQQF6omHW2FHc20ouRfhrQ9zM4ySAPVZq5NmArZl1b2M4RiSeYTDk84J97SAiwggEqayT8iwG8NaQkh7WdmySZx3jf9ZScIdb4t6l+o67xQB64KoNhK5OoztbOmGw7pejIGD9I+ueht3PE1Bw7wZan0myQI+GMQ5Cp9VsW3kM8vBmKN/t4z/rfhSFnAixkAtszv+xTR+bLZHBdOZJFEZko27lLLsqDAnf0tam3ZYaR2KQ1uvGi0Y6C49ZQsiP3nXK6w+sj+Lu8AQ0FVkVSSUYEA8Rg4AEAJxFBABBn+oPXBNIhT+BnC/3dcuamjdZehysg6zkW9wg6jlPuXbK7Ck5bmlpL/lTcJhyDlsGSfQdzLnOQyGIrYNC1fvLeXqRLnQEmKA7hlwZefkkTjhzEPvt+JEhifuJ/NEeMQ8LcbVZIPJLf37POyOrkGbO53D0f1kHNqJPxw4nZis80xWyj3K1IolRbIuaYbbBS3X+Pn56MELnQOxq241JYPmdwLf11Sbu5BlSmJg2bv
01-30 17:41:04.493   453   453 I Gecko   : DSF (parent) mtp-watcher-update: mStorageType 'sdcard' mStorageName 'sdcard' mRootDir '' mPath 'Jio/LogsFile.txt' mFile->GetPath '/data/usbmsc_mnt/Jio/LogsFile.txt'
01-30 17:41:04.493   453   453 I MozMtp  : Observe: mtp-watcher-update: file Jio/LogsFile.txt modified
01-30 17:41:04.493   453   453 I Gecko   : DSF (parent) mtp-watcher-update: mStorageType 'sdcard' mStorageName 'sdcard' mRootDir '' mPath 'Jio/LogsFile.txt' mFile->GetPath '/data/usbmsc_mnt/Jio/LogsFile.txt'
01-30 17:41:04.493   453   453 I MozMtp  : Observe: mtp-watcher-update: file Jio/LogsFile.txt modified
01-30 17:41:04.503   453 16556 I MozMtp  : MtpWatcherUpdate: file /data/usbmsc_mnt/Jio/LogsFile.txt modified
01-30 17:41:04.503   453 16555 I MozMtp  : MtpWatcherUpdate: file /data/usbmsc_mnt/Jio/LogsFile.txt modified
01-30 17:41:04.503   453 16555 I MozMtp  : CreateEntryForFileAndNotify: About to call sendObjectAdded Handle 0x00000028 file /data/usbmsc_mnt/Jio/LogsFile.txt
01-30 17:41:04.503   453 13560 I MozMtp  : getObjectInfo: Handle: 0x00000028 Display:'LogsFile.txt' Object:'LogsFile.txt'
01-30 17:41:04.503   453 13560 I MozMtp  : getObjectInfo: aInfo.mDateCreated = 1580386264 entry->mDateCreated = 1580386264
01-30 17:41:04.503   453 13560 I MozMtp  : getObjectInfo: aInfo.mDateModified = 1580386264 entry->mDateModified = 1580386264
01-30 17:41:04.503   453 13560 I MozMtp  : getSupportedObjectProperties: 
01-30 17:41:04.503   453 13560 I MozMtp  : getObjectPropertyValue: Handle: 0x00000028 'LogsFile.txt' Property: MTP_PROPERTY_OBJECT_SIZE 0x0000dc04
01-30 17:41:04.503 15728 15728 I MobiFace: Content JS LOG: File/sdcard/Jio/LogsFile.txt" successfully wrote on the sdcard storage area 
01-30 17:41:04.503 15728 15728 I MobiFace:     at writeFileToSDCard/request.onsuccess (app://2ec57ac3-eee0-41a3-9d3f-e1b3e29e617f/js/util.js:49:9)
01-30 17:41:04.943 16716 16780 I (Preallocated app): PAC file installed from data: URI
01-30 17:41:05.073   453   453 I Gecko   : [BrowserElement] event type: keydown, key: Enter, target: [object HTMLIFrameElement], src: app://2ec57ac3-eee0-41a3-9d3f-e1b3e29e617f/splash.html, id: browser20, class: browser
01-30 17:41:05.093 15728 15728 I Gecko   : [BrowserElement] event type: keydown, key: Enter, target: [object HTMLButtonElement], class: move
01-30 17:41:05.123   453   453 I Gecko   : XXX FIXME : Dispatch a mozChromeEvent: activity-choice
01-30 17:41:05.213   453   453 I FocusManager: << focus() called >>
01-30 17:41:05.223   453   453 I FocusManager:    trying to set focus on, tag: DIV, id: , class: option-menu-container
01-30 17:41:05.233   453   453 I FocusManager:    current focused element, tag: IFRAME, id: browser20, class: browser
01-30 17:41:05.233   453   453 I FocusManager: <- blur on, tag: IFRAME, id: browser20, class: browser
01-30 17:41:05.233 15728 15728 I FocusManager: <- blur on, tag: BUTTON, id: , class: move
01-30 17:41:05.243   453   453 I FocusManager: -> focus is now on, tag: DIV, id: , class: option-menu-container
01-30 17:41:05.243   453   453 I FocusManager: << focus() called >>
01-30 17:41:05.243   453   453 I FocusManager:    trying to set focus on, tag: DIV, id: , class: menu-item p-pri
01-30 17:41:05.243   453   453 I FocusManager: Warning: element is not focusable.
01-30 17:41:05.273   453   453 I FocusManager: << focus() called >>
01-30 17:41:05.273   453   453 I FocusManager:    trying to set focus on, tag: DIV, id: , class: option-menu-container
01-30 17:41:05.283   453   453 I FocusManager: Warning: element is already focused.
01-30 17:41:05.293   453   453 I FocusManager: << focus() called >>
01-30 17:41:05.293   453   453 I FocusManager:    trying to set focus on, tag: DIV, id: , class: menu-item p-pri
01-30 17:41:05.293   453   453 I FocusManager:    current focused element, tag: DIV, id: , class: option-menu-container
01-30 17:41:05.293   453   453 I FocusManager: <- blur on, tag: DIV, id: , class: option-menu-container
01-30 17:41:05.303   453   453 I FocusManager: -> focus is now on, tag: DIV, id: , class: menu-item p-pri
01-30 17:41:05.323   453   453 I Gecko   : [BrowserElement] event type: keyup, key: Enter, target: [object HTMLDivElement], class: menu-item p-pri
01-30 17:41:05.493   453   453 I FocusManager: << focus() called >>
01-30 17:41:05.493   453   453 I FocusManager:    trying to set focus on, tag: DIV, id: , class: menu-item p-pri
01-30 17:41:05.493   453   453 I FocusManager:    current focused element, tag: DIV, id: , class: menu-item p-pri
01-30 17:41:05.493   453   453 I FocusManager: <- blur on, tag: DIV, id: , class: menu-item p-pri
01-30 17:41:05.503   453   453 I FocusManager: -> focus is now on, tag: DIV, id: , class: menu-item p-pri
01-30 17:41:05.523   453   453 I Gecko   : [BrowserElement] event type: keydown, key: ArrowDown, target: [object HTMLDivElement], class: menu-item p-pri
01-30 17:41:05.603   453   453 I Gecko   : [BrowserElement] event type: keyup, key: ArrowDown, target: [object HTMLDivElement], class: menu-item p-pri
01-30 17:41:05.693   453  5583 I vDM     : android/vdm_smm_pl.c.  118: [SMM] ACQUIRE WakeLock smm(0)
01-30 17:41:05.693   453  5583 V vDM     : c/main/jni/dmc_app.c.  253: [DMC] !!! acquireWl 0xb5f0f265 ...
01-30 17:41:05.693   453  5583 I OmaGecko: ../../../gecko/koost/omaservice/omadmEngineSmm.cpp:180 static int omadmEngineSmm::acquireWl(). 
01-30 17:41:05.693   453  5583 I OmaGecko: !!! [@@]acquireWl(180) ...
01-30 17:41:05.693   453   453 I OmaGecko: ../../../gecko/koost/omaservice/omadmThreadToMain.cpp:158 virtual nsresult omadmThreadToMain::Run(). 
01-30 17:41:05.693   453   453 I OmaGecko: main thread mDataType = 0
01-30 17:41:05.693   453  5583 V vDM     : android/vdm_smm_pl.c.  242: [SMM] Timeout waiting for smm, passed 361s
01-30 17:41:05.693   453  5583 V vDM     : c/main/jni/dmc_app.c.  243: [DMC] !!! resetAlarm 0xb5f0f209, #1 ...
01-30 17:41:05.693   453  5583 I OmaGecko: ../../../gecko/koost/omaservice/omadmEngineSmm.cpp:173 static void omadmEngineSmm::resetAlarm(int). 
01-30 17:41:05.693   453  5583 I OmaGecko: !!! [@@]resetAlarm(1) ...
01-30 17:41:05.693   453  5583 V vDM     : src/vdm_smm_static.c.  654: [SMM] Posting Event DMA_MSG_INT_TIMEOUT sent for 'W3C_REGISTER'
01-30 17:41:05.693   453  5583 V vDM     : src/vdm_smm_static.c.  776: [SMM] The next timeout will be in 4047s at U10857 @2020-01-30 18:48:32 for 'RJIO_RECOVERY'
01-30 17:41:05.693   453  5583 V vDM     : src/vdm_smm_static.c.  792: [SMM]  * The timeout in 4047s of 7201s at U10857 @2020-01-30 18:48:32 for 'RJIO_RECOVERY:2'
01-30 17:41:05.693   453  5583 V vDM     : src/vdm_smm_static.c.  792: [SMM]  * The timeout in 79639s of 86401s at U86449 @2020-01-31 15:48:24 for 'RJIO_DEVINIT:1'
01-30 17:41:05.693   453  5583 V vDM     : src/vdm_smm_static.c.  792: [SMM]  * The timeout in 2585232s of 2592001s at U2592042 @2020-02-29 15:48:17 for 'NON_IDLE_MONITOR:1'
01-30 17:41:05.693   453  5583 V vDM     : src/vdm_smm_static.c. 1249: [SMM] Received Event: SMM_SAVED_TO_PS
01-30 17:41:05.693   453  5583 V vDM     : /src/vdm_smm_event.c.   63: [SMM] Event name=SMM_SAVED_TO_PS, without variables
01-30 17:41:05.693   453  5583 V vDM     : /src/vdm_smm_event.c.   92: [SMM] End event: SMM_SAVED_TO_PS
01-30 17:41:05.693   453   453 I OmaGecko: ../../../gecko/koost/omaservice/omadmThreadToMain.cpp:158 virtual nsresult omadmThreadToMain::Run(). 
01-30 17:41:05.693   453   453 I OmaGecko: main thread mDataType = 3
01-30 17:41:05.693   453  5583 V vDM     : src/vdm_smm_static.c. 1270: [SMM] --------- Finished handling SM event SMM_SAVED_TO_PS -----------
01-30 17:41:05.693   453  5583 V vDM     : src/vdm_smm_static.c. 1249: [SMM] Received Event: DMA_MSG_INT_TIMEOUT
01-30 17:41:05.693   453  5583 V vDM     : /src/vdm_smm_event.c.   63: [SMM] Event name=DMA_MSG_INT_TIMEOUT, variables:
01-30 17:41:05.693   453  5583 V vDM     : /src/vdm_smm_event.c.   84: [SMM] str variable(#1): INSTANCE_VAR=[null]
01-30 17:41:05.693   453  5583 V vDM     : /src/vdm_smm_event.c.   92: [SMM] End event: DMA_MSG_INT_TIMEOUT
01-30 17:41:05.693   453  5583 V vDM     : _code_W3C_REGISTER.c.  141: [SMM] Updating var DMA_VAR_NOTIF_REGIST_COUNTER to 10
01-30 17:41:05.693   453  5583 V vDM     : src/vdm_smm_static.c. 1097: [SMM] W3C_REGISTER: W3C_REGISTER_informServer -> W3C_REGISTER_triggerRegistration
01-30 17:41:05.693   453  5583 V vDM     : 3c/dma_w3c_actions.c.   78: [DMC] +DMA_w3c_triggerNotifRegistrationAlert: regId=https://update.kai.jiophone.net:8443/wpush/v1/gAAAAABeDvRUhHW0P9knhZF8RYhDd09Bk7QOI9fV5pz4c5ouoh6fwaEM9DEtWQqF7BhtLd50WRybvvzuD7MtPg_h-gcm9OvIk1XeFxSzgJcgmGJUJFrywh1QgIOAdUEbFxa_DeRflr5D, auth=1d0TFQxsieGhS9Md5n/Utg==, pubkey=BN0X3R3xPAi0EDYc9+h1M91yF0Ou22KoSAare1/PSgyPEWee9Dm48v7ZKW4QmrwHK8prrmFXu3lDXDEjUDmN+4o=, registCounter=10
01-30 17:41:05.693   453  5583 V vDM     : 3c/dma_w3c_actions.c.  110: [DMC] DMA_w3c_triggerNotifRegistrationAlert: value = register:Baidu:1d0TFQxsieGhS9Md5n/Utg==:BN0X3R3xPAi0EDYc9+h1M91yF0Ou22KoSAare1/PSgyPEWee9Dm48v7ZKW4QmrwHK8prrmFXu3lDXDEjUDmN+4o=:https://update.kai.jiophone.net:8443/wpush/v1/gAAAAABeDvRUhHW0P9knhZF8RYhDd09Bk7QOI9fV5pz4c5ouoh6fwaEM9DEtWQqF7BhtLd50WRybvvzuD7MtPg_h-gcm9OvIk1XeFxSzgJcgmGJUJFrywh1QgIOAdUEbFxa_DeRflr5D
01-30 17:41:05.693   453  5583 V vDM     : vdm_sessioncontext.c.   51: [Core_MsgQ] +VDM_createSessionContext
01-30 17:41:05.693   453  5583 V vDM     : vdm_sessioncontext.c.   73: [Core_MsgQ] -VDM_createSessionContext returns 0xa41cabc0
01-30 17:41:05.693   453  5583 I vDM     : TRACE: e/core/src/vdm_api.c,   723, [Core_MsgQ], Triggering DM session, Account=(DEFAULT)
01-30 17:41:05.693   453  5583 V vDM     : c/vdm_mq_scheduler.c.  577: [Core_MsgQ] +Scheduler_enqueueTrigger
01-30 17:41:05.693   453  5583 V vDM     : /vdm_mq_rdmtrigger.c.   34: [Core_MsgQ] +cloneTrgData
01-30 17:41:05.693   453  5583 V vDM     : 
01-30 17:41:05.693   453  5583 V vDM     : /vdm_mq_rdmtrigger.c.  125: [Core_MsgQ] -cloneTrgData
01-30 17:41:05.693   453  5583 V vDM     : 
01-30 17:41:05.693   453  5583 I vDM     : rc/vdm_mq_trgqueue.c.  163: [Core_MsgQ] Enqueue to MAIN MQ (VDM_MQ_TriggerType_InitDMUser/VDM_MQ_TriggerType_InitDMClient) <<<<<<<<<<<<<<<<<<<<<<<<<<<<<<
01-30 17:41:05.693   453  5583 V vDM     : c/vdm_utl_priqueue.c.   74: [Util] +PriQueue_enqueue(inData=0xa4193b08, inPriority=90 queue=0xafac6918)
01-30 17:41:05.693   453  5583 V vDM     : c/vdm_utl_priqueue.c.  108: [Util] PriQueue_enqueue: enqueued (pItem = 0xa3e391f0, pItem->priority=90, count=1) (0xafac6918)
01-30 17:41:05.693   453  5583 V vDM     : c/vdm_utl_priqueue.c.  111: [Util] -PriQueue_enqueue (result= 0x0)
01-30 17:41:05.693   453  5583 V vDM     : c/vdm_utl_msgqueue.c.  142: [Util] MsgQueue_enqueue- Calling SignalEvent...
01-30 17:41:05.693   453  5583 V vDM     : c/vdm_mq_scheduler.c.  614: [Core_MsgQ] -Scheduler_enqueueTrigger (result=0)
01-30 17:41:05.693   453  5580 V vDM     : common/src/dma_app.c.  100: [DMC] starting VDM_run
01-30 17:41:05.693   453  5580 V vDM     : c/vdm_mq_scheduler.c.  957: [Core_MsgQ] +Scheduler_dispatch
01-30 17:41:05.693   453  5580 V vDM     : 
01-30 17:41:05.693   453  5580 V vDM     : src/vdm_core_debug.c.  115: [Core_MsgQ] Switch state: E_SchedState_Idle => E_SchedState_Busy
01-30 17:41:05.693   453  5580 V vDM     : 
01-30 17:41:05.693   453  5580 I vDM     : c/vdm_mq_scheduler.c. 1456: [Core_MsgQ] ~~~~~~~~~~~~~~~~~ ++ VDM DEBUG: DUMP ++ ~~~~~~~~~~~~~~~~~~~
01-30 17:41:05.693   453  5580 I vDM     : rc/vdm_mq_trgqueue.c.  425: [Core_MsgQ] MAIN QUEUE: 
01-30 17:41:05.693   453  5580 V vDM     : rc/vdm_mq_trgqueue.c.   49: [Core_MsgQ] => WEIGHTED THRESHOLD=999 (mode(0): 999 internal: 999)
01-30 17:41:05.693   453  5580 I vDM     : c/vdm_utl_priqueue.c.  299: [Util] { { { { (queue=0xafac6918)
01-30 17:41:05.693   453  5580 I vDM     : c/vdm_utl_priqueue.c.  311: [Util]   [0 : P=(090)]	[ VDM_MQ_TriggerType_InitDMUser/VDM_MQ_TriggerType_InitDMClient ] 
01-30 17:41:05.693   453  5580 I vDM     : c/vdm_utl_priqueue.c.  316: [Util] } } } }
01-30 17:41:05.693   453  5580 I vDM     : rc/vdm_mq_trgqueue.c.  425: [Core_MsgQ] DL QUEUE: 
01-30 17:41:05.693   453  5580 V vDM     : rc/vdm_mq_trgqueue.c.   49: [Core_MsgQ] => WEIGHTED THRESHOLD=999 (mode(0): 999 internal: 999)
01-30 17:41:05.693   453   453 I Gecko   : 1580386265707	AlarmsService	DEBUG	remove(-65, undefined)
01-30 17:41:05.693   453  5580 I vDM     : c/vdm_utl_priqueue.c.  299: [Util] { { { { (queue=0xafac6928)
01-30 17:41:05.693   453  5580 I vDM     : c/vdm_utl_priqueue.c.  303: [Util]  -- Queue is Empty :-) --
01-30 17:41:05.693   453  5580 I vDM     : c/vdm_utl_priqueue.c.  316: [Util] } } } }
01-30 17:41:05.693   453  5580 I vDM     : c/vdm_mq_scheduler.c. 1461: [Core_MsgQ] ~~~~~~~~~~~~~~~~~ -- VDM DEBUG: DUMP -- ~~~~~~~~~~~~~~~~~~~
01-30 17:41:05.693   453   453 I Gecko   : 1580386265707	AlarmsService	DEBUG	_removeAlarmFromDb()
01-30 17:41:05.693   453  5580 V vDM     : c/vdm_mq_scheduler.c.  239: [Core_MsgQ] +Scheduler_dispatchTimedEvents
01-30 17:41:05.693   453  5580 V vDM     : c/vdm_utl_priqueue.c.  169: [Util] +PriQueue_dequeue(inThreshold=1580386265, count=0 queue=0xafac6930)
01-30 17:41:05.703   453  5580 D vDM     : c/vdm_utl_priqueue.c.  122: [Util] PriQueue is Empty :-) (0xafac6930)
01-30 17:41:05.703   453  5580 V vDM     : c/vdm_utl_priqueue.c.  182: [Util] -PriQueue_dequeue (outData=0x0, count=0, queue=0xafac6930)
01-30 17:41:05.703   453  5580 V vDM     : c/vdm_mq_scheduler.c.  282: [Core_MsgQ] -Scheduler_dispatchTimedEvents (0)
01-30 17:41:05.703   453  5580 V vDM     : c/vdm_mq_scheduler.c.  768: [Core_MsgQ] +Scheduler_dequeueTrigger
01-30 17:41:05.703   453  5580 V vDM     : rc/vdm_mq_trgqueue.c.   49: [Core_MsgQ] => WEIGHTED THRESHOLD=999 (mode(0): 999 internal: 999)
01-30 17:41:05.703   453  5580 V vDM     : c/vdm_utl_priqueue.c.  169: [Util] +PriQueue_dequeue(inThreshold=999, count=0 queue=0xafac6928)
01-30 17:41:05.703   453  5580 D vDM     : c/vdm_utl_priqueue.c.  122: [Util] PriQueue is Empty :-) (0xafac6928)
01-30 17:41:05.703   453  5580 V vDM     : c/vdm_utl_priqueue.c.  182: [Util] -PriQueue_dequeue (outData=0x0, count=0, queue=0xafac6928)
01-30 17:41:05.703   453  5580 V vDM     : c/vdm_mq_scheduler.c.  926: [Core_MsgQ] -Scheduler_dequeueTrigger
01-30 17:41:05.703   453  5580 V vDM     : c/vdm_mq_scheduler.c.  768: [Core_MsgQ] +Scheduler_dequeueTrigger
01-30 17:41:05.703   453  5580 V vDM     : rc/vdm_mq_trgqueue.c.   49: [Core_MsgQ] => WEIGHTED THRESHOLD=999 (mode(0): 999 internal: 999)
01-30 17:41:05.703   453  5580 V vDM     : c/vdm_utl_priqueue.c.  169: [Util] +PriQueue_dequeue(inThreshold=999, count=1 queue=0xafac6918)
01-30 17:41:05.703   453  5580 V vDM     : c/vdm_utl_priqueue.c.  182: [Util] -PriQueue_dequeue (outData=0xa4193b08, count=0, queue=0xafac6918)
01-30 17:41:05.703   453  5580 V vDM     : c/vdm_mq_scheduler.c.  926: [Core_MsgQ] -Scheduler_dequeueTrigger
01-30 17:41:05.703   453  5580 I vDM     : c/vdm_mq_scheduler.c.  737: [Core_MsgQ] vDM Dispatch (=VDM_MQ_TriggerType_InitDMUser/VDM_MQ_TriggerType_InitDMClient) >>>>>>>>>>>>>>>>>>>>>>>>>>>>>>
01-30 17:41:05.703   453  5580 V vDM     : ne/rdm/rdm_control.c.  441: [Core_Eng] +setTriggerInfo
01-30 17:41:05.703   453  5580 V vDM     : ne/rdm/rdm_control.c.  491: [Core_Eng] -setTriggerInfo::result = 0
01-30 17:41:05.703   453  5580 V vDM     : ne/rdm/rdm_control.c. 1246: [Core_Eng] sessionKey = [[null]]
01-30 17:41:05.703   453  5580 V vDM     : ne/rdm/rdm_control.c.  726: [Core_Eng] +DmRun, pTriggerInfo->type: 3
01-30 17:41:05.703   453  5580 V vDM     : ne/rdm/rdm_control.c.  640: [Core_Eng] +DmSanity
01-30 17:41:05.703   453  5580 V vDM     : ne/rdm/rdm_control.c.  646: [Core_Eng] DmSanity pTriggerInfo->type : 3
01-30 17:41:05.703   453  5580 V vDM     : c/vdm_mq_scheduler.c. 1099: [Core_MsgQ] +VDM_MQ_Scheduler_sessionStateNotify
01-30 17:41:05.703   453  5580 V vDM     : 
01-30 17:41:05.703   453  5580 V vDM     : rc/vdm_mq_trgqueue.c.  399: [Core_MsgQ] TrgQueue_setThreshold[ MAIN ]: from(999) to (80)
01-30 17:41:05.703   453  5580 V vDM     : rc/vdm_mq_trgqueue.c.  399: [Core_MsgQ] TrgQueue_setThreshold[ DL ]: from(999) to (80)
01-30 17:41:05.703   453  5580 V vDM     : c/vdm_mq_scheduler.c. 1266: [Core_MsgQ] -VDM_MQ_Scheduler_sessionStateNotify
01-30 17:41:05.703   453   453 I Gecko   : 1580386265707	AlarmsService	DEBUG	Callback after removing alarm from database.
01-30 17:41:05.703   453  5580 D vDM     : m_core_sscnotifier.c.  249: [Core_MsgQ] -=-=-=-= Session State Notify session (type=1 state=0 lastError=0x0)
01-30 17:41:05.703   453  5580 D vDM     : 
01-30 17:41:05.703   453  5580 D vDM     : m_core_sscnotifier.c.  252: [Core_MsgQ] -=-=-=-= session initiator = DMA_W3C_REGID:10
01-30 17:41:05.703   453  5580 D vDM     : 
01-30 17:41:05.703   453  5580 V vDM     : ion/dma_bl_session.c.  153: [DMC] Session DM, Started. lastError=0x0 
01-30 17:41:05.703   453  5580 V vDM     : 
01-30 17:41:05.703   453  5580 V vDM     : src/vdm_smm_static.c.  419: [SMM] 'NA' Posting event DMA_MSG_DM_STARTED
01-30 17:41:05.703   453  5580 V vDM     : data_collection_bl.c.   63: [DMC] STATUS_TRACK DM started
01-30 17:41:05.703   453  5580 V vDM     : src/vdm_smm_static.c.  419: [SMM] 'NA' Posting event B2B_MSG_STSTRK_DM_STARTED
01-30 17:41:05.703   453  5580 I vDM     : como_vdm_callbacks.c.  336: [DMC] onDmSessionStarted: DM started, inIsReportSession=0, initiatorId=DMA_W3C_REGID:10, flags=0x40000000.
01-30 17:41:05.703   453  5583 V vDM     : 3c/dma_w3c_actions.c.  132: [DMC] DMA_w3c_triggerNotifRegistrationAlert: ret=0
01-30 17:41:05.703   453  5580 I vDM     : TRACE: e/rdm/sess/session.c,   150, [Core_Sess], VDM_ERR_OK (0x0)
01-30 17:41:05.703   453  5580 I vDM     : 
01-30 17:41:05.713   453  5583 W vDM     : rc/vdm_smm_declare.c. 1709: [SMM] VDM_SMM_Declare_defaultTimeoutFunc: timeout is 900
01-30 17:41:05.713   453  5583 V vDM     : src/vdm_smm_static.c.  883: [SMM] The timeout 900s at U7712 @2020-01-30 17:56:06 configured for 'W3C_REGISTER:6'
01-30 17:41:05.713   453  5583 V vDM     : src/vdm_smm_static.c. 1097: [SMM] W3C_REGISTER: W3C_REGISTER_triggerRegistration -> W3C_REGISTER_waitForConfirm
01-30 17:41:05.713   453  5583 V vDM     : src/vdm_smm_static.c. 1270: [SMM] --------- Finished handling SM event DMA_MSG_INT_TIMEOUT -----------
01-30 17:41:05.713   453  5583 V vDM     : utl_persistentdata.c.  935: [Util] ps_save: typeCryptInfo=0x0, typeCryptInfo->encrypt=0x0
01-30 17:41:05.713   453  5583 V vDM     : utl_persistentdata.c.  951: [Util] saving to persistent storage file: .//reg.conf
01-30 17:41:05.713   453   453 I Gecko   : 1580386265722	AlarmsService	DEBUG	Current alarm: {"date":"2020-01-30T12:17:49.777Z","data":{"alarmType":"SalesTrackerAlarm"},"ignoreTimezone":true,"timezoneOffset":-330,"id":-51}
01-30 17:41:05.713   453   453 I Gecko   : 1580386265723	AlarmsService	DEBUG	Alarm queue: [{"date":"2020-01-30T12:27:44.395Z","ignoreTimezone":true,"timezoneOffset":-330,"id":-62},{"date":"2020-01-31T06:20:50.037Z","ignoreTimezone":true,"data":{"type":"AppUsageMetrics"},"pageURL":"app://system.gaiamobile.org/index.html","manifestURL":"app://system.gaiamobile.org/manifest.webapp","timezoneOffset":-330,"id":752},{"date":"2020-01-31T06:40:56.196Z","ignoreTimezone":true,"data":{"type":"silentInstall"},"pageURL":"app://system.gaiamobile.org/index.html","manifestURL":"app://system.gaiamobile.org/manifest.webapp","timezoneOffset":-330,"id":753},{"date":"2020-01-31T06:41:11.717Z","ignoreTimezone":true,"timezoneOffset":-330,"id":-14},{"date":"2020-01-31T09:19:03.047Z","ignoreTimezone":true,"data":{"func":"reportingAlarm"},"pageURL":"app://jioservice.jio.com/index.html","manifestURL":"https://api.kai.jiophone.net/v2.0/apps/manifest/GihMv9tGcRfA6i3gqBIH","timezoneOffset":-330,"id":759,"alarmFiredCb":null},{"date":"2020-01-31T10:18:45.797Z","ignoreTimezone":true
01-30 17:41:05.713   453   453 I Gecko   : 1580386265724	AlarmsService	DEBUG	_onAlarmFired()
01-30 17:41:05.713   453   453 I Gecko   : 1580386265725	AlarmsService	DEBUG	Current alarm: {"date":"2020-01-30T12:17:49.777Z","data":{"alarmType":"SalesTrackerAlarm"},"ignoreTimezone":true,"timezoneOffset":-330,"id":-51}
01-30 17:41:05.713   453   453 I Gecko   : 1580386265726	AlarmsService	DEBUG	Alarm queue: [{"date":"2020-01-30T12:27:44.395Z","ignoreTimezone":true,"timezoneOffset":-330,"id":-62},{"date":"2020-01-31T06:20:50.037Z","ignoreTimezone":true,"data":{"type":"AppUsageMetrics"},"pageURL":"app://system.gaiamobile.org/index.html","manifestURL":"app://system.gaiamobile.org/manifest.webapp","timezoneOffset":-330,"id":752},{"date":"2020-01-31T06:40:56.196Z","ignoreTimezone":true,"data":{"type":"silentInstall"},"pageURL":"app://system.gaiamobile.org/index.html","manifestURL":"app://system.gaiamobile.org/manifest.webapp","timezoneOffset":-330,"id":753},{"date":"2020-01-31T06:41:11.717Z","ignoreTimezone":true,"timezoneOffset":-330,"id":-14},{"date":"2020-01-31T09:19:03.047Z","ignoreTimezone":true,"data":{"func":"reportingAlarm"},"pageURL":"app://jioservice.jio.com/index.html","manifestURL":"https://api.kai.jiophone.net/v2.0/apps/manifest/GihMv9tGcRfA6i3gqBIH","timezoneOffset":-330,"id":759,"alarmFiredCb":null},{"date":"2020-01-31T10:18:45.797Z","ignoreTimezone":true
01-30 17:41:05.733   453   453 I GeckoDump: XXX FIXME : Got a mozContentEvent: activity-choice
01-30 17:41:05.753   453   453 I FocusManager: << focus() called >>
01-30 17:41:05.753   453   453 I FocusManager:    trying to set focus on, tag: IFRAME, id: browser20, class: browser
01-30 17:41:05.763   453   453 I FocusManager:    current focused element, tag: DIV, id: , class: menu-item p-pri
01-30 17:41:05.763   453   453 I FocusManager: <- blur on, tag: DIV, id: , class: menu-item p-pri
01-30 17:41:05.763   453   453 I FocusManager: -> focus is now on, tag: IFRAME, id: browser20, class: browser
01-30 17:41:05.773 15728 15728 I FocusManager: * WindowRaised *
01-30 17:41:05.773 15728 15728 I FocusManager: -> focus is now on, tag: BUTTON, id: , class: move
01-30 17:41:05.803   453   453 I Gecko   : [BrowserElement] event type: keydown, key: Enter, target: [object HTMLDivElement], class: menu-item p-pri
01-30 17:41:05.833   453   453 I WakeLock: Acquire cpu wakelock
01-30 17:41:05.833   453   453 I Gecko   : XXX FIXME : Dispatch a open-app: undefined
01-30 17:41:05.883 16716 16716 I Gecko   : ######################## extensions.js loaded
01-30 17:41:05.893   453   453 I GeckoConsole: Content JS LOG: [AppUsage] got an event:  activitycreated 
01-30 17:41:05.893   453   453 I GeckoConsole:     at debug (app://system.gaiamobile.org/js/app_usage_metrics.js:141:7)
01-30 17:41:05.923   453   453 I Gecko   : [BrowserElement] event type: keyup, key: Enter, target: [object HTMLIFrameElement], src: app://2ec57ac3-eee0-41a3-9d3f-e1b3e29e617f/splash.html, id: browser20, class: browser
01-30 17:41:05.923 15728 15728 I Gecko   : [BrowserElement] event type: keyup, key: Enter, target: [object HTMLButtonElement], class: move
01-30 17:41:05.943 16716 16716 W Gallery : [JavaScript Warning: "Use of nsIFile in content process is deprecated." {file: "jar:file:///system/b2g/omni.ja!/components/DirectoryProvider.js" line: 9}]
01-30 17:41:05.993   453  5583 V vDM     : utl_persistentdata.c. 1020: [Util] -ps_save
01-30 17:41:05.993   453  5583 V vDM     : src/vdm_smm_static.c. 1249: [SMM] Received Event: DMA_MSG_DM_STARTED
01-30 17:41:05.993   453  5583 V vDM     : /src/vdm_smm_event.c.   63: [SMM] Event name=DMA_MSG_DM_STARTED, variables:
01-30 17:41:05.993   453  5583 V vDM     : /src/vdm_smm_event.c.   84: [SMM] str variable(#1): DMA_VAR_INITIATOR_ID=DMA_W3C_REGID:10
01-30 17:41:05.993   453  5583 V vDM     : /src/vdm_smm_event.c.   92: [SMM] End event: DMA_MSG_DM_STARTED
01-30 17:41:05.993   453  5583 V vDM     : iagnostics_actions.c.   52: [DMC] timestamp: 1580386266, convert to time: 2020-01-30 17:41:06
01-30 17:41:05.993   453  5583 V vDM     : sm_code_DM_SESSION.c.   84: [SMM] Updating var VAR_DURING_DM to 1
01-30 17:41:05.993   453  5583 V vDM     : src/vdm_smm_static.c.  892: [SMM] Posting UI Event B2D_DM_STARTED_UI
01-30 17:41:05.993   453  5583 V vDM     : /src/vdm_smm_event.c.   63: [SMM] Event name=B2D_DM_STARTED_UI, without variables
01-30 17:41:05.993   453  5583 V vDM     : /src/vdm_smm_event.c.   92: [SMM] End event: B2D_DM_STARTED_UI
01-30 17:41:05.993   453  5583 V vDM     : c/main/jni/dmc_app.c.  329: [DMC] !!! sendUiEvent 0xb5f0f14d, B2D_DM_STARTED_UI ...
01-30 17:41:05.993   453  5583 I OmaGecko: ../../../gecko/koost/omaservice/omadmEngineSmm.cpp:158 static void omadmEngineSmm::uiEvent(void*). 
01-30 17:41:05.993   453  5583 I OmaGecko: !!! [@@]uiEvent(158) ...
01-30 17:41:05.993   453  5583 I OmaGecko: ../../../gecko/koost/omaservice/omadmThreadToMain.cpp:53 static void omadmThreadToMain::uiEvent(omadmThreadToMain::omadmEngineState, void*). 
01-30 17:41:05.993   453  5583 I OmaGecko: omadmThreadToMain::uiEvent
01-30 17:41:05.993   453  5583 I OmaGecko: ../../../gecko/koost/omaservice/omadmThreadToMain.cpp:15 omadmThreadToMain::omadmThreadToMain(void*). 
01-30 17:41:05.993   453  5583 I OmaGecko: omadmThreadToMain::omadmThreadToMain new 
01-30 17:41:05.993   453   453 I OmaGecko: ../../../gecko/koost/omaservice/omadmThreadToMain.cpp:158 virtual nsresult omadmThreadToMain::Run(). 
01-30 17:41:05.993   453   453 I OmaGecko: main thread mDataType = 1
01-30 17:41:05.993   453   453 I OmaGecko: ../../../gecko/koost/omaservice/omadmThreadToMain.cpp:161 virtual nsresult omadmThreadToMain::Run(). 
01-30 17:41:05.993   453   453 I OmaGecko: mActData.event =  ---- mActData.event_len = 29
01-30 17:41:05.993   453  5583 V vDM     : src/vdm_smm_static.c. 1097: [SMM] DM_SESSION: SESSION_idle -> SESSION_inProgress
01-30 17:41:05.993   453   453 I Gecko   : OmaService.jsm: registeruiEvent enter
01-30 17:41:05.993   453  5583 V vDM     : src/vdm_smm_static.c. 1270: [SMM] --------- Finished handling event DMA_MSG_DM_STARTED -----------
01-30 17:41:05.993   453   453 I Gecko   : OmaService.jsm: registeruiEvent enter ok
01-30 17:41:05.993   453  5583 V vDM     : src/vdm_smm_static.c. 1249: [SMM] Received Event: SMM_SAVED_TO_PS
01-30 17:41:05.993   453  5583 V vDM     : /src/vdm_smm_event.c.   63: [SMM] Event name=SMM_SAVED_TO_PS, without variables
01-30 17:41:05.993   453  5583 V vDM     : /src/vdm_smm_event.c.   92: [SMM] End event: SMM_SAVED_TO_PS
01-30 17:41:05.993   453  5580 V vDM     : e/rdm/sess/session.c.  799: [Core_Sess] +session: SESS_runSession
01-30 17:41:05.993   453  5580 V vDM     : e/rdm/sess/session.c.  328: [Core_Sess] +session: SESS_initAccount
01-30 17:41:05.993   453  5580 V vDM     : e/rdm/sess/session.c.  404: [Core_Sess] session: SESS_initAccount CONST_DMAcc_Addr = AppAddr/APPSRV/Addr
01-30 17:41:05.993   453  5580 V vDM     : e/rdm/sess/session.c.  414: [Core_Sess] session: SESS_initAccount sessionData->serverUri = https://dmunifiedsolution.jio.com/dm
01-30 17:41:05.993   453  5580 V vDM     : e/rdm/sess/session.c.  423: [Core_Sess] session: SESS_initAccount SESS_getNameFromTree CONST_DMAcc_AAuthLevel_ccred
01-30 17:41:05.993   453  5580 V vDM     : e/rdm/sess/session.c.  452: [Core_Sess] session: SESS_initAccount TREE_findNode DMAcc/callup/AppAddr
01-30 17:41:05.993   453  5580 V vDM     : e/rdm/sess/session.c.  455: [Core_Sess] session: SESS_initAccount pNode AppAddr
01-30 17:41:05.993   453   453 I Gecko   : OmaService.jsm: registeruiEvent uiEvnet to json = {"name":"B2D_DM_STARTED_UI"}
01-30 17:41:05.993   453  5580 V vDM     : e/rdm/sess/session.c.  478: [Core_Sess] session: SESS_initAccount VDM_PL_strjoin CONST_DMAcc_Port
01-30 17:41:05.993   453  5580 V vDM     : e/rdm/sess/session.c.  486: [Core_Sess] session: SESS_initAccount TREE_findNode2: DMAcc/callup/AppAddr/APPSRV/Port
01-30 17:41:05.993   453  5580 V vDM     : e/rdm/sess/session.c.  488: [Core_Sess] session: SESS_initAccount VDM_PL_freeAndNullify
01-30 17:41:05.993   453  5580 V vDM     : e/rdm/sess/session.c.  504: [Core_Sess] session: SESS_initAccount VDM_PL_strjoin CONST_DMAcc_PortNbr
01-30 17:41:05.993   453  5580 V vDM     : e/rdm/sess/session.c.  538: [Core_Sess] session: SESS_initAccount fetchAccountValue accUri
01-30 17:41:05.993   453  5580 V vDM     : e/rdm/sess/session.c.  541: [Core_Sess] session: SESS_initAccount after fetchAccountValue accUri
01-30 17:41:05.993   453  5580 V vDM     : e/rdm/sess/session.c.  549: [Core_Sess] session: SESS_initAccount sessionData->port = -1
01-30 17:41:05.993   453  5580 V vDM     : e/rdm/sess/session.c.  563: [Core_Sess] session: SESS_initAccount fetchTreeValue getDevIdUri
01-30 17:41:05.993   453  5580 V vDM     : /rdm/tree/tree_get.c.  492: [Core_Tree] calling VDM_Tree_ReadExternalCB: inContext=0x0, inOffset=0, outBuffer=0, inBufSize=0
01-30 17:41:05.993   453  5580 V vDM     : 
01-30 17:41:05.993   453  5580 V vDM     : c/main/jni/dmc_app.c.  124: [DMC] !!! +com.redbend.dmc.imei.fun(0xb5f0f589) #0, 0 - 0x0 ...
01-30 17:41:05.993   453  5580 I OmaGecko: ../../../gecko/koost/omaservice/omadmEngineSmm.cpp:201 static int omadmEngineSmm::IPL_getImei(int, char*, int*). 
01-30 17:41:05.993   453  5580 I OmaGecko: !!! [@@]IPL_getImei 911639508335026 - 15 ...
01-30 17:41:05.993   453  5580 I OmaGecko: ../../../gecko/koost/omaservice/omadmEngineSmm.cpp:315 static int omadmEngineSmm::getString(const char*, char*, int*). 
01-30 17:41:05.993   453  5580 I OmaGecko: !!! [@@]getString 911639508335026 - 15 - 911639508335026 - 256 ...
01-30 17:41:05.993   453  5580 V vDM     : c/main/jni/dmc_app.c.  173: [DMC] !!! -com.redbend.dmc.imei.fun(0xb5f0f589) 0x6000, 15 - "[null]" ...
01-30 17:41:05.993   453  5580 V vDM     : /rdm/tree/tree_get.c.  499: [Core_Tree] VDM_Tree_ReadExternalCB returned 0x6000. outDataLen=15, *outBuffer:
01-30 17:41:05.993   453  5580 V vDM     : 
01-30 17:41:05.993   453  5580 I vDM     : src/vdm_utl_logger.c.  511: [Util] [no data]
01-30 17:41:05.993   453  5580 V vDM     : /rdm/tree/tree_get.c.  492: [Core_Tree] calling VDM_Tree_ReadExternalCB: inContext=0x0, inOffset=0, outBuffer=-1518302128, inBufSize=15
01-30 17:41:05.993   453  5580 V vDM     : 
01-30 17:41:05.993   453  5580 V vDM     : c/main/jni/dmc_app.c.  124: [DMC] !!! +com.redbend.dmc.imei.fun(0xb5f0f589) #0, 15 - 0xa5808c50 ...
01-30 17:41:05.993   453  5580 I OmaGecko: ../../../gecko/koost/omaservice/omadmEngineSmm.cpp:201 static int omadmEngineSmm::IPL_getImei(int, char*, int*). 
01-30 17:41:05.993   453  5580 I OmaGecko: !!! [@@]IPL_getImei 911639508335026 - 15 ...
01-30 17:41:05.993   453  5580 I OmaGecko: ../../../gecko/koost/omaservice/omadmEngineSmm.cpp:315 static int omadmEngineSmm::getString(const char*, char*, int*). 
01-30 17:41:05.993   453  5580 I OmaGecko: !!! [@@]getString 911639508335026 - 15 - 911639508335026 - 256 ...
01-30 17:41:05.993   453  5580 V vDM     : c/main/jni/dmc_app.c.  173: [DMC] !!! -com.redbend.dmc.imei.fun(0xb5f0f589) 0x0, 15 - "911639508335026" ...
01-30 17:41:05.993   453  5580 V vDM     : /rdm/tree/tree_get.c.  499: [Core_Tree] VDM_Tree_ReadExternalCB returned 0x0. outDataLen=15, *outBuffer:
01-30 17:41:05.993   453  5580 V vDM     : 
01-30 17:41:05.993   453  5580 I vDM     : src/vdm_utl_logger.c.  561: [Util] 0000  39 31 31 36 33 39 35 30 38 33 33 35 30 32 36     911639508335026
01-30 17:41:05.993   453  5580 V vDM     : e/rdm/sess/session.c.  566: [Core_Sess] session: SESS_initAccount after fetchTreeValue getDevIdUri result = 0
01-30 17:41:05.993   453  5580 V vDM     : e/rdm/sess/session.c.  579: [Core_Sess] -session: SESS_initAccount result = 0
