--------- beginning of system
01-11 10:40:01.999   225   225 I vold    : Vold 3.0 (the awakening) firing up
01-11 10:40:02.009   225   225 V vold    : Detected support for: ext4 vfat
01-11 10:40:04.519   418   418 I irsc_util: Starting irsc tool
01-11 10:40:04.589   418   418 I irsc_util: Num of entries:284
01-11 10:40:04.639   418   418 I irsc_util: Ending irsc tool
01-11 10:40:13.519   225   235 V vold    : Waiting for FUSE to spin up...
01-11 10:40:13.569   225   235 V vold    : Waiting for FUSE to spin up...
01-11 10:40:13.619   225   235 V vold    : Waiting for FUSE to spin up...
01-11 10:40:13.669   225   235 D vold    : Linking /storage/emulated/0 to /mnt/user/0/primary
01-11 10:40:15.399   453   453 I Gecko   : ============ KaiOS device information ============
01-11 10:40:15.399   453   453 I Gecko   : Build UID         = 
01-11 10:40:15.399   453   453 I Gecko   : Build Description = msm8909_512-userdebug 6.0.1 MMB29M eng.mars.20191213.155739 dev-keys
01-11 10:40:15.399   453   453 I Gecko   : Bootloader        = unknown
01-11 10:40:15.399   453   453 I Gecko   : OS Version        = KaiOS 2.5
01-11 10:40:15.399   453   453 I Gecko   : ==================================================
01-30 15:48:34.867  2080  5008 E NetlinkEvent: Unknown ifindex 24 in RTM_DELADDR
01-30 17:32:12.473  2080  5008 E NetlinkEvent: Unknown ifindex 25 in RTM_DELADDR
--------- beginning of main
01-30 17:37:31.913   726   726 D VM_BMS  : For soc=98 batt_temp=299 slope=15400
01-30 17:37:31.913   726   726 D VM_BMS  : For soc=98 batt_temp=299 rbatt_sf=96
01-30 17:37:31.913   726   726 D VM_BMS  : rbatt_mohm_default=138, rbatt_mohm=132, sf=96 batt_temp=299
01-30 17:37:31.913   726   726 D VM_BMS  : For ocv=4137766 batt_temp=299 soc=98
01-30 17:37:31.913   726   726 D VM_BMS  : FIFO=2 fifo_avg=4.187489 rbatt=0.182000 slope=1.540000 ibatt=-0.274596 ocv=4.137766 soc=98 fcc_ah=2.075000 sample_count=128 sample_interval=70 seq_num=136
01-30 17:37:31.913   726   726 D VM_BMS  : For soc=98 batt_temp=299 slope=15400
01-30 17:37:31.913   726   726 D VM_BMS  : For soc=98 batt_temp=299 rbatt_sf=96
01-30 17:37:31.913   726   726 D VM_BMS  : rbatt_mohm_default=138, rbatt_mohm=132, sf=96 batt_temp=299
01-30 17:37:31.913   726   726 D VM_BMS  : For ocv=4138327 batt_temp=299 soc=98
01-30 17:37:31.913   726   726 D VM_BMS  : FIFO=3 fifo_avg=4.193364 rbatt=0.182000 slope=1.540000 ibatt=-0.303943 ocv=4.138327 soc=98 fcc_ah=2.075000 sample_count=128 sample_interval=70 seq_num=136
01-30 17:37:31.913   726   726 D VM_BMS  : For soc=98 batt_temp=299 slope=15400
01-30 17:37:31.913   726   726 D VM_BMS  : For soc=98 batt_temp=299 rbatt_sf=96
01-30 17:37:31.913   726   726 D VM_BMS  : rbatt_mohm_default=138, rbatt_mohm=132, sf=96 batt_temp=299
01-30 17:37:31.913   726   726 D VM_BMS  : For ocv=4138877 batt_temp=299 soc=98
01-30 17:37:31.913   726   726 D VM_BMS  : FIFO=4 fifo_avg=4.192777 rbatt=0.182000 slope=1.540000 ibatt=-0.297665 ocv=4.138877 soc=98 fcc_ah=2.075000 sample_count=128 sample_interval=70 seq_num=136
01-30 17:37:31.913   726   726 I VM_BMS  : power_supply_update: ocv_uv=4138877 ibatt=-297665 soc=98 seq_num=136
01-30 17:37:31.913   726   726 D VM_BMS  : End process_bms_data
01-30 17:37:31.913   726   726 D VM_BMS  : wake_lock released
01-30 17:37:32.813  5463  5463 D wpa_supplicant: wlan0: Control interface command 'SIGNAL_POLL'
01-30 17:37:32.833  5463  5463 D wpa_supplicant: CTRL-DEBUG: global_ctrl_sock-sendto: sock=11 sndbuf=163840 outq=0 send_len=48
01-30 17:37:33.503  2227  2227 E sdcard  : missing packages.list; retrying
01-30 17:37:33.953   425   558 D ThermalEngine: sensor_wait: case_therm Wait done.
01-30 17:37:33.953   425   558 D ThermalEngine: sensor_monitor: case_therm Reading 32000 .
01-30 17:37:33.953   425   558 I ThermalEngine: Sensor:case_therm:32000 mC
01-30 17:37:33.953   425   558 D ThermalEngine: update_active_thresh: case_therm Active(1), Hi(1) 40000, Lo(0) -2147483648, Interval(1) 5000
01-30 17:37:33.953   425   558 D ThermalEngine: sensor_monitor: case_therm Sensor wait.
01-30 17:37:33.953   425   558 D ThermalEngine: sensor_wait: case_therm Wait start. 5000ms
01-30 17:37:35.813  5463  5463 D wpa_supplicant: wlan0: Control interface command 'SIGNAL_POLL'
01-30 17:37:35.843  5463  5463 D wpa_supplicant: CTRL-DEBUG: global_ctrl_sock-sendto: sock=11 sndbuf=163840 outq=0 send_len=48
01-30 17:37:35.943  5463  5463 D wpa_supplicant: wlan0: BSS: Remove id 133 BSSID 02:e1:8c:d0:9a:67 SSID 'DIRECT-gMNDANB00000851msMU' due to wpa_bss_flush_by_age
01-30 17:37:35.943  5463  5463 D wpa_supplicant: CTRL-DEBUG: ctrl_sock-sendmsg: sock=11 sndbuf=163840 outq=0 send_len=44
01-30 17:37:35.943  5463  5463 D wpa_supplicant: CTRL_IFACE monitor sent successfully to /data/misc/wifi/sockets/wpa_ctrl_417-6\x00
01-30 17:37:35.943  5463  5463 D wpa_supplicant: CTRL-DEBUG: ctrl_sock-sendmsg: sock=11 sndbuf=163840 outq=448 send_len=44
01-30 17:37:35.943  5463  5463 D wpa_supplicant: CTRL_IFACE monitor sent successfully to /data/misc/wifi/sockets/wpa_ctrl_453-2\x00
01-30 17:37:35.1349     1     1 I KERNEL  : [ 6601.631409] init: Starting service 'updater-daemon'...
01-30 17:37:35.1386     1     1 I KERNEL  : [ 6601.668231] init: Service 'updater-daemon' (pid 15293) exited with status 127
01-30 17:37:35.1386     1     1 I KERNEL  : [ 6601.668307] init: Service 'updater-daemon' (pid 15293) killing any children in process group
01-30 17:37:35.1521   408   408 I KERNEL  : 
01-30 17:37:35.1521   408   408 I KERNEL  : [ 6601.803703] msm_pm_qos_update_request: update request 100
01-30 17:37:35.1524   492   492 I KERNEL  : [ 6601.806509] msm_isp_close_node: halt timeout rc=0
01-30 17:37:35.1543   492 15310 I KERNEL  : [ 6601.825314] msm_csid_init: CSID_VERSION = 0x30010000
01-30 17:37:35.1544   492 15310 I KERNEL  : [ 6601.826971]  msm_csid_init: Failed in getting TOP gdscr regulator handle
01-30 17:37:35.1553   492 15310 I KERNEL  : 
01-30 17:37:35.1553   492 15310 I KERNEL  : [ 6601.836039] ------------[ cut here ]------------
01-30 17:37:35.1554   492 15310 I KERNEL  : [ 6601.836084] WARNING: at /home/mars/workspace/crm/bb/msm8905/LINUX/android/kernel/fs/sysfs/dir.c:530 sysfs_add_one+0x7c/0x9c()
01-30 17:37:35.1554   492 15310 I KERNEL  : [ 6601.836095] sysfs: cannot create duplicate filename '/devices/soc.0/qcom,rpm-smd.37/rpm-regulator-ldoa6.84/regulator-l6.108/regulator/regulator.13/3-0002-cam_vio'
01-30 17:37:35.1554   492 15310 I KERNEL  : [ 6601.836104] Modules linked in:
01-30 17:37:35.1554   492 15310 I KERNEL  :  wlan(O)
01-30 17:37:35.1554   492 15310 I KERNEL  :  core_ctl(PO)
01-30 17:37:35.1554   492 15310 I KERNEL  : 
01-30 17:37:35.1554   492 15310 I KERNEL  : [ 6601.836130] CPU: 0 PID: 15310 Comm: mct_pipe_start Tainted: P        W  O 3.10.49 #1
01-30 17:37:35.1554   492 15310 I KERNEL  : [ 6601.836156] [<c0013460>] (unwind_backtrace+0x0/0xe0) from [<c00111b8>] (show_stack+0x10/0x14)
01-30 17:37:35.1554   492 15310 I KERNEL  : [ 6601.836178] [<c00111b8>] (show_stack+0x10/0x14) from [<c0020ce0>] (warn_slowpath_common+0x4c/0x6c)
01-30 17:37:35.1554   492 15310 I KERNEL  : [ 6601.836197] [<c0020ce0>] (warn_slowpath_common+0x4c/0x6c) from [<c0020d2c>] (warn_slowpath_fmt+0x2c/0x3c)
01-30 17:37:35.1554   492 15310 I KERNEL  : [ 6601.836215] [<c0020d2c>] (warn_slowpath_fmt+0x2c/0x3c) from [<c014ac90>] (sysfs_add_one+0x7c/0x9c)
01-30 17:37:35.1554   492 15310 I KERNEL  : [ 6601.836235] [<c014ac90>] (sysfs_add_one+0x7c/0x9c) from [<c014b574>] (sysfs_do_create_link_sd+0xfc/0x1cc)
01-30 17:37:35.1554   492 15310 I KERNEL  : [ 6601.836256] [<c014b574>] (sysfs_do_create_link_sd+0xfc/0x1cc) from [<c02f4728>] (create_regulator+0xb8/0x210)
01-30 17:37:35.1554   492 15310 I KERNEL  : [ 6601.836277] [<c02f4728>] (create_regulator+0xb8/0x210) from [<c02f4948>] (_regulator_get+0xc8/0x13c)
01-30 17:37:35.1554   492 15310 I KERNEL  : [ 6601.836298] [<c02f4948>] (_regulator_get+0xc8/0x13c) from [<c04dbaf8>] (msm_camera_config_single_vreg+0x74/0x20c)
01-30 17:37:35.1554   492 15310 I KERNEL  : [ 6601.836319] [<c04dbaf8>] (msm_camera_config_single_vreg+0x74/0x20c) from [<c04e044c>] (msm_camera_power_up+0x290/0x5c8)
01-30 17:37:35.1554   492 15310 I KERNEL  : [ 6601.836339] [<c04e044c>] (msm_camera_power_up+0x290/0x5c8) from [<c04ed294>] (msm_sensor_power_up+0x120/0x14c)
01-30 17:37:35.1554   492 15310 I KERNEL  : [ 6601.836357] [<c04ed294>] (msm_sensor_power_up+0x120/0x14c) from [<c04ecdec>] (msm_sensor_config+0x670/0x8cc)
01-30 17:37:35.1554   492 15310 I KERNEL  : [ 6601.836375] [<c04ecdec>] (msm_sensor_config+0x670/0x8cc) from [<c04ec688>] (msm_sensor_subdev_ioctl+0x88/0xfc)
01-30 17:37:35.1554   492 15310 I KERNEL  : [ 6601.836394] [<c04ec688>] (msm_sensor_subdev_ioctl+0x88/0xfc) from [<c04904bc>] (subdev_do_ioctl+0x6c8/0x72c)
01-30 17:37:35.1554   492 15310 I KERNEL  : [ 6601.836413] [<c04904bc>] (subdev_do_ioctl+0x6c8/0x72c) from [<c048980c>] (video_usercopy+0x2b8/0x40c)
01-30 17:37:35.1554   492 15310 I KERNEL  : [ 6601.836433] [<c048980c>] (video_usercopy+0x2b8/0x40c) from [<c04852e8>] (v4l2_ioctl+0x60/0x124)
01-30 17:37:35.1554   492 15310 I KERNEL  : [ 6601.836453] [<c04852e8>] (v4l2_ioctl+0x60/0x124) from [<c010509c>] (vfs_ioctl+0x28/0x3c)
01-30 17:37:35.1554   492 15310 I KERNEL  : [ 6601.836472] [<c010509c>] (vfs_ioctl+0x28/0x3c) from [<c0105b18>] (do_vfs_ioctl+0x4c0/0x570)
01-30 17:37:35.1554   492 15310 I KERNEL  : [ 6601.836490] [<c0105b18>] (do_vfs_ioctl+0x4c0/0x570) from [<c0105c14>] (SyS_ioctl+0x4c/0x78)
01-30 17:37:35.1554   492 15310 I KERNEL  : [ 6601.836509] [<c0105c14>] (SyS_ioctl+0x4c/0x78) from [<c000d7a0>] (ret_fast_syscall+0x0/0x30)
01-30 17:37:35.1554   492 15310 I KERNEL  : [ 6601.836519] ---[ end trace da227214a82491d9 ]---
01-30 17:37:35.1554   492 15310 I KERNEL  : [ 6601.836535] pm8909_l6: could not add device link 3-0002 err -17
01-30 17:37:35.1554   492 15310 I KERNEL  : [ 6601.836554] pm8909_l6: Failed to create debugfs directory
01-30 17:37:36.213   453   453 I Gecko   : [BrowserElement] event type: keydown, key: Enter, target: [object HTMLIFrameElement], src: app://launcher.gaiamobile.org/index.html, id: browser0, class: browser
01-30 17:37:36.223   453   453 I GeckoConsole: Content JS LOG: [AppUsage] got an event:  active 
01-30 17:37:36.223   453   453 I GeckoConsole:     at debug (app://system.gaiamobile.org/js/app_usage_metrics.js:141:7)
01-30 17:37:36.243  5027  5027 I Gecko   : [BrowserElement] Pause painting on app://launcher.gaiamobile.org/manifest.webapp
01-30 17:37:36.243  5027  5027 I Gecko   : [BrowserElement] event type: keydown, key: Enter, target: [object HTMLDivElement], class: app focusable
01-30 17:37:35.1598   492 15310 I KERNEL  : [ 6601.880672] msm_sensor_config:1321 sensor state 1
01-30 17:37:36.253   453   453 I Gecko   : XXX FIXME : Dispatch a webapps-launch: undefined
01-30 17:37:36.303 15052 15052 I Gecko   : ######################## extensions.js loaded
01-30 17:37:36.353 15052 15052 W MobiFace: [JavaScript Warning: "Use of nsIFile in content process is deprecated." {file: "jar:file:///system/b2g/omni.ja!/components/DirectoryProvider.js" line: 9}]
01-30 17:37:36.383   408   408 W CameraService: doUserSwitch: Received notification of user switch with no updated user IDs.
01-30 17:37:35.1647   408   408 I KERNEL  : [ 6601.929117] msm_pm_qos_update_request: update request -1
01-30 17:37:36.383   453   453 I Gecko   : [BrowserElement] event type: keyup, key: Enter, target: [object HTMLIFrameElement], src: app://launcher.gaiamobile.org/index.html, id: browser0, class: browser
01-30 17:37:36.403  5027  5027 I Gecko   : [BrowserElement] event type: keyup, key: Enter, target: [object HTMLDivElement], class: app focusable
01-30 17:37:36.453   408   408 I CameraService: CameraService::connect call (PID 15052 "gonk.camera", camera ID 0) for HAL version default and Camera API version 1
01-30 17:37:36.453   408   408 I CameraService: onTorchStatusChangedLocked: Torch status changed for cameraId=0, newStatus=0
01-30 17:37:36.453   408   408 W AudioFlinger: acquireAudioSessionId() unknown client 15052 for session 44
01-30 17:37:36.463   408 15303 E FileSource: Failed to open file '/system/media/audio/ui/camera_click.ogg'. (No such file or directory)
01-30 17:37:36.463   408 15303 E GenericSource: Failed to create data source!
01-30 17:37:36.463   408 15301 D NuPlayerDriver: notifyListener_l(0xb8c25170), (100, 1, -2147483648)
01-30 17:37:36.463   408 15301 E MediaPlayer: error (1, -2147483648)
01-30 17:37:36.463   408   408 W AudioFlinger: acquireAudioSessionId() unknown client 15052 for session 45
01-30 17:37:36.463   408 15305 E FileSource: Failed to open file '/system/media/audio/ui/VideoRecord.ogg'. (No such file or directory)
01-30 17:37:36.463   408 15305 E GenericSource: Failed to create data source!
01-30 17:37:36.463   408 15304 D NuPlayerDriver: notifyListener_l(0xb8c1e0a0), (100, 1, -2147483648)
01-30 17:37:36.463   408 15304 E MediaPlayer: error (1, -2147483648)
01-30 17:37:36.463   408   408 W AudioFlinger: acquireAudioSessionId() unknown client 15052 for session 46
01-30 17:37:36.463   408 15307 E FileSource: Failed to open file '/system/media/audio/ui/VideoStop.ogg'. (No such file or directory)
01-30 17:37:36.463   408 15307 E GenericSource: Failed to create data source!
01-30 17:37:36.463   408 15306 D NuPlayerDriver: notifyListener_l(0xb8bf8738), (100, 1, -2147483648)
01-30 17:37:36.463   408 15306 E MediaPlayer: error (1, -2147483648)
01-30 17:37:36.463   408   408 I CameraClient: Opening camera 0
01-30 17:37:36.463   408   408 I QCamera2HWI: static void qcamera::QCamera2HardwareInterface::getLogLevel() gCamHalLogLevel=1
01-30 17:37:36.463   408   408 D QCamera2HWI: [KPI Perf] int qcamera::QCamera2HardwareInterface::openCamera(hw_device_t**): E PROFILE_OPEN_CAMERA camera id 0
01-30 17:37:36.463   408   408 E mm-camera-intf: mm_camera_open: dev name = /dev/video1, cam_idx = 1
01-30 17:37:36.473   492   492 E mm-camera: isp_util_gen_hws_caps: integrating kernel vfe is pending
01-30 17:37:36.473   492   492 E mm-camera: isp_tintless_create: using BG stats for tintless!, isp version = 20
01-30 17:37:36.473   492   492 D mm-camera: isp_tintless_open_version: E: 32
01-30 17:37:36.473   492   492 E mm-camera: c2d_module_init:33 name=c2d
01-30 17:37:36.473   492   492 D mm-camera: c2d_module_init:74: info: C2D module_init successful
01-30 17:37:36.473   492   492 E mm-camera-img: module_imglib_create_topology:649] Can not init the module imglib_chroma_flash
01-30 17:37:36.473   492   492 E mm-camera-img: module_imglib_create_topology:649] Can not init the module imglib_optizoom
01-30 17:37:36.473   492   492 E mm-camera-img: module_imglib_create_topology:649] Can not init the module imglib_ubifocus
01-30 17:37:36.473   492   492 E mm-camera-img: module_imglib_create_topology:649] Can not init the module imglib_trueportrait
01-30 17:37:36.473   492   492 E mm-camera-img: module_imglib_create_topology:649] Can not init the module imglib_fssr
01-30 17:37:36.473   492   492 E mm-camera-img: module_imglib_create_topology:649] Can not init the module imglib_multitouchfocus
01-30 17:37:36.483   408 15309 D QCamera2HWI: static void* qcamera::QCamera2HardwareInterface::defferedWorkRoutine(void*): start data proc
01-30 17:37:36.483   408 15308 D QCameraStateMachine: static void* qcamera::QCameraStateMachine::smEvtProcRoutine(void*): E
01-30 17:37:36.483   492   492 E mm-camera-img: frameproc_comp_load:831] Error opening frameproc library libmmcamera_ubifocus_lib.so
01-30 17:37:36.483   492   492 E mm-camera: module_imgbase_init_imglib_refocus:1442] Error rc -6
01-30 17:37:36.483   492   492 E mm-camera-img: module_imglib_create_topology:649] Can not init the module imglib_refocus
01-30 17:37:36.493   492 15310 D mm-camera: mct_pipeline_start_session_thread thread_id is 15310
01-30 17:37:36.493   492 15311 D mm-camera: mct_pipeline_start_session_thread thread_id is 15311
01-30 17:37:36.493   492 15312 D mm-camera: mct_pipeline_start_session_thread thread_id is 15312
01-30 17:37:36.503   492 15310 E         : _spsensor_sdcard:593 open file1 error
01-30 17:37:36.503   492 15310 E         : 
01-30 17:37:36.503  2227  2227 E sdcard  : missing packages.list; retrying
01-30 17:37:36.503   492 15312 D mm-camera: isp_tintless_open: E: b6e4ff85
01-30 17:37:36.503   492 15312 E         : dmlroc_get_version
01-30 17:37:36.503   492 15312 E mm-camera: isp_tintless_bg_pca_get_version: lib returned version 2.53 err=0
01-30 17:37:36.513   492 15315 D mm-camera: isp_thread_session_task thread_id is 15315
01-30 17:37:36.513   492 15314 D mm-camera: isp_tintless_main_loop thread_id is 15314
01-30 17:37:36.513   492 15313 D mm-camera: mct_pipeline_start_session_thread thread_id is 15313
01-30 17:37:36.523   492 15313 E mm-camera-CORE: af_init: updated HAF func table
01-30 17:37:36.523   492 15313 D mm-camera: gyro_port_init , Enter 
01-30 17:37:36.523   492 15313 D mm-camera: gyro_port_init , EXIT 
01-30 17:37:36.523   492 15316 D mm-camera: mct_pipeline_start_session_thread thread_id is 15316
01-30 17:37:36.523   492 15316 D mm-camera: c2d_module_start_session:350, info: starting session 1
01-30 17:37:36.523   492 15318 D mm-camera: mct_pipeline_start_session_thread thread_id is 15318
01-30 17:37:36.523   492 15318 E mm-camera-img: module_imglib_start_session:1446 ###Img_Loglevel 0
01-30 17:37:36.523   492 15316 D mm-camera: c2d_module_start_session:428, info: session 1 started.
01-30 17:37:36.523   492 15317 D mm-camera: c2d_thread_func:45: c2d_thread entering the polling loop... thread_id is 15317
01-30 17:37:36.593   492   492 I mm-camera-eztune: vendor/qcom/proprietary/mm-camera/mm-camera2/server-tuning/tuning/eztune_interface.cpp(367): "Create Server : 0xb70f23d8"
01-30 17:37:36.593   492   492 I mm-camera-eztune: vendor/qcom/proprietary/mm-camera/mm-camera2/server-tuning/tuning/eztune_interface.cpp(367): "Create Server : 0xb70f3d08"
01-30 17:37:36.593   492 15324 D mm-camera: mct_controller_thread_run thread_id is 15324
01-30 17:37:36.593   408   408 E mm-camera-intf: mm_camera_open:  opened, break out while loop
01-30 17:37:36.603   492 15323 I mm-camera-eztune: vendor/qcom/proprietary/mm-camera/mm-camera2/server-tuning/tuning/eztune_interface.cpp(62): "Server: Waiting on new connection...\n"
01-30 17:37:36.603   408   408 D QCamera2HWI: int qcamera::QCamera2HardwareInterface::openCamera(): enable_4k2k is 0
01-30 17:37:36.603   408   408 D mm-jpeg-intf: jpeg_open gMmCameraJpegLogLevel=1
01-30 17:37:36.613   408   408 E qomx_image_core: OMX_Init:94] Complete 2
01-30 17:37:36.613   492 15322 I mm-camera-eztune: vendor/qcom/proprietary/mm-camera/mm-camera2/server-tuning/tuning/eztune_process.cpp(300): "int eztune::ProcessLayer::GetItemBinarySize() Item Binary Size: 0"
01-30 17:37:36.613   492 15322 W mm-camera-eztune: vendor/qcom/proprietary/mm-camera/mm-camera2/server-tuning/tuning/eztune_process.cpp(388): "No dump file present"
01-30 17:37:36.613   408   408 D QCameraHWI_Mem: void qcamera::QCameraMemory::traceLogAllocStart(size_t, int, const char*) : alloc E count=1 size=1048576
01-30 17:37:36.613   408   408 E QCameraHWI_Mem: void qcamera::QCameraMemory::traceLogAllocStart(size_t, int, const char*):HeapMemsize 1048576
01-30 17:37:36.613   408   408 D QCameraHWI_Mem: void qcamera::QCameraMemory::traceLogAllocStart(size_t, int, const char*) : alloc E count=1 size=1048576
01-30 17:37:36.613   408   408 E QCameraHWI_Mem: void qcamera::QCameraMemory::traceLogAllocStart(size_t, int, const char*):Memsize 1048576
01-30 17:37:36.613   408   408 D QCameraHWI_Mem: int qcamera::QCameraMemory::alloc(int, size_t, unsigned int) : No memory pool available and So allocate new buffer
01-30 17:37:36.613   408   408 D QCameraHWI_Mem: static int qcamera::QCameraMemory::allocOneBuffer(qcamera::QCameraMemory::QCameraMemInfo&, unsigned int, size_t, bool) : ION buffer 1 with size 1048576 allocated
01-30 17:37:36.613   408   408 D QCameraHWI_Mem:  void qcamera::QCameraMemory::traceLogAllocEnd(size_t) : X
01-30 17:37:36.613   408   408 E QCameraHWI_Mem: void qcamera::QCameraMemory::traceLogAllocEnd(size_t) 1048576
01-30 17:37:36.613   408   408 D QCameraHWI_Mem:  void qcamera::QCameraMemory::traceLogAllocEnd(size_t) : X
01-30 17:37:36.623   408   408 E QCameraHWI_Mem: void qcamera::QCameraMemory::traceLogAllocEnd(size_t) 1048576
01-30 17:37:36.623   408   408 D QCameraParameters: int32_t qcamera::QCameraParameters::initDefaultParameters(): supported preview sizes: 1280x960,1280x720,864x480,800x480,768x432,720x480,640x480,480x640,576x432,480x360,384x288,352x288,320x240,240x320,240x160,176x144,144x176,160x120
01-30 17:37:36.623   408   408 D QCameraParameters: int32_t qcamera::QCameraParameters::initDefaultParameters(): supported video sizes: 1280x960,1280x720,864x480,800x480,720x480,640x480,480x640,480x360,352x288,320x240,240x320,176x144,144x176,160x120
01-30 17:37:36.623   408   408 D QCameraParameters: int32_t qcamera::QCameraParameters::initDefaultParameters(): supported pic sizes: 1600x1200,1280x960,1280x768,1280x720,1024x768,800x600,800x480,720x480,640x480,352x288,320x240,176x144,160x120
01-30 17:37:36.623   408   408 D QCameraParameters: int32_t qcamera::QCameraParameters::initDefaultParameters(): supported fps ranges: (15000,15000),(24000,24000),(7500,30000),(30000,30000)
01-30 17:37:36.623   408   408 D QCameraParameters: int32_t qcamera::QCameraParameters::setPreviewFpsRange(int, int, int, int): Updated: minFps = 7500, maxFps = 30000 , vid minFps = 7500, vid maxFps = 30000
01-30 17:37:36.623   408   408 D QCamera2HWI: int qcamera::QCamera2HardwareInterface::calcThermalLevel(qcamera::qcamera_thermal_level_enum_t, int, int, cam_fps_range_t&, msm_vfe_frame_skip_pattern&): level: 0, preview minfps 7500.000000, preview maxfpS 30000.000000, video minfps 7500.000000, video maxfpS 30000.000000
01-30 17:37:36.623   408   408 D QCamera2HWI: int qcamera::QCamera2HardwareInterface::calcThermalLevel(qcamera::qcamera_thermal_level_enum_t, int, int, cam_fps_range_t&, msm_vfe_frame_skip_pattern&): Thermal level 0, FPS [7.50,30.00, 7.50,30.00], frameskip 0
01-30 17:37:36.623   408   408 D QCameraParameters: int32_t qcamera::QCameraParameters::setPreviewFpsRange(int, int, int, int): Thermal adjusted Preview fps range 7.50,30.00, 7.50, 30.00
01-30 17:37:36.623   408   408 D QCameraParameters: int32_t qcamera::QCameraParameters::initDefaultParameters(): supported fps rates: 8,9,10,11,12,13,14,15,16,17,18,19,20,21,22,23,24,25,26,27,28,29,30
01-30 17:37:36.623   408   408 D QCameraParameters: int32_t qcamera::QCameraParameters::setFocusMode(const char*): Setting focus mode fixed
01-30 17:37:36.633   408   408 D QCameraParameters: int32_t qcamera::QCameraParameters::setWhiteBalance(const char*): Setting WhiteBalance value auto
01-30 17:37:36.633   408   408 D QCameraParameters: int32_t qcamera::QCameraParameters::setFlash(const char*): Setting Flash value off
01-30 17:37:36.633   408   408 D QCameraParameters: int32_t qcamera::QCameraParameters::setSceneMode(const char*): Setting SceneMode auto
01-30 17:37:36.633   408   408 D QCameraParameters: int32_t qcamera::QCameraParameters::setISOValue(const char*): Setting ISO value auto
01-30 17:37:36.633   408   408 D QCameraParameters: int32_t qcamera::QCameraParameters::initDefaultParameters(), Exposure time min 0.000000 ms, max 0.000000 ms
01-30 17:37:36.633   408   408 D QCameraParameters: int32_t qcamera::QCameraParameters::initDefaultParameters(), ISO min 0, max 0
01-30 17:37:36.633   408   408 D QCameraParameters: int32_t qcamera::QCameraParameters::setAEBracket(const char*), EXP_BRACKETING_OFF
01-30 17:37:36.633   408   408 D QCameraParameters: int32_t qcamera::QCameraParameters::setDISValue(const char*): Setting DIS value disable
01-30 17:37:36.633   408   408 D QCameraParameters: int32_t qcamera::QCameraParameters::initDefaultParameters(): totalram = 425230336, freeram = 83611648 
01-30 17:37:36.643   408   408 D QCameraParameters: int32_t qcamera::QCameraParameters::setLowPowerMode(const char*): Setting normal Power mode
01-30 17:37:36.643   492 15324 D mm-camera: mct_pipeline_process_set:command=800000e
01-30 17:37:36.643   408   408 D QCameraParameters: int32_t qcamera::QCameraParameters::setNumOfSnapshot(): nBurstNum = 1, nExpnum = 1
01-30 17:37:36.643   408   408 I Thermal-Lib: Thermal-Lib-Client: Registraion successful for camera with handle:1
01-30 17:37:36.643   408   408 I Thermal-Lib: Thermal-Lib-Client: Registraion successful for camcorder with handle:2
01-30 17:37:36.643   408 15308 D QCamera2HWI: int qcamera::QCamera2HardwareInterface::enableMsgType(int32_t) (0xc0d) : mMsgEnabled = 0xc0d
01-30 17:37:36.643   425   602 I ThermalEngine: Thermal-Server: Adding thermal event listener on fd 42
01-30 17:37:36.653   408   408 E         : batterystats service unavailable!
01-30 17:37:36.653   408 15331 I Thermal-Lib: Thermal-Lib-Client: Client received msg camera 0
01-30 17:37:36.653   408 15308 D QCamera2HWI: int qcamera::QCamera2HardwareInterface::calcThermalLevel(qcamera::qcamera_thermal_level_enum_t, int, int, cam_fps_range_t&, msm_vfe_frame_skip_pattern&): level: 0, preview minfps 7500.000000, preview maxfpS 30000.000000, video minfps 7500.000000, video maxfpS 30000.000000
01-30 17:37:36.653   408 15308 D QCamera2HWI: int qcamera::QCamera2HardwareInterface::calcThermalLevel(qcamera::qcamera_thermal_level_enum_t, int, int, cam_fps_range_t&, msm_vfe_frame_skip_pattern&): Thermal level 0, FPS [7.50,30.00, 7.50,30.00], frameskip 0
01-30 17:37:36.653   492 15324 D mm-camera: mct_pipeline_process_set:command=800000e
01-30 17:37:36.653 15052 15297 D GonkNativeWindow: setNewFrameCallback
01-30 17:37:36.653   408 15331 I Thermal-Lib: Thermal-Lib-Client: Client received msg camcorder 0
01-30 17:37:36.653   408 15308 D QCamera2HWI: int qcamera::QCamera2HardwareInterface::calcThermalLevel(qcamera::qcamera_thermal_level_enum_t, int, int, cam_fps_range_t&, msm_vfe_frame_skip_pattern&): level: 0, preview minfps 7500.000000, preview maxfpS 30000.000000, video minfps 7500.000000, video maxfpS 30000.000000
01-30 17:37:36.653   408 15308 D QCamera2HWI: int qcamera::QCamera2HardwareInterface::calcThermalLevel(qcamera::qcamera_thermal_level_enum_t, int, int, cam_fps_range_t&, msm_vfe_frame_skip_pattern&): Thermal level 0, FPS [7.50,30.00, 7.50,30.00], frameskip 0
01-30 17:37:36.653   492 15324 D mm-camera: mct_pipeline_process_set:command=800000e
01-30 17:37:36.663   408 15308 D QCameraParameters: int32_t qcamera::QCameraParameters::setPreviewSize(const qcamera::QCameraParameters&): Requested preview size 1280 x 960
01-30 17:37:36.663   408 15308 D QCameraParameters: int32_t qcamera::QCameraParameters::setVideoSize(const qcamera::QCameraParameters&): Requested video size 1280 x 960
01-30 17:37:36.663   408 15308 D QCameraParameters: int32_t qcamera::QCameraParameters::setPictureSize(const qcamera::QCameraParameters&): Requested picture size 160 x 120
01-30 17:37:36.663   408 15308 D QCameraParameters: void qcamera::QCameraParameters::updateViewAngles(): Final horizViewAngle 54.799999, vertViewAngle 42.500000
01-30 17:37:36.663   408 15308 D QCameraParameters: Param m_bNoDisplayMode = 0
01-30 17:37:36.663   408 15308 D QCameraParameters: int32_t qcamera::QCameraParameters::setPreviewFpsRange(const qcamera::QCameraParameters&): FpsRange Values:(7500, 30000)
01-30 17:37:36.663   408 15308 D QCameraParameters: int32_t qcamera::QCameraParameters::setPreviewFpsRange(const qcamera::QCameraParameters&): Requested FpsRange Values:(7500, 30000)
01-30 17:37:36.663   408 15308 D QCameraParameters: HFR mode is OFF
01-30 17:37:36.663   408 15308 D QCameraParameters: int32_t qcamera::QCameraParameters::setFssr(const qcamera::QCameraParameters&): FSSR is not supported
01-30 17:37:36.663   408 15308 D QCameraParameters: int32_t qcamera::QCameraParameters::setMultiTouchFocus(const qcamera::QCameraParameters&): multi-touch focus is not supported
01-30 17:37:36.663   492 15324 D mm-camera: mct_pipeline_process_set:command=800000e
01-30 17:37:36.673   408 15308 D QCameraParameters: int32_t qcamera::QCameraParameters::setNumOfSnapshot(): nBurstNum = 1, nExpnum = 1
01-30 17:37:36.673   408 15308 D QCameraParameters: int32_t qcamera::QCameraParameters::setPreviewSize(const qcamera::QCameraParameters&): Requested preview size 1280 x 960
01-30 17:37:36.673   408 15308 D QCameraParameters: int32_t qcamera::QCameraParameters::setVideoSize(const qcamera::QCameraParameters&): Requested video size 1280 x 960
01-30 17:37:36.673   408 15308 D QCameraParameters: int32_t qcamera::QCameraParameters::setPictureSize(const qcamera::QCameraParameters&): Requested picture size 160 x 120
01-30 17:37:36.673   408 15308 D QCameraParameters: void qcamera::QCameraParameters::updateViewAngles(): Final horizViewAngle 54.799999, vertViewAngle 42.500000
01-30 17:37:36.673   408 15308 D QCameraParameters: Param m_bNoDisplayMode = 0
01-30 17:37:36.673   408 15308 D QCameraParameters: int32_t qcamera::QCameraParameters::setPreviewFpsRange(const qcamera::QCameraParameters&): FpsRange Values:(7500, 30000)
01-30 17:37:36.673   408 15308 D QCameraParameters: int32_t qcamera::QCameraParameters::setPreviewFpsRange(const qcamera::QCameraParameters&): Requested FpsRange Values:(7500, 30000)
01-30 17:37:36.673   408 15308 D QCameraParameters: HFR mode is OFF
01-30 17:37:36.673   408 15308 D QCameraParameters: int32_t qcamera::QCameraParameters::setFssr(const qcamera::QCameraParameters&): FSSR is not supported
01-30 17:37:36.673   408 15308 D QCameraParameters: int32_t qcamera::QCameraParameters::setMultiTouchFocus(const qcamera::QCameraParameters&): multi-touch focus is not supported
01-30 17:37:36.673   492 15324 D mm-camera: mct_pipeline_process_set:command=800000e
01-30 17:37:36.673   408 15308 D QCameraParameters: int32_t qcamera::QCameraParameters::setNumOfSnapshot(): nBurstNum = 1, nExpnum = 1
01-30 17:37:36.753 15052 15068 E linker  : readlink('/proc/self/fd/36') failed: Invalid argument [fd=36]
01-30 17:37:36.753 15052 15068 E linker  : warning: unable to get realpath for the library "/system/lib/hw/gralloc.msm8909.so". Will use given name.
01-30 17:37:36.763 15052 15068 E linker  : readlink('/proc/self/fd/36') failed: Invalid argument [fd=36]
01-30 17:37:36.763 15052 15068 E linker  : warning: unable to get realpath for the library "libmemalloc.so". Will use given name.
01-30 17:37:36.763 15052 15068 E linker  : readlink('/proc/self/fd/36') failed: Invalid argument [fd=36]
01-30 17:37:36.763 15052 15068 E linker  : warning: unable to get realpath for the library "libqdMetaData.so". Will use given name.
01-30 17:37:36.763 15052 15068 E linker  : readlink('/proc/self/fd/36') failed: Invalid argument [fd=36]
01-30 17:37:36.763 15052 15068 E linker  : warning: unable to get realpath for the library "libqdutils.so". Will use given name.
01-30 17:37:36.763 15052 15068 E linker  : readlink('/proc/self/fd/36') failed: Invalid argument [fd=36]
01-30 17:37:36.763 15052 15068 E linker  : warning: unable to get realpath for the library "libGLESv1_CM.so". Will use given name.
01-30 17:37:36.773 15052 15068 E linker  : readlink('/proc/self/fd/36') failed: Invalid argument [fd=36]
01-30 17:37:36.773 15052 15068 E linker  : warning: unable to get realpath for the library "libqservice.so". Will use given name.
01-30 17:37:36.783   453   453 I FocusManager: << focus() called >>
01-30 17:37:36.783   453   453 I FocusManager:    trying to set focus on, tag: IFRAME, id: browser17, class: browser
01-30 17:37:36.803   453   453 I FocusManager:    current focused element, tag: IFRAME, id: browser0, class: browser
01-30 17:37:36.803   453   453 I FocusManager: <- blur on, tag: IFRAME, id: browser0, class: browser
01-30 17:37:36.803  5027  5027 I FocusManager: <- blur on, tag: DIV, id: , class: app focusable
01-30 17:37:36.803   453   453 I FocusManager: -> focus is now on, tag: IFRAME, id: browser17, class: browser
01-30 17:37:36.823 15052 15052 I FocusManager: * WindowRaised *
01-30 17:37:36.823 15052 15052 I FocusManager: -> focus is now on, NULL, tag: , id: , class: 
01-30 17:37:36.833   453   453 I GeckoConsole: Content JS LOG: [AppUsage] got an event:  appopened 
01-30 17:37:36.833   453   453 I GeckoConsole:     at debug (app://system.gaiamobile.org/js/app_usage_metrics.js:141:7)
01-30 17:37:37.023 15052 15052 W MobiFace: [JavaScript Warning: "Expected color but found '#\30 0bcd452'.  Error in parsing value for 'background-color'.  Declaration dropped." {file: "app://2ec57ac3-eee0-41a3-9d3f-e1b3e29e617f/css/index.css" line: 8 column: 22 source: "    background-color: #00bcd452;"}]
01-30 17:37:37.023 15052 15052 W MobiFace: [JavaScript Warning: "Expected end of value but found ':'.  Error in parsing value for 'display'.  Declaration dropped." {file: "app://2ec57ac3-eee0-41a3-9d3f-e1b3e29e617f/css/index.css" line: 53 column: 19 source: "    display: inline: block;"}]
01-30 17:37:37.253  5027  5027 I FocusManager: << focus() called >>
01-30 17:37:37.253  5027  5027 I FocusManager:    trying to set focus on, tag: DIV, id: , class: app focusable
01-30 17:37:37.253  5027  5027 I FocusManager:    current focused element, NULL, tag: , id: , class: 
01-30 17:37:37.283  5027  5027 I FocusManager: << focus() called >>
01-30 17:37:37.283  5027  5027 I FocusManager:    trying to set focus on, tag: DIV, id: , class: app focusable
01-30 17:37:37.283  5027  5027 I FocusManager:    current focused element, NULL, tag: , id: , class: 
01-30 17:37:37.323 15052 15052 I MobiFace: Content JS LOG: On Load getting called! 
01-30 17:37:37.323 15052 15052 I MobiFace:     at <anonymous> (app://2ec57ac3-eee0-41a3-9d3f-e1b3e29e617f/js/index.js:61:5)
01-30 17:37:37.403 15052 15052 I FocusManager: -> focus is now on, NULL, tag: , id: , class: 
01-30 17:37:37.443 15052 15052 I FocusManager: << focus() called >>
01-30 17:37:37.443 15052 15052 I FocusManager:    trying to set focus on, tag: BUTTON, id: , class: move
01-30 17:37:37.443 15052 15052 I FocusManager:    current focused element, NULL, tag: , id: , class: 
01-30 17:37:37.443 15052 15052 I FocusManager: <- blur on, NULL, tag: , id: , class: 
01-30 17:37:37.443 15052 15052 I FocusManager: -> focus is now on, tag: BUTTON, id: , class: move
01-30 17:37:37.463 15052 15052 W MobiFace: Content JS WARN: NotFoundError 
01-30 17:37:37.463 15052 15052 W MobiFace:     at readFileFromSDCard/request.onerror (app://2ec57ac3-eee0-41a3-9d3f-e1b3e29e617f/js/util.js:92:13)
01-30 17:37:37.463 15052 15052 I MobiFace: Content JS LOG: getLicenseFromServer!!!!!!!!!!!!!!!!!!!!!!!!!!!!!!!!!!! 
01-30 17:37:37.463 15052 15052 I MobiFace:     at checkLicensePresent/request.onerror (app://2ec57ac3-eee0-41a3-9d3f-e1b3e29e617f/js/index.js:187:9)
01-30 17:37:37.483   453   453 I Gecko   : DSF (parent) mtp-watcher-update: mStorageType 'sdcard' mStorageName 'sdcard' mRootDir '' mPath 'Jio/LogsFile.txt' mFile->GetPath '/data/usbmsc_mnt/Jio/LogsFile.txt'
01-30 17:37:37.483   453   453 I MozMtp  : Observe: mtp-watcher-update: file Jio/LogsFile.txt modified
01-30 17:37:37.483   453   453 I Gecko   : DSF (parent) mtp-watcher-update: mStorageType 'sdcard' mStorageName 'sdcard' mRootDir '' mPath 'Jio/LogsFile.txt' mFile->GetPath '/data/usbmsc_mnt/Jio/LogsFile.txt'
01-30 17:37:37.483   453   453 I MozMtp  : Observe: mtp-watcher-update: file Jio/LogsFile.txt modified
01-30 17:37:37.493 15052 15052 I MobiFace: Content JS LOG: File/sdcard/Jio/LogsFile.txt" successfully wrote on the sdcard storage area 
01-30 17:37:37.493 15052 15052 I MobiFace:     at writeFileToSDCard/request.onsuccess (app://2ec57ac3-eee0-41a3-9d3f-e1b3e29e617f/js/util.js:49:9)
01-30 17:37:37.493   453 15338 I MozMtp  : MtpWatcherUpdate: file /data/usbmsc_mnt/Jio/LogsFile.txt modified
01-30 17:37:37.493   453 15338 I MozMtp  : CreateEntryForFileAndNotify: About to call sendObjectAdded Handle 0x00000016 file /data/usbmsc_mnt/Jio
01-30 17:37:37.493   453 15338 I MozMtp  : CreateEntryForFileAndNotify: About to call sendObjectAdded Handle 0x00000017 file /data/usbmsc_mnt/Jio/LogsFile.txt
01-30 17:37:37.493   453 15339 I MozMtp  : MtpWatcherUpdate: file /data/usbmsc_mnt/Jio/LogsFile.txt modified
01-30 17:37:37.493   453 13560 I MozMtp  : getObjectInfo: Handle: 0x00000016 Display:'Jio' Object:'Jio'
01-30 17:37:37.493   453 13560 I MozMtp  : getObjectInfo: aInfo.mDateCreated = 1580386057 entry->mDateCreated = 1580386057
01-30 17:37:37.493   453 13560 I MozMtp  : getObjectInfo: aInfo.mDateModified = 1580386057 entry->mDateModified = 1580386057
01-30 17:37:37.493   453 13560 I MozMtp  : getSupportedObjectProperties: 
01-30 17:37:37.493   453 13560 I MozMtp  : getObjectPropertyValue: Handle: 0x00000016 'Jio' Property: MTP_PROPERTY_OBJECT_SIZE 0x0000dc04
01-30 17:37:37.503   453 13560 I MozMtp  : getObjectInfo: Handle: 0x00000017 Display:'LogsFile.txt' Object:'LogsFile.txt'
01-30 17:37:37.503   453 13560 I MozMtp  : getObjectInfo: aInfo.mDateCreated = 1580386057 entry->mDateCreated = 1580386057
01-30 17:37:37.503   453 13560 I MozMtp  : getObjectInfo: aInfo.mDateModified = 1580386057 entry->mDateModified = 1580386057
01-30 17:37:37.503   453 13560 I MozMtp  : getSupportedObjectProperties: 
01-30 17:37:37.503   453 13560 I MozMtp  : getObjectPropertyValue: Handle: 0x00000017 'LogsFile.txt' Property: MTP_PROPERTY_OBJECT_SIZE 0x0000dc04
01-30 17:37:37.503   453 13560 I MozMtp  : getSupportedObjectProperties: 
01-30 17:37:37.503   453 13560 I MozMtp  : getObjectPropertyValue: Handle: 0x00000016 'Jio' Property: MTP_PROPERTY_OBJECT_SIZE 0x0000dc04
01-30 17:37:37.503 15052 15052 I MobiFace: Content JS LOG: deviceID!!!!!!!!!!!!!!!!!!!!!!!!!!!!!!!!!!!ee473cb24e6c3af9 
01-30 17:37:37.503 15052 15052 I MobiFace:     at getLicenseFromServer/req_device.onsuccess (app://2ec57ac3-eee0-41a3-9d3f-e1b3e29e617f/js/index.js:141:9)
01-30 17:37:37.613   492 15322 E mm-camera-eztune: vendor/qcom/proprietary/mm-camera/mm-camera2/server-tuning/tuning/eztune_cam_adapter.cpp(667): "mct_stream_t* eztune::get_mct_stream(mct_pipeline_t*, eztune::mct_pipeline_get_stream_info_t*): no children"
01-30 17:37:37.613   492 15322 W mm-camera-eztune: vendor/qcom/proprietary/mm-camera/mm-camera2/server-tuning/tuning/eztune_cam_adapter.cpp(719): "Message send ignored as stream or stream state not valid"
01-30 17:37:37.613   492 15322 E mm-camera-eztune: vendor/qcom/proprietary/mm-camera/mm-camera2/server-tuning/tuning/eztune_cam_adapter.cpp(667): "mct_stream_t* eztune::get_mct_stream(mct_pipeline_t*, eztune::mct_pipeline_get_stream_info_t*): no children"
01-30 17:37:37.613   492 15322 W mm-camera-eztune: vendor/qcom/proprietary/mm-camera/mm-camera2/server-tuning/tuning/eztune_cam_adapter.cpp(719): "Message send ignored as stream or stream state not valid"
01-30 17:37:37.613   492 15322 E mm-camera-eztune: vendor/qcom/proprietary/mm-camera/mm-camera2/server-tuning/tuning/eztune_cam_adapter.cpp(667): "mct_stream_t* eztune::get_mct_stream(mct_pipeline_t*, eztune::mct_pipeline_get_stream_info_t*): no children"
01-30 17:37:37.613   492 15322 W mm-camera-eztune: vendor/qcom/proprietary/mm-camera/mm-camera2/server-tuning/tuning/eztune_cam_adapter.cpp(719): "Message send ignored as stream or stream state not valid"
01-30 17:37:37.613   492 15322 E mm-camera-eztune: vendor/qcom/proprietary/mm-camera/mm-camera2/server-tuning/tuning/eztune_cam_adapter.cpp(667): "mct_stream_t* eztune::get_mct_stream(mct_pipeline_t*, eztune::mct_pipeline_get_stream_info_t*): no children"
01-30 17:37:37.613   492 15322 W mm-camera-eztune: vendor/qcom/proprietary/mm-camera/mm-camera2/server-tuning/tuning/eztune_cam_adapter.cpp(719): "Message send ignored as stream or stream state not valid"
01-30 17:37:37.613   492 15322 E mm-camera-eztune: vendor/qcom/proprietary/mm-camera/mm-camera2/server-tuning/tuning/eztune_cam_adapter.cpp(667): "mct_stream_t* eztune::get_mct_stream(mct_pipeline_t*, eztune::mct_pipeline_get_stream_info_t*): no children"
01-30 17:37:37.613   492 15322 W mm-camera-eztune: vendor/qcom/proprietary/mm-camera/mm-camera2/server-tuning/tuning/eztune_cam_adapter.cpp(719): "Message send ignored as stream or stream state not valid"
01-30 17:37:37.613   492 15322 I mm-camera-eztune: vendor/qcom/proprietary/mm-camera/mm-camera2/server-tuning/tuning/eztune_process.cpp(405): "bool eztune::ProcessLayer::Init(eztune_server_t, int):Control Mode Init"
01-30 17:37:37.613   492 15322 I mm-camera-eztune: vendor/qcom/proprietary/mm-camera/mm-camera2/server-tuning/tuning/eztune_interface.cpp(62): "Server: Waiting on new connection...\n"
01-30 17:37:38.093 15052 15052 I MobiFace: Content JS LOG: License Data !!!!!!!!!!!!!!! ARAITVNDX0NPUkUEA8Rg4AEAJbqqvDGwh+zqSbiDg17muDaCFEMEy3dTqQBsdHidhXyr+MW3x5dYYsIRc+afKcac8TnSd/7mC1oomRx6WBzfK0uOy1PS+iSRuKg8EyFCvZGJjFQUlGLyW1VaD6bbwbwkJWriq5fU2p/7DuFga/BqBZ1h7syKR/dUR89UW6EjDQDnDbTPmV3yhCsOdRlqVF6HJRq+rKiJl19aVh8YTo/pMAuXjsvLtMGIow6uRxxXELzw3wI38I1gX3OFcrMhopxe8L2WRidxyN0CEW778e2q88ezTBiB7UnbMxeXetnr8PFRS6x/B35rgMXuymPr1iD7cuoaGhb3PaDeQ+rFNrQ+LQEUDE1TQ19MSVZFTkVTUwQDxGDgAQCfEJ2CeemJNSi+b93W5/RzHsFRsiGBRKUwPIfEAE/f9r/xT+SPt481+M5BJphprWf65gSL5gijXjwQQF6omHW2FHc20ouRfhrQ9zM4ySAPVZq5NmArZl1b2M4RiSeYTDk84J97SAiwggEqayT8iwG8NaQkh7WdmySZx3jf9ZScIdb4t6l+o67xQB64KoNhK5OoztbOmGw7pejIGD9I+ueht3PE1Bw7wZan0myQI+GMQ5Cp9VsW3kM8vBmKN/t4z/rfhSFnAixkAtszv+xTR+bLZHBdOZJFEZko27lLLsqDAnf0tam3ZYaR2KQ1uvGi0Y6C49ZQsiP3nXK6w+sj+Lu8AQ0FVkVSSUYEA8Rg4AEAJxFBABBn+oPXBNIhT+BnC/3dcuamjdZehysg6zkW9wg6jlPuXbK7Ck5bmlpL/lTcJhyDlsGSfQdzLnOQyGIrYNC1fvLeXqRLnQEmKA7hlwZefkkTjhzEPvt+JEhifuJ/NEeMQ8LcbVZIPJLf37POyOrkGbO53D0f1kHNqJPxw4nZis80xWyj3K1IolRbIuaYbbBS3X+Pn56MELnQOxq241JYPmdwLf
01-30 17:37:38.113 15052 15052 W MobiFace: Content JS WARN: NotFoundError 
01-30 17:37:38.113 15052 15052 W MobiFace:     at createLicenseFileOnSDCard/request.onerror (app://2ec57ac3-eee0-41a3-9d3f-e1b3e29e617f/js/util.js:114:13)
01-30 17:37:38.133   453   453 I FocusManager: << focus() called >>
01-30 17:37:38.133   453   453 I FocusManager:    trying to set focus on, tag: DIV, id: , class: content p-ul
01-30 17:37:38.153   453   453 I FocusManager:    current focused element, tag: IFRAME, id: browser17, class: browser
01-30 17:37:38.153   453   453 I FocusManager: <- blur on, tag: IFRAME, id: browser17, class: browser
01-30 17:37:38.153 15052 15052 I FocusManager: <- blur on, tag: BUTTON, id: , class: move
01-30 17:37:38.153   453   453 I FocusManager: -> focus is now on, tag: DIV, id: , class: content p-ul
01-30 17:37:38.213   453   453 I Gecko   : DSF (parent) mtp-watcher-update: mStorageType 'sdcard' mStorageName 'sdcard' mRootDir '' mPath 'Jio/LicenseFile.txt' mFile->GetPath '/data/usbmsc_mnt/Jio/LicenseFile.txt'
01-30 17:37:38.213   453   453 I MozMtp  : Observe: mtp-watcher-update: file Jio/LicenseFile.txt modified
01-30 17:37:38.213   453 15338 I MozMtp  : MtpWatcherUpdate: file /data/usbmsc_mnt/Jio/LicenseFile.txt modified
01-30 17:37:38.213   453 15338 I MozMtp  : CreateEntryForFileAndNotify: About to call sendObjectAdded Handle 0x00000018 file /data/usbmsc_mnt/Jio/LicenseFile.txt
01-30 17:37:38.213   453   453 I Gecko   : DSF (parent) mtp-watcher-update: mStorageType 'sdcard' mStorageName 'sdcard' mRootDir '' mPath 'Jio/LicenseFile.txt' mFile->GetPath '/data/usbmsc_mnt/Jio/LicenseFile.txt'
01-30 17:37:38.213   453   453 I MozMtp  : Observe: mtp-watcher-update: file Jio/LicenseFile.txt modified
01-30 17:37:38.213   453 15339 I MozMtp  : MtpWatcherUpdate: file /data/usbmsc_mnt/Jio/LicenseFile.txt modified
01-30 17:37:38.213   453 13560 I MozMtp  : getObjectInfo: Handle: 0x00000018 Display:'LicenseFile.txt' Object:'LicenseFile.txt'
01-30 17:37:38.213   453 13560 I MozMtp  : getObjectInfo: aInfo.mDateCreated = 1580386058 entry->mDateCreated = 1580386058
01-30 17:37:38.213   453 13560 I MozMtp  : getObjectInfo: aInfo.mDateModified = 1580386058 entry->mDateModified = 1580386058
01-30 17:37:38.213 15052 15052 I MobiFace: Content JS LOG: License File/sdcard/Jio/LicenseFile.txt" successfully wrote on the sdcard storage area 
01-30 17:37:38.213 15052 15052 I MobiFace:     at writeLicenseDataToFile/request.onsuccess (app://2ec57ac3-eee0-41a3-9d3f-e1b3e29e617f/js/util.js:131:9)
01-30 17:37:38.213   453 13560 I MozMtp  : getSupportedObjectProperties: 
01-30 17:37:38.213   453 13560 I MozMtp  : getObjectPropertyValue: Handle: 0x00000018 'LicenseFile.txt' Property: MTP_PROPERTY_OBJECT_SIZE 0x0000dc04
01-30 17:37:38.813  5463  5463 D wpa_supplicant: wlan0: Control interface command 'SIGNAL_POLL'
01-30 17:37:38.833  5463  5463 D wpa_supplicant: CTRL-DEBUG: global_ctrl_sock-sendto: sock=11 sndbuf=163840 outq=0 send_len=48
01-30 17:37:38.953   425   558 D ThermalEngine: sensor_wait: case_therm Wait done.
01-30 17:37:38.953   425   558 D ThermalEngine: sensor_monitor: case_therm Reading 32000 .
01-30 17:37:38.953   425   558 I ThermalEngine: Sensor:case_therm:32000 mC
01-30 17:37:38.953   425   558 D ThermalEngine: update_active_thresh: case_therm Active(1), Hi(1) 40000, Lo(0) -2147483648, Interval(1) 5000
01-30 17:37:38.953   425   558 D ThermalEngine: sensor_monitor: case_therm Sensor wait.
01-30 17:37:38.953   425   558 D ThermalEngine: sensor_wait: case_therm Wait start. 5000ms
01-30 17:37:39.243  5027  5027 I Gecko   : [BrowserElement] Resume painting on app://launcher.gaiamobile.org/manifest.webapp
01-30 17:37:39.503  2227  2227 E sdcard  : missing packages.list; retrying
01-30 17:37:39.863   453   453 I FocusManager: << focus() called >>
01-30 17:37:39.863   453   453 I FocusManager:    trying to set focus on, tag: IFRAME, id: browser17, class: browser
01-30 17:37:39.863   453   453 I FocusManager:    current focused element, tag: DIV, id: , class: content p-ul
01-30 17:37:39.863   453   453 I FocusManager: <- blur on, tag: DIV, id: , class: content p-ul
01-30 17:37:39.873   408 15308 D QCamera2HWI: int qcamera::QCamera2HardwareInterface::disableMsgType(int32_t) (0x10) : mMsgEnabled = 0xc0d
01-30 17:37:39.873   408  1557 D QCamera2HWI: [KPI Perf] static void qcamera::QCamera2HardwareInterface::stop_preview(camera_device*): E PROFILE_STOP_PREVIEW
01-30 17:37:39.873   408 15308 D QCameraStateMachine: int32_t qcamera::QCameraStateMachine::procEvtPreviewStoppedState(qcamera::qcamera_sm_evt_enum_t, void*): already in preview stopped state, do nothing
01-30 17:37:39.873   408  1557 D QCamera2HWI: [KPI Perf] static void qcamera::QCamera2HardwareInterface::stop_preview(camera_device*): X
01-30 17:37:39.873   408 15308 D QCamera2HWI: int qcamera::QCamera2HardwareInterface::disableMsgType(int32_t) (0x10) : mMsgEnabled = 0xc0d
01-30 17:37:39.873   408   408 D QCamera2HWI: [KPI Perf] static void qcamera::QCamera2HardwareInterface::stop_preview(camera_device*): E PROFILE_STOP_PREVIEW
01-30 17:37:39.873   408 15308 D QCameraStateMachine: int32_t qcamera::QCameraStateMachine::procEvtPreviewStoppedState(qcamera::qcamera_sm_evt_enum_t, void*): already in preview stopped state, do nothing
01-30 17:37:39.873   408   408 D QCamera2HWI: [KPI Perf] static void qcamera::QCamera2HardwareInterface::stop_preview(camera_device*): X
01-30 17:37:39.873   408 15308 D QCamera2HWI: int qcamera::QCamera2HardwareInterface::disableMsgType(int32_t) (0xffff) : mMsgEnabled = 0x0
01-30 17:37:39.873   408  1560 D QCamera2HWI: [KPI Perf] static void qcamera::QCamera2HardwareInterface::stop_preview(camera_device*): E PROFILE_STOP_PREVIEW
01-30 17:37:39.873   408 15308 D QCameraStateMachine: int32_t qcamera::QCameraStateMachine::procEvtPreviewStoppedState(qcamera::qcamera_sm_evt_enum_t, void*): already in preview stopped state, do nothing
01-30 17:37:39.873   408  1560 D QCamera2HWI: [KPI Perf] static void qcamera::QCamera2HardwareInterface::stop_preview(camera_device*): X
01-30 17:37:39.873   408  1560 D QCamera2HWI: [KPI Perf] static int qcamera::QCamera2HardwareInterface::cancel_picture(camera_device*): E PROFILE_CANCEL_PICTURE
01-30 17:37:39.873   408 15308 D QCameraStateMachine: int32_t qcamera::QCameraStateMachine::procEvtPreviewStoppedState(qcamera::qcamera_sm_evt_enum_t, void*): No ops for evt(20) in state(0)
01-30 17:37:39.873   408  1560 D QCamera2HWI: [KPI Perf] static int qcamera::QCamera2HardwareInterface::cancel_picture(camera_device*): X
01-30 17:37:39.873   408  1560 I CameraFlashlight: Destroying camera 0
01-30 17:37:39.873   408  1560 D QCamera2HWI: [KPI Perf] static int qcamera::QCamera2HardwareInterface::close_camera_device(hw_device_t*): E
01-30 17:37:39.873   408  1560 D QCamera2HWI: virtual qcamera::QCamera2HardwareInterface::~QCamera2HardwareInterface(): E
01-30 17:37:39.873   408 15309 D QCamera2HWI: static void* qcamera::QCamera2HardwareInterface::defferedWorkRoutine(void*): stop data proc
01-30 17:37:39.873   453   453 I FocusManager: -> focus is now on, tag: IFRAME, id: browser17, class: browser
01-30 17:37:39.873   408 15308 D QCameraStateMachine: static void* qcamera::QCameraStateMachine::smEvtProcRoutine(void*): X
01-30 17:37:39.873   408  1560 D QCamera2HWI: int qcamera::QCamera2HardwareInterface::closeCamera(): E
01-30 17:37:39.883   408  1560 E qomx_image_core: OMX_Deinit:118] Complete
01-30 17:37:39.883   408  1560 E QCameraPostProc: int32_t qcamera::QCameraPostProcessor::deinit(): Jpeg closed, rc = 0, mJpegClientHandle = e00
01-30 17:37:39.883   408  1560 I Thermal-Lib: Thermal-Lib-Client: Unregisteration is successfull for handle:1
01-30 17:37:39.883   425   602 I ThermalEngine: Thermal-Server: removing client on fd 42
01-30 17:37:39.883   408  1560 I Thermal-Lib: Thermal-Lib-Client: Unregisteration is successfull for handle:2
01-30 17:37:39.883   492 15324 D mm-camera: mct_pipeline_process_set:command=800000b
01-30 17:37:39.883   492   492 I mm-camera-eztune: vendor/qcom/proprietary/mm-camera/mm-camera2/server-tuning/tuning/eztune_interface.cpp(381): "Delete Server : 0xb70f23d8"
01-30 17:37:39.883   492 15322 W mm-camera-sensor: vendor/qcom/proprietary/mm-camera/mm-camera2/server-tuning/tuning/mmcam_socket_utils.cpp(318): "Received event from non socket fd"
01-30 17:37:39.883   492 15322 W mm-camera-eztune: vendor/qcom/proprietary/mm-camera/mm-camera2/server-tuning/tuning/eztune_interface.cpp(72): "Stop message. Exiting server thread"
