01-30 17:39:05.683   492 16138 E AEC_PORT: aec_port_save_update:real_gain:1.000000 linecnt:751 exp_idx:224 cur_luma:-2147483648 led_est:1078988209
01-30 17:39:05.683   492 16102 E mm-camera: c2d_thread_handle_process_buf_event:190 input buf index 6
01-30 17:39:05.683   492 16102 E mm-camera: c2d_thread_handle_process_buf_event:207 input vaddr b334a000
01-30 17:39:05.723   492 16102 E mm-camera: c2d_thread_handle_process_buf_event:190 input buf index 4
01-30 17:39:05.733   492 16102 E mm-camera: c2d_thread_handle_process_buf_event:207 input vaddr b342c000
01-30 17:39:05.733   492 16138 E AEC_PORT: aec_port_save_update:real_gain:1.000000 linecnt:751 exp_idx:224 cur_luma:-536870912 led_est:1078988512
01-30 17:39:05.743  7854  7858 D MobiFace:  DEBUG - [event] trackingInfo_cb
01-30 17:39:05.743  7854  7858 D MobiFace:  DEBUG - [event] positionInstruction_cb
01-30 17:39:05.743  7854  7858 D MobiFace:  DEBUG - [event] freeImage_cb
01-30 17:39:05.743  7854  7858 D MobiFace:  DEBUG - pushImage2: 0
01-30 17:39:05.743  7854 15177 D MobiFace:  DEBUG - getPositionInfo
01-30 17:39:05.743  7854  7854 D MobiFace:  DEBUG - getChallenge
01-30 17:39:05.743  7854  7858 D MobiFace:  DEBUG - getChallengeInfo
01-30 17:39:05.743 15728 15728 I GeckoDump: Got analysisResult:0
01-30 17:39:05.743 15728 15728 I GeckoDump: Got analysisInfo:1
01-30 17:39:05.743 15728 15728 I GeckoDump: Got matchScore0
01-30 17:39:05.753 15728 15728 I GeckoDump: Got payload is null
01-30 17:39:05.753 15728 15728 I GeckoDump: Got bestImage is null
01-30 17:39:05.753 15728 16152 D FrServiceClient:  DEBUG - tiem taken: 1.000000
01-30 17:39:05.763  7854 14954 D MobiFace:  DEBUG - frameParams: 6 640 480 720 270
01-30 17:39:05.763 15728 16152 D FrServiceClient:  DEBUG - mobiFace_pushFrame frame 0xacf01000 460800
01-30 17:39:05.763 15728 16152 D FrServiceClient:  DEBUG - IdemiaFrServiceImpl::StartFaceAnalysis: FrServiceClient 460800
01-30 17:39:05.773   492 16102 E mm-camera: c2d_thread_handle_process_buf_event:190 input buf index 5
01-30 17:39:05.773   492 16102 E mm-camera: c2d_thread_handle_process_buf_event:207 input vaddr b33bb000
01-30 17:39:05.783   492 16138 E AEC_PORT: aec_port_save_update:real_gain:1.000000 linecnt:773 exp_idx:225 cur_luma:0 led_est:1079006307
01-30 17:39:05.783  7854  7858 D MobiFace:  DEBUG - pushImage2: 0xb7ae69c8 0xb7ae2f58 0xb44ce008 460800 1 -1213330272 0x52d3eef5
01-30 17:39:05.823   492 16102 E mm-camera: c2d_thread_handle_process_buf_event:190 input buf index 6
01-30 17:39:05.823   492 16102 E mm-camera: c2d_thread_handle_process_buf_event:207 input vaddr b334a000
01-30 17:39:05.833   492 16138 E AEC_PORT: aec_port_save_update:real_gain:1.000000 linecnt:773 exp_idx:225 cur_luma:1073741824 led_est:1079006354
01-30 17:39:05.926     1     1 I KERNEL  : [ 6691.208923] init: Starting service 'updater-daemon'...
01-30 17:39:05.883   492 16102 E mm-camera: c2d_thread_handle_process_buf_event:190 input buf index 4
01-30 17:39:05.883   492 16102 E mm-camera: c2d_thread_handle_process_buf_event:207 input vaddr b342c000
01-30 17:39:05.883   492 16138 E AEC_PORT: aec_port_save_update:real_gain:1.000000 linecnt:773 exp_idx:225 cur_luma:0 led_est:1079006305
01-30 17:39:05.962     1     1 I KERNEL  : [ 6691.244608] init: Service 'updater-daemon' (pid 16154) exited with status 127
01-30 17:39:05.962     1     1 I KERNEL  : [ 6691.244739] init: Service 'updater-daemon' (pid 16154) killing any children in process group
01-30 17:39:05.933   492 16102 E mm-camera: c2d_thread_handle_process_buf_event:190 input buf index 5
01-30 17:39:05.933   492 16138 E AEC_PORT: aec_port_save_update:real_gain:1.000000 linecnt:773 exp_idx:225 cur_luma:1610612736 led_est:1079025487
01-30 17:39:05.933   492 16102 E mm-camera: c2d_thread_handle_process_buf_event:207 input vaddr b33bb000
01-30 17:39:05.933  7854  7858 D MobiFace:  DEBUG - [event] trackingInfo_cb
01-30 17:39:05.933  7854  7858 D MobiFace:  DEBUG - [event] positionInstruction_cb
01-30 17:39:05.933  7854  7858 D MobiFace:  DEBUG - [event] freeImage_cb
01-30 17:39:05.933  7854  7858 D MobiFace:  DEBUG - pushImage2: 0
01-30 17:39:05.933  7854 15177 D MobiFace:  DEBUG - getPositionInfo
01-30 17:39:05.933  7854  7854 D MobiFace:  DEBUG - getChallenge
01-30 17:39:05.933  7854 14954 D MobiFace:  DEBUG - getChallengeInfo
01-30 17:39:05.933 15728 15728 I GeckoDump: Got analysisResult:0
01-30 17:39:05.933 15728 15728 I GeckoDump: Got analysisInfo:1
01-30 17:39:05.933 15728 15728 I GeckoDump: Got matchScore0
01-30 17:39:05.943 15728 15728 I GeckoDump: Got payload is null
01-30 17:39:05.943 15728 15728 I GeckoDump: Got bestImage is null
01-30 17:39:05.953 15728 16152 D FrServiceClient:  DEBUG - tiem taken: 1.000000
01-30 17:39:05.953  7854  7854 D MobiFace:  DEBUG - frameParams: 6 640 480 720 270
01-30 17:39:05.953 15728 16152 D FrServiceClient:  DEBUG - mobiFace_pushFrame frame 0xacb72000 460800
01-30 17:39:05.953 15728 16152 D FrServiceClient:  DEBUG - IdemiaFrServiceImpl::StartFaceAnalysis: FrServiceClient 460800
01-30 17:39:05.973  7854 14954 D MobiFace:  DEBUG - pushImage2: 0xb7ae69c8 0xb7ae2f58 0xb44ce008 460800 1 -1213304712 0x52d6d688
01-30 17:39:05.983   492 16138 E AEC_PORT: aec_port_save_update:real_gain:1.000000 linecnt:773 exp_idx:225 cur_luma:536870912 led_est:1079025283
01-30 17:39:05.983   492 16102 E mm-camera: c2d_thread_handle_process_buf_event:190 input buf index 6
01-30 17:39:05.983   492 16102 E mm-camera: c2d_thread_handle_process_buf_event:207 input vaddr b334a000
01-30 17:39:06.033   492 16138 E AEC_PORT: aec_port_save_update:real_gain:1.000000 linecnt:773 exp_idx:225 cur_luma:0 led_est:1079025833
01-30 17:39:06.033   492 16102 E mm-camera: c2d_thread_handle_process_buf_event:190 input buf index 4
01-30 17:39:06.033   492 16102 E mm-camera: c2d_thread_handle_process_buf_event:207 input vaddr b342c000
01-30 17:39:06.083   492 16097 E         : dmlroc_entry  entering dmlroc_entry
01-30 17:39:06.083   492 16102 E mm-camera: c2d_thread_handle_process_buf_event:190 input buf index 5
01-30 17:39:06.083   492 16102 E mm-camera: c2d_thread_handle_process_buf_event:207 input vaddr b33bb000
01-30 17:39:06.103  7854 14954 D MobiFace:  DEBUG - [event] trackingInfo_cb
01-30 17:39:06.103  7854 14954 D MobiFace:  DEBUG - [event] positionInstruction_cb
01-30 17:39:06.103  7854 14954 D MobiFace:  DEBUG - [event] freeImage_cb
01-30 17:39:06.103  7854 14954 D MobiFace:  DEBUG - pushImage2: 0
01-30 17:39:06.113  7854  7858 D MobiFace:  DEBUG - getPositionInfo
01-30 17:39:06.113  7854 15177 D MobiFace:  DEBUG - getChallenge
01-30 17:39:06.113  7854  7854 D MobiFace:  DEBUG - getChallengeInfo
01-30 17:39:06.113 15728 15728 I GeckoDump: Got analysisResult:0
01-30 17:39:06.113 15728 15728 I GeckoDump: Got analysisInfo:1
01-30 17:39:06.113 15728 15728 I GeckoDump: Got matchScore0
01-30 17:39:06.113 15728 15728 I GeckoDump: Got payload is null
01-30 17:39:06.113 15728 15728 I GeckoDump: Got bestImage is null
01-30 17:39:06.133 15728 16152 D FrServiceClient:  DEBUG - tiem taken: 2.000000
01-30 17:39:06.133   492 16138 E AEC_PORT: aec_port_save_update:real_gain:1.000000 linecnt:773 exp_idx:225 cur_luma:1073741824 led_est:1079025246
01-30 17:39:06.133   492 16102 E mm-camera: c2d_thread_handle_process_buf_event:190 input buf index 6
01-30 17:39:06.133   492 16102 E mm-camera: c2d_thread_handle_process_buf_event:207 input vaddr b334a000
01-30 17:39:06.133  7854 15177 D MobiFace:  DEBUG - frameParams: 6 640 480 720 270
01-30 17:39:06.133 15728 16152 D FrServiceClient:  DEBUG - mobiFace_pushFrame frame 0xacb01000 460800
01-30 17:39:06.133 15728 16152 D FrServiceClient:  DEBUG - IdemiaFrServiceImpl::StartFaceAnalysis: FrServiceClient 460800
01-30 17:39:06.153  7854  7854 D MobiFace:  DEBUG - pushImage2: 0xb7ae69c8 0xb7ae2f58 0xb44ce008 460800 1 -1213331312 0x52d9a282
01-30 17:39:06.183   492 16138 E AEC_PORT: aec_port_save_update:real_gain:1.000000 linecnt:773 exp_idx:225 cur_luma:-1610612736 led_est:1079027053
01-30 17:39:06.183   492 16102 E mm-camera: c2d_thread_handle_process_buf_event:190 input buf index 4
01-30 17:39:06.183   492 16102 E mm-camera: c2d_thread_handle_process_buf_event:207 input vaddr b342c000
01-30 17:39:06.203  5463  5463 D wpa_supplicant: wlan0: Control interface command 'SIGNAL_POLL'
01-30 17:39:06.233   492 16138 E AEC_PORT: aec_port_save_update:real_gain:1.000000 linecnt:773 exp_idx:225 cur_luma:-2147483648 led_est:1079027286
01-30 17:39:06.233   492 16102 E mm-camera: c2d_thread_handle_process_buf_event:190 input buf index 5
01-30 17:39:06.233   492 16102 E mm-camera: c2d_thread_handle_process_buf_event:207 input vaddr b33bb000
01-30 17:39:06.233  5463  5463 D wpa_supplicant: CTRL-DEBUG: global_ctrl_sock-sendto: sock=11 sndbuf=163840 outq=0 send_len=48
01-30 17:39:06.283   492 16138 E AEC_PORT: aec_port_save_update:real_gain:1.000000 linecnt:773 exp_idx:225 cur_luma:-1073741824 led_est:1079027315
01-30 17:39:06.283   492 16102 E mm-camera: c2d_thread_handle_process_buf_event:190 input buf index 6
01-30 17:39:06.283   492 16102 E mm-camera: c2d_thread_handle_process_buf_event:207 input vaddr b334a000
01-30 17:39:06.303  7854  7854 D MobiFace:  DEBUG - [event] trackingInfo_cb
01-30 17:39:06.303  7854  7854 D MobiFace:  DEBUG - [event] positionInstruction_cb
01-30 17:39:06.303  7854  7854 D MobiFace:  DEBUG - [event] freeImage_cb
01-30 17:39:06.303  7854  7854 D MobiFace:  DEBUG - pushImage2: 0
01-30 17:39:06.303  7854  7854 D MobiFace:  DEBUG - getPositionInfo
01-30 17:39:06.303  7854  7854 D MobiFace:  DEBUG - getChallenge
01-30 17:39:06.303  7854  7854 D MobiFace:  DEBUG - getChallengeInfo
01-30 17:39:06.303 15728 15728 I GeckoDump: Got analysisResult:0
01-30 17:39:06.303 15728 15728 I GeckoDump: Got analysisInfo:1
01-30 17:39:06.303 15728 15728 I GeckoDump: Got matchScore0
01-30 17:39:06.303 15728 15728 I GeckoDump: Got payload is null
01-30 17:39:06.303 15728 15728 I GeckoDump: Got bestImage is null
01-30 17:39:06.313 15728 16152 D FrServiceClient:  DEBUG - tiem taken: 2.000000
01-30 17:39:06.313  7854 15177 D MobiFace:  DEBUG - frameParams: 6 640 480 720 270
01-30 17:39:06.313 15728 16152 D FrServiceClient:  DEBUG - mobiFace_pushFrame frame 0xacf01000 460800
01-30 17:39:06.313 15728 16152 D FrServiceClient:  DEBUG - IdemiaFrServiceImpl::StartFaceAnalysis: FrServiceClient 460800
01-30 17:39:06.333   492 16102 E mm-camera: c2d_thread_handle_process_buf_event:190 input buf index 4
01-30 17:39:06.333   492 16102 E mm-camera: c2d_thread_handle_process_buf_event:207 input vaddr b342c000
01-30 17:39:06.333   492 16138 E AEC_PORT: aec_port_save_update:real_gain:1.000000 linecnt:773 exp_idx:225 cur_luma:1073741824 led_est:1079027317
01-30 17:39:06.333  7854  7858 D MobiFace:  DEBUG - pushImage2: 0xb7ae69c8 0xb7ae2f58 0xb44ce008 460800 1 -1213330272 0x52dc603f
01-30 17:39:06.383   492 16138 E AEC_PORT: aec_port_save_update:real_gain:1.000000 linecnt:773 exp_idx:225 cur_luma:1073741824 led_est:1079027083
01-30 17:39:06.383   492 16102 E mm-camera: c2d_thread_handle_process_buf_event:190 input buf index 5
01-30 17:39:06.383   492 16102 E mm-camera: c2d_thread_handle_process_buf_event:207 input vaddr b33bb000
01-30 17:39:06.433   492 16138 E AEC_PORT: aec_port_save_update:real_gain:1.000000 linecnt:773 exp_idx:225 cur_luma:0 led_est:1079027151
01-30 17:39:06.433   492 16102 E mm-camera: c2d_thread_handle_process_buf_event:190 input buf index 6
01-30 17:39:06.433   492 16102 E mm-camera: c2d_thread_handle_process_buf_event:207 input vaddr b334a000
01-30 17:39:06.473  7854  7858 D MobiFace:  DEBUG - [event] trackingInfo_cb
01-30 17:39:06.473  7854  7858 D MobiFace:  DEBUG - [event] positionInstruction_cb
01-30 17:39:06.473  7854  7858 D MobiFace:  DEBUG - [event] freeImage_cb
01-30 17:39:06.473  7854  7858 D MobiFace:  DEBUG - pushImage2: 0
01-30 17:39:06.473  7854 14954 D MobiFace:  DEBUG - getPositionInfo
01-30 17:39:06.473  7854  7854 D MobiFace:  DEBUG - getChallenge
01-30 17:39:06.473  7854 15177 D MobiFace:  DEBUG - getChallengeInfo
01-30 17:39:06.473 15728 15728 I GeckoDump: Got analysisResult:0
01-30 17:39:06.483 15728 15728 I GeckoDump: Got analysisInfo:1
01-30 17:39:06.483 15728 15728 I GeckoDump: Got matchScore0
01-30 17:39:06.483 15728 15728 I GeckoDump: Got payload is null
01-30 17:39:06.483 15728 15728 I GeckoDump: Got bestImage is null
01-30 17:39:06.483   492 16102 E mm-camera: c2d_thread_handle_process_buf_event:190 input buf index 4
01-30 17:39:06.483   492 16102 E mm-camera: c2d_thread_handle_process_buf_event:207 input vaddr b342c000
01-30 17:39:06.483   492 16138 E AEC_PORT: aec_port_save_update:real_gain:1.000000 linecnt:773 exp_idx:225 cur_luma:1610612736 led_est:1079027392
01-30 17:39:06.493 15728 16152 D FrServiceClient:  DEBUG - tiem taken: 2.000000
01-30 17:39:06.493  7854  7854 D MobiFace:  DEBUG - frameParams: 6 640 480 720 270
01-30 17:39:06.493 15728 16152 D FrServiceClient:  DEBUG - mobiFace_pushFrame frame 0xacb72000 460800
01-30 17:39:06.493 15728 16152 D FrServiceClient:  DEBUG - IdemiaFrServiceImpl::StartFaceAnalysis: FrServiceClient 460800
01-30 17:39:06.513  2227  2227 E sdcard  : missing packages.list; retrying
01-30 17:39:06.523  7854 15177 D MobiFace:  DEBUG - pushImage2: 0xb7ae69c8 0xb7ae2f58 0xb44ce008 460800 1 -1213303792 0x52df47db
01-30 17:39:06.533   492 16138 E AEC_PORT: aec_port_save_update:real_gain:1.000000 linecnt:773 exp_idx:225 cur_luma:-536870912 led_est:1079027179
01-30 17:39:06.533   492 16102 E mm-camera: c2d_thread_handle_process_buf_event:190 input buf index 5
01-30 17:39:06.533   492 16102 E mm-camera: c2d_thread_handle_process_buf_event:207 input vaddr b33bb000
01-30 17:39:06.583   492 16097 E         : dmlroc_entry  entering dmlroc_entry
01-30 17:39:06.583   492 16102 E mm-camera: c2d_thread_handle_process_buf_event:190 input buf index 6
01-30 17:39:06.583   492 16102 E mm-camera: c2d_thread_handle_process_buf_event:207 input vaddr b334a000
01-30 17:39:06.643   492 16138 E AEC_PORT: aec_port_save_update:real_gain:1.000000 linecnt:773 exp_idx:225 cur_luma:1610612736 led_est:1079027160
01-30 17:39:06.643   492 16102 E mm-camera: c2d_thread_handle_process_buf_event:190 input buf index 4
01-30 17:39:06.643   492 16102 E mm-camera: c2d_thread_handle_process_buf_event:207 input vaddr b342c000
01-30 17:39:06.673  7854 15177 D MobiFace:  DEBUG - [event] trackingInfo_cb
01-30 17:39:06.673  7854 15177 D MobiFace:  DEBUG - [event] positionInstruction_cb
01-30 17:39:06.673  7854 15177 D MobiFace:  DEBUG - [event] freeImage_cb
01-30 17:39:06.673  7854 15177 D MobiFace:  DEBUG - pushImage2: 0
01-30 17:39:06.673  7854  7858 D MobiFace:  DEBUG - getPositionInfo
01-30 17:39:06.673  7854 14954 D MobiFace:  DEBUG - getChallenge
01-30 17:39:06.673  7854  7854 D MobiFace:  DEBUG - getChallengeInfo
01-30 17:39:06.673 15728 15728 I GeckoDump: Got analysisResult:0
01-30 17:39:06.673 15728 15728 I GeckoDump: Got analysisInfo:1
01-30 17:39:06.673 15728 15728 I GeckoDump: Got matchScore0
01-30 17:39:06.683 15728 15728 I GeckoDump: Got payload is null
01-30 17:39:06.683 15728 15728 I GeckoDump: Got bestImage is null
01-30 17:39:06.683 15728 16152 D FrServiceClient:  DEBUG - tiem taken: 2.000000
01-30 17:39:06.683  7854 14954 D MobiFace:  DEBUG - frameParams: 6 640 480 720 270
01-30 17:39:06.683 15728 16152 D FrServiceClient:  DEBUG - mobiFace_pushFrame frame 0xacb01000 460800
01-30 17:39:06.683 15728 16152 D FrServiceClient:  DEBUG - IdemiaFrServiceImpl::StartFaceAnalysis: FrServiceClient 460800
01-30 17:39:06.693   492 16102 E mm-camera: c2d_thread_handle_process_buf_event:190 input buf index 5
01-30 17:39:06.693   492 16102 E mm-camera: c2d_thread_handle_process_buf_event:207 input vaddr b33bb000
01-30 17:39:06.693   492 16138 E AEC_PORT: aec_port_save_update:real_gain:1.000000 linecnt:773 exp_idx:225 cur_luma:-536870912 led_est:1079028562
01-30 17:39:06.713  7854  7854 D MobiFace:  DEBUG - pushImage2: 0xb7ae69c8 0xb7ae2f58 0xb44ce008 460800 1 -1213331312 0x52e233ab
01-30 17:39:06.743   492 16138 E AEC_PORT: aec_port_save_update:real_gain:1.000000 linecnt:773 exp_idx:225 cur_luma:1073741824 led_est:1079028410
01-30 17:39:06.743   492 16102 E mm-camera: c2d_thread_handle_process_buf_event:190 input buf index 6
01-30 17:39:06.743   492 16102 E mm-camera: c2d_thread_handle_process_buf_event:207 input vaddr b334a000
01-30 17:39:06.793   492 16138 E AEC_PORT: aec_port_save_update:real_gain:1.000000 linecnt:773 exp_idx:225 cur_luma:-1610612736 led_est:1079028552
01-30 17:39:06.793   492 16102 E mm-camera: c2d_thread_handle_process_buf_event:190 input buf index 4
01-30 17:39:06.793   492 16102 E mm-camera: c2d_thread_handle_process_buf_event:207 input vaddr b342c000
01-30 17:39:06.843   492 16138 E AEC_PORT: aec_port_save_update:real_gain:1.000000 linecnt:773 exp_idx:225 cur_luma:-2147483648 led_est:1079028511
01-30 17:39:06.843   492 16102 E mm-camera: c2d_thread_handle_process_buf_event:190 input buf index 5
01-30 17:39:06.843   492 16102 E mm-camera: c2d_thread_handle_process_buf_event:207 input vaddr b33bb000
01-30 17:39:06.853  7854  7854 D MobiFace:  DEBUG - [event] trackingInfo_cb
01-30 17:39:06.853  7854  7854 D MobiFace:  DEBUG - [event] positionInstruction_cb
01-30 17:39:06.853  7854  7854 D MobiFace:  DEBUG - [event] freeImage_cb
01-30 17:39:06.853  7854  7854 D MobiFace:  DEBUG - pushImage2: 0
01-30 17:39:06.853  7854 15177 D MobiFace:  DEBUG - getPositionInfo
01-30 17:39:06.853  7854  7858 D MobiFace:  DEBUG - getChallenge
01-30 17:39:06.853  7854 14954 D MobiFace:  DEBUG - getChallengeInfo
01-30 17:39:06.863 15728 15728 I GeckoDump: Got analysisResult:0
01-30 17:39:06.863 15728 15728 I GeckoDump: Got analysisInfo:1
01-30 17:39:06.863 15728 15728 I GeckoDump: Got matchScore0
01-30 17:39:06.863 15728 15728 I GeckoDump: Got payload is null
01-30 17:39:06.863 15728 15728 I GeckoDump: Got bestImage is null
01-30 17:39:06.873 15728 16152 D FrServiceClient:  DEBUG - tiem taken: 2.000000
01-30 17:39:06.873  7854 14954 D MobiFace:  DEBUG - frameParams: 6 640 480 720 270
01-30 17:39:06.873 15728 16152 D FrServiceClient:  DEBUG - mobiFace_pushFrame frame 0xacf01000 460800
01-30 17:39:06.873 15728 16152 D FrServiceClient:  DEBUG - IdemiaFrServiceImpl::StartFaceAnalysis: FrServiceClient 460800
01-30 17:39:06.883  7854 15177 D MobiFace:  DEBUG - pushImage2: 0xb7ae69c8 0xb7ae2f58 0xb44ce008 460800 1 -1213303792 0x52e4c084
01-30 17:39:06.893   492 16138 E AEC_PORT: aec_port_save_update:real_gain:1.000000 linecnt:773 exp_idx:225 cur_luma:1610612736 led_est:1079028614
01-30 17:39:06.893   492 16102 E mm-camera: c2d_thread_handle_process_buf_event:190 input buf index 6
01-30 17:39:06.893   492 16102 E mm-camera: c2d_thread_handle_process_buf_event:207 input vaddr b334a000
01-30 17:39:06.943   492 16138 E AEC_PORT: aec_port_save_update:real_gain:1.000000 linecnt:773 exp_idx:225 cur_luma:-1610612736 led_est:1079028478
01-30 17:39:06.943   492 16102 E mm-camera: c2d_thread_handle_process_buf_event:190 input buf index 4
01-30 17:39:06.943   492 16102 E mm-camera: c2d_thread_handle_process_buf_event:207 input vaddr b342c000
01-30 17:39:06.983  7854 15177 D MobiFace:  DEBUG - [event] trackingInfo_cb
01-30 17:39:06.983  7854 15177 D MobiFace:  DEBUG - [event] positionInstruction_cb
01-30 17:39:06.983  7854 15177 D MobiFace:  DEBUG - [event] freeImage_cb
01-30 17:39:06.993  7854 15177 D MobiFace:  DEBUG - pushImage2: 0
01-30 17:39:06.993  7854  7854 D MobiFace:  DEBUG - getPositionInfo
01-30 17:39:06.993  7854  7858 D MobiFace:  DEBUG - getChallenge
01-30 17:39:06.993  7854 14954 D MobiFace:  DEBUG - getChallengeInfo
01-30 17:39:06.993 15728 15728 I GeckoDump: Got analysisResult:0
01-30 17:39:06.993 15728 15728 I GeckoDump: Got analysisInfo:1
01-30 17:39:06.993 15728 15728 I GeckoDump: Got matchScore0
01-30 17:39:06.993 15728 15728 I GeckoDump: Got payload is null
01-30 17:39:06.993 15728 15728 I GeckoDump: Got bestImage is null
01-30 17:39:06.993   492 16102 E mm-camera: c2d_thread_handle_process_buf_event:190 input buf index 5
01-30 17:39:06.993   492 16102 E mm-camera: c2d_thread_handle_process_buf_event:207 input vaddr b33bb000
01-30 17:39:06.993   492 16138 E AEC_PORT: aec_port_save_update:real_gain:1.000000 linecnt:773 exp_idx:225 cur_luma:1073741824 led_est:1079028754
01-30 17:39:07.003 15728 16152 D FrServiceClient:  DEBUG - tiem taken: 3.000000
01-30 17:39:07.003  7854  7858 D MobiFace:  DEBUG - frameParams: 6 640 480 720 270
01-30 17:39:07.003 15728 16152 D FrServiceClient:  DEBUG - mobiFace_pushFrame frame 0xacb72000 460800
01-30 17:39:07.003 15728 16152 D FrServiceClient:  DEBUG - IdemiaFrServiceImpl::StartFaceAnalysis: FrServiceClient 460800
01-30 17:39:07.023  7854 14954 D MobiFace:  DEBUG - pushImage2: 0xb7ae69c8 0xb7ae2f58 0xb44ce008 460800 1 -1213304712 0x52e6e5ff
01-30 17:39:07.043   492 16138 E AEC_PORT: aec_port_save_update:real_gain:1.000000 linecnt:773 exp_idx:225 cur_luma:-2147483648 led_est:1079028619
01-30 17:39:07.043   492 16102 E mm-camera: c2d_thread_handle_process_buf_event:190 input buf index 6
01-30 17:39:07.043   492 16102 E mm-camera: c2d_thread_handle_process_buf_event:207 input vaddr b334a000
01-30 17:39:07.093   492 16097 E         : dmlroc_entry  entering dmlroc_entry
01-30 17:39:07.093   492 16102 E mm-camera: c2d_thread_handle_process_buf_event:190 input buf index 4
01-30 17:39:07.093   492 16102 E mm-camera: c2d_thread_handle_process_buf_event:207 input vaddr b342c000
01-30 17:39:07.143   492 16138 E AEC_PORT: aec_port_save_update:real_gain:1.000000 linecnt:773 exp_idx:225 cur_luma:-1610612736 led_est:1079028409
01-30 17:39:07.143   492 16102 E mm-camera: c2d_thread_handle_process_buf_event:190 input buf index 5
01-30 17:39:07.143   492 16102 E mm-camera: c2d_thread_handle_process_buf_event:207 input vaddr b33bb000
01-30 17:39:07.163  7854 14954 D MobiFace:  DEBUG - [event] trackingInfo_cb
01-30 17:39:07.163  7854 14954 D MobiFace:  DEBUG - [event] positionInstruction_cb
01-30 17:39:07.163  7854 14954 D MobiFace:  DEBUG - [event] freeImage_cb
01-30 17:39:07.163  7854 14954 D MobiFace:  DEBUG - pushImage2: 0
01-30 17:39:07.163  7854 15177 D MobiFace:  DEBUG - getPositionInfo
01-30 17:39:07.163  7854  7854 D MobiFace:  DEBUG - getChallenge
01-30 17:39:07.163  7854  7858 D MobiFace:  DEBUG - getChallengeInfo
01-30 17:39:07.163 15728 15728 I GeckoDump: Got analysisResult:0
01-30 17:39:07.163 15728 15728 I GeckoDump: Got analysisInfo:1
01-30 17:39:07.163 15728 15728 I GeckoDump: Got matchScore0
01-30 17:39:07.163 15728 15728 I GeckoDump: Got payload is null
01-30 17:39:07.163 15728 15728 I GeckoDump: Got bestImage is null
01-30 17:39:07.173 15728 16152 D FrServiceClient:  DEBUG - tiem taken: 3.000000
01-30 17:39:07.173  7854  7854 D MobiFace:  DEBUG - frameParams: 6 640 480 720 270
01-30 17:39:07.173 15728 16152 D FrServiceClient:  DEBUG - mobiFace_pushFrame frame 0xacb01000 460800
01-30 17:39:07.173 15728 16152 D FrServiceClient:  DEBUG - IdemiaFrServiceImpl::StartFaceAnalysis: FrServiceClient 460800
01-30 17:39:07.193  7854  7858 D MobiFace:  DEBUG - pushImage2: 0xb7ae69c8 0xb7ae2f58 0xb44ce008 460800 1 -1213330272 0x52e98505
01-30 17:39:07.203   492 16138 E AEC_PORT: aec_port_save_update:real_gain:1.000000 linecnt:773 exp_idx:225 cur_luma:1610612736 led_est:1079027831
01-30 17:39:07.203   492 16102 E mm-camera: c2d_thread_handle_process_buf_event:190 input buf index 6
01-30 17:39:07.203   492 16102 E mm-camera: c2d_thread_handle_process_buf_event:207 input vaddr b334a000
01-30 17:39:07.243   492 16138 E AEC_PORT: aec_port_save_update:real_gain:1.000000 linecnt:773 exp_idx:225 cur_luma:0 led_est:1079028119
01-30 17:39:07.253   492 16102 E mm-camera: c2d_thread_handle_process_buf_event:190 input buf index 4
01-30 17:39:07.253   492 16102 E mm-camera: c2d_thread_handle_process_buf_event:207 input vaddr b342c000
01-30 17:39:07.293   492 16102 E mm-camera: c2d_thread_handle_process_buf_event:190 input buf index 5
01-30 17:39:07.293   492 16102 E mm-camera: c2d_thread_handle_process_buf_event:207 input vaddr b33bb000
01-30 17:39:07.303   492 16138 E AEC_PORT: aec_port_save_update:real_gain:1.000000 linecnt:773 exp_idx:225 cur_luma:-536870912 led_est:1079027993
01-30 17:39:07.333  7854  7858 D MobiFace:  DEBUG - [event] trackingInfo_cb
01-30 17:39:07.333  7854  7858 D MobiFace:  DEBUG - [event] positionInstruction_cb
01-30 17:39:07.333  7854  7858 D MobiFace:  DEBUG - [event] freeImage_cb
01-30 17:39:07.333  7854  7858 D MobiFace:  DEBUG - pushImage2: 0
01-30 17:39:07.333  7854  7858 D MobiFace:  DEBUG - getPositionInfo
01-30 17:39:07.333  7854  7858 D MobiFace:  DEBUG - getChallenge
01-30 17:39:07.333  7854  7858 D MobiFace:  DEBUG - getChallengeInfo
01-30 17:39:07.333 15728 15728 I GeckoDump: Got analysisResult:0
01-30 17:39:07.333 15728 15728 I GeckoDump: Got analysisInfo:1
01-30 17:39:07.333 15728 15728 I GeckoDump: Got matchScore0
01-30 17:39:07.333 15728 15728 I GeckoDump: Got payload is null
01-30 17:39:07.333 15728 15728 I GeckoDump: Got bestImage is null
01-30 17:39:07.343 15728 16152 D FrServiceClient:  DEBUG - tiem taken: 3.000000
01-30 17:39:07.343  7854  7854 D MobiFace:  DEBUG - frameParams: 6 640 480 720 270
01-30 17:39:07.343 15728 16152 D FrServiceClient:  DEBUG - mobiFace_pushFrame frame 0xacf01000 460800
01-30 17:39:07.343 15728 16152 D FrServiceClient:  DEBUG - IdemiaFrServiceImpl::StartFaceAnalysis: FrServiceClient 460800
01-30 17:39:07.353   492 16138 E AEC_PORT: aec_port_save_update:real_gain:1.000000 linecnt:773 exp_idx:225 cur_luma:1610612736 led_est:1079027978
01-30 17:39:07.353   492 16102 E mm-camera: c2d_thread_handle_process_buf_event:190 input buf index 6
01-30 17:39:07.353   492 16102 E mm-camera: c2d_thread_handle_process_buf_event:207 input vaddr b334a000
01-30 17:39:07.363  7854 15177 D MobiFace:  DEBUG - pushImage2: 0xb7ae69c8 0xb7ae2f58 0xb44ce008 460800 1 -1213303792 0x52ec033c
01-30 17:39:07.403   492 16138 E AEC_PORT: aec_port_save_update:real_gain:1.000000 linecnt:773 exp_idx:225 cur_luma:1610612736 led_est:1079027853
01-30 17:39:07.403   492 16102 E mm-camera: c2d_thread_handle_process_buf_event:190 input buf index 4
01-30 17:39:07.403   492 16102 E mm-camera: c2d_thread_handle_process_buf_event:207 input vaddr b342c000
01-30 17:39:07.453   492 16138 E AEC_PORT: aec_port_save_update:real_gain:1.000000 linecnt:773 exp_idx:225 cur_luma:1610612736 led_est:1079027940
01-30 17:39:07.453   492 16102 E mm-camera: c2d_thread_handle_process_buf_event:190 input buf index 5
01-30 17:39:07.453   492 16102 E mm-camera: c2d_thread_handle_process_buf_event:207 input vaddr b33bb000
01-30 17:39:07.503   492 16138 E AEC_PORT: aec_port_save_update:real_gain:1.000000 linecnt:773 exp_idx:225 cur_luma:0 led_est:1079027381
01-30 17:39:07.503   492 16102 E mm-camera: c2d_thread_handle_process_buf_event:190 input buf index 6
01-30 17:39:07.503   492 16102 E mm-camera: c2d_thread_handle_process_buf_event:207 input vaddr b334a000
01-30 17:39:07.513  7854 15177 D MobiFace:  DEBUG - [event] trackingInfo_cb
01-30 17:39:07.513  7854 15177 D MobiFace:  DEBUG - [event] positionInstruction_cb
01-30 17:39:07.513  7854 15177 D MobiFace:  DEBUG - [event] freeImage_cb
01-30 17:39:07.513  7854 15177 D MobiFace:  DEBUG - pushImage2: 0
01-30 17:39:07.513  7854 14954 D MobiFace:  DEBUG - getPositionInfo
01-30 17:39:07.513  7854  7858 D MobiFace:  DEBUG - getChallenge
01-30 17:39:07.513  7854  7854 D MobiFace:  DEBUG - getChallengeInfo
01-30 17:39:07.513 15728 15728 I GeckoDump: Got analysisResult:0
01-30 17:39:07.513 15728 15728 I GeckoDump: Got analysisInfo:1
01-30 17:39:07.513 15728 15728 I GeckoDump: Got matchScore0
01-30 17:39:07.513 15728 15728 I GeckoDump: Got payload is null
01-30 17:39:07.513 15728 15728 I GeckoDump: Got bestImage is null
01-30 17:39:07.523 15728 16152 D FrServiceClient:  DEBUG - tiem taken: 3.000000
01-30 17:39:07.523  7854  7858 D MobiFace:  DEBUG - frameParams: 6 640 480 720 270
01-30 17:39:07.523 15728 16152 D FrServiceClient:  DEBUG - mobiFace_pushFrame frame 0xacb72000 460800
01-30 17:39:07.523 15728 16152 D FrServiceClient:  DEBUG - IdemiaFrServiceImpl::StartFaceAnalysis: FrServiceClient 460800
01-30 17:39:07.543  7854  7854 D MobiFace:  DEBUG - pushImage2: 0xb7ae69c8 0xb7ae2f58 0xb44ce008 460800 1 -1213331312 0x52eedf28
01-30 17:39:07.553   492 16138 E AEC_PORT: aec_port_save_update:real_gain:1.000000 linecnt:773 exp_idx:225 cur_luma:0 led_est:1079027940
01-30 17:39:07.553   492 16102 E mm-camera: c2d_thread_handle_process_buf_event:190 input buf index 4
01-30 17:39:07.553   492 16102 E mm-camera: c2d_thread_handle_process_buf_event:207 input vaddr b342c000
01-30 17:39:07.603   492 16097 E         : dmlroc_entry  entering dmlroc_entry
01-30 17:39:07.603   492 16102 E mm-camera: c2d_thread_handle_process_buf_event:190 input buf index 5
01-30 17:39:07.603   492 16102 E mm-camera: c2d_thread_handle_process_buf_event:207 input vaddr b33bb000
01-30 17:39:07.653   492 16138 E AEC_PORT: aec_port_save_update:real_gain:1.000000 linecnt:773 exp_idx:225 cur_luma:1073741824 led_est:1079027491
01-30 17:39:07.653   492 16102 E mm-camera: c2d_thread_handle_process_buf_event:190 input buf index 6
01-30 17:39:07.653   492 16102 E mm-camera: c2d_thread_handle_process_buf_event:207 input vaddr b334a000
01-30 17:39:07.693  7854  7854 D MobiFace:  DEBUG - [event] trackingInfo_cb
01-30 17:39:07.693  7854  7854 D MobiFace:  DEBUG - [event] positionInstruction_cb
01-30 17:39:07.693  7854  7854 D MobiFace:  DEBUG - [event] freeImage_cb
01-30 17:39:07.693  7854  7854 D MobiFace:  DEBUG - pushImage2: 0
01-30 17:39:07.693  7854 15177 D MobiFace:  DEBUG - getPositionInfo
01-30 17:39:07.693  7854 14954 D MobiFace:  DEBUG - getChallenge
01-30 17:39:07.693  7854  7858 D MobiFace:  DEBUG - getChallengeInfo
01-30 17:39:07.693 15728 15728 I GeckoDump: Got analysisResult:0
01-30 17:39:07.693 15728 15728 I GeckoDump: Got analysisInfo:1
01-30 17:39:07.693 15728 15728 I GeckoDump: Got matchScore0
01-30 17:39:07.693 15728 15728 I GeckoDump: Got payload is null
01-30 17:39:07.693 15728 15728 I GeckoDump: Got bestImage is null
01-30 17:39:07.703 15728 16152 D FrServiceClient:  DEBUG - tiem taken: 3.000000
01-30 17:39:07.703  7854 14954 D MobiFace:  DEBUG - frameParams: 6 640 480 720 270
01-30 17:39:07.703 15728 16152 D FrServiceClient:  DEBUG - mobiFace_pushFrame frame 0xacb01000 460800
01-30 17:39:07.703 15728 16152 D FrServiceClient:  DEBUG - IdemiaFrServiceImpl::StartFaceAnalysis: FrServiceClient 460800
01-30 17:39:07.703   492 16102 E mm-camera: c2d_thread_handle_process_buf_event:190 input buf index 4
01-30 17:39:07.703   492 16102 E mm-camera: c2d_thread_handle_process_buf_event:207 input vaddr b342c000
01-30 17:39:07.703   492 16138 E AEC_PORT: aec_port_save_update:real_gain:1.000000 linecnt:773 exp_idx:225 cur_luma:-2147483648 led_est:1079028065
01-30 17:39:07.723  7854  7858 D MobiFace:  DEBUG - pushImage2: 0xb7ae69c8 0xb7ae2f58 0xb44ce008 460800 1 -1213330272 0x52f181df
01-30 17:39:07.753   492 16138 E AEC_PORT: aec_port_save_update:real_gain:1.000000 linecnt:773 exp_idx:225 cur_luma:-1610612736 led_est:1079028219
01-30 17:39:07.753   492 16102 E mm-camera: c2d_thread_handle_process_buf_event:190 input buf index 5
01-30 17:39:07.753   492 16102 E mm-camera: c2d_thread_handle_process_buf_event:207 input vaddr b33bb000
01-30 17:39:07.803   492 16138 E AEC_PORT: aec_port_save_update:real_gain:1.000000 linecnt:773 exp_idx:225 cur_luma:1073741824 led_est:1079028089
01-30 17:39:07.803   492 16102 E mm-camera: c2d_thread_handle_process_buf_event:190 input buf index 6
01-30 17:39:07.803   492 16102 E mm-camera: c2d_thread_handle_process_buf_event:207 input vaddr b334a000
01-30 17:39:07.853  7854  7858 D MobiFace:  DEBUG - [event] trackingInfo_cb
01-30 17:39:07.853  7854  7858 D MobiFace:  DEBUG - [event] positionInstruction_cb
01-30 17:39:07.853  7854  7858 D MobiFace:  DEBUG - [event] freeImage_cb
01-30 17:39:07.853  7854  7858 D MobiFace:  DEBUG - pushImage2: 0
01-30 17:39:07.853  7854  7854 D MobiFace:  DEBUG - getPositionInfo
01-30 17:39:07.853  7854 15177 D MobiFace:  DEBUG - getChallenge
01-30 17:39:07.853  7854 14954 D MobiFace:  DEBUG - getChallengeInfo
01-30 17:39:07.853 15728 15728 I GeckoDump: Got analysisResult:0
01-30 17:39:07.853 15728 15728 I GeckoDump: Got analysisInfo:1
01-30 17:39:07.853 15728 15728 I GeckoDump: Got matchScore0
01-30 17:39:07.853 15728 15728 I GeckoDump: Got payload is null
01-30 17:39:07.853 15728 15728 I GeckoDump: Got bestImage is null
01-30 17:39:07.853   492 16138 E AEC_PORT: aec_port_save_update:real_gain:1.000000 linecnt:773 exp_idx:225 cur_luma:-1610612736 led_est:1079028717
01-30 17:39:07.863   492 16102 E mm-camera: c2d_thread_handle_process_buf_event:190 input buf index 4
01-30 17:39:07.863   492 16102 E mm-camera: c2d_thread_handle_process_buf_event:207 input vaddr b342c000
01-30 17:39:07.863 15728 16152 D FrServiceClient:  DEBUG - tiem taken: 3.000000
01-30 17:39:07.863  7854 15177 D MobiFace:  DEBUG - frameParams: 6 640 480 720 270
01-30 17:39:07.863 15728 16152 D FrServiceClient:  DEBUG - mobiFace_pushFrame frame 0xacf01000 460800
01-30 17:39:07.863 15728 16152 D FrServiceClient:  DEBUG - IdemiaFrServiceImpl::StartFaceAnalysis: FrServiceClient 460800
01-30 17:39:07.893  7854 14954 D MobiFace:  DEBUG - pushImage2: 0xb7ae69c8 0xb7ae2f58 0xb44ce008 460800 1 -1213304712 0x52f41409
01-30 17:39:07.903   492 16102 E mm-camera: c2d_thread_handle_process_buf_event:190 input buf index 5
01-30 17:39:07.903   492 16102 E mm-camera: c2d_thread_handle_process_buf_event:207 input vaddr b33bb000
01-30 17:39:07.913   492 16138 E AEC_PORT: aec_port_save_update:real_gain:1.000000 linecnt:773 exp_idx:225 cur_luma:0 led_est:1079028361
01-30 17:39:07.963   492 16102 E mm-camera: c2d_thread_handle_process_buf_event:190 input buf index 6
01-30 17:39:07.963   492 16102 E mm-camera: c2d_thread_handle_process_buf_event:207 input vaddr b334a000
01-30 17:39:07.963   492 16138 E AEC_PORT: aec_port_save_update:real_gain:1.000000 linecnt:773 exp_idx:225 cur_luma:0 led_est:1079027954
01-30 17:39:08.013   492 16138 E AEC_PORT: aec_port_save_update:real_gain:1.000000 linecnt:773 exp_idx:225 cur_luma:-1073741824 led_est:1079028082
01-30 17:39:08.013   492 16102 E mm-camera: c2d_thread_handle_process_buf_event:190 input buf index 4
01-30 17:39:08.013   492 16102 E mm-camera: c2d_thread_handle_process_buf_event:207 input vaddr b342c000
01-30 17:39:08.023  7854 14954 D MobiFace:  DEBUG - [event] trackingInfo_cb
01-30 17:39:08.023  7854 14954 D MobiFace:  DEBUG - [event] positionInstruction_cb
01-30 17:39:08.023  7854 14954 D MobiFace:  DEBUG - [event] freeImage_cb
01-30 17:39:08.023  7854 14954 D MobiFace:  DEBUG - pushImage2: 0
01-30 17:39:08.023  7854  7858 D MobiFace:  DEBUG - getPositionInfo
01-30 17:39:08.023  7854  7854 D MobiFace:  DEBUG - getChallenge
01-30 17:39:08.023  7854 15177 D MobiFace:  DEBUG - getChallengeInfo
01-30 17:39:08.023 15728 15728 I GeckoDump: Got analysisResult:0
01-30 17:39:08.023 15728 15728 I GeckoDump: Got analysisInfo:1
01-30 17:39:08.023 15728 15728 I GeckoDump: Got matchScore0
01-30 17:39:08.033 15728 15728 I GeckoDump: Got payload is null
01-30 17:39:08.033 15728 15728 I GeckoDump: Got bestImage is null
01-30 17:39:08.033 15728 16152 D FrServiceClient:  DEBUG - tiem taken: 4.000000
01-30 17:39:08.043  7854  7854 D MobiFace:  DEBUG - frameParams: 6 640 480 720 270
01-30 17:39:08.043 15728 16152 D FrServiceClient:  DEBUG - mobiFace_pushFrame frame 0xacb72000 460800
01-30 17:39:08.043 15728 16152 D FrServiceClient:  DEBUG - IdemiaFrServiceImpl::StartFaceAnalysis: FrServiceClient 460800
01-30 17:39:08.063   492 16102 E mm-camera: c2d_thread_handle_process_buf_event:190 input buf index 5
01-30 17:39:08.063   492 16102 E mm-camera: c2d_thread_handle_process_buf_event:207 input vaddr b33bb000
01-30 17:39:08.063  7854 15177 D MobiFace:  DEBUG - pushImage2: 0xb7ae69c8 0xb7ae2f58 0xb44ce008 460800 1 -1213303792 0x52f6b83e
01-30 17:39:08.063   492 16138 E AEC_PORT: aec_port_save_update:real_gain:1.000000 linecnt:773 exp_idx:225 cur_luma:1610612736 led_est:1079027767
01-30 17:39:08.113   492 16097 E         : dmlroc_entry  entering dmlroc_entry
01-30 17:39:08.113   492 16102 E mm-camera: c2d_thread_handle_process_buf_event:190 input buf index 6
01-30 17:39:08.113   492 16102 E mm-camera: c2d_thread_handle_process_buf_event:207 input vaddr b334a000
01-30 17:39:08.163   492 16138 E AEC_PORT: aec_port_save_update:real_gain:1.000000 linecnt:773 exp_idx:225 cur_luma:1610612736 led_est:1079028598
01-30 17:39:08.163   492 16102 E mm-camera: c2d_thread_handle_process_buf_event:190 input buf index 4
01-30 17:39:08.163   492 16102 E mm-camera: c2d_thread_handle_process_buf_event:207 input vaddr b342c000
01-30 17:39:08.203   726   726 D VM_BMS  : wake_lock acquired
01-30 17:39:08.203   726   726 D VM_BMS  : New BMS data - Size=56
01-30 17:39:08.203   726   726 D VM_BMS  : Start process_bms_data
01-30 17:39:08.203   726   726 D VM_BMS  : For batt_temp=307 fcc_mah=2075
01-30 17:39:08.203   726   726 D VM_BMS  : For ocv=4141213 batt_temp=307 soc=98
01-30 17:39:08.203   726   726 D VM_BMS  : fifo_count=5 acc_count=0
01-30 17:39:08.203   726   726 D VM_BMS  : INIT: ocv=4141213 last_ocv=4141213 batt_temp=307 soc=98
01-30 17:39:08.203   726   726 D VM_BMS  : For soc=98 batt_temp=307 slope=15400
01-30 17:39:08.203   726   726 D VM_BMS  : For soc=98 batt_temp=307 rbatt_sf=95
01-30 17:39:08.203   726   726 D VM_BMS  : rbatt_mohm_default=138, rbatt_mohm=131, sf=95 batt_temp=307
01-30 17:39:08.203   726   726 D VM_BMS  : For ocv=4141660 batt_temp=307 soc=98
01-30 17:39:08.203   726   726 D VM_BMS  : FIFO=0 fifo_avg=4.185244 rbatt=0.181000 slope=1.540000 ibatt=-0.242031 ocv=4.141660 soc=98 fcc_ah=2.075000 sample_count=128 sample_interval=70 seq_num=138
01-30 17:39:08.203   726   726 D VM_BMS  : For soc=98 batt_temp=307 slope=15400
01-30 17:39:08.203   726   726 D VM_BMS  : For soc=98 batt_temp=307 rbatt_sf=95
01-30 17:39:08.203   726   726 D VM_BMS  : rbatt_mohm_default=138, rbatt_mohm=131, sf=95 batt_temp=307
01-30 17:39:08.203   726   726 D VM_BMS  : For ocv=4141983 batt_temp=307 soc=98
01-30 17:39:08.203   726   726 D VM_BMS  : FIFO=1 fifo_avg=4.173461 rbatt=0.181000 slope=1.540000 ibatt=-0.174803 ocv=4.141983 soc=98 fcc_ah=2.075000 sample_count=128 sample_interval=70 seq_num=138
01-30 17:39:08.203   726   726 D VM_BMS  : For soc=98 batt_temp=307 slope=15400
01-30 17:39:08.203   726   726 D VM_BMS  : For soc=98 batt_temp=307 rbatt_sf=95
01-30 17:39:08.203   726   726 D VM_BMS  : rbatt_mohm_default=138, rbatt_mohm=131, sf=95 batt_temp=307
01-30 17:39:08.203   726   726 D VM_BMS  : For ocv=4142476 batt_temp=307 soc=98
01-30 17:39:08.203   726   726 D VM_BMS  : FIFO=2 fifo_avg=4.190537 rbatt=0.181000 slope=1.540000 ibatt=-0.266892 ocv=4.142476 soc=98 fcc_ah=2.075000 sample_count=128 sample_interval=70 seq_num=138
01-30 17:39:08.203   726   726 D VM_BMS  : For soc=98 batt_temp=307 slope=15400
01-30 17:39:08.203   726   726 D VM_BMS  : For soc=98 batt_temp=307 rbatt_sf=95
01-30 17:39:08.203   726   726 D VM_BMS  : rbatt_mohm_default=138, rbatt_mohm=131, sf=95 batt_temp=307
01-30 17:39:08.203   726   726 D VM_BMS  : For ocv=4142957 batt_temp=307 soc=98
01-30 17:39:08.203   726   726 D VM_BMS  : FIFO=3 fifo_avg=4.189929 rbatt=0.181000 slope=1.540000 ibatt=-0.260840 ocv=4.142958 soc=98 fcc_ah=2.075000 sample_count=128 sample_interval=70 seq_num=138
01-30 17:39:08.203   726   726 D VM_BMS  : For soc=98 batt_temp=307 slope=15400
01-30 17:39:08.203   726   726 D VM_BMS  : For soc=98 batt_temp=307 rbatt_sf=95
01-30 17:39:08.203   726   726 D VM_BMS  : rbatt_mohm_default=138, rbatt_mohm=131, sf=95 batt_temp=307
01-30 17:39:08.203   726   726 D VM_BMS  : For ocv=4143254 batt_temp=307 soc=98
01-30 17:39:08.203   726   726 D VM_BMS  : FIFO=4 fifo_avg=4.172283 rbatt=0.181000 slope=1.540000 ibatt=-0.161199 ocv=4.143255 soc=98 fcc_ah=2.075000 sample_count=128 sample_interval=70 seq_num=138
01-30 17:39:08.203   726   726 I VM_BMS  : power_supply_update: ocv_uv=4143254 ibatt=-161199 soc=98 seq_num=138
01-30 17:39:08.203   726   726 D VM_BMS  : End process_bms_data
01-30 17:39:08.203   726   726 D VM_BMS  : wake_lock released
01-30 17:39:08.203  7854 15177 D MobiFace:  DEBUG - [event] trackingInfo_cb
01-30 17:39:08.203  7854 15177 D MobiFace:  DEBUG - [event] positionInstruction_cb
01-30 17:39:08.203  7854 15177 D MobiFace:  DEBUG - [event] freeImage_cb
01-30 17:39:08.203  7854 15177 D MobiFace:  DEBUG - pushImage2: 0
01-30 17:39:08.203  7854 14954 D MobiFace:  DEBUG - getPositionInfo
01-30 17:39:08.203  7854  7858 D MobiFace:  DEBUG - getChallenge
01-30 17:39:08.203  7854  7854 D MobiFace:  DEBUG - getChallengeInfo
01-30 17:39:08.213 15728 15728 I GeckoDump: Got analysisResult:0
01-30 17:39:08.213 15728 15728 I GeckoDump: Got analysisInfo:1
01-30 17:39:08.213 15728 15728 I GeckoDump: Got matchScore0
01-30 17:39:08.213 15728 15728 I GeckoDump: Got payload is null
01-30 17:39:08.213 15728 15728 I GeckoDump: Got bestImage is null
01-30 17:39:08.213   492 16138 E AEC_PORT: aec_port_save_update:real_gain:1.000000 linecnt:773 exp_idx:225 cur_luma:1610612736 led_est:1079026897
01-30 17:39:08.213 15728 16152 D FrServiceClient:  DEBUG - tiem taken: 4.000000
01-30 17:39:08.213   492 16102 E mm-camera: c2d_thread_handle_process_buf_event:190 input buf index 5
01-30 17:39:08.213   492 16102 E mm-camera: c2d_thread_handle_process_buf_event:207 input vaddr b33bb000
01-30 17:39:08.213  7854  7854 D MobiFace:  DEBUG - frameParams: 6 640 480 720 270
01-30 17:39:08.213 15728 16152 D FrServiceClient:  DEBUG - mobiFace_pushFrame frame 0xacb01000 460800
01-30 17:39:08.213 15728 16152 D FrServiceClient:  DEBUG - IdemiaFrServiceImpl::StartFaceAnalysis: FrServiceClient 460800
01-30 17:39:08.233  7854 14954 D MobiFace:  DEBUG - pushImage2: 0xb7ae69c8 0xb7ae2f58 0xb44ce008 460800 1 -1213304712 0x52f951e1
01-30 17:39:08.263   492 16138 E AEC_PORT: aec_port_save_update:real_gain:1.000000 linecnt:773 exp_idx:225 cur_luma:-2147483648 led_est:1079026837
01-30 17:39:08.263   492 16102 E mm-camera: c2d_thread_handle_process_buf_event:190 input buf index 6
01-30 17:39:08.263   492 16102 E mm-camera: c2d_thread_handle_process_buf_event:207 input vaddr b334a000
01-30 17:39:08.313   492 16138 E AEC_PORT: aec_port_save_update:real_gain:1.000000 linecnt:773 exp_idx:225 cur_luma:-1610612736 led_est:1079026612
01-30 17:39:08.313   492 16102 E mm-camera: c2d_thread_handle_process_buf_event:190 input buf index 4
01-30 17:39:08.313   492 16102 E mm-camera: c2d_thread_handle_process_buf_event:207 input vaddr b342c000
01-30 17:39:08.363  7854 14954 D MobiFace:  DEBUG - [event] trackingInfo_cb
01-30 17:39:08.363  7854 14954 D MobiFace:  DEBUG - [event] positionInstruction_cb
01-30 17:39:08.363  7854 14954 D MobiFace:  DEBUG - [event] freeImage_cb
01-30 17:39:08.363  7854 14954 D MobiFace:  DEBUG - pushImage2: 0
01-30 17:39:08.363   492 16138 E AEC_PORT: aec_port_save_update:real_gain:1.000000 linecnt:773 exp_idx:225 cur_luma:0 led_est:1079026526
01-30 17:39:08.363  7854 15177 D MobiFace:  DEBUG - getPositionInfo
01-30 17:39:08.363  7854 14954 D MobiFace:  DEBUG - getChallenge
01-30 17:39:08.363  7854 15177 D MobiFace:  DEBUG - getChallengeInfo
01-30 17:39:08.363   492 16102 E mm-camera: c2d_thread_handle_process_buf_event:190 input buf index 5
01-30 17:39:08.363   492 16102 E mm-camera: c2d_thread_handle_process_buf_event:207 input vaddr b33bb000
01-30 17:39:08.363 15728 15728 I GeckoDump: Got analysisResult:0
01-30 17:39:08.363 15728 15728 I GeckoDump: Got analysisInfo:1
01-30 17:39:08.363 15728 15728 I GeckoDump: Got matchScore0
01-30 17:39:08.373 15728 15728 I GeckoDump: Got payload is null
01-30 17:39:08.373 15728 15728 I GeckoDump: Got bestImage is null
01-30 17:39:08.383 15728 16152 D FrServiceClient:  DEBUG - tiem taken: 4.000000
01-30 17:39:08.383  7854 14954 D MobiFace:  DEBUG - frameParams: 6 640 480 720 270
01-30 17:39:08.383 15728 16152 D FrServiceClient:  DEBUG - mobiFace_pushFrame frame 0xacf01000 460800
01-30 17:39:08.383 15728 16152 D FrServiceClient:  DEBUG - IdemiaFrServiceImpl::StartFaceAnalysis: FrServiceClient 460800
01-30 17:39:08.393  7854  7858 D MobiFace:  DEBUG - pushImage2: 0xb7ae69c8 0xb7ae2f58 0xb44ce008 460800 1 -1213330272 0x52fbd6e1
01-30 17:39:08.413   492 16138 E AEC_PORT: aec_port_save_update:real_gain:1.000000 linecnt:773 exp_idx:225 cur_luma:0 led_est:1079027051
01-30 17:39:08.413   492 16102 E mm-camera: c2d_thread_handle_process_buf_event:190 input buf index 6
01-30 17:39:08.413   492 16102 E mm-camera: c2d_thread_handle_process_buf_event:207 input vaddr b334a000
01-30 17:39:08.463   492 16138 E AEC_PORT: aec_port_save_update:real_gain:1.000000 linecnt:773 exp_idx:225 cur_luma:-2147483648 led_est:1079026773
01-30 17:39:08.473   492 16102 E mm-camera: c2d_thread_handle_process_buf_event:190 input buf index 4
01-30 17:39:08.473   492 16102 E mm-camera: c2d_thread_handle_process_buf_event:207 input vaddr b342c000
01-30 17:39:08.523   492 16102 E mm-camera: c2d_thread_handle_process_buf_event:190 input buf index 5
01-30 17:39:08.523   492 16102 E mm-camera: c2d_thread_handle_process_buf_event:207 input vaddr b33bb000
01-30 17:39:08.523   492 16138 E AEC_PORT: aec_port_save_update:real_gain:1.000000 linecnt:773 exp_idx:225 cur_luma:-536870912 led_est:1079027117
01-30 17:39:08.533  7854  7858 D MobiFace:  DEBUG - [event] trackingInfo_cb
01-30 17:39:08.533  7854  7858 D MobiFace:  DEBUG - [event] positionInstruction_cb
01-30 17:39:08.533  7854  7858 D MobiFace:  DEBUG - [event] freeImage_cb
01-30 17:39:08.533  7854  7858 D MobiFace:  DEBUG - pushImage2: 0
01-30 17:39:08.533  7854  7854 D MobiFace:  DEBUG - getPositionInfo
01-30 17:39:08.533  7854 15177 D MobiFace:  DEBUG - getChallenge
01-30 17:39:08.533  7854 14954 D MobiFace:  DEBUG - getChallengeInfo
01-30 17:39:08.533 15728 15728 I GeckoDump: Got analysisResult:0
01-30 17:39:08.533 15728 15728 I GeckoDump: Got analysisInfo:1
01-30 17:39:08.533 15728 15728 I GeckoDump: Got matchScore0
01-30 17:39:08.543 15728 15728 I GeckoDump: Got payload is null
01-30 17:39:08.543 15728 15728 I GeckoDump: Got bestImage is null
01-30 17:39:08.543 15728 16152 D FrServiceClient:  DEBUG - tiem taken: 4.000000
01-30 17:39:08.543  7854 15177 D MobiFace:  DEBUG - frameParams: 6 640 480 720 270
01-30 17:39:08.543 15728 16152 D FrServiceClient:  DEBUG - mobiFace_pushFrame frame 0xacb72000 460800
01-30 17:39:08.543 15728 16152 D FrServiceClient:  DEBUG - IdemiaFrServiceImpl::StartFaceAnalysis: FrServiceClient 460800
01-30 17:39:08.563  7854 14954 D MobiFace:  DEBUG - pushImage2: 0xb7ae69c8 0xb7ae2f58 0xb44ce008 460800 1 -1213304712 0x52fe653f
01-30 17:39:08.563   492 16102 E mm-camera: c2d_thread_handle_process_buf_event:190 input buf index 6
01-30 17:39:08.563   492 16102 E mm-camera: c2d_thread_handle_process_buf_event:207 input vaddr b334a000
01-30 17:39:08.573   492 16138 E AEC_PORT: aec_port_save_update:real_gain:1.000000 linecnt:773 exp_idx:225 cur_luma:0 led_est:1079026649
01-30 17:39:08.613   492 16097 E         : dmlroc_entry  entering dmlroc_entry
01-30 17:39:08.623   492 16102 E mm-camera: c2d_thread_handle_process_buf_event:190 input buf index 4
01-30 17:39:08.623   492 16102 E mm-camera: c2d_thread_handle_process_buf_event:207 input vaddr b342c000
01-30 17:39:08.673   492 16102 E mm-camera: c2d_thread_handle_process_buf_event:190 input buf index 5
01-30 17:39:08.673   492 16102 E mm-camera: c2d_thread_handle_process_buf_event:207 input vaddr b33bb000
01-30 17:39:08.673   492 16138 E AEC_PORT: aec_port_save_update:real_gain:1.000000 linecnt:773 exp_idx:225 cur_luma:0 led_est:1079026691
01-30 17:39:08.703  7854 14954 D MobiFace:  DEBUG - [event] trackingInfo_cb
01-30 17:39:08.703  7854 14954 D MobiFace:  DEBUG - [event] positionInstruction_cb
01-30 17:39:08.703  7854 14954 D MobiFace:  DEBUG - [event] freeImage_cb
01-30 17:39:08.703  7854 14954 D MobiFace:  DEBUG - pushImage2: 0
01-30 17:39:08.703  7854  7858 D MobiFace:  DEBUG - getPositionInfo
01-30 17:39:08.703  7854  7854 D MobiFace:  DEBUG - getChallenge
01-30 17:39:08.703  7854 15177 D MobiFace:  DEBUG - getChallengeInfo
01-30 17:39:08.703 15728 15728 I GeckoDump: Got analysisResult:0
01-30 17:39:08.703 15728 15728 I GeckoDump: Got analysisInfo:1
01-30 17:39:08.703 15728 15728 I GeckoDump: Got matchScore0
01-30 17:39:08.703 15728 15728 I GeckoDump: Got payload is null
01-30 17:39:08.713 15728 15728 I GeckoDump: Got bestImage is null
01-30 17:39:08.713 15728 16152 D FrServiceClient:  DEBUG - tiem taken: 4.000000
01-30 17:39:08.723  7854  7854 D MobiFace:  DEBUG - frameParams: 6 640 480 720 270
01-30 17:39:08.723   492 16102 E mm-camera: c2d_thread_handle_process_buf_event:190 input buf index 6
01-30 17:39:08.723   492 16102 E mm-camera: c2d_thread_handle_process_buf_event:207 input vaddr b334a000
01-30 17:39:08.723   492 16138 E AEC_PORT: aec_port_save_update:real_gain:1.000000 linecnt:773 exp_idx:225 cur_luma:-536870912 led_est:1079028259
01-30 17:39:08.723 15728 16152 D FrServiceClient:  DEBUG - mobiFace_pushFrame frame 0xacb01000 460800
01-30 17:39:08.723 15728 16152 D FrServiceClient:  DEBUG - IdemiaFrServiceImpl::StartFaceAnalysis: FrServiceClient 460800
01-30 17:39:08.743  7854 15177 D MobiFace:  DEBUG - pushImage2: 0xb7ae69c8 0xb7ae2f58 0xb44ce008 460800 1 -1213303792 0x5301244d
01-30 17:39:08.773   492 16138 E AEC_PORT: aec_port_save_update:real_gain:1.000000 linecnt:773 exp_idx:225 cur_luma:-1073741824 led_est:1079027868
01-30 17:39:08.773   492 16102 E mm-camera: c2d_thread_handle_process_buf_event:190 input buf index 4
01-30 17:39:08.773   492 16102 E mm-camera: c2d_thread_handle_process_buf_event:207 input vaddr b342c000
01-30 17:39:08.823   492 16138 E AEC_PORT: aec_port_save_update:real_gain:1.000000 linecnt:773 exp_idx:225 cur_luma:-536870912 led_est:1079028202
01-30 17:39:08.823   492 16102 E mm-camera: c2d_thread_handle_process_buf_event:190 input buf index 5
01-30 17:39:08.823   492 16102 E mm-camera: c2d_thread_handle_process_buf_event:207 input vaddr b33bb000
