01-30 17:38:11.973   492 15543 D mm-camera: mct_pipeline_process_set:command=800000b
01-30 17:38:11.973   492   492 I mm-camera-eztune: vendor/qcom/proprietary/mm-camera/mm-camera2/server-tuning/tuning/eztune_interface.cpp(381): "Delete Server : 0xb70f2378"
01-30 17:38:11.973   492 15541 W mm-camera-sensor: vendor/qcom/proprietary/mm-camera/mm-camera2/server-tuning/tuning/mmcam_socket_utils.cpp(318): "Received event from non socket fd"
01-30 17:38:11.973   492 15541 W mm-camera-eztune: vendor/qcom/proprietary/mm-camera/mm-camera2/server-tuning/tuning/eztune_interface.cpp(72): "Stop message. Exiting server thread"
01-30 17:38:11.973   492 15541 E mm-camera-eztune: vendor/qcom/proprietary/mm-camera/mm-camera2/server-tuning/tuning/eztune_cam_adapter.cpp(667): "mct_stream_t* eztune::get_mct_stream(mct_pipeline_t*, eztune::mct_pipeline_get_stream_info_t*): no children"
01-30 17:38:11.973   492 15541 W mm-camera-eztune: vendor/qcom/proprietary/mm-camera/mm-camera2/server-tuning/tuning/eztune_cam_adapter.cpp(719): "Message send ignored as stream or stream state not valid"
01-30 17:38:11.973   492 15541 E mm-camera-eztune: vendor/qcom/proprietary/mm-camera/mm-camera2/server-tuning/tuning/eztune_cam_adapter.cpp(667): "mct_stream_t* eztune::get_mct_stream(mct_pipeline_t*, eztune::mct_pipeline_get_stream_info_t*): no children"
01-30 17:38:11.973   492 15541 W mm-camera-eztune: vendor/qcom/proprietary/mm-camera/mm-camera2/server-tuning/tuning/eztune_cam_adapter.cpp(719): "Message send ignored as stream or stream state not valid"
01-30 17:38:11.973   492 15541 E mm-camera-eztune: vendor/qcom/proprietary/mm-camera/mm-camera2/server-tuning/tuning/eztune_cam_adapter.cpp(667): "mct_stream_t* eztune::get_mct_stream(mct_pipeline_t*, eztune::mct_pipeline_get_stream_info_t*): no children"
01-30 17:38:11.973   492 15541 W mm-camera-eztune: vendor/qcom/proprietary/mm-camera/mm-camera2/server-tuning/tuning/eztune_cam_adapter.cpp(719): "Message send ignored as stream or stream state not valid"
01-30 17:38:11.973   492   492 I mm-camera-eztune: vendor/qcom/proprietary/mm-camera/mm-camera2/server-tuning/tuning/eztune_interface.cpp(381): "Delete Server : 0xb70f3ca8"
01-30 17:38:11.973   492 15542 W mm-camera-sensor: vendor/qcom/proprietary/mm-camera/mm-camera2/server-tuning/tuning/mmcam_socket_utils.cpp(318): "Received event from non socket fd"
01-30 17:38:11.973   492 15542 W mm-camera-eztune: vendor/qcom/proprietary/mm-camera/mm-camera2/server-tuning/tuning/eztune_interface.cpp(72): "Stop message. Exiting server thread"
01-30 17:38:11.973   492 15542 E mm-camera-eztune: vendor/qcom/proprietary/mm-camera/mm-camera2/server-tuning/tuning/eztune_process.cpp(445): "Process layer not initialized. just return"
01-30 17:38:11.973   492   492 D mm-camera: mct_pipeline_stop_session - E
01-30 17:38:11.983   408   408 D QCamera2HWI: int qcamera::QCamera2HardwareInterface::closeCamera(): X
01-30 17:38:11.983   408   408 D QCamera2HWI: virtual qcamera::QCamera2HardwareInterface::~QCamera2HardwareInterface(): X
01-30 17:38:11.983   408   408 D QCamera2HWI: [KPI Perf] static int qcamera::QCamera2HardwareInterface::close_camera_device(hw_device_t*): X
01-30 17:38:11.983   408   408 E         : batterystats service unavailable!
01-30 17:38:11.983   408   408 I CameraService: onTorchStatusChangedLocked: Torch status changed for cameraId=0, newStatus=1
01-30 17:38:11.983   408   408 I CameraService: disconnect: Disconnected client for camera 1 for PID 15052
01-30 17:38:11.983   492 15614 D mm-camera: mct_pipeline_stop_session_thread thread_id is 15614
01-30 17:38:11.983   492 15614 D mm-camera: mct_pipeline_stop_session_thread: Stop module name: sensor - E
01-30 17:38:11.983   492 15615 D mm-camera: mct_pipeline_stop_session_thread thread_id is 15615
01-30 17:38:11.993   492 15615 D mm-camera: mct_pipeline_stop_session_thread: Stop module name: iface - E
01-30 17:38:11.993   492 15615 D mm-camera: mct_pipeline_stop_session_thread: Stop module name: iface - X
01-30 17:38:11.993   492 15616 D mm-camera: mct_pipeline_stop_session_thread thread_id is 15616
01-30 17:38:11.993   492 15616 D mm-camera: mct_pipeline_stop_session_thread: Stop module name: isp - E
01-30 17:38:11.993   408  1560 D NuPlayerDriver: reset(0xb8bf8738)
01-30 17:38:11.993   408  1560 D NuPlayerDriver: notifyListener_l(0xb8bf8738), (8, 0, 0)
01-30 17:38:11.993   408 15520 W AMessage: failed to post message as target looper for handler 0 is gone.
01-30 17:38:11.993   408 15520 D NuPlayerDriver: notifyResetComplete(0xb8bf8738)
01-30 17:38:11.993   408  1560 D NuPlayerDriver: reset(0xb8c15518)
01-30 17:38:11.993   408  1560 D NuPlayerDriver: notifyListener_l(0xb8c15518), (8, 0, 0)
01-30 17:38:11.993   408 15522 W AMessage: failed to post message as target looper for handler 0 is gone.
01-30 17:38:11.993   408 15522 D NuPlayerDriver: notifyResetComplete(0xb8c15518)
01-30 17:38:11.993   408  1560 D NuPlayerDriver: reset(0xb8bf8320)
01-30 17:38:11.993   408  1560 D NuPlayerDriver: notifyListener_l(0xb8bf8320), (8, 0, 0)
01-30 17:38:11.993   408 15524 W AMessage: failed to post message as target looper for handler 0 is gone.
01-30 17:38:11.993   408 15524 D NuPlayerDriver: notifyResetComplete(0xb8bf8320)
01-30 17:38:11.1046   492 15616 I KERNEL  : [ 6637.328754] msm_isp_close_node: halt timeout rc=0
01-30 17:38:11.1051   492 15614 I KERNEL  : [ 6637.333978] msm_camera_config_single_vreg can't disable cam_vio
01-30 17:38:11.1051   492 15614 I KERNEL  : [ 6637.334073] msm_sensor_config:1348 sensor state 0
01-30 17:38:12.003   492 15614 D mm-camera: mct_pipeline_stop_session_thread: Stop module name: sensor - X
01-30 17:38:12.003   492 15539 E mm-camera: Got some events
01-30 17:38:12.003   492 15616 E         : dmlroc_deinit
01-30 17:38:12.003   492 15616 D mm-camera: mct_pipeline_stop_session_thread: Stop module name: isp - X
01-30 17:38:12.003   492 15617 D mm-camera: mct_pipeline_stop_session_thread thread_id is 15617
01-30 17:38:12.003   492 15617 D mm-camera: mct_pipeline_stop_session_thread: Stop module name: stats - E
01-30 17:38:12.003   492 15617 D mm-camera: gyro_port_deinit , Enter 
01-30 17:38:12.003   492 15617 D mm-camera: gyro_port_deinit:Deinit Gyro port
01-30 17:38:12.003   492 15617 E mm-camera: gyro_port_deinit: Error in android Deinit
01-30 17:38:12.003   492 15617 D mm-camera: gyro_port_deinit , EXIT 
01-30 17:38:12.003   492 15617 D mm-camera: mct_pipeline_stop_session_thread: Stop module name: stats - X
01-30 17:38:12.013   492 15618 D mm-camera: mct_pipeline_stop_session_thread thread_id is 15618
01-30 17:38:12.013   492 15618 D mm-camera: mct_pipeline_stop_session_thread: Stop module name: pproc - E
01-30 17:38:12.013   492 15618 D mm-camera: c2d_module_stop_session:444, info: stopping session 2 ...
01-30 17:38:12.013   492 15536 D mm-camera: c2d_thread_process_pipe_message:793, C2D_THREAD_MSG_ABORT: c2d_thread exiting..
01-30 17:38:12.013   492 15618 D mm-camera: c2d_module_stop_session:488, info: session 2 stopped.
01-30 17:38:12.013   492 15618 D mm-camera: mct_pipeline_stop_session_thread: Stop module name: pproc - X
01-30 17:38:12.033   492 15619 D mm-camera: mct_pipeline_stop_session_thread thread_id is 15619
01-30 17:38:12.033   492   492 E mm-camera: mct_pipeline_stop_session: left modules: 5
01-30 17:38:12.033   492   492 E mm-camera: mct_pipeline_stop_session: left modules: 4
01-30 17:38:12.033   492   492 E mm-camera: mct_pipeline_stop_session: left modules: 3
01-30 17:38:12.033   492   492 E mm-camera: mct_pipeline_stop_session: left modules: 2
01-30 17:38:12.033   492   492 E mm-camera: mct_pipeline_stop_session: left modules: 1
01-30 17:38:12.033   492 15619 D mm-camera: mct_pipeline_stop_session_thread: Stop module name: imglib - E
01-30 17:38:12.033   492 15619 D mm-camera: mct_pipeline_stop_session_thread: Stop module name: imglib - X
01-30 17:38:12.033   492   492 E mm-camera: mct_pipeline_stop_session: left modules: 0
01-30 17:38:12.033   492   492 D mm-camera: mct_pipeline_stop_session - X
01-30 17:38:12.283 15052 15052 I MobiFace: Content JS LOG: On Load getting called for matchresult! 
01-30 17:38:12.283 15052 15052 I MobiFace:     at <anonymous> (app://2ec57ac3-eee0-41a3-9d3f-e1b3e29e617f/js/matchresultusingtoken.js:24:5)
01-30 17:38:12.313 15052 15052 I FocusManager: -> focus is now on, NULL, tag: , id: , class: 
01-30 17:38:12.503  2227  2227 E sdcard  : missing packages.list; retrying
01-30 17:38:13.963   425   558 D ThermalEngine: sensor_wait: case_therm Wait done.
01-30 17:38:13.963   425   558 D ThermalEngine: sensor_monitor: case_therm Reading 33000 .
01-30 17:38:13.963   425   558 I ThermalEngine: Sensor:case_therm:33000 mC
01-30 17:38:13.963   425   558 D ThermalEngine: update_active_thresh: case_therm Active(1), Hi(1) 40000, Lo(0) -2147483648, Interval(1) 5000
01-30 17:38:13.963   425   558 D ThermalEngine: sensor_monitor: case_therm Sensor wait.
01-30 17:38:13.963   425   558 D ThermalEngine: sensor_wait: case_therm Wait start. 5000ms
01-30 17:38:14.353   453   453 I Gecko   : [BrowserElement] event type: keydown, key: Backspace, target: [object HTMLIFrameElement], src: app://2ec57ac3-eee0-41a3-9d3f-e1b3e29e617f/splash.html, id: browser17, class: browser
01-30 17:38:14.363   453   453 I GeckoConsole: Content JS LOG: [AppUsage] got an event:  active 
01-30 17:38:14.363   453   453 I GeckoConsole:     at debug (app://system.gaiamobile.org/js/app_usage_metrics.js:141:7)
01-30 17:38:14.393 15052 15052 I Gecko   : [BrowserElement] event type: keydown, key: Backspace, target: [object HTMLBodyElement]
01-30 17:38:14.433 15052 15052 W MobiFace: [JavaScript Warning: "Expected color but found '#\30 0bcd452'.  Error in parsing value for 'background-color'.  Declaration dropped." {file: "app://2ec57ac3-eee0-41a3-9d3f-e1b3e29e617f/css/index.css" line: 8 column: 22 source: "    background-color: #00bcd452;"}]
01-30 17:38:14.443 15052 15052 W MobiFace: [JavaScript Warning: "Expected end of value but found ':'.  Error in parsing value for 'display'.  Declaration dropped." {file: "app://2ec57ac3-eee0-41a3-9d3f-e1b3e29e617f/css/index.css" line: 53 column: 19 source: "    display: inline: block;"}]
01-30 17:38:14.523   453   453 E GeckoConsole: Content JS ERROR: Unexpected hardware key:  backspace-button-release 
01-30 17:38:14.523   453   453 E GeckoConsole:     at HardwareButtonsBaseState.prototype.process (app://system.gaiamobile.org/js/hardware_buttons.js:17:1)
01-30 17:38:14.523   453   453 E GeckoConsole:     at hb_handleEvent (app://system.gaiamobile.org/js/hardware_buttons.js:11:1)
01-30 17:38:14.533   453   453 I Gecko   : [BrowserElement] event type: keyup, key: Backspace, target: [object HTMLIFrameElement], src: app://2ec57ac3-eee0-41a3-9d3f-e1b3e29e617f/splash.html, id: browser17, class: browser
01-30 17:38:14.673 15052 15052 I Gecko   : [BrowserElement] event type: keyup, key: Backspace, target: [object HTMLBodyElement]
01-30 17:38:14.683 15052 15052 I MobiFace: Content JS LOG: On Load getting called! 
01-30 17:38:14.683 15052 15052 I MobiFace:     at <anonymous> (app://2ec57ac3-eee0-41a3-9d3f-e1b3e29e617f/js/index.js:61:5)
01-30 17:38:14.693   453   453 E GeckoConsole: Content JS ERROR: Unexpected hardware key:  backspace-button-release 
01-30 17:38:14.693   453   453 E GeckoConsole:     at HardwareButtonsBaseState.prototype.process (app://system.gaiamobile.org/js/hardware_buttons.js:17:1)
01-30 17:38:14.693   453   453 E GeckoConsole:     at hb_handleEvent (app://system.gaiamobile.org/js/hardware_buttons.js:11:1)
01-30 17:38:14.703 15052 15052 I FocusManager: -> focus is now on, NULL, tag: , id: , class: 
01-30 17:38:14.743 15052 15052 I FocusManager: << focus() called >>
01-30 17:38:14.743 15052 15052 I FocusManager:    trying to set focus on, tag: BUTTON, id: , class: move
01-30 17:38:14.743 15052 15052 I FocusManager:    current focused element, NULL, tag: , id: , class: 
01-30 17:38:14.743 15052 15052 I FocusManager: <- blur on, NULL, tag: , id: , class: 
01-30 17:38:14.743 15052 15052 I FocusManager: -> focus is now on, tag: BUTTON, id: , class: move
01-30 17:38:14.763 15052 15052 I MobiFace: Content JS LOG: File Exists, Reading the File Now /sdcard/Jio/LogsFile.txt 
01-30 17:38:14.763 15052 15052 I MobiFace:     at readFileFromSDCard/request.onsuccess (app://2ec57ac3-eee0-41a3-9d3f-e1b3e29e617f/js/util.js:65:9)
01-30 17:38:14.773 15052 15052 I MobiFace: Content JS LOG: License File Exists, Reading the File Now /sdcard/Jio/LicenseFile.txt 
01-30 17:38:14.773 15052 15052 I MobiFace:     at checkLicensePresent/request.onsuccess (app://2ec57ac3-eee0-41a3-9d3f-e1b3e29e617f/js/index.js:177:9)
01-30 17:38:14.773 15052 15052 I MobiFace: Content JS LOG: ContentFromSDCard  
01-30 17:38:14.773 15052 15052 I MobiFace:     at readFileFromSDCard/request.onsuccess/< (app://2ec57ac3-eee0-41a3-9d3f-e1b3e29e617f/js/util.js:69:13)
01-30 17:38:14.783   453   453 I Gecko   : DSF (parent) mtp-watcher-update: mStorageType 'sdcard' mStorageName 'sdcard' mRootDir '' mPath 'Jio/LogsFile.txt' mFile->GetPath '/data/usbmsc_mnt/Jio/LogsFile.txt'
01-30 17:38:14.783   453   453 I MozMtp  : Observe: mtp-watcher-update: file Jio/LogsFile.txt deleted
01-30 17:38:14.783   453   453 I Gecko   : DSF (parent) mtp-watcher-update: mStorageType 'sdcard' mStorageName 'sdcard' mRootDir '' mPath 'Jio/LogsFile.txt' mFile->GetPath '/data/usbmsc_mnt/Jio/LogsFile.txt'
01-30 17:38:14.783   453   453 I MozMtp  : Observe: mtp-watcher-update: file Jio/LogsFile.txt deleted
01-30 17:38:14.783   453 15609 I MozMtp  : MtpWatcherUpdate: file /data/usbmsc_mnt/Jio/LogsFile.txt deleted
01-30 17:38:14.783   453 15608 I MozMtp  : MtpWatcherUpdate: file /data/usbmsc_mnt/Jio/LogsFile.txt deleted
01-30 17:38:14.783   453 15608 I MozMtp  : MtpWatcherUpdate: About to call sendObjectRemoved Handle 0x00000017 file /data/usbmsc_mnt/Jio/LogsFile.txt
01-30 17:38:14.783 15052 15052 I MobiFace: Content JS LOG: finalContentToWrite <br /><br /> 
01-30 17:38:14.783 15052 15052 I MobiFace:     at readFileFromSDCard/request.onsuccess/< (app://2ec57ac3-eee0-41a3-9d3f-e1b3e29e617f/js/util.js:84:17)
01-30 17:38:14.793 15052 15052 I MobiFace: Content JS LOG: File deleted 
01-30 17:38:14.793 15052 15052 I MobiFace:     at deleteFileFromSDCard/request.onsuccess (app://2ec57ac3-eee0-41a3-9d3f-e1b3e29e617f/js/util.js:14:9)
01-30 17:38:14.793 15052 15052 I MobiFace: Content JS LOG: LicenseData isARAITVNDX0NPUkUEA8Rg4AEAJbqqvDGwh+zqSbiDg17muDaCFEMEy3dTqQBsdHidhXyr+MW3x5dYYsIRc+afKcac8TnSd/7mC1oomRx6WBzfK0uOy1PS+iSRuKg8EyFCvZGJjFQUlGLyW1VaD6bbwbwkJWriq5fU2p/7DuFga/BqBZ1h7syKR/dUR89UW6EjDQDnDbTPmV3yhCsOdRlqVF6HJRq+rKiJl19aVh8YTo/pMAuXjsvLtMGIow6uRxxXELzw3wI38I1gX3OFcrMhopxe8L2WRidxyN0CEW778e2q88ezTBiB7UnbMxeXetnr8PFRS6x/B35rgMXuymPr1iD7cuoaGhb3PaDeQ+rFNrQ+LQEUDE1TQ19MSVZFTkVTUwQDxGDgAQCfEJ2CeemJNSi+b93W5/RzHsFRsiGBRKUwPIfEAE/f9r/xT+SPt481+M5BJphprWf65gSL5gijXjwQQF6omHW2FHc20ouRfhrQ9zM4ySAPVZq5NmArZl1b2M4RiSeYTDk84J97SAiwggEqayT8iwG8NaQkh7WdmySZx3jf9ZScIdb4t6l+o67xQB64KoNhK5OoztbOmGw7pejIGD9I+ueht3PE1Bw7wZan0myQI+GMQ5Cp9VsW3kM8vBmKN/t4z/rfhSFnAixkAtszv+xTR+bLZHBdOZJFEZko27lLLsqDAnf0tam3ZYaR2KQ1uvGi0Y6C49ZQsiP3nXK6w+sj+Lu8AQ0FVkVSSUYEA8Rg4AEAJxFBABBn+oPXBNIhT+BnC/3dcuamjdZehysg6zkW9wg6jlPuXbK7Ck5bmlpL/lTcJhyDlsGSfQdzLnOQyGIrYNC1fvLeXqRLnQEmKA7hlwZefkkTjhzEPvt+JEhifuJ/NEeMQ8LcbVZIPJLf37POyOrkGbO53D0f1kHNqJPxw4nZis80xWyj3K1IolRbIuaYbbBS3X+Pn56MELnQOxq241JYPmdwLf11Sbu5BlSmJg2bv
01-30 17:38:14.803   453   453 I Gecko   : DSF (parent) mtp-watcher-update: mStorageType 'sdcard' mStorageName 'sdcard' mRootDir '' mPath 'Jio/LogsFile.txt' mFile->GetPath '/data/usbmsc_mnt/Jio/LogsFile.txt'
01-30 17:38:14.803   453   453 I MozMtp  : Observe: mtp-watcher-update: file Jio/LogsFile.txt modified
01-30 17:38:14.803   453   453 I Gecko   : DSF (parent) mtp-watcher-update: mStorageType 'sdcard' mStorageName 'sdcard' mRootDir '' mPath 'Jio/LogsFile.txt' mFile->GetPath '/data/usbmsc_mnt/Jio/LogsFile.txt'
01-30 17:38:14.803   453   453 I MozMtp  : Observe: mtp-watcher-update: file Jio/LogsFile.txt modified
01-30 17:38:14.803   453 15608 I MozMtp  : MtpWatcherUpdate: file /data/usbmsc_mnt/Jio/LogsFile.txt modified
01-30 17:38:14.803   453 15608 I MozMtp  : CreateEntryForFileAndNotify: About to call sendObjectAdded Handle 0x0000001a file /data/usbmsc_mnt/Jio/LogsFile.txt
01-30 17:38:14.803   453 15609 I MozMtp  : MtpWatcherUpdate: file /data/usbmsc_mnt/Jio/LogsFile.txt modified
01-30 17:38:14.803   453 13560 I MozMtp  : getObjectInfo: Handle: 0x0000001a Display:'LogsFile.txt' Object:'LogsFile.txt'
01-30 17:38:14.803   453 13560 I MozMtp  : getObjectInfo: aInfo.mDateCreated = 1580386094 entry->mDateCreated = 1580386094
01-30 17:38:14.803   453 13560 I MozMtp  : getObjectInfo: aInfo.mDateModified = 1580386094 entry->mDateModified = 1580386094
01-30 17:38:14.803   453 13560 I MozMtp  : getSupportedObjectProperties: 
01-30 17:38:14.803   453 13560 I MozMtp  : getObjectPropertyValue: Handle: 0x0000001a 'LogsFile.txt' Property: MTP_PROPERTY_OBJECT_SIZE 0x0000dc04
01-30 17:38:14.803 15052 15052 I MobiFace: Content JS LOG: File/sdcard/Jio/LogsFile.txt" successfully wrote on the sdcard storage area 
01-30 17:38:14.803 15052 15052 I MobiFace:     at writeFileToSDCard/request.onsuccess (app://2ec57ac3-eee0-41a3-9d3f-e1b3e29e617f/js/util.js:49:9)
01-30 17:38:14.843  5463  5463 D wpa_supplicant: wlan0: Control interface command 'SIGNAL_POLL'
01-30 17:38:14.933  5463  5463 D wpa_supplicant: CTRL-DEBUG: global_ctrl_sock-sendto: sock=11 sndbuf=163840 outq=0 send_len=48
01-30 17:38:15.503  2227  2227 E sdcard  : missing packages.list; retrying
01-30 17:38:15.1606     1     1 I KERNEL  : [ 6641.888894] init: Starting service 'updater-daemon'...
01-30 17:38:15.1628     1     1 I KERNEL  : [ 6641.910399] init: Service 'updater-daemon' (pid 15640) exited with status 127
01-30 17:38:15.1628     1     1 I KERNEL  : [ 6641.910481] init: Service 'updater-daemon' (pid 15640) killing any children in process group
01-30 17:38:17.843  5463  5463 D wpa_supplicant: wlan0: Control interface command 'SIGNAL_POLL'
01-30 17:38:17.873  5463  5463 D wpa_supplicant: CTRL-DEBUG: global_ctrl_sock-sendto: sock=11 sndbuf=163840 outq=0 send_len=48
01-30 17:38:18.513  2227  2227 E sdcard  : missing packages.list; retrying
01-30 17:38:18.963   425   558 D ThermalEngine: sensor_wait: case_therm Wait done.
01-30 17:38:18.963   425   558 D ThermalEngine: sensor_monitor: case_therm Reading 33000 .
01-30 17:38:18.963   425   558 I ThermalEngine: Sensor:case_therm:33000 mC
01-30 17:38:18.963   425   558 D ThermalEngine: update_active_thresh: case_therm Active(1), Hi(1) 40000, Lo(0) -2147483648, Interval(1) 5000
01-30 17:38:18.963   425   558 D ThermalEngine: sensor_monitor: case_therm Sensor wait.
01-30 17:38:18.963   425   558 D ThermalEngine: sensor_wait: case_therm Wait start. 5000ms
01-30 17:38:19.523   453   453 I GeckoConsole: Content JS LOG: [AppUsage] got an event:  idle 
01-30 17:38:19.523   453   453 I GeckoConsole:     at debug (app://system.gaiamobile.org/js/app_usage_metrics.js:141:7)
01-30 17:38:20.053   726   726 D VM_BMS  : wake_lock acquired
01-30 17:38:20.053   726   726 D VM_BMS  : New BMS data - Size=56
01-30 17:38:20.053   726   726 D VM_BMS  : Start process_bms_data
01-30 17:38:20.053   726   726 D VM_BMS  : For batt_temp=302 fcc_mah=2075
01-30 17:38:20.053   726   726 D VM_BMS  : For ocv=4138877 batt_temp=302 soc=98
01-30 17:38:20.053   726   726 D VM_BMS  : fifo_count=5 acc_count=0
01-30 17:38:20.053   726   726 D VM_BMS  : INIT: ocv=4138877 last_ocv=4138877 batt_temp=302 soc=98
01-30 17:38:20.053   726   726 D VM_BMS  : For soc=98 batt_temp=302 slope=15400
01-30 17:38:20.053   726   726 D VM_BMS  : For soc=98 batt_temp=302 rbatt_sf=96
01-30 17:38:20.053   726   726 D VM_BMS  : rbatt_mohm_default=138, rbatt_mohm=132, sf=96 batt_temp=302
01-30 17:38:20.053   726   726 D VM_BMS  : For ocv=4139367 batt_temp=302 soc=98
01-30 17:38:20.053   726   726 D VM_BMS  : FIFO=0 fifo_avg=4.187399 rbatt=0.182000 slope=1.540000 ibatt=-0.265258 ocv=4.139367 soc=98 fcc_ah=2.075000 sample_count=128 sample_interval=70 seq_num=137
01-30 17:38:20.053   726   726 D VM_BMS  : For soc=98 batt_temp=302 slope=15400
01-30 17:38:20.053   726   726 D VM_BMS  : For soc=98 batt_temp=302 rbatt_sf=96
01-30 17:38:20.053   726   726 D VM_BMS  : rbatt_mohm_default=138, rbatt_mohm=132, sf=96 batt_temp=302
01-30 17:38:20.053   726   726 D VM_BMS  : For ocv=4139893 batt_temp=302 soc=98
01-30 17:38:20.053   726   726 D VM_BMS  : FIFO=1 fifo_avg=4.191512 rbatt=0.182000 slope=1.540000 ibatt=-0.285064 ocv=4.139894 soc=98 fcc_ah=2.075000 sample_count=128 sample_interval=70 seq_num=137
01-30 17:38:20.053   726   726 D VM_BMS  : For soc=98 batt_temp=302 slope=15400
01-30 17:38:20.053   726   726 D VM_BMS  : For soc=98 batt_temp=302 rbatt_sf=96
01-30 17:38:20.053   726   726 D VM_BMS  : rbatt_mohm_default=138, rbatt_mohm=132, sf=96 batt_temp=302
01-30 17:38:20.053   726   726 D VM_BMS  : For ocv=4140399 batt_temp=302 soc=98
01-30 17:38:20.053   726   726 D VM_BMS  : FIFO=2 fifo_avg=4.190008 rbatt=0.182000 slope=1.540000 ibatt=-0.273967 ocv=4.140399 soc=98 fcc_ah=2.075000 sample_count=128 sample_interval=70 seq_num=137
01-30 17:38:20.053   726   726 D VM_BMS  : For soc=98 batt_temp=302 slope=15400
01-30 17:38:20.053   726   726 D VM_BMS  : For soc=98 batt_temp=302 rbatt_sf=96
01-30 17:38:20.053   726   726 D VM_BMS  : rbatt_mohm_default=138, rbatt_mohm=132, sf=96 batt_temp=302
01-30 17:38:20.053   726   726 D VM_BMS  : For ocv=4140745 batt_temp=302 soc=98
01-30 17:38:20.053   726   726 D VM_BMS  : FIFO=3 fifo_avg=4.174727 rbatt=0.182000 slope=1.540000 ibatt=-0.187663 ocv=4.140746 soc=98 fcc_ah=2.075000 sample_count=128 sample_interval=70 seq_num=137
01-30 17:38:20.053   726   726 D VM_BMS  : For soc=98 batt_temp=302 slope=15400
01-30 17:38:20.053   726   726 D VM_BMS  : For soc=98 batt_temp=302 rbatt_sf=96
01-30 17:38:20.053   726   726 D VM_BMS  : rbatt_mohm_default=138, rbatt_mohm=132, sf=96 batt_temp=302
01-30 17:38:20.053   726   726 D VM_BMS  : For ocv=4141213 batt_temp=302 soc=98
01-30 17:38:20.053   726   726 D VM_BMS  : FIFO=4 fifo_avg=4.187114 rbatt=0.182000 slope=1.540000 ibatt=-0.253486 ocv=4.141213 soc=98 fcc_ah=2.075000 sample_count=128 sample_interval=70 seq_num=137
01-30 17:38:20.053   726   726 I VM_BMS  : power_supply_update: ocv_uv=4141213 ibatt=-253486 soc=98 seq_num=137
01-30 17:38:20.053   726   726 D VM_BMS  : End process_bms_data
01-30 17:38:20.053   726   726 D VM_BMS  : wake_lock released
01-30 17:38:20.853  5463  5463 D wpa_supplicant: wlan0: Control interface command 'SIGNAL_POLL'
01-30 17:38:20.883  5463  5463 D wpa_supplicant: CTRL-DEBUG: global_ctrl_sock-sendto: sock=11 sndbuf=163840 outq=0 send_len=48
01-30 17:38:20.1635     1     1 I KERNEL  : [ 6646.917137] init: Starting service 'updater-daemon'...
01-30 17:38:20.1664     1     1 I KERNEL  : [ 6646.946230] init: Service 'updater-daemon' (pid 15655) exited with status 127
01-30 17:38:20.1664     1     1 I KERNEL  : [ 6646.946302] init: Service 'updater-daemon' (pid 15655) killing any children in process group
01-30 17:38:21.513  2227  2227 E sdcard  : missing packages.list; retrying
01-30 17:38:22.843   453   453 I Gecko   : [BrowserElement] event type: keydown, key: Enter, target: [object HTMLIFrameElement], src: app://2ec57ac3-eee0-41a3-9d3f-e1b3e29e617f/splash.html, id: browser17, class: browser
01-30 17:38:22.843   453   453 I GeckoConsole: Content JS LOG: [AppUsage] got an event:  active 
01-30 17:38:22.843   453   453 I GeckoConsole:     at debug (app://system.gaiamobile.org/js/app_usage_metrics.js:141:7)
01-30 17:38:22.863 15052 15052 I Gecko   : [BrowserElement] event type: keydown, key: Enter, target: [object HTMLButtonElement], class: move
01-30 17:38:22.883   453   453 I Gecko   : XXX FIXME : Dispatch a mozChromeEvent: activity-choice
01-30 17:38:22.903   453   453 I FocusManager: << focus() called >>
01-30 17:38:22.903   453   453 I FocusManager:    trying to set focus on, tag: DIV, id: , class: option-menu-container
01-30 17:38:22.923   453   453 I FocusManager:    current focused element, tag: IFRAME, id: browser17, class: browser
01-30 17:38:22.923   453   453 I FocusManager: <- blur on, tag: IFRAME, id: browser17, class: browser
01-30 17:38:22.933 15052 15052 I FocusManager: <- blur on, tag: BUTTON, id: , class: move
01-30 17:38:22.933   453   453 I FocusManager: -> focus is now on, tag: DIV, id: , class: option-menu-container
01-30 17:38:22.933   453   453 I FocusManager: << focus() called >>
01-30 17:38:22.933   453   453 I FocusManager:    trying to set focus on, tag: DIV, id: , class: menu-item p-pri
01-30 17:38:22.933   453   453 I FocusManager: Warning: element is not focusable.
01-30 17:38:22.943   453   453 I FocusManager: << focus() called >>
01-30 17:38:22.943   453   453 I FocusManager:    trying to set focus on, tag: DIV, id: , class: option-menu-container
01-30 17:38:22.963   453   453 I FocusManager: Warning: element is already focused.
01-30 17:38:22.973   453   453 I FocusManager: << focus() called >>
01-30 17:38:22.973   453   453 I FocusManager:    trying to set focus on, tag: DIV, id: , class: menu-item p-pri
01-30 17:38:22.973   453   453 I FocusManager:    current focused element, tag: DIV, id: , class: option-menu-container
01-30 17:38:22.973   453   453 I FocusManager: <- blur on, tag: DIV, id: , class: option-menu-container
01-30 17:38:22.973   453   453 I FocusManager: -> focus is now on, tag: DIV, id: , class: menu-item p-pri
01-30 17:38:22.993   453   453 I Gecko   : [BrowserElement] event type: keyup, key: Enter, target: [object HTMLDivElement], class: menu-item p-pri
01-30 17:38:23.403   453   453 I FocusManager: << focus() called >>
01-30 17:38:23.403   453   453 I FocusManager:    trying to set focus on, tag: DIV, id: , class: menu-item p-pri
01-30 17:38:23.403   453   453 I FocusManager:    current focused element, tag: DIV, id: , class: menu-item p-pri
01-30 17:38:23.403   453   453 I FocusManager: <- blur on, tag: DIV, id: , class: menu-item p-pri
01-30 17:38:23.403   453   453 I FocusManager: -> focus is now on, tag: DIV, id: , class: menu-item p-pri
01-30 17:38:23.423   453   453 I Gecko   : [BrowserElement] event type: keydown, key: ArrowDown, target: [object HTMLDivElement], class: menu-item p-pri
01-30 17:38:23.523   453   453 I Gecko   : [BrowserElement] event type: keyup, key: ArrowDown, target: [object HTMLDivElement], class: menu-item p-pri
01-30 17:38:23.753   453   453 I GeckoDump: XXX FIXME : Got a mozContentEvent: activity-choice
01-30 17:38:23.773   453   453 I FocusManager: << focus() called >>
01-30 17:38:23.773   453   453 I FocusManager:    trying to set focus on, tag: IFRAME, id: browser17, class: browser
01-30 17:38:23.783   453   453 I FocusManager:    current focused element, tag: DIV, id: , class: menu-item p-pri
01-30 17:38:23.783   453   453 I FocusManager: <- blur on, tag: DIV, id: , class: menu-item p-pri
01-30 17:38:23.783   453   453 I FocusManager: -> focus is now on, tag: IFRAME, id: browser17, class: browser
01-30 17:38:23.783 15052 15052 I FocusManager: * WindowRaised *
01-30 17:38:23.783 15052 15052 I FocusManager: -> focus is now on, tag: BUTTON, id: , class: move
01-30 17:38:23.803   453   453 I Gecko   : [BrowserElement] event type: keydown, key: Enter, target: [object HTMLDivElement], class: menu-item p-pri
01-30 17:38:23.823   453   453 I WakeLock: Acquire cpu wakelock
01-30 17:38:23.833   453   453 I Gecko   : XXX FIXME : Dispatch a open-app: undefined
01-30 17:38:23.873   453   453 I GeckoConsole: Content JS LOG: [AppUsage] got an event:  activitycreated 
01-30 17:38:23.873   453   453 I GeckoConsole:     at debug (app://system.gaiamobile.org/js/app_usage_metrics.js:141:7)
01-30 17:38:23.873 15498 15498 I Gecko   : ######################## extensions.js loaded
01-30 17:38:23.913  5463  5463 D wpa_supplicant: wlan0: Control interface command 'SIGNAL_POLL'
01-30 17:38:23.913 15498 15498 W Gallery : [JavaScript Warning: "Use of nsIFile in content process is deprecated." {file: "jar:file:///system/b2g/omni.ja!/components/DirectoryProvider.js" line: 9}]
01-30 17:38:23.933   453   453 I Gecko   : [BrowserElement] event type: keyup, key: Enter, target: [object HTMLIFrameElement], src: app://2ec57ac3-eee0-41a3-9d3f-e1b3e29e617f/splash.html, id: browser17, class: browser
01-30 17:38:23.933  5463  5463 D wpa_supplicant: CTRL-DEBUG: global_ctrl_sock-sendto: sock=11 sndbuf=163840 outq=0 send_len=48
01-30 17:38:23.933 15052 15052 I Gecko   : [BrowserElement] event type: keyup, key: Enter, target: [object HTMLButtonElement], class: move
01-30 17:38:23.963   425   558 D ThermalEngine: sensor_wait: case_therm Wait done.
01-30 17:38:23.963   425   558 D ThermalEngine: sensor_monitor: case_therm Reading 32000 .
01-30 17:38:23.963   425   558 I ThermalEngine: Sensor:case_therm:32000 mC
01-30 17:38:23.963   425   558 D ThermalEngine: update_active_thresh: case_therm Active(1), Hi(1) 40000, Lo(0) -2147483648, Interval(1) 5000
01-30 17:38:23.963   425   558 D ThermalEngine: sensor_monitor: case_therm Sensor wait.
01-30 17:38:23.963   425   558 D ThermalEngine: sensor_wait: case_therm Wait start. 5000ms
01-30 17:38:24.073 15498 15498 W Gallery : [JavaScript Warning: "Error in parsing value for 'float'.  Declaration dropped." {file: "app://gallery.gaiamobile.org/style/gallery_thumbnail.css" line: 30 column: 9 source: "  float: bottom;"}]
01-30 17:38:24.233   453   453 I FocusManager: << focus() called >>
01-30 17:38:24.233   453   453 I FocusManager:    trying to set focus on, tag: IFRAME, id: browser19, class: browser
01-30 17:38:24.243   453   453 I FocusManager:    current focused element, tag: IFRAME, id: browser17, class: browser
01-30 17:38:24.243   453   453 I FocusManager: <- blur on, tag: IFRAME, id: browser17, class: browser
01-30 17:38:24.243 15052 15052 I FocusManager: <- blur on, tag: BUTTON, id: , class: move
01-30 17:38:24.253   453   453 I FocusManager: -> focus is now on, tag: IFRAME, id: browser19, class: browser
01-30 17:38:24.513  2227  2227 E sdcard  : missing packages.list; retrying
01-30 17:38:24.733 15498 15498 I FocusManager: * WindowRaised *
01-30 17:38:24.743 15498 15498 I FocusManager: -> focus is now on, NULL, tag: , id: , class: 
01-30 17:38:24.823 15498 15498 I Gallery : Content JS LOG: NavigationMap init 
01-30 17:38:24.823 15498 15498 I Gallery :     at window.debug (app://gallery.gaiamobile.org/js/utils.js:3:1)
01-30 17:38:24.873 15498 15498 I Gallery : Content JS LOG: App init 
01-30 17:38:24.873 15498 15498 I Gallery :     at window.debug (app://gallery.gaiamobile.org/js/utils.js:3:1)
01-30 17:38:24.873 15498 15498 I Gallery : Content JS LOG: SoftkeyManager init 
01-30 17:38:24.873 15498 15498 I Gallery :     at window.debug (app://gallery.gaiamobile.org/js/utils.js:3:1)
01-30 17:38:24.883 15498 15498 I Gallery : Content JS LOG: SoftkeyManager init done 
01-30 17:38:24.883 15498 15498 I Gallery :     at window.debug (app://gallery.gaiamobile.org/js/utils.js:3:1)
01-30 17:38:24.883 15498 15498 I Gallery : Content JS LOG: Pick init 
01-30 17:38:24.883 15498 15498 I Gallery :     at window.debug (app://gallery.gaiamobile.org/js/utils.js:3:1)
01-30 17:38:24.893 15498 15498 I Gallery : Content JS LOG: Pick init done 
01-30 17:38:24.893 15498 15498 I Gallery :     at window.debug (app://gallery.gaiamobile.org/js/utils.js:3:1)
01-30 17:38:24.963 15498 15498 I Gallery : Content JS LOG: ViewHelper resetView pickView 
01-30 17:38:24.963 15498 15498 I Gallery :     at window.debug (app://gallery.gaiamobile.org/js/utils.js:3:1)
01-30 17:38:24.993   453   453 I WakeLock: Release cpu wakelock
01-30 17:38:24.993 15498 15514 E linker  : readlink('/proc/self/fd/40') failed: Invalid argument [fd=40]
01-30 17:38:24.993 15498 15514 E linker  : warning: unable to get realpath for the library "/system/lib/hw/gralloc.msm8909.so". Will use given name.
01-30 17:38:25.003 15498 15514 E linker  : readlink('/proc/self/fd/40') failed: Invalid argument [fd=40]
01-30 17:38:25.003 15498 15514 E linker  : warning: unable to get realpath for the library "libmemalloc.so". Will use given name.
01-30 17:38:25.003 15498 15514 E linker  : readlink('/proc/self/fd/40') failed: Invalid argument [fd=40]
01-30 17:38:25.003 15498 15514 E linker  : warning: unable to get realpath for the library "libqdMetaData.so". Will use given name.
01-30 17:38:25.003 15498 15514 E linker  : readlink('/proc/self/fd/40') failed: Invalid argument [fd=40]
01-30 17:38:25.003 15498 15514 E linker  : warning: unable to get realpath for the library "libqdutils.so". Will use given name.
01-30 17:38:25.003 15498 15514 E linker  : readlink('/proc/self/fd/40') failed: Invalid argument [fd=40]
01-30 17:38:25.003 15498 15514 E linker  : warning: unable to get realpath for the library "libGLESv1_CM.so". Will use given name.
01-30 17:38:25.003 15498 15514 E linker  : readlink('/proc/self/fd/40') failed: Invalid argument [fd=40]
01-30 17:38:25.003 15498 15514 E linker  : warning: unable to get realpath for the library "libqservice.so". Will use given name.
01-30 17:38:25.033 15498 15498 I Gallery : Content JS LOG: NavigationMap ## reset ## 2 
01-30 17:38:25.033 15498 15498 I Gallery :     at window.debug (app://gallery.gaiamobile.org/js/utils.js:3:1)
01-30 17:38:25.043 15498 15498 I Gallery : Content JS LOG: SoftkeyManager setSkMenu: pickView 
01-30 17:38:25.043 15498 15498 I Gallery :     at window.debug (app://gallery.gaiamobile.org/js/utils.js:3:1)
01-30 17:38:25.043 15498 15498 I Gallery : Content JS LOG: SoftkeyManager create [object Object],[object Object] 
01-30 17:38:25.043 15498 15498 I Gallery :     at window.debug (app://gallery.gaiamobile.org/js/utils.js:3:1)
01-30 17:38:25.043 15498 15498 I FocusManager: << focus() called >>
01-30 17:38:25.043 15498 15498 I FocusManager:    trying to set focus on, tag: FORM, id: softkeyPanel, class: skbar none-paddings visible focused
01-30 17:38:25.063 15498 15498 I FocusManager: Warning: element is not focusable.
01-30 17:38:25.123 15498 15498 I WakeLock: Acquire screen wakelock
01-30 17:38:25.183 15498 15498 I Gallery : Content JS LOG: NavigationMap ## reset ## 2 
01-30 17:38:25.183 15498 15498 I Gallery :     at window.debug (app://gallery.gaiamobile.org/js/utils.js:3:1)
01-30 17:38:25.193 15498 15498 I FocusManager: << focus() called >>
01-30 17:38:25.193 15498 15498 I FocusManager:    trying to set focus on, tag: DIV, id: , class: thumbnail focus
01-30 17:38:25.203 15498 15498 I FocusManager:    current focused element, NULL, tag: , id: , class: 
01-30 17:38:25.203 15498 15498 I FocusManager: <- blur on, NULL, tag: , id: , class: 
01-30 17:38:25.203 15498 15498 I FocusManager: -> focus is now on, tag: DIV, id: , class: thumbnail focus
01-30 17:38:25.203 15498 15498 I Gallery : Content JS LOG: App setCurrentFileIndexByElement:currentFileIndex: 0 
01-30 17:38:25.203 15498 15498 I Gallery :     at window.debug (app://gallery.gaiamobile.org/js/utils.js:3:1)
01-30 17:38:25.213 15498 15498 I Gallery : Content JS LOG: SoftkeyManager setSkMenu: pickView 
01-30 17:38:25.213 15498 15498 I Gallery :     at window.debug (app://gallery.gaiamobile.org/js/utils.js:3:1)
01-30 17:38:25.213 15498 15498 I Gallery : Content JS LOG: SoftkeyManager create [object Object],[object Object] 
01-30 17:38:25.213 15498 15498 I Gallery :     at window.debug (app://gallery.gaiamobile.org/js/utils.js:3:1)
01-30 17:38:25.213 15498 15498 I FocusManager: << focus() called >>
01-30 17:38:25.213 15498 15498 I FocusManager:    trying to set focus on, tag: FORM, id: softkeyPanel, class: skbar none-paddings visible focused
01-30 17:38:25.213 15498 15498 I FocusManager: Warning: element is not focusable.
01-30 17:38:25.563 15498 15498 I WakeLock: Release screen wakelock
01-30 17:38:25.573 15498 15498 I Gallery : Content JS LOG: NavigationMap ## reset ## 2 
01-30 17:38:25.573 15498 15498 I Gallery :     at window.debug (app://gallery.gaiamobile.org/js/utils.js:3:1)
01-30 17:38:25.583 15498 15498 I FocusManager: << focus() called >>
01-30 17:38:25.583 15498 15498 I FocusManager:    trying to set focus on, tag: DIV, id: , class: thumbnail focus
01-30 17:38:25.583 15498 15498 I FocusManager:    current focused element, tag: DIV, id: , class: thumbnail
01-30 17:38:25.583 15498 15498 I FocusManager: <- blur on, tag: DIV, id: , class: thumbnail
01-30 17:38:25.583 15498 15498 I FocusManager: -> focus is now on, tag: DIV, id: , class: thumbnail focus
01-30 17:38:25.593 15498 15498 I Gallery : Content JS LOG: App setCurrentFileIndexByElement:currentFileIndex: 11 
01-30 17:38:25.593 15498 15498 I Gallery :     at window.debug (app://gallery.gaiamobile.org/js/utils.js:3:1)
01-30 17:38:25.593 15498 15498 I Gallery : Content JS LOG: SoftkeyManager setSkMenu: pickView 
01-30 17:38:25.593 15498 15498 I Gallery :     at window.debug (app://gallery.gaiamobile.org/js/utils.js:3:1)
01-30 17:38:25.593 15498 15498 I Gallery : Content JS LOG: SoftkeyManager create [object Object],[object Object] 
01-30 17:38:25.593 15498 15498 I Gallery :     at window.debug (app://gallery.gaiamobile.org/js/utils.js:3:1)
01-30 17:38:25.593 15498 15498 I FocusManager: << focus() called >>
01-30 17:38:25.593 15498 15498 I FocusManager:    trying to set focus on, tag: FORM, id: softkeyPanel, class: skbar none-paddings visible focused
01-30 17:38:25.603 15498 15498 I FocusManager: Warning: element is not focusable.
01-30 17:38:25.623 15498 15498 I Gallery : Content JS LOG: NavigationMap ## reset ## 2 
01-30 17:38:25.623 15498 15498 I Gallery :     at window.debug (app://gallery.gaiamobile.org/js/utils.js:3:1)
01-30 17:38:25.623 15498 15498 I FocusManager: << focus() called >>
01-30 17:38:25.623 15498 15498 I FocusManager:    trying to set focus on, tag: DIV, id: , class: thumbnail focus
01-30 17:38:25.633 15498 15498 I FocusManager: Warning: element is already focused.
01-30 17:38:25.633 15498 15498 I Gallery : Content JS LOG: App setCurrentFileIndexByElement:currentFileIndex: 11 
01-30 17:38:25.633 15498 15498 I Gallery :     at window.debug (app://gallery.gaiamobile.org/js/utils.js:3:1)
01-30 17:38:25.633 15498 15498 I Gallery : Content JS LOG: SoftkeyManager setSkMenu: pickView 
01-30 17:38:25.633 15498 15498 I Gallery :     at window.debug (app://gallery.gaiamobile.org/js/utils.js:3:1)
01-30 17:38:25.633 15498 15498 I Gallery : Content JS LOG: SoftkeyManager create [object Object],[object Object] 
01-30 17:38:25.633 15498 15498 I Gallery :     at window.debug (app://gallery.gaiamobile.org/js/utils.js:3:1)
01-30 17:38:25.643 15498 15498 I FocusManager: << focus() called >>
01-30 17:38:25.643 15498 15498 I FocusManager:    trying to set focus on, tag: FORM, id: softkeyPanel, class: skbar none-paddings visible focused
01-30 17:38:25.643 15498 15498 I FocusManager: Warning: element is not focusable.
01-30 17:38:26.073   453   453 I Gecko   : [BrowserElement] event type: keydown, key: ArrowUp, target: [object HTMLIFrameElement], src: app://gallery.gaiamobile.org/index.html#pick, id: browser19, class: browser
01-30 17:38:26.093 15498 15498 I FocusManager: << focus() called >>
01-30 17:38:26.093 15498 15498 I FocusManager:    trying to set focus on, tag: DIV, id: , class: thumbnail focus
01-30 17:38:26.103 15498 15498 I FocusManager:    current focused element, tag: DIV, id: , class: thumbnail
01-30 17:38:26.103 15498 15498 I FocusManager: <- blur on, tag: DIV, id: , class: thumbnail
01-30 17:38:26.103 15498 15498 I FocusManager: -> focus is now on, tag: DIV, id: , class: thumbnail focus
01-30 17:38:26.113 15498 15498 I Gallery : Content JS LOG: App setCurrentFileIndexByElement:currentFileIndex: 9 
01-30 17:38:26.113 15498 15498 I Gallery :     at window.debug (app://gallery.gaiamobile.org/js/utils.js:3:1)
01-30 17:38:26.113 15498 15498 I Gallery : Content JS LOG: NavigationMap keydown: ArrowUp 
01-30 17:38:26.113 15498 15498 I Gallery :     at window.debug (app://gallery.gaiamobile.org/js/utils.js:3:1)
01-30 17:38:26.113 15498 15498 I Gecko   : [BrowserElement] event type: keydown, key: ArrowUp, target: [object HTMLDivElement], class: thumbnail
01-30 17:38:26.213   453   453 I Gecko   : [BrowserElement] event type: keyup, key: ArrowUp, target: [object HTMLIFrameElement], src: app://gallery.gaiamobile.org/index.html#pick, id: browser19, class: browser
01-30 17:38:26.223 15498 15498 I Gecko   : [BrowserElement] event type: keyup, key: ArrowUp, target: [object HTMLDivElement], class: thumbnail focus
01-30 17:38:25.1670     1     1 I KERNEL  : [ 6651.952598] init: Starting service 'updater-daemon'...
01-30 17:38:25.1692     1     1 I KERNEL  : [ 6651.974109] init: Service 'updater-daemon' (pid 15715) exited with status 127
01-30 17:38:25.1692     1     1 I KERNEL  : [ 6651.974198] init: Service 'updater-daemon' (pid 15715) killing any children in process group
01-30 17:38:26.653   453   453 I Gecko   : [BrowserElement] event type: keydown, key: ArrowDown, target: [object HTMLIFrameElement], src: app://gallery.gaiamobile.org/index.html#pick, id: browser19, class: browser
01-30 17:38:26.663 15498 15498 I FocusManager: << focus() called >>
01-30 17:38:26.663 15498 15498 I FocusManager:    trying to set focus on, tag: DIV, id: , class: thumbnail focus
01-30 17:38:26.663 15498 15498 I FocusManager:    current focused element, tag: DIV, id: , class: thumbnail
01-30 17:38:26.673 15498 15498 I FocusManager: <- blur on, tag: DIV, id: , class: thumbnail
01-30 17:38:26.673 15498 15498 I FocusManager: -> focus is now on, tag: DIV, id: , class: thumbnail focus
01-30 17:38:26.683 15498 15498 I Gallery : Content JS LOG: App setCurrentFileIndexByElement:currentFileIndex: 11 
01-30 17:38:26.683 15498 15498 I Gallery :     at window.debug (app://gallery.gaiamobile.org/js/utils.js:3:1)
01-30 17:38:26.683 15498 15498 I Gallery : Content JS LOG: NavigationMap keydown: ArrowDown 
01-30 17:38:26.683 15498 15498 I Gallery :     at window.debug (app://gallery.gaiamobile.org/js/utils.js:3:1)
01-30 17:38:26.683 15498 15498 I Gecko   : [BrowserElement] event type: keydown, key: ArrowDown, target: [object HTMLDivElement], class: thumbnail
01-30 17:38:26.793   453   453 I Gecko   : [BrowserElement] event type: keyup, key: ArrowDown, target: [object HTMLIFrameElement], src: app://gallery.gaiamobile.org/index.html#pick, id: browser19, class: browser
01-30 17:38:26.803 15498 15498 I Gecko   : [BrowserElement] event type: keyup, key: ArrowDown, target: [object HTMLDivElement], class: thumbnail focus
01-30 17:38:26.913  5463  5463 D wpa_supplicant: wlan0: Control interface command 'SIGNAL_POLL'
01-30 17:38:26.933  5463  5463 D wpa_supplicant: CTRL-DEBUG: global_ctrl_sock-sendto: sock=11 sndbuf=163840 outq=0 send_len=48
01-30 17:38:27.063   453   453 I Gecko   : [BrowserElement] event type: keydown, key: ArrowRight, target: [object HTMLIFrameElement], src: app://gallery.gaiamobile.org/index.html#pick, id: browser19, class: browser
01-30 17:38:27.063 15498 15498 I FocusManager: << focus() called >>
01-30 17:38:27.063 15498 15498 I FocusManager:    trying to set focus on, tag: DIV, id: , class: thumbnail focus
01-30 17:38:27.073 15498 15498 I FocusManager:    current focused element, tag: DIV, id: , class: thumbnail
01-30 17:38:27.073 15498 15498 I FocusManager: <- blur on, tag: DIV, id: , class: thumbnail
01-30 17:38:27.073 15498 15498 I FocusManager: -> focus is now on, tag: DIV, id: , class: thumbnail focus
01-30 17:38:27.083 15498 15498 I Gallery : Content JS LOG: App setCurrentFileIndexByElement:currentFileIndex: 0 
01-30 17:38:27.083 15498 15498 I Gallery :     at window.debug (app://gallery.gaiamobile.org/js/utils.js:3:1)
01-30 17:38:27.083 15498 15498 I Gallery : Content JS LOG: NavigationMap keydown: ArrowRight 
01-30 17:38:27.083 15498 15498 I Gallery :     at window.debug (app://gallery.gaiamobile.org/js/utils.js:3:1)
01-30 17:38:27.083 15498 15498 I Gecko   : [BrowserElement] event type: keydown, key: ArrowRight, target: [object HTMLDivElement], class: thumbnail
01-30 17:38:27.173   453   453 I Gecko   : [BrowserElement] event type: keyup, key: ArrowRight, target: [object HTMLIFrameElement], src: app://gallery.gaiamobile.org/index.html#pick, id: browser19, class: browser
01-30 17:38:27.173 15498 15498 I Gecko   : [BrowserElement] event type: keyup, key: ArrowRight, target: [object HTMLDivElement], class: thumbnail focus
01-30 17:38:27.363   453   453 I Gecko   : [BrowserElement] event type: keydown, key: Enter, target: [object HTMLIFrameElement], src: app://gallery.gaiamobile.org/index.html#pick, id: browser19, class: browser
01-30 17:38:27.373 15498 15498 I FocusManager: << focus() called >>
01-30 17:38:27.373 15498 15498 I FocusManager:    trying to set focus on, tag: DIV, id: , class: thumbnail focus
01-30 17:38:27.373 15498 15498 I FocusManager: Warning: element is already focused.
01-30 17:38:27.373 15498 15498 I Gallery : Content JS LOG: ViewHelper resetView cropView 
01-30 17:38:27.373 15498 15498 I Gallery :     at window.debug (app://gallery.gaiamobile.org/js/utils.js:3:1)
01-30 17:38:27.373 15498 15498 I FocusManager: << focus() called >>
01-30 17:38:27.373 15498 15498 I FocusManager:    trying to set focus on, tag: SECTION, id: crop-view, class: skin-dark
01-30 17:38:27.383 15498 15498 I FocusManager:    current focused element, tag: DIV, id: , class: thumbnail focus
01-30 17:38:27.393 15498 15498 I FocusManager: <- blur on, tag: DIV, id: , class: thumbnail focus
01-30 17:38:27.393 15498 15498 I FocusManager: -> focus is now on, tag: SECTION, id: crop-view, class: skin-dark
01-30 17:38:27.403 15498 15498 I Gallery : Content JS LOG: NavigationMap keydown: Enter 
01-30 17:38:27.403 15498 15498 I Gallery :     at window.debug (app://gallery.gaiamobile.org/js/utils.js:3:1)
01-30 17:38:27.403 15498 15498 I Gecko   : [BrowserElement] event type: keydown, key: Enter, target: [object HTMLDivElement], class: thumbnail focus
01-30 17:38:27.463 15498 15498 I Gallery : Content JS LOG: NavigationMap ## reset ## 2 
01-30 17:38:27.463 15498 15498 I Gallery :     at window.debug (app://gallery.gaiamobile.org/js/utils.js:3:1)
01-30 17:38:27.463 15498 15498 I Gallery : Content JS LOG: SoftkeyManager setSkMenu: cropView.pickImage 
01-30 17:38:27.463 15498 15498 I Gallery :     at window.debug (app://gallery.gaiamobile.org/js/utils.js:3:1)
01-30 17:38:27.463 15498 15498 I Gallery : Content JS LOG: SoftkeyManager create [object Object],[object Object] 
01-30 17:38:27.463 15498 15498 I Gallery :     at window.debug (app://gallery.gaiamobile.org/js/utils.js:3:1)
01-30 17:38:27.473   453   453 I Gecko   : [BrowserElement] event type: keyup, key: Enter, target: [object HTMLIFrameElement], src: app://gallery.gaiamobile.org/index.html#pick, id: browser19, class: browser
01-30 17:38:27.473 15498 15498 I FocusManager: << focus() called >>
01-30 17:38:27.473 15498 15498 I FocusManager:    trying to set focus on, tag: FORM, id: softkeyPanel, class: skbar none-paddings visible focused
01-30 17:38:27.473 15498 15498 I FocusManager: Warning: element is not focusable.
01-30 17:38:27.483 15498 15498 I Gallery : Content JS LOG: SoftkeyManager setSkMenu: cropView.pickImage 
01-30 17:38:27.483 15498 15498 I Gallery :     at window.debug (app://gallery.gaiamobile.org/js/utils.js:3:1)
01-30 17:38:27.483 15498 15498 I Gallery : Content JS LOG: SoftkeyManager create [object Object],[object Object] 
01-30 17:38:27.483 15498 15498 I Gallery :     at window.debug (app://gallery.gaiamobile.org/js/utils.js:3:1)
01-30 17:38:27.493 15498 15498 I FocusManager: << focus() called >>
01-30 17:38:27.493 15498 15498 I FocusManager:    trying to set focus on, tag: FORM, id: softkeyPanel, class: skbar none-paddings visible focused
01-30 17:38:27.493 15498 15498 I FocusManager: Warning: element is not focusable.
01-30 17:38:27.503 15498 15498 I Gecko   : [BrowserElement] event type: keyup, key: Enter, target: [object HTMLElement], id: crop-view, class: skin-dark
01-30 17:38:27.513  2227  2227 E sdcard  : missing packages.list; retrying
01-30 17:38:27.783   453   453 I Gecko   : [BrowserElement] event type: keydown, key: SoftRight, target: [object HTMLIFrameElement], src: app://gallery.gaiamobile.org/index.html#pick, id: browser19, class: browser
01-30 17:38:27.793 15498 15498 I Gecko   : [BrowserElement] event type: keydown, key: SoftRight, target: [object HTMLElement], id: crop-view, class: skin-dark
01-30 17:38:27.803 15052 15052 I MobiFace: Content JS LOG: testing=[object File] 
01-30 17:38:27.803 15052 15052 I MobiFace:     at openCamera/activity.onsuccess (app://2ec57ac3-eee0-41a3-9d3f-e1b3e29e617f/js/index.js:89:9)
01-30 17:38:27.883   453   453 I Gecko   : [BrowserElement] event type: keyup, key: SoftRight, target: [object HTMLIFrameElement], src: app://gallery.gaiamobile.org/index.html#pick, id: browser19, class: browser
01-30 17:38:27.883 15498 15498 I Gecko   : [BrowserElement] event type: keyup, key: SoftRight, target: [object HTMLElement], id: crop-view, class: skin-dark
01-30 17:38:28.153   453   453 I FocusManager: << focus() called >>
01-30 17:38:28.153   453   453 I FocusManager:    trying to set focus on, tag: IFRAME, id: browser17, class: browser
01-30 17:38:28.163   453   453 I FocusManager:    current focused element, tag: IFRAME, id: browser19, class: browser
01-30 17:38:28.163   453   453 I FocusManager: <- blur on, tag: IFRAME, id: browser19, class: browser
01-30 17:38:28.163   453   453 I FocusManager: -> focus is now on, tag: IFRAME, id: browser17, class: browser
01-30 17:38:28.173 15052 15052 I FocusManager: * WindowRaised *
01-30 17:38:28.173 15052 15052 I FocusManager: -> focus is now on, tag: BUTTON, id: , class: move
01-30 17:38:28.233   453   453 I Gecko   : [BrowserElement] event type: keydown, key: ArrowDown, target: [object HTMLIFrameElement], src: app://2ec57ac3-eee0-41a3-9d3f-e1b3e29e617f/splash.html, id: browser17, class: browser
01-30 17:38:28.243 15498 15498 I FocusManager: <- blur on, tag: SECTION, id: crop-view, class: skin-dark
01-30 17:38:28.253 15052 15052 I FocusManager: << focus() called >>
01-30 17:38:28.253 15052 15052 I FocusManager:    trying to set focus on, tag: BUTTON, id: , class: move
