01-30 17:39:08.873   492 16138 E AEC_PORT: aec_port_save_update:real_gain:1.000000 linecnt:773 exp_idx:225 cur_luma:-536870912 led_est:1079027644
01-30 17:39:08.873  7854 15177 D MobiFace:  DEBUG - [event] trackingInfo_cb
01-30 17:39:08.873  7854 15177 D MobiFace:  DEBUG - [event] positionInstruction_cb
01-30 17:39:08.873  7854 15177 D MobiFace:  DEBUG - [event] freeImage_cb
01-30 17:39:08.873  7854 15177 D MobiFace:  DEBUG - pushImage2: 0
01-30 17:39:08.873  7854 14954 D MobiFace:  DEBUG - getPositionInfo
01-30 17:39:08.873  7854  7858 D MobiFace:  DEBUG - getChallenge
01-30 17:39:08.873  7854 14954 D MobiFace:  DEBUG - getChallengeInfo
01-30 17:39:08.883 15728 15728 I GeckoDump: Got analysisResult:0
01-30 17:39:08.883 15728 15728 I GeckoDump: Got analysisInfo:1
01-30 17:39:08.883 15728 15728 I GeckoDump: Got matchScore0
01-30 17:39:08.883 15728 15728 I GeckoDump: Got payload is null
01-30 17:39:08.883 15728 15728 I GeckoDump: Got bestImage is null
01-30 17:39:08.883   492 16102 E mm-camera: c2d_thread_handle_process_buf_event:190 input buf index 6
01-30 17:39:08.883   492 16102 E mm-camera: c2d_thread_handle_process_buf_event:207 input vaddr b334a000
01-30 17:39:08.893 15728 16152 D FrServiceClient:  DEBUG - tiem taken: 4.000000
01-30 17:39:08.893  7854 14954 D MobiFace:  DEBUG - frameParams: 6 640 480 720 270
01-30 17:39:08.893 15728 16152 D FrServiceClient:  DEBUG - mobiFace_pushFrame frame 0xacf01000 460800
01-30 17:39:08.893 15728 16152 D FrServiceClient:  DEBUG - IdemiaFrServiceImpl::StartFaceAnalysis: FrServiceClient 460800
01-30 17:39:08.893   453   453 I GeckoConsole: Content JS LOG: [AppUsage] got an event:  idle 
01-30 17:39:08.893   453   453 I GeckoConsole:     at debug (app://system.gaiamobile.org/js/app_usage_metrics.js:141:7)
01-30 17:39:08.923   492 16102 E mm-camera: c2d_thread_handle_process_buf_event:190 input buf index 4
01-30 17:39:08.923   492 16102 E mm-camera: c2d_thread_handle_process_buf_event:207 input vaddr b342c000
01-30 17:39:08.923   492 16138 E AEC_PORT: aec_port_save_update:real_gain:1.000000 linecnt:773 exp_idx:225 cur_luma:0 led_est:1079028051
01-30 17:39:08.933  7854  7858 D MobiFace:  DEBUG - pushImage2: 0xb7ae69c8 0xb7ae6d60 0xb44ce008 460800 1 -1213330272 0x5303f9cf
01-30 17:39:08.973   492 16138 E AEC_PORT: aec_port_save_update:real_gain:1.000000 linecnt:773 exp_idx:225 cur_luma:1610612736 led_est:1079027527
01-30 17:39:08.973   492 16102 E mm-camera: c2d_thread_handle_process_buf_event:190 input buf index 5
01-30 17:39:08.973   492 16102 E mm-camera: c2d_thread_handle_process_buf_event:207 input vaddr b33bb000
01-30 17:39:08.983   425   558 D ThermalEngine: sensor_wait: case_therm Wait done.
01-30 17:39:08.983   425   558 D ThermalEngine: sensor_monitor: case_therm Reading 33000 .
01-30 17:39:08.983   425   558 I ThermalEngine: Sensor:case_therm:33000 mC
01-30 17:39:08.983   425   558 D ThermalEngine: update_active_thresh: case_therm Active(1), Hi(1) 40000, Lo(0) -2147483648, Interval(1) 5000
01-30 17:39:08.983   425   558 D ThermalEngine: sensor_monitor: case_therm Sensor wait.
01-30 17:39:08.983   425   558 D ThermalEngine: sensor_wait: case_therm Wait start. 5000ms
01-30 17:39:09.023   492 16138 E AEC_PORT: aec_port_save_update:real_gain:1.000000 linecnt:773 exp_idx:225 cur_luma:1073741824 led_est:1079027677
01-30 17:39:09.023   492 16102 E mm-camera: c2d_thread_handle_process_buf_event:190 input buf index 6
01-30 17:39:09.023   492 16102 E mm-camera: c2d_thread_handle_process_buf_event:207 input vaddr b334a000
01-30 17:39:09.073   492 16138 E AEC_PORT: aec_port_save_update:real_gain:1.000000 linecnt:773 exp_idx:225 cur_luma:-2147483648 led_est:1079028054
01-30 17:39:09.073   492 16102 E mm-camera: c2d_thread_handle_process_buf_event:190 input buf index 4
01-30 17:39:09.073   492 16102 E mm-camera: c2d_thread_handle_process_buf_event:207 input vaddr b342c000
01-30 17:39:09.083  7854  7858 D MobiFace:  DEBUG - [event] trackingInfo_cb
01-30 17:39:09.083  7854  7858 D MobiFace:  DEBUG - [event] positionInstruction_cb
01-30 17:39:09.083  7854  7858 D MobiFace:  DEBUG - [event] freeImage_cb
01-30 17:39:09.083  7854  7858 D MobiFace:  DEBUG - pushImage2: 0
01-30 17:39:09.083  7854 15177 D MobiFace:  DEBUG - getPositionInfo
01-30 17:39:09.083  7854  7854 D MobiFace:  DEBUG - getChallenge
01-30 17:39:09.083  7854 14954 D MobiFace:  DEBUG - getChallengeInfo
01-30 17:39:09.083 15728 15728 I GeckoDump: Got analysisResult:0
01-30 17:39:09.083 15728 15728 I GeckoDump: Got analysisInfo:1
01-30 17:39:09.083 15728 15728 I GeckoDump: Got matchScore0
01-30 17:39:09.083 15728 15728 I GeckoDump: Got payload is null
01-30 17:39:09.083 15728 15728 I GeckoDump: Got bestImage is null
01-30 17:39:09.093 15728 16152 D FrServiceClient:  DEBUG - tiem taken: 5.000000
01-30 17:39:09.103  7854  7854 D MobiFace:  DEBUG - frameParams: 6 640 480 720 270
01-30 17:39:09.103 15728 16152 D FrServiceClient:  DEBUG - mobiFace_pushFrame frame 0xacb72000 460800
01-30 17:39:09.103 15728 16152 D FrServiceClient:  DEBUG - IdemiaFrServiceImpl::StartFaceAnalysis: FrServiceClient 460800
01-30 17:39:09.123   492 16097 E         : dmlroc_entry  entering dmlroc_entry
01-30 17:39:09.123   492 16102 E mm-camera: c2d_thread_handle_process_buf_event:190 input buf index 5
01-30 17:39:09.123   492 16102 E mm-camera: c2d_thread_handle_process_buf_event:207 input vaddr b33bb000
01-30 17:39:09.143  7854 14954 D MobiFace:  DEBUG - pushImage2: 0xb7ae69c8 0xb7ae6d60 0xb44ce008 460800 1 -1213304712 0x530735dc
01-30 17:39:09.183   492 16138 E AEC_PORT: aec_port_save_update:real_gain:1.000000 linecnt:773 exp_idx:225 cur_luma:-1073741824 led_est:1079027666
01-30 17:39:09.183   492 16102 E mm-camera: c2d_thread_handle_process_buf_event:190 input buf index 6
01-30 17:39:09.183   492 16102 E mm-camera: c2d_thread_handle_process_buf_event:207 input vaddr b334a000
01-30 17:39:09.203  5463  5463 D wpa_supplicant: wlan0: Control interface command 'SIGNAL_POLL'
01-30 17:39:09.233   492 16138 E AEC_PORT: aec_port_save_update:real_gain:1.000000 linecnt:773 exp_idx:225 cur_luma:536870912 led_est:1079022934
01-30 17:39:09.233   492 16102 E mm-camera: c2d_thread_handle_process_buf_event:190 input buf index 4
01-30 17:39:09.233   492 16102 E mm-camera: c2d_thread_handle_process_buf_event:207 input vaddr b342c000
01-30 17:39:09.233  5463  5463 D wpa_supplicant: CTRL-DEBUG: global_ctrl_sock-sendto: sock=11 sndbuf=163840 outq=0 send_len=48
01-30 17:39:09.283   492 16102 E mm-camera: c2d_thread_handle_process_buf_event:190 input buf index 5
01-30 17:39:09.283   492 16102 E mm-camera: c2d_thread_handle_process_buf_event:207 input vaddr b33bb000
01-30 17:39:09.283   492 16138 E AEC_PORT: aec_port_save_update:real_gain:1.000000 linecnt:773 exp_idx:225 cur_luma:536870912 led_est:1079022943
01-30 17:39:09.293  7854 14954 D MobiFace:  DEBUG - [event] trackingInfo_cb
01-30 17:39:09.293  7854 14954 D MobiFace:  DEBUG - [event] positionInstruction_cb
01-30 17:39:09.293  7854 14954 D MobiFace:  DEBUG - [event] freeImage_cb
01-30 17:39:09.293  7854 14954 D MobiFace:  DEBUG - pushImage2: 0
01-30 17:39:09.293  7854  7858 D MobiFace:  DEBUG - getPositionInfo
01-30 17:39:09.293  7854 15177 D MobiFace:  DEBUG - getChallenge
01-30 17:39:09.293  7854  7854 D MobiFace:  DEBUG - getChallengeInfo
01-30 17:39:09.293 15728 15728 I GeckoDump: Got analysisResult:0
01-30 17:39:09.293 15728 15728 I GeckoDump: Got analysisInfo:1
01-30 17:39:09.293 15728 15728 I GeckoDump: Got matchScore0
01-30 17:39:09.303 15728 15728 I GeckoDump: Got payload is null
01-30 17:39:09.303 15728 15728 I GeckoDump: Got bestImage is null
01-30 17:39:09.303 15728 16152 D FrServiceClient:  DEBUG - tiem taken: 5.000000
01-30 17:39:09.303  7854 15177 D MobiFace:  DEBUG - frameParams: 6 640 480 720 270
01-30 17:39:09.303 15728 16152 D FrServiceClient:  DEBUG - mobiFace_pushFrame frame 0xacb01000 460800
01-30 17:39:09.303 15728 16152 D FrServiceClient:  DEBUG - IdemiaFrServiceImpl::StartFaceAnalysis: FrServiceClient 460800
01-30 17:39:09.323  7854  7854 D MobiFace:  DEBUG - pushImage2: 0xb7ae69c8 0xb7ae6d60 0xb44ce008 460800 1 -1213331312 0x530a09e9
01-30 17:39:09.333   492 16102 E mm-camera: c2d_thread_handle_process_buf_event:190 input buf index 6
01-30 17:39:09.333   492 16102 E mm-camera: c2d_thread_handle_process_buf_event:207 input vaddr b334a000
01-30 17:39:09.333   492 16138 E AEC_PORT: aec_port_save_update:real_gain:1.000000 linecnt:773 exp_idx:225 cur_luma:536870912 led_est:1079023219
01-30 17:39:09.383   492 16138 E AEC_PORT: aec_port_save_update:real_gain:1.000000 linecnt:773 exp_idx:225 cur_luma:-536870912 led_est:1079023184
01-30 17:39:09.383   492 16102 E mm-camera: c2d_thread_handle_process_buf_event:190 input buf index 4
01-30 17:39:09.383   492 16102 E mm-camera: c2d_thread_handle_process_buf_event:207 input vaddr b342c000
01-30 17:39:09.433   492 16138 E AEC_PORT: aec_port_save_update:real_gain:1.000000 linecnt:773 exp_idx:225 cur_luma:0 led_est:1079023135
01-30 17:39:09.433   492 16102 E mm-camera: c2d_thread_handle_process_buf_event:190 input buf index 5
01-30 17:39:09.433   492 16102 E mm-camera: c2d_thread_handle_process_buf_event:207 input vaddr b33bb000
01-30 17:39:09.463  7854  7854 D MobiFace:  DEBUG - [event] trackingInfo_cb
01-30 17:39:09.463  7854  7854 D MobiFace:  DEBUG - [event] positionInstruction_cb
01-30 17:39:09.463  7854  7854 D MobiFace:  DEBUG - [event] freeImage_cb
01-30 17:39:09.463  7854  7854 D MobiFace:  DEBUG - pushImage2: 0
01-30 17:39:09.463  7854 14954 D MobiFace:  DEBUG - getPositionInfo
01-30 17:39:09.473  7854  7858 D MobiFace:  DEBUG - getChallenge
01-30 17:39:09.473  7854 15177 D MobiFace:  DEBUG - getChallengeInfo
01-30 17:39:09.473 15728 15728 I GeckoDump: Got analysisResult:0
01-30 17:39:09.473 15728 15728 I GeckoDump: Got analysisInfo:1
01-30 17:39:09.473 15728 15728 I GeckoDump: Got matchScore0
01-30 17:39:09.473 15728 15728 I GeckoDump: Got payload is null
01-30 17:39:09.473 15728 15728 I GeckoDump: Got bestImage is null
01-30 17:39:09.483 15728 16152 D FrServiceClient:  DEBUG - tiem taken: 5.000000
01-30 17:39:09.483  7854  7858 D MobiFace:  DEBUG - frameParams: 6 640 480 720 270
01-30 17:39:09.483   492 16138 E AEC_PORT: aec_port_save_update:real_gain:1.000000 linecnt:773 exp_idx:225 cur_luma:-536870912 led_est:1079023152
01-30 17:39:09.483 15728 16152 D FrServiceClient:  DEBUG - mobiFace_pushFrame frame 0xacf01000 460800
01-30 17:39:09.483   492 16102 E mm-camera: c2d_thread_handle_process_buf_event:190 input buf index 6
01-30 17:39:09.483   492 16102 E mm-camera: c2d_thread_handle_process_buf_event:207 input vaddr b334a000
01-30 17:39:09.483 15728 16152 D FrServiceClient:  DEBUG - IdemiaFrServiceImpl::StartFaceAnalysis: FrServiceClient 460800
01-30 17:39:09.503  7854 15177 D MobiFace:  DEBUG - pushImage2: 0xb7ae69c8 0xb7ae6d60 0xb44ce008 460800 1 -1213303792 0x530cb2e1
01-30 17:39:09.513  2227  2227 E sdcard  : missing packages.list; retrying
01-30 17:39:09.533   492 16138 E AEC_PORT: aec_port_save_update:real_gain:1.000000 linecnt:773 exp_idx:225 cur_luma:0 led_est:1079023108
01-30 17:39:09.533   492 16102 E mm-camera: c2d_thread_handle_process_buf_event:190 input buf index 4
01-30 17:39:09.533   492 16102 E mm-camera: c2d_thread_handle_process_buf_event:207 input vaddr b342c000
01-30 17:39:09.583   492 16138 E AEC_PORT: aec_port_save_update:real_gain:1.000000 linecnt:773 exp_idx:225 cur_luma:-1610612736 led_est:1079023183
01-30 17:39:09.583   492 16102 E mm-camera: c2d_thread_handle_process_buf_event:190 input buf index 5
01-30 17:39:09.583   492 16102 E mm-camera: c2d_thread_handle_process_buf_event:207 input vaddr b33bb000
01-30 17:39:09.633   492 16097 E         : dmlroc_entry  entering dmlroc_entry
01-30 17:39:09.633   492 16102 E mm-camera: c2d_thread_handle_process_buf_event:190 input buf index 6
01-30 17:39:09.633   492 16102 E mm-camera: c2d_thread_handle_process_buf_event:207 input vaddr b334a000
01-30 17:39:09.643  7854 15177 D MobiFace:  DEBUG - [event] trackingInfo_cb
01-30 17:39:09.643  7854 15177 D MobiFace:  DEBUG - [event] positionInstruction_cb
01-30 17:39:09.643  7854 15177 D MobiFace:  DEBUG - [event] freeImage_cb
01-30 17:39:09.643  7854 15177 D MobiFace:  DEBUG - pushImage2: 0
01-30 17:39:09.643  7854  7854 D MobiFace:  DEBUG - getPositionInfo
01-30 17:39:09.643  7854 14954 D MobiFace:  DEBUG - getChallenge
01-30 17:39:09.643  7854  7858 D MobiFace:  DEBUG - getChallengeInfo
01-30 17:39:09.643 15728 15728 I GeckoDump: Got analysisResult:0
01-30 17:39:09.643 15728 15728 I GeckoDump: Got analysisInfo:1
01-30 17:39:09.643 15728 15728 I GeckoDump: Got matchScore0
01-30 17:39:09.653 15728 15728 I GeckoDump: Got payload is null
01-30 17:39:09.653 15728 15728 I GeckoDump: Got bestImage is null
01-30 17:39:09.653 15728 16152 D FrServiceClient:  DEBUG - tiem taken: 5.000000
01-30 17:39:09.653  7854 14954 D MobiFace:  DEBUG - frameParams: 6 640 480 720 270
01-30 17:39:09.663 15728 16152 D FrServiceClient:  DEBUG - mobiFace_pushFrame frame 0xacb72000 460800
01-30 17:39:09.663 15728 16152 D FrServiceClient:  DEBUG - IdemiaFrServiceImpl::StartFaceAnalysis: FrServiceClient 460800
01-30 17:39:09.673  7854  7858 D MobiFace:  DEBUG - pushImage2: 0xb7ae69c8 0xb7ae6d60 0xb44ce008 460800 1 -1213330272 0x530f5593
01-30 17:39:09.683   492 16138 E AEC_PORT: aec_port_save_update:real_gain:1.000000 linecnt:773 exp_idx:225 cur_luma:-536870912 led_est:1079023118
01-30 17:39:09.683   492 16102 E mm-camera: c2d_thread_handle_process_buf_event:190 input buf index 4
01-30 17:39:09.683   492 16102 E mm-camera: c2d_thread_handle_process_buf_event:207 input vaddr b342c000
01-30 17:39:09.733   492 16102 E mm-camera: c2d_thread_handle_process_buf_event:190 input buf index 5
01-30 17:39:09.733   492 16102 E mm-camera: c2d_thread_handle_process_buf_event:207 input vaddr b33bb000
01-30 17:39:09.743   492 16138 E AEC_PORT: aec_port_save_update:real_gain:1.000000 linecnt:773 exp_idx:225 cur_luma:-2147483648 led_est:1079026736
01-30 17:39:09.793   492 16138 E AEC_PORT: aec_port_save_update:real_gain:1.000000 linecnt:773 exp_idx:225 cur_luma:1610612736 led_est:1079026803
01-30 17:39:09.793   492 16102 E mm-camera: c2d_thread_handle_process_buf_event:190 input buf index 6
01-30 17:39:09.793   492 16102 E mm-camera: c2d_thread_handle_process_buf_event:207 input vaddr b334a000
01-30 17:39:09.823  7854  7858 D MobiFace:  DEBUG - [event] trackingInfo_cb
01-30 17:39:09.823  7854  7858 D MobiFace:  DEBUG - [event] positionInstruction_cb
01-30 17:39:09.823  7854  7858 D MobiFace:  DEBUG - [event] freeImage_cb
01-30 17:39:09.823  7854  7858 D MobiFace:  DEBUG - pushImage2: 0
01-30 17:39:09.823  7854 15177 D MobiFace:  DEBUG - getPositionInfo
01-30 17:39:09.823  7854  7854 D MobiFace:  DEBUG - getChallenge
01-30 17:39:09.823  7854 14954 D MobiFace:  DEBUG - getChallengeInfo
01-30 17:39:09.833 15728 15728 I GeckoDump: Got analysisResult:0
01-30 17:39:09.833 15728 15728 I GeckoDump: Got analysisInfo:1
01-30 17:39:09.833 15728 15728 I GeckoDump: Got matchScore0
01-30 17:39:09.833 15728 15728 I GeckoDump: Got payload is null
01-30 17:39:09.833 15728 15728 I GeckoDump: Got bestImage is null
01-30 17:39:09.843   492 16138 E AEC_PORT: aec_port_save_update:real_gain:1.000000 linecnt:773 exp_idx:225 cur_luma:1610612736 led_est:1079026524
01-30 17:39:09.843 15728 16152 D FrServiceClient:  DEBUG - tiem taken: 5.000000
01-30 17:39:09.843   492 16102 E mm-camera: c2d_thread_handle_process_buf_event:190 input buf index 4
01-30 17:39:09.843   492 16102 E mm-camera: c2d_thread_handle_process_buf_event:207 input vaddr b342c000
01-30 17:39:09.843  7854  7854 D MobiFace:  DEBUG - frameParams: 6 640 480 720 270
01-30 17:39:09.843 15728 16152 D FrServiceClient:  DEBUG - mobiFace_pushFrame frame 0xacb01000 460800
01-30 17:39:09.843 15728 16152 D FrServiceClient:  DEBUG - IdemiaFrServiceImpl::StartFaceAnalysis: FrServiceClient 460800
01-30 17:39:09.863  7854 14954 D MobiFace:  DEBUG - pushImage2: 0xb7ae69c8 0xb7ae6d60 0xb44ce008 460800 1 -1213304712 0x5312450d
01-30 17:39:09.893   492 16138 E AEC_PORT: aec_port_save_update:real_gain:1.000000 linecnt:773 exp_idx:225 cur_luma:-1610612736 led_est:1079026775
01-30 17:39:09.893   492 16102 E mm-camera: c2d_thread_handle_process_buf_event:190 input buf index 5
01-30 17:39:09.893   492 16102 E mm-camera: c2d_thread_handle_process_buf_event:207 input vaddr b33bb000
01-30 17:39:09.943   492 16102 E mm-camera: c2d_thread_handle_process_buf_event:190 input buf index 6
01-30 17:39:09.943   492 16102 E mm-camera: c2d_thread_handle_process_buf_event:207 input vaddr b334a000
01-30 17:39:09.943   492 16138 E AEC_PORT: aec_port_save_update:real_gain:1.000000 linecnt:773 exp_idx:225 cur_luma:0 led_est:1079026726
01-30 17:39:09.993   492 16102 E mm-camera: c2d_thread_handle_process_buf_event:190 input buf index 4
01-30 17:39:09.993   492 16102 E mm-camera: c2d_thread_handle_process_buf_event:207 input vaddr b342c000
01-30 17:39:09.993   492 16138 E AEC_PORT: aec_port_save_update:real_gain:1.000000 linecnt:773 exp_idx:225 cur_luma:0 led_est:1079026788
01-30 17:39:10.023  7854 14954 D MobiFace:  DEBUG - [event] trackingInfo_cb
01-30 17:39:10.023  7854 14954 D MobiFace:  DEBUG - [event] positionInstruction_cb
01-30 17:39:10.023  7854 14954 D MobiFace:  DEBUG - [event] freeImage_cb
01-30 17:39:10.023  7854 14954 D MobiFace:  DEBUG - pushImage2: 0
01-30 17:39:10.023  7854  7858 D MobiFace:  DEBUG - getPositionInfo
01-30 17:39:10.023  7854 15177 D MobiFace:  DEBUG - getChallenge
01-30 17:39:10.023  7854  7854 D MobiFace:  DEBUG - getChallengeInfo
01-30 17:39:10.023 15728 15728 I GeckoDump: Got analysisResult:0
01-30 17:39:10.023 15728 15728 I GeckoDump: Got analysisInfo:1
01-30 17:39:10.023 15728 15728 I GeckoDump: Got matchScore0
01-30 17:39:10.033 15728 15728 I GeckoDump: Got payload is null
01-30 17:39:10.033 15728 15728 I GeckoDump: Got bestImage is null
01-30 17:39:10.033 15728 16152 D FrServiceClient:  DEBUG - tiem taken: 6.000000
01-30 17:39:10.033  7854 15177 D MobiFace:  DEBUG - frameParams: 6 640 480 720 270
01-30 17:39:10.033 15728 16152 D FrServiceClient:  DEBUG - mobiFace_pushFrame frame 0xacf01000 460800
01-30 17:39:10.033 15728 16152 D FrServiceClient:  DEBUG - IdemiaFrServiceImpl::StartFaceAnalysis: FrServiceClient 460800
01-30 17:39:10.043   492 16138 E AEC_PORT: aec_port_save_update:real_gain:1.000000 linecnt:773 exp_idx:225 cur_luma:1073741824 led_est:1079026909
01-30 17:39:10.043   492 16102 E mm-camera: c2d_thread_handle_process_buf_event:190 input buf index 5
01-30 17:39:10.043   492 16102 E mm-camera: c2d_thread_handle_process_buf_event:207 input vaddr b33bb000
01-30 17:39:10.063  7854  7854 D MobiFace:  DEBUG - pushImage2: 0xb7ae69c8 0xb7ae6d60 0xb44ce008 460800 1 -1213331312 0x53154f3f
01-30 17:39:10.093   492 16102 E mm-camera: c2d_thread_handle_process_buf_event:190 input buf index 6
01-30 17:39:10.093   492 16102 E mm-camera: c2d_thread_handle_process_buf_event:207 input vaddr b334a000
01-30 17:39:10.093   492 16138 E AEC_PORT: aec_port_save_update:real_gain:1.000000 linecnt:773 exp_idx:225 cur_luma:536870912 led_est:1079026920
01-30 17:39:10.143   492 16097 E         : dmlroc_entry  entering dmlroc_entry
01-30 17:39:10.143   492 16102 E mm-camera: c2d_thread_handle_process_buf_event:190 input buf index 4
01-30 17:39:10.143   492 16102 E mm-camera: c2d_thread_handle_process_buf_event:207 input vaddr b342c000
01-30 17:39:10.193   492 16138 E AEC_PORT: aec_port_save_update:real_gain:1.000000 linecnt:773 exp_idx:225 cur_luma:1073741824 led_est:1079027054
01-30 17:39:10.193   492 16102 E mm-camera: c2d_thread_handle_process_buf_event:190 input buf index 5
01-30 17:39:10.193   492 16102 E mm-camera: c2d_thread_handle_process_buf_event:207 input vaddr b33bb000
01-30 17:39:10.203  7854  7854 D MobiFace:  DEBUG - [event] trackingInfo_cb
01-30 17:39:10.203  7854  7854 D MobiFace:  DEBUG - [event] positionInstruction_cb
01-30 17:39:10.203  7854  7854 D MobiFace:  DEBUG - [event] freeImage_cb
01-30 17:39:10.203  7854  7854 D MobiFace:  DEBUG - pushImage2: 0
01-30 17:39:10.213  7854 14954 D MobiFace:  DEBUG - getPositionInfo
01-30 17:39:10.213  7854  7858 D MobiFace:  DEBUG - getChallenge
01-30 17:39:10.213  7854 15177 D MobiFace:  DEBUG - getChallengeInfo
01-30 17:39:10.213 15728 15728 I GeckoDump: Got analysisResult:0
01-30 17:39:10.213 15728 15728 I GeckoDump: Got analysisInfo:1
01-30 17:39:10.213 15728 15728 I GeckoDump: Got matchScore0
01-30 17:39:10.213 15728 15728 I GeckoDump: Got payload is null
01-30 17:39:10.213 15728 15728 I GeckoDump: Got bestImage is null
01-30 17:39:10.223 15728 16152 D FrServiceClient:  DEBUG - tiem taken: 6.000000
01-30 17:39:10.223  7854  7858 D MobiFace:  DEBUG - frameParams: 6 640 480 720 270
01-30 17:39:10.223 15728 16152 D FrServiceClient:  DEBUG - mobiFace_pushFrame frame 0xacb72000 460800
01-30 17:39:10.223 15728 16152 D FrServiceClient:  DEBUG - IdemiaFrServiceImpl::StartFaceAnalysis: FrServiceClient 460800
01-30 17:39:10.233  7854 15177 D MobiFace:  DEBUG - pushImage2: 0xb7ae69c8 0xb7ae6d60 0xb44ce008 460800 1 -1213303792 0x5317e9a7
01-30 17:39:10.243   492 16138 E AEC_PORT: aec_port_save_update:real_gain:1.000000 linecnt:773 exp_idx:225 cur_luma:-1073741824 led_est:1079030087
01-30 17:39:10.243   492 16102 E mm-camera: c2d_thread_handle_process_buf_event:190 input buf index 6
01-30 17:39:10.243   492 16102 E mm-camera: c2d_thread_handle_process_buf_event:207 input vaddr b334a000
01-30 17:39:10.293   492 16138 E AEC_PORT: aec_port_save_update:real_gain:1.000000 linecnt:773 exp_idx:225 cur_luma:-536870912 led_est:1079030316
01-30 17:39:10.293   492 16102 E mm-camera: c2d_thread_handle_process_buf_event:190 input buf index 4
01-30 17:39:10.293   492 16102 E mm-camera: c2d_thread_handle_process_buf_event:207 input vaddr b342c000
01-30 17:39:10.343   492 16138 E AEC_PORT: aec_port_save_update:real_gain:1.000000 linecnt:773 exp_idx:225 cur_luma:-1610612736 led_est:1079029925
01-30 17:39:10.343   492 16102 E mm-camera: c2d_thread_handle_process_buf_event:190 input buf index 5
01-30 17:39:10.343   492 16102 E mm-camera: c2d_thread_handle_process_buf_event:207 input vaddr b33bb000
01-30 17:39:10.373  7854 15177 D MobiFace:  DEBUG - [event] trackingInfo_cb
01-30 17:39:10.373  7854 15177 D MobiFace:  DEBUG - [event] positionInstruction_cb
01-30 17:39:10.373  7854 15177 D MobiFace:  DEBUG - [event] freeImage_cb
01-30 17:39:10.373  7854 15177 D MobiFace:  DEBUG - pushImage2: 0
01-30 17:39:10.373  7854  7854 D MobiFace:  DEBUG - getPositionInfo
01-30 17:39:10.373  7854 14954 D MobiFace:  DEBUG - getChallenge
01-30 17:39:10.373  7854  7858 D MobiFace:  DEBUG - getChallengeInfo
01-30 17:39:10.373 15728 15728 I GeckoDump: Got analysisResult:0
01-30 17:39:10.373 15728 15728 I GeckoDump: Got analysisInfo:1
01-30 17:39:10.373 15728 15728 I GeckoDump: Got matchScore0
01-30 17:39:10.373 15728 15728 I GeckoDump: Got payload is null
01-30 17:39:10.373 15728 15728 I GeckoDump: Got bestImage is null
01-30 17:39:10.383 15728 16152 D FrServiceClient:  DEBUG - tiem taken: 6.000000
01-30 17:39:10.383  7854 14954 D MobiFace:  DEBUG - frameParams: 6 640 480 720 270
01-30 17:39:10.383 15728 16152 D FrServiceClient:  DEBUG - mobiFace_pushFrame frame 0xacb01000 460800
01-30 17:39:10.383 15728 16152 D FrServiceClient:  DEBUG - IdemiaFrServiceImpl::StartFaceAnalysis: FrServiceClient 460800
01-30 17:39:10.393   492 16138 E AEC_PORT: aec_port_save_update:real_gain:1.000000 linecnt:773 exp_idx:225 cur_luma:-536870912 led_est:1079030512
01-30 17:39:10.403   492 16102 E mm-camera: c2d_thread_handle_process_buf_event:190 input buf index 6
01-30 17:39:10.403   492 16102 E mm-camera: c2d_thread_handle_process_buf_event:207 input vaddr b334a000
01-30 17:39:10.413  7854  7858 D MobiFace:  DEBUG - pushImage2: 0xb7ae69c8 0xb7ae6d60 0xb44ce008 460800 1 -1213330272 0x531a8d3a
01-30 17:39:10.443   492 16138 E AEC_PORT: aec_port_save_update:real_gain:1.000000 linecnt:773 exp_idx:225 cur_luma:-1073741824 led_est:1079030177
01-30 17:39:10.453   492 16102 E mm-camera: c2d_thread_handle_process_buf_event:190 input buf index 4
01-30 17:39:10.453   492 16102 E mm-camera: c2d_thread_handle_process_buf_event:207 input vaddr b342c000
01-30 17:39:10.503   492 16138 E AEC_PORT: aec_port_save_update:real_gain:1.000000 linecnt:773 exp_idx:225 cur_luma:-2147483648 led_est:1079030335
01-30 17:39:10.503   492 16102 E mm-camera: c2d_thread_handle_process_buf_event:190 input buf index 5
01-30 17:39:10.503   492 16102 E mm-camera: c2d_thread_handle_process_buf_event:207 input vaddr b33bb000
01-30 17:39:10.543  7854  7858 D MobiFace:  DEBUG - [event] trackingInfo_cb
01-30 17:39:10.543  7854  7858 D MobiFace:  DEBUG - [event] positionInstruction_cb
01-30 17:39:10.543  7854  7858 D MobiFace:  DEBUG - [event] freeImage_cb
01-30 17:39:10.543  7854  7858 D MobiFace:  DEBUG - pushImage2: 0
01-30 17:39:10.543  7854 15177 D MobiFace:  DEBUG - getPositionInfo
01-30 17:39:10.543  7854  7854 D MobiFace:  DEBUG - getChallenge
01-30 17:39:10.543  7854 14954 D MobiFace:  DEBUG - getChallengeInfo
01-30 17:39:10.553   492 16102 E mm-camera: c2d_thread_handle_process_buf_event:190 input buf index 6
01-30 17:39:10.553   492 16102 E mm-camera: c2d_thread_handle_process_buf_event:207 input vaddr b334a000
01-30 17:39:10.553   492 16138 E AEC_PORT: aec_port_save_update:real_gain:1.000000 linecnt:773 exp_idx:225 cur_luma:536870912 led_est:1079030388
01-30 17:39:10.553 15728 15728 I GeckoDump: Got analysisResult:0
01-30 17:39:10.553 15728 15728 I GeckoDump: Got analysisInfo:1
01-30 17:39:10.553 15728 15728 I GeckoDump: Got matchScore0
01-30 17:39:10.563 15728 15728 I GeckoDump: Got payload is null
01-30 17:39:10.563 15728 15728 I GeckoDump: Got bestImage is null
01-30 17:39:10.563 15728 16152 D FrServiceClient:  DEBUG - tiem taken: 6.000000
01-30 17:39:10.563  7854  7854 D MobiFace:  DEBUG - frameParams: 6 640 480 720 270
01-30 17:39:10.563 15728 16152 D FrServiceClient:  DEBUG - mobiFace_pushFrame frame 0xacf01000 460800
01-30 17:39:10.563 15728 16152 D FrServiceClient:  DEBUG - IdemiaFrServiceImpl::StartFaceAnalysis: FrServiceClient 460800
01-30 17:39:10.583  7854 14954 D MobiFace:  DEBUG - pushImage2: 0xb7ae69c8 0xb7ae6d60 0xb44ce008 460800 1 -1213304712 0x531d3661
01-30 17:39:10.603   492 16102 E mm-camera: c2d_thread_handle_process_buf_event:190 input buf index 4
01-30 17:39:10.603   492 16102 E mm-camera: c2d_thread_handle_process_buf_event:207 input vaddr b342c000
01-30 17:39:10.603   492 16138 E AEC_PORT: aec_port_save_update:real_gain:1.000000 linecnt:773 exp_idx:225 cur_luma:-1610612736 led_est:1079030530
01-30 17:39:10.653   492 16097 E         : dmlroc_entry  entering dmlroc_entry
01-30 17:39:10.653   492 16102 E mm-camera: c2d_thread_handle_process_buf_event:190 input buf index 5
01-30 17:39:10.653   492 16102 E mm-camera: c2d_thread_handle_process_buf_event:207 input vaddr b33bb000
01-30 17:39:10.703   492 16138 E AEC_PORT: aec_port_save_update:real_gain:1.000000 linecnt:773 exp_idx:225 cur_luma:0 led_est:1079030305
01-30 17:39:10.703   492 16102 E mm-camera: c2d_thread_handle_process_buf_event:190 input buf index 6
01-30 17:39:10.703   492 16102 E mm-camera: c2d_thread_handle_process_buf_event:207 input vaddr b334a000
01-30 17:39:10.733  7854 14954 D MobiFace:  DEBUG - [event] trackingInfo_cb
01-30 17:39:10.733  7854 14954 D MobiFace:  DEBUG - [event] positionInstruction_cb
01-30 17:39:10.733  7854 14954 D MobiFace:  DEBUG - [event] freeImage_cb
01-30 17:39:10.733  7854 14954 D MobiFace:  DEBUG - pushImage2: 0
01-30 17:39:10.733  7854  7858 D MobiFace:  DEBUG - getPositionInfo
01-30 17:39:10.733  7854 15177 D MobiFace:  DEBUG - getChallenge
01-30 17:39:10.733  7854  7854 D MobiFace:  DEBUG - getChallengeInfo
01-30 17:39:10.733 15728 15728 I GeckoDump: Got analysisResult:0
01-30 17:39:10.733 15728 15728 I GeckoDump: Got analysisInfo:1
01-30 17:39:10.733 15728 15728 I GeckoDump: Got matchScore0
01-30 17:39:10.733 15728 15728 I GeckoDump: Got payload is null
01-30 17:39:10.733 15728 15728 I GeckoDump: Got bestImage is null
01-30 17:39:10.753 15728 16152 D FrServiceClient:  DEBUG - tiem taken: 6.000000
01-30 17:39:10.753  7854 15177 D MobiFace:  DEBUG - frameParams: 6 640 480 720 270
01-30 17:39:10.753 15728 16152 D FrServiceClient:  DEBUG - mobiFace_pushFrame frame 0xacb72000 460800
01-30 17:39:10.753 15728 16152 D FrServiceClient:  DEBUG - IdemiaFrServiceImpl::StartFaceAnalysis: FrServiceClient 460800
01-30 17:39:10.753   492 16138 E AEC_PORT: aec_port_save_update:real_gain:1.000000 linecnt:773 exp_idx:225 cur_luma:-536870912 led_est:1079024724
01-30 17:39:10.753   492 16102 E mm-camera: c2d_thread_handle_process_buf_event:190 input buf index 4
01-30 17:39:10.753   492 16102 E mm-camera: c2d_thread_handle_process_buf_event:207 input vaddr b342c000
01-30 17:39:10.783  7854  7854 D MobiFace:  DEBUG - pushImage2: 0xb7ae69c8 0xb7ae6d60 0xb44ce008 460800 1 -1213331312 0x532035ba
01-30 17:39:10.803   492 16138 E AEC_PORT: aec_port_save_update:real_gain:1.000000 linecnt:773 exp_idx:225 cur_luma:-536870912 led_est:1079024773
01-30 17:39:10.803   492 16102 E mm-camera: c2d_thread_handle_process_buf_event:190 input buf index 5
01-30 17:39:10.803   492 16102 E mm-camera: c2d_thread_handle_process_buf_event:207 input vaddr b33bb000
01-30 17:39:10.853   492 16138 E AEC_PORT: aec_port_save_update:real_gain:1.000000 linecnt:773 exp_idx:225 cur_luma:1610612736 led_est:1079024816
01-30 17:39:10.853   492 16102 E mm-camera: c2d_thread_handle_process_buf_event:190 input buf index 6
01-30 17:39:10.853   492 16102 E mm-camera: c2d_thread_handle_process_buf_event:207 input vaddr b334a000
01-30 17:39:10.903   492 16138 E AEC_PORT: aec_port_save_update:real_gain:1.000000 linecnt:773 exp_idx:225 cur_luma:1073741824 led_est:1079024769
01-30 17:39:10.903   492 16102 E mm-camera: c2d_thread_handle_process_buf_event:190 input buf index 4
01-30 17:39:10.903   492 16102 E mm-camera: c2d_thread_handle_process_buf_event:207 input vaddr b342c000
01-30 17:39:10.913  7854  7854 D MobiFace:  DEBUG - [event] trackingInfo_cb
01-30 17:39:10.913  7854  7854 D MobiFace:  DEBUG - [event] positionInstruction_cb
01-30 17:39:10.913  7854  7854 D MobiFace:  DEBUG - [event] freeImage_cb
01-30 17:39:10.913  7854  7854 D MobiFace:  DEBUG - pushImage2: 0
01-30 17:39:10.913  7854 14954 D MobiFace:  DEBUG - getPositionInfo
01-30 17:39:10.913  7854  7858 D MobiFace:  DEBUG - getChallenge
01-30 17:39:10.913  7854 15177 D MobiFace:  DEBUG - getChallengeInfo
01-30 17:39:10.913 15728 15728 I GeckoDump: Got analysisResult:0
01-30 17:39:10.913 15728 15728 I GeckoDump: Got analysisInfo:1
01-30 17:39:10.913 15728 15728 I GeckoDump: Got matchScore0
01-30 17:39:10.913 15728 15728 I GeckoDump: Got payload is null
01-30 17:39:10.913 15728 15728 I GeckoDump: Got bestImage is null
01-30 17:39:10.969     1     1 I KERNEL  : [ 6696.251881] init: Starting service 'updater-daemon'...
01-30 17:39:10.923 15728 16152 D FrServiceClient:  DEBUG - tiem taken: 6.000000
01-30 17:39:10.923  7854  7858 D MobiFace:  DEBUG - frameParams: 6 640 480 720 270
01-30 17:39:10.923 15728 16152 D FrServiceClient:  DEBUG - mobiFace_pushFrame frame 0xacb01000 460800
01-30 17:39:10.923 15728 16152 D FrServiceClient:  DEBUG - IdemiaFrServiceImpl::StartFaceAnalysis: FrServiceClient 460800
01-30 17:39:10.993     1     1 I KERNEL  : [ 6696.275243] init: Service 'updater-daemon' (pid 16158) exited with status 127
01-30 17:39:10.993     1     1 I KERNEL  : [ 6696.275326] init: Service 'updater-daemon' (pid 16158) killing any children in process group
01-30 17:39:10.943  7854 15177 D MobiFace:  DEBUG - pushImage2: 0xb7ae69c8 0xb7ae6d60 0xb44ce008 460800 1 -1213303792 0x5322ac9c
01-30 17:39:10.953   492 16138 E AEC_PORT: aec_port_save_update:real_gain:1.000000 linecnt:773 exp_idx:225 cur_luma:1073741824 led_est:1079024586
01-30 17:39:10.953   492 16102 E mm-camera: c2d_thread_handle_process_buf_event:190 input buf index 5
01-30 17:39:10.953   492 16102 E mm-camera: c2d_thread_handle_process_buf_event:207 input vaddr b33bb000
01-30 17:39:11.003   492 16102 E mm-camera: c2d_thread_handle_process_buf_event:190 input buf index 6
01-30 17:39:11.003   492 16102 E mm-camera: c2d_thread_handle_process_buf_event:207 input vaddr b334a000
01-30 17:39:11.013   492 16138 E AEC_PORT: aec_port_save_update:real_gain:1.000000 linecnt:773 exp_idx:225 cur_luma:1073741824 led_est:1079024316
01-30 17:39:11.053   492 16102 E mm-camera: c2d_thread_handle_process_buf_event:190 input buf index 4
01-30 17:39:11.053   492 16102 E mm-camera: c2d_thread_handle_process_buf_event:207 input vaddr b342c000
01-30 17:39:11.063   492 16138 E AEC_PORT: aec_port_save_update:real_gain:1.000000 linecnt:773 exp_idx:225 cur_luma:-1610612736 led_est:1079024241
01-30 17:39:11.093  7854 15177 D MobiFace:  DEBUG - [event] trackingInfo_cb
01-30 17:39:11.093  7854 15177 D MobiFace:  DEBUG - [event] positionInstruction_cb
01-30 17:39:11.093  7854 15177 D MobiFace:  DEBUG - [event] freeImage_cb
01-30 17:39:11.093  7854 15177 D MobiFace:  DEBUG - pushImage2: 0
01-30 17:39:11.093  7854  7854 D MobiFace:  DEBUG - getPositionInfo
01-30 17:39:11.093  7854  7858 D MobiFace:  DEBUG - getChallenge
01-30 17:39:11.093  7854 14954 D MobiFace:  DEBUG - getChallengeInfo
01-30 17:39:11.093 15728 15728 I GeckoDump: Got analysisResult:0
01-30 17:39:11.093 15728 15728 I GeckoDump: Got analysisInfo:1
01-30 17:39:11.093 15728 15728 I GeckoDump: Got matchScore0
01-30 17:39:11.093 15728 15728 I GeckoDump: Got payload is null
01-30 17:39:11.093 15728 15728 I GeckoDump: Got bestImage is null
01-30 17:39:11.103 15728 16152 D FrServiceClient:  DEBUG - tiem taken: 7.000000
01-30 17:39:11.103  7854 14954 D MobiFace:  DEBUG - frameParams: 6 640 480 720 270
01-30 17:39:11.103 15728 16152 D FrServiceClient:  DEBUG - mobiFace_pushFrame frame 0xacf01000 460800
01-30 17:39:11.103 15728 16152 D FrServiceClient:  DEBUG - IdemiaFrServiceImpl::StartFaceAnalysis: FrServiceClient 460800
01-30 17:39:11.103   492 16102 E mm-camera: c2d_thread_handle_process_buf_event:190 input buf index 5
01-30 17:39:11.103   492 16102 E mm-camera: c2d_thread_handle_process_buf_event:207 input vaddr b33bb000
01-30 17:39:11.113   492 16138 E AEC_PORT: aec_port_save_update:real_gain:1.000000 linecnt:773 exp_idx:225 cur_luma:0 led_est:1079024078
01-30 17:39:11.123  7854 15177 D MobiFace:  DEBUG - pushImage2: 0xb7ae69c8 0xb7ae6d60 0xb44ce008 460800 1 -1213303792 0x532568d6
01-30 17:39:11.153   492 16097 E         : dmlroc_entry  entering dmlroc_entry
01-30 17:39:11.163   492 16102 E mm-camera: c2d_thread_handle_process_buf_event:190 input buf index 6
01-30 17:39:11.163   492 16102 E mm-camera: c2d_thread_handle_process_buf_event:207 input vaddr b334a000
01-30 17:39:11.213   492 16138 E AEC_PORT: aec_port_save_update:real_gain:1.000000 linecnt:773 exp_idx:225 cur_luma:-1610612736 led_est:1079024029
01-30 17:39:11.213   492 16102 E mm-camera: c2d_thread_handle_process_buf_event:190 input buf index 4
01-30 17:39:11.213   492 16102 E mm-camera: c2d_thread_handle_process_buf_event:207 input vaddr b342c000
01-30 17:39:11.263   492 16102 E mm-camera: c2d_thread_handle_process_buf_event:190 input buf index 5
01-30 17:39:11.263   492 16102 E mm-camera: c2d_thread_handle_process_buf_event:207 input vaddr b33bb000
01-30 17:39:11.263   492 16138 E AEC_PORT: aec_port_save_update:real_gain:1.000000 linecnt:773 exp_idx:225 cur_luma:1610612736 led_est:1079025444
01-30 17:39:11.263  7854 15177 D MobiFace:  DEBUG - [event] trackingInfo_cb
01-30 17:39:11.263  7854 15177 D MobiFace:  DEBUG - [event] positionInstruction_cb
01-30 17:39:11.263  7854 15177 D MobiFace:  DEBUG - [event] freeImage_cb
01-30 17:39:11.263  7854 15177 D MobiFace:  DEBUG - pushImage2: 0
01-30 17:39:11.263  7854  7854 D MobiFace:  DEBUG - getPositionInfo
01-30 17:39:11.263  7854  7858 D MobiFace:  DEBUG - getChallenge
01-30 17:39:11.263  7854 14954 D MobiFace:  DEBUG - getChallengeInfo
01-30 17:39:11.273 15728 15728 I GeckoDump: Got analysisResult:0
01-30 17:39:11.273 15728 15728 I GeckoDump: Got analysisInfo:1
01-30 17:39:11.273 15728 15728 I GeckoDump: Got matchScore0
01-30 17:39:11.273 15728 15728 I GeckoDump: Got payload is null
01-30 17:39:11.273 15728 15728 I GeckoDump: Got bestImage is null
01-30 17:39:11.283 15728 16152 D FrServiceClient:  DEBUG - tiem taken: 7.000000
01-30 17:39:11.283  7854  7858 D MobiFace:  DEBUG - frameParams: 6 640 480 720 270
01-30 17:39:11.283 15728 16152 D FrServiceClient:  DEBUG - mobiFace_pushFrame frame 0xacb72000 460800
01-30 17:39:11.283 15728 16152 D FrServiceClient:  DEBUG - IdemiaFrServiceImpl::StartFaceAnalysis: FrServiceClient 460800
01-30 17:39:11.303  7854 14954 D MobiFace:  DEBUG - pushImage2: 0xb7ae69c8 0xb7ae6d60 0xb44ce008 460800 1 -1213304712 0x53282f54
01-30 17:39:11.313   492 16138 E AEC_PORT: aec_port_save_update:real_gain:1.000000 linecnt:773 exp_idx:225 cur_luma:-1610612736 led_est:1079025523
01-30 17:39:11.313   492 16102 E mm-camera: c2d_thread_handle_process_buf_event:190 input buf index 6
01-30 17:39:11.313   492 16102 E mm-camera: c2d_thread_handle_process_buf_event:207 input vaddr b334a000
01-30 17:39:11.363   492 16138 E AEC_PORT: aec_port_save_update:real_gain:1.000000 linecnt:773 exp_idx:225 cur_luma:-1073741824 led_est:1079025593
01-30 17:39:11.363   492 16102 E mm-camera: c2d_thread_handle_process_buf_event:190 input buf index 4
01-30 17:39:11.363   492 16102 E mm-camera: c2d_thread_handle_process_buf_event:207 input vaddr b342c000
01-30 17:39:11.413   492 16138 E AEC_PORT: aec_port_save_update:real_gain:1.000000 linecnt:773 exp_idx:225 cur_luma:-1610612736 led_est:1079025696
01-30 17:39:11.413   492 16102 E mm-camera: c2d_thread_handle_process_buf_event:190 input buf index 5
01-30 17:39:11.413   492 16102 E mm-camera: c2d_thread_handle_process_buf_event:207 input vaddr b33bb000
01-30 17:39:11.433  7854 14954 D MobiFace:  DEBUG - [event] trackingInfo_cb
01-30 17:39:11.433  7854 14954 D MobiFace:  DEBUG - [event] positionInstruction_cb
01-30 17:39:11.433  7854 14954 D MobiFace:  DEBUG - [event] freeImage_cb
01-30 17:39:11.433  7854 14954 D MobiFace:  DEBUG - pushImage2: 0
01-30 17:39:11.433  7854  7854 D MobiFace:  DEBUG - getPositionInfo
01-30 17:39:11.433  7854 15177 D MobiFace:  DEBUG - getChallenge
01-30 17:39:11.433  7854 14954 D MobiFace:  DEBUG - getChallengeInfo
01-30 17:39:11.443 15728 15728 I GeckoDump: Got analysisResult:0
01-30 17:39:11.443 15728 15728 I GeckoDump: Got analysisInfo:1
01-30 17:39:11.443 15728 15728 I GeckoDump: Got matchScore0
01-30 17:39:11.443 15728 15728 I GeckoDump: Got payload is null
01-30 17:39:11.443 15728 15728 I GeckoDump: Got bestImage is null
01-30 17:39:11.443 15728 16152 D FrServiceClient:  DEBUG - tiem taken: 7.000000
01-30 17:39:11.443  7854  7858 D MobiFace:  DEBUG - frameParams: 6 640 480 720 270
01-30 17:39:11.443 15728 16152 D FrServiceClient:  DEBUG - mobiFace_pushFrame frame 0xacb01000 460800
01-30 17:39:11.443 15728 16152 D FrServiceClient:  DEBUG - IdemiaFrServiceImpl::StartFaceAnalysis: FrServiceClient 460800
01-30 17:39:11.463   492 16102 E mm-camera: c2d_thread_handle_process_buf_event:190 input buf index 6
01-30 17:39:11.463   492 16102 E mm-camera: c2d_thread_handle_process_buf_event:207 input vaddr b334a000
01-30 17:39:11.463   492 16138 E AEC_PORT: aec_port_save_update:real_gain:1.000000 linecnt:773 exp_idx:225 cur_luma:-2147483648 led_est:1079025892
01-30 17:39:11.463  7854  7854 D MobiFace:  DEBUG - pushImage2: 0xb7ae69c8 0xb7ae6d60 0xb44ce008 460800 1 -1213331312 0x532ab110
01-30 17:39:11.513   492 16138 E AEC_PORT: aec_port_save_update:real_gain:1.000000 linecnt:773 exp_idx:225 cur_luma:1610612736 led_est:1079025899
01-30 17:39:11.513   492 16102 E mm-camera: c2d_thread_handle_process_buf_event:190 input buf index 4
01-30 17:39:11.513   492 16102 E mm-camera: c2d_thread_handle_process_buf_event:207 input vaddr b342c000
01-30 17:39:11.563   492 16138 E AEC_PORT: aec_port_save_update:real_gain:1.000000 linecnt:773 exp_idx:225 cur_luma:1073741824 led_est:1079025839
01-30 17:39:11.563   492 16102 E mm-camera: c2d_thread_handle_process_buf_event:190 input buf index 5
01-30 17:39:11.563   492 16102 E mm-camera: c2d_thread_handle_process_buf_event:207 input vaddr b33bb000
01-30 17:39:11.613  7854  7854 D MobiFace:  DEBUG - [event] trackingInfo_cb
01-30 17:39:11.613  7854  7854 D MobiFace:  DEBUG - [event] positionInstruction_cb
01-30 17:39:11.613  7854  7854 D MobiFace:  DEBUG - [event] freeImage_cb
01-30 17:39:11.613  7854  7854 D MobiFace:  DEBUG - pushImage2: 0
01-30 17:39:11.613  7854 15177 D MobiFace:  DEBUG - getPositionInfo
01-30 17:39:11.613  7854 14954 D MobiFace:  DEBUG - getChallenge
01-30 17:39:11.613  7854  7858 D MobiFace:  DEBUG - getChallengeInfo
01-30 17:39:11.613 15728 15728 I GeckoDump: Got analysisResult:0
01-30 17:39:11.613 15728 15728 I GeckoDump: Got analysisInfo:1
01-30 17:39:11.613 15728 15728 I GeckoDump: Got matchScore0
01-30 17:39:11.613 15728 15728 I GeckoDump: Got payload is null
01-30 17:39:11.613 15728 15728 I GeckoDump: Got bestImage is null
01-30 17:39:11.613   492 16102 E mm-camera: c2d_thread_handle_process_buf_event:190 input buf index 6
01-30 17:39:11.613   492 16102 E mm-camera: c2d_thread_handle_process_buf_event:207 input vaddr b334a000
01-30 17:39:11.623   492 16138 E AEC_PORT: aec_port_save_update:real_gain:1.000000 linecnt:773 exp_idx:225 cur_luma:-536870912 led_est:1079025998
01-30 17:39:11.623 15728 16152 D FrServiceClient:  DEBUG - tiem taken: 7.000000
01-30 17:39:11.633  7854 14954 D MobiFace:  DEBUG - frameParams: 6 640 480 720 270
01-30 17:39:11.633 15728 16152 D FrServiceClient:  DEBUG - mobiFace_pushFrame frame 0xacf01000 460800
01-30 17:39:11.633 15728 16152 D FrServiceClient:  DEBUG - IdemiaFrServiceImpl::StartFaceAnalysis: FrServiceClient 460800
01-30 17:39:11.643  7854  7858 D MobiFace:  DEBUG - pushImage2: 0xb7ae69c8 0xb7ae6d60 0xb44ce008 460800 1 -1213330272 0x532d6f1c
01-30 17:39:11.663   492 16097 E         : dmlroc_entry  entering dmlroc_entry
01-30 17:39:11.663   492 16102 E mm-camera: c2d_thread_handle_process_buf_event:190 input buf index 4
01-30 17:39:11.663   492 16102 E mm-camera: c2d_thread_handle_process_buf_event:207 input vaddr b342c000
01-30 17:39:11.713   492 16102 E mm-camera: c2d_thread_handle_process_buf_event:190 input buf index 5
01-30 17:39:11.713   492 16102 E mm-camera: c2d_thread_handle_process_buf_event:207 input vaddr b33bb000
01-30 17:39:11.723   492 16138 E AEC_PORT: aec_port_save_update:real_gain:1.000000 linecnt:773 exp_idx:225 cur_luma:-1073741824 led_est:1079026022
01-30 17:39:11.773   492 16138 E AEC_PORT: aec_port_save_update:real_gain:1.000000 linecnt:773 exp_idx:225 cur_luma:1073741824 led_est:1079026455
01-30 17:39:11.773   492 16102 E mm-camera: c2d_thread_handle_process_buf_event:190 input buf index 6
01-30 17:39:11.773   492 16102 E mm-camera: c2d_thread_handle_process_buf_event:207 input vaddr b334a000
01-30 17:39:11.783  7854  7858 D MobiFace:  DEBUG - [event] trackingInfo_cb
01-30 17:39:11.783  7854  7858 D MobiFace:  DEBUG - [event] positionInstruction_cb
01-30 17:39:11.783  7854  7858 D MobiFace:  DEBUG - [event] freeImage_cb
01-30 17:39:11.783  7854  7858 D MobiFace:  DEBUG - pushImage2: 0
01-30 17:39:11.783  7854  7854 D MobiFace:  DEBUG - getPositionInfo
01-30 17:39:11.783  7854 15177 D MobiFace:  DEBUG - getChallenge
01-30 17:39:11.783  7854 14954 D MobiFace:  DEBUG - getChallengeInfo
01-30 17:39:11.793 15728 15728 I GeckoDump: Got analysisResult:0
01-30 17:39:11.793 15728 15728 I GeckoDump: Got analysisInfo:1
01-30 17:39:11.793 15728 15728 I GeckoDump: Got matchScore0
01-30 17:39:11.793 15728 15728 I GeckoDump: Got payload is null
01-30 17:39:11.793 15728 15728 I GeckoDump: Got bestImage is null
01-30 17:39:11.803 15728 16152 D FrServiceClient:  DEBUG - tiem taken: 7.000000
01-30 17:39:11.803  7854 15177 D MobiFace:  DEBUG - frameParams: 6 640 480 720 270
01-30 17:39:11.803 15728 16152 D FrServiceClient:  DEBUG - mobiFace_pushFrame frame 0xacb72000 460800
01-30 17:39:11.803 15728 16152 D FrServiceClient:  DEBUG - IdemiaFrServiceImpl::StartFaceAnalysis: FrServiceClient 460800
01-30 17:39:11.813  7854 14954 D MobiFace:  DEBUG - pushImage2: 0xb7ae69c8 0xb7ae6d60 0xb44ce008 460800 1 -1213304712 0x533007dc
01-30 17:39:11.823   492 16138 E AEC_PORT: aec_port_save_update:real_gain:1.000000 linecnt:773 exp_idx:225 cur_luma:-1073741824 led_est:1079026288
01-30 17:39:11.823   492 16102 E mm-camera: c2d_thread_handle_process_buf_event:190 input buf index 4
01-30 17:39:11.823   492 16102 E mm-camera: c2d_thread_handle_process_buf_event:207 input vaddr b342c000
01-30 17:39:11.873   492 16138 E AEC_PORT: aec_port_save_update:real_gain:1.000000 linecnt:773 exp_idx:225 cur_luma:536870912 led_est:1079026279
01-30 17:39:11.873   492 16102 E mm-camera: c2d_thread_handle_process_buf_event:190 input buf index 5
01-30 17:39:11.873   492 16102 E mm-camera: c2d_thread_handle_process_buf_event:207 input vaddr b33bb000
01-30 17:39:11.923   492 16138 E AEC_PORT: aec_port_save_update:real_gain:1.000000 linecnt:773 exp_idx:225 cur_luma:-1610612736 led_est:1079025798
01-30 17:39:11.923   492 16102 E mm-camera: c2d_thread_handle_process_buf_event:190 input buf index 6
01-30 17:39:11.923   492 16102 E mm-camera: c2d_thread_handle_process_buf_event:207 input vaddr b334a000
01-30 17:39:11.953  7854 14954 D MobiFace:  DEBUG - [event] trackingInfo_cb
01-30 17:39:11.953  7854 14954 D MobiFace:  DEBUG - [event] positionInstruction_cb
01-30 17:39:11.953  7854 14954 D MobiFace:  DEBUG - [event] freeImage_cb
01-30 17:39:11.953  7854 14954 D MobiFace:  DEBUG - pushImage2: 0
01-30 17:39:11.963  7854  7858 D MobiFace:  DEBUG - getPositionInfo
01-30 17:39:11.963  7854  7854 D MobiFace:  DEBUG - getChallenge
01-30 17:39:11.963  7854 15177 D MobiFace:  DEBUG - getChallengeInfo
01-30 17:39:11.963 15728 15728 I GeckoDump: Got analysisResult:0
01-30 17:39:11.963 15728 15728 I GeckoDump: Got analysisInfo:1
01-30 17:39:11.963 15728 15728 I GeckoDump: Got matchScore0
01-30 17:39:11.963 15728 15728 I GeckoDump: Got payload is null
01-30 17:39:11.963 15728 15728 I GeckoDump: Got bestImage is null
01-30 17:39:11.973   492 16102 E mm-camera: c2d_thread_handle_process_buf_event:190 input buf index 4
01-30 17:39:11.973   492 16102 E mm-camera: c2d_thread_handle_process_buf_event:207 input vaddr b342c000
01-30 17:39:11.973   492 16138 E AEC_PORT: aec_port_save_update:real_gain:1.000000 linecnt:773 exp_idx:225 cur_luma:-536870912 led_est:1079026095
01-30 17:39:11.973 15728 16152 D FrServiceClient:  DEBUG - tiem taken: 7.000000
01-30 17:39:11.973  7854  7854 D MobiFace:  DEBUG - frameParams: 6 640 480 720 270
01-30 17:39:11.973 15728 16152 D FrServiceClient:  DEBUG - mobiFace_pushFrame frame 0xacb01000 460800
01-30 17:39:11.973 15728 16152 D FrServiceClient:  DEBUG - IdemiaFrServiceImpl::StartFaceAnalysis: FrServiceClient 460800
01-30 17:39:11.993  7854 15177 D MobiFace:  DEBUG - pushImage2: 0xb7ae69c8 0xb7ae6d60 0xb44ce008 460800 1 -1213303792 0x5332be08
01-30 17:39:12.023   492 16138 E AEC_PORT: aec_port_save_update:real_gain:1.000000 linecnt:773 exp_idx:225 cur_luma:-2147483648 led_est:1079026209
01-30 17:39:12.023   492 16102 E mm-camera: c2d_thread_handle_process_buf_event:190 input buf index 5
01-30 17:39:12.023   492 16102 E mm-camera: c2d_thread_handle_process_buf_event:207 input vaddr b33bb000
01-30 17:39:12.073   492 16138 E AEC_PORT: aec_port_save_update:real_gain:1.000000 linecnt:773 exp_idx:225 cur_luma:536870912 led_est:1079026031
01-30 17:39:12.073   492 16102 E mm-camera: c2d_thread_handle_process_buf_event:190 input buf index 6
01-30 17:39:12.073   492 16102 E mm-camera: c2d_thread_handle_process_buf_event:207 input vaddr b334a000
01-30 17:39:12.123  7854 15177 D MobiFace:  DEBUG - [event] trackingInfo_cb
01-30 17:39:12.123  7854 15177 D MobiFace:  DEBUG - [event] positionInstruction_cb
01-30 17:39:12.123  7854 15177 D MobiFace:  DEBUG - [event] freeImage_cb
01-30 17:39:12.123  7854 15177 D MobiFace:  DEBUG - pushImage2: 0
01-30 17:39:12.123  7854 14954 D MobiFace:  DEBUG - getPositionInfo
01-30 17:39:12.123  7854 15177 D MobiFace:  DEBUG - getChallenge
01-30 17:39:12.133  7854  7854 D MobiFace:  DEBUG - getChallengeInfo
01-30 17:39:12.133   492 16102 E mm-camera: c2d_thread_handle_process_buf_event:190 input buf index 4
01-30 17:39:12.133   492 16102 E mm-camera: c2d_thread_handle_process_buf_event:207 input vaddr b342c000
01-30 17:39:12.133 15728 15728 I GeckoDump: Got analysisResult:0
01-30 17:39:12.133 15728 15728 I GeckoDump: Got analysisInfo:1
01-30 17:39:12.133 15728 15728 I GeckoDump: Got matchScore0
01-30 17:39:12.133 15728 15728 I GeckoDump: Got payload is null
01-30 17:39:12.133 15728 15728 I GeckoDump: Got bestImage is null
01-30 17:39:12.133   492 16138 E AEC_PORT: aec_port_save_update:real_gain:1.000000 linecnt:773 exp_idx:225 cur_luma:536870912 led_est:1079026075
01-30 17:39:12.143 15728 16152 D FrServiceClient:  DEBUG - tiem taken: 8.000000
01-30 17:39:12.143  7854  7858 D MobiFace:  DEBUG - frameParams: 6 640 480 720 270
01-30 17:39:12.143 15728 16152 D FrServiceClient:  DEBUG - mobiFace_pushFrame frame 0xacf01000 460800
01-30 17:39:12.143 15728 16152 D FrServiceClient:  DEBUG - IdemiaFrServiceImpl::StartFaceAnalysis: FrServiceClient 460800
01-30 17:39:12.163  7854  7854 D MobiFace:  DEBUG - pushImage2: 0xb7ae69c8 0xb7ae6d60 0xb44ce008 460800 1 -1213331312 0x53354664
01-30 17:39:12.173   492 16097 E         : dmlroc_entry  entering dmlroc_entry
01-30 17:39:12.173   492 16102 E mm-camera: c2d_thread_handle_process_buf_event:190 input buf index 5
01-30 17:39:12.173   492 16102 E mm-camera: c2d_thread_handle_process_buf_event:207 input vaddr b33bb000
01-30 17:39:12.213  5463  5463 D wpa_supplicant: wlan0: Control interface command 'SIGNAL_POLL'
01-30 17:39:12.233   492 16138 E AEC_PORT: aec_port_save_update:real_gain:1.000000 linecnt:773 exp_idx:225 cur_luma:1073741824 led_est:1079026238
01-30 17:39:12.233   492 16102 E mm-camera: c2d_thread_handle_process_buf_event:190 input buf index 6
