01-30 17:39:19.103  7854  7854 D MobiFace:  DEBUG - [event] freeImage_cb
01-30 17:39:19.103  7854  7854 D MobiFace:  DEBUG - pushImage2: 0
01-30 17:39:19.103  7854 14954 D MobiFace:  DEBUG - getPositionInfo
01-30 17:39:19.103  7854 15177 D MobiFace:  DEBUG - getChallenge
01-30 17:39:19.103  7854  7858 D MobiFace:  DEBUG - getChallengeInfo
01-30 17:39:19.103 15728 15728 I GeckoDump: Got analysisResult:0
01-30 17:39:19.103 15728 15728 I GeckoDump: Got analysisInfo:1
01-30 17:39:19.103 15728 15728 I GeckoDump: Got matchScore0
01-30 17:39:19.103 15728 15728 I GeckoDump: Got payload is null
01-30 17:39:19.103 15728 15728 I GeckoDump: Got bestImage is null
01-30 17:39:19.113 15728 16152 D FrServiceClient:  DEBUG - tiem taken: 15.000000
01-30 17:39:19.113  7854 15177 D MobiFace:  DEBUG - frameParams: 6 640 480 720 270
01-30 17:39:19.113 15728 16152 D FrServiceClient:  DEBUG - mobiFace_pushFrame frame 0xad801000 460800
01-30 17:39:19.113 15728 16152 D FrServiceClient:  DEBUG - IdemiaFrServiceImpl::StartFaceAnalysis: FrServiceClient 460800
01-30 17:39:19.133   492 16102 E mm-camera: c2d_thread_handle_process_buf_event:190 input buf index 4
01-30 17:39:19.133   492 16102 E mm-camera: c2d_thread_handle_process_buf_event:207 input vaddr b342c000
01-30 17:39:19.133   492 16138 E AEC_PORT: aec_port_save_update:real_gain:1.000000 linecnt:773 exp_idx:225 cur_luma:1073741824 led_est:1079027345
01-30 17:39:19.153  7854  7858 D MobiFace:  DEBUG - pushImage2: 0xb7ae69c8 0xb7ae6d60 0xb44ce008 460800 1 -1213330272 0x539ff7f2
01-30 17:39:19.183   492 16138 E AEC_PORT: aec_port_save_update:real_gain:1.000000 linecnt:773 exp_idx:225 cur_luma:1073741824 led_est:1079027464
01-30 17:39:19.183   492 16102 E mm-camera: c2d_thread_handle_process_buf_event:190 input buf index 5
01-30 17:39:19.183   492 16102 E mm-camera: c2d_thread_handle_process_buf_event:207 input vaddr b33bb000
01-30 17:39:19.233   492 16138 E AEC_PORT: aec_port_save_update:real_gain:1.000000 linecnt:773 exp_idx:225 cur_luma:1610612736 led_est:1079027709
01-30 17:39:19.233   492 16102 E mm-camera: c2d_thread_handle_process_buf_event:190 input buf index 6
01-30 17:39:19.233   492 16102 E mm-camera: c2d_thread_handle_process_buf_event:207 input vaddr b334a000
01-30 17:39:19.283   492 16097 E         : dmlroc_entry  entering dmlroc_entry
01-30 17:39:19.283   492 16102 E mm-camera: c2d_thread_handle_process_buf_event:190 input buf index 4
01-30 17:39:19.283   492 16102 E mm-camera: c2d_thread_handle_process_buf_event:207 input vaddr b342c000
01-30 17:39:19.293  7854  7858 D MobiFace:  DEBUG - [event] trackingInfo_cb
01-30 17:39:19.293  7854  7858 D MobiFace:  DEBUG - [event] positionInstruction_cb
01-30 17:39:19.293  7854  7858 D MobiFace:  DEBUG - [event] freeImage_cb
01-30 17:39:19.293  7854  7858 D MobiFace:  DEBUG - pushImage2: 0
01-30 17:39:19.293  7854  7854 D MobiFace:  DEBUG - getPositionInfo
01-30 17:39:19.293  7854 14954 D MobiFace:  DEBUG - getChallenge
01-30 17:39:19.293  7854 15177 D MobiFace:  DEBUG - getChallengeInfo
01-30 17:39:19.293 15728 15728 I GeckoDump: Got analysisResult:0
01-30 17:39:19.293 15728 15728 I GeckoDump: Got analysisInfo:1
01-30 17:39:19.293 15728 15728 I GeckoDump: Got matchScore0
01-30 17:39:19.293 15728 15728 I GeckoDump: Got payload is null
01-30 17:39:19.293 15728 15728 I GeckoDump: Got bestImage is null
01-30 17:39:19.303 15728 16152 D FrServiceClient:  DEBUG - tiem taken: 15.000000
01-30 17:39:19.303  7854 14954 D MobiFace:  DEBUG - frameParams: 6 640 480 720 270
01-30 17:39:19.303 15728 16152 D FrServiceClient:  DEBUG - mobiFace_pushFrame frame 0xad872000 460800
01-30 17:39:19.303 15728 16152 D FrServiceClient:  DEBUG - IdemiaFrServiceImpl::StartFaceAnalysis: FrServiceClient 460800
01-30 17:39:19.333  7854 15177 D MobiFace:  DEBUG - pushImage2: 0xb7ae69c8 0xb7ae6d60 0xb44ce008 460800 1 -1213303792 0x53a2bc5d
01-30 17:39:19.333   492 16102 E mm-camera: c2d_thread_handle_process_buf_event:190 input buf index 5
01-30 17:39:19.333   492 16102 E mm-camera: c2d_thread_handle_process_buf_event:207 input vaddr b33bb000
01-30 17:39:19.343   492 16138 E AEC_PORT: aec_port_save_update:real_gain:1.000000 linecnt:773 exp_idx:225 cur_luma:-2147483648 led_est:1079027605
01-30 17:39:19.383   492 16138 E AEC_PORT: aec_port_save_update:real_gain:1.000000 linecnt:773 exp_idx:225 cur_luma:0 led_est:1079032257
01-30 17:39:19.393   492 16102 E mm-camera: c2d_thread_handle_process_buf_event:190 input buf index 6
01-30 17:39:19.393   492 16102 E mm-camera: c2d_thread_handle_process_buf_event:207 input vaddr b334a000
01-30 17:39:19.443   492 16138 E AEC_PORT: aec_port_save_update:real_gain:1.000000 linecnt:773 exp_idx:225 cur_luma:1610612736 led_est:1079032260
01-30 17:39:19.443   492 16102 E mm-camera: c2d_thread_handle_process_buf_event:190 input buf index 4
01-30 17:39:19.443   492 16102 E mm-camera: c2d_thread_handle_process_buf_event:207 input vaddr b342c000
01-30 17:39:19.483  7854 15177 D MobiFace:  DEBUG - [event] trackingInfo_cb
01-30 17:39:19.483  7854 15177 D MobiFace:  DEBUG - [event] positionInstruction_cb
01-30 17:39:19.483  7854 15177 D MobiFace:  DEBUG - [event] freeImage_cb
01-30 17:39:19.483  7854 15177 D MobiFace:  DEBUG - pushImage2: 0
01-30 17:39:19.483  7854  7858 D MobiFace:  DEBUG - getPositionInfo
01-30 17:39:19.483  7854  7854 D MobiFace:  DEBUG - getChallenge
01-30 17:39:19.483  7854 14954 D MobiFace:  DEBUG - getChallengeInfo
01-30 17:39:19.483 15728 15728 I GeckoDump: Got analysisResult:0
01-30 17:39:19.483 15728 15728 I GeckoDump: Got analysisInfo:1
01-30 17:39:19.483 15728 15728 I GeckoDump: Got matchScore0
01-30 17:39:19.493   492 16102 E mm-camera: c2d_thread_handle_process_buf_event:190 input buf index 5
01-30 17:39:19.493   492 16102 E mm-camera: c2d_thread_handle_process_buf_event:207 input vaddr b33bb000
01-30 17:39:19.493   492 16138 E AEC_PORT: aec_port_save_update:real_gain:1.000000 linecnt:773 exp_idx:225 cur_luma:536870912 led_est:1079032411
01-30 17:39:19.493 15728 15728 I GeckoDump: Got payload is null
01-30 17:39:19.493 15728 15728 I GeckoDump: Got bestImage is null
01-30 17:39:19.493 15728 16152 D FrServiceClient:  DEBUG - tiem taken: 15.000000
01-30 17:39:19.493  7854  7854 D MobiFace:  DEBUG - frameParams: 6 640 480 720 270
01-30 17:39:19.493 15728 16152 D FrServiceClient:  DEBUG - mobiFace_pushFrame frame 0xacb01000 460800
01-30 17:39:19.493 15728 16152 D FrServiceClient:  DEBUG - IdemiaFrServiceImpl::StartFaceAnalysis: FrServiceClient 460800
01-30 17:39:19.513  7854 14954 D MobiFace:  DEBUG - pushImage2: 0xb7ae69c8 0xb7ae6d60 0xb44ce008 460800 1 -1213304712 0x53a57968
01-30 17:39:19.543   492 16138 E AEC_PORT: aec_port_save_update:real_gain:1.000000 linecnt:773 exp_idx:225 cur_luma:-1073741824 led_est:1079032019
01-30 17:39:19.543   492 16102 E mm-camera: c2d_thread_handle_process_buf_event:190 input buf index 6
01-30 17:39:19.543   492 16102 E mm-camera: c2d_thread_handle_process_buf_event:207 input vaddr b334a000
01-30 17:39:19.593   492 16102 E mm-camera: c2d_thread_handle_process_buf_event:190 input buf index 4
01-30 17:39:19.593   492 16102 E mm-camera: c2d_thread_handle_process_buf_event:207 input vaddr b342c000
01-30 17:39:19.593   492 16138 E AEC_PORT: aec_port_save_update:real_gain:1.000000 linecnt:773 exp_idx:225 cur_luma:-536870912 led_est:1079032409
01-30 17:39:19.643   492 16138 E AEC_PORT: aec_port_save_update:real_gain:1.000000 linecnt:773 exp_idx:225 cur_luma:0 led_est:1079032543
01-30 17:39:19.643   492 16102 E mm-camera: c2d_thread_handle_process_buf_event:190 input buf index 5
01-30 17:39:19.643   492 16102 E mm-camera: c2d_thread_handle_process_buf_event:207 input vaddr b33bb000
01-30 17:39:19.653  7854 14954 D MobiFace:  DEBUG - [event] trackingInfo_cb
01-30 17:39:19.653  7854 14954 D MobiFace:  DEBUG - [event] positionInstruction_cb
01-30 17:39:19.653  7854 14954 D MobiFace:  DEBUG - [event] freeImage_cb
01-30 17:39:19.653  7854 14954 D MobiFace:  DEBUG - pushImage2: 0
01-30 17:39:19.653  7854 15177 D MobiFace:  DEBUG - getPositionInfo
01-30 17:39:19.653  7854  7858 D MobiFace:  DEBUG - getChallenge
01-30 17:39:19.653  7854  7854 D MobiFace:  DEBUG - getChallengeInfo
01-30 17:39:19.653 15728 15728 I GeckoDump: Got analysisResult:0
01-30 17:39:19.653 15728 15728 I GeckoDump: Got analysisInfo:1
01-30 17:39:19.653 15728 15728 I GeckoDump: Got matchScore0
01-30 17:39:19.653 15728 15728 I GeckoDump: Got payload is null
01-30 17:39:19.663 15728 15728 I GeckoDump: Got bestImage is null
01-30 17:39:19.663 15728 16152 D FrServiceClient:  DEBUG - tiem taken: 15.000000
01-30 17:39:19.663  7854  7858 D MobiFace:  DEBUG - frameParams: 6 640 480 720 270
01-30 17:39:19.663 15728 16152 D FrServiceClient:  DEBUG - mobiFace_pushFrame frame 0xad801000 460800
01-30 17:39:19.673 15728 16152 D FrServiceClient:  DEBUG - IdemiaFrServiceImpl::StartFaceAnalysis: FrServiceClient 460800
01-30 17:39:19.683  7854  7854 D MobiFace:  DEBUG - pushImage2: 0xb7ae69c8 0xb7ae6d60 0xb44ce008 460800 1 -1213331312 0x53a811a8
01-30 17:39:19.693   492 16138 E AEC_PORT: aec_port_save_update:real_gain:1.000000 linecnt:773 exp_idx:225 cur_luma:1610612736 led_est:1079032442
01-30 17:39:19.693   492 16102 E mm-camera: c2d_thread_handle_process_buf_event:190 input buf index 6
01-30 17:39:19.693   492 16102 E mm-camera: c2d_thread_handle_process_buf_event:207 input vaddr b334a000
01-30 17:39:19.743   492 16138 E AEC_PORT: aec_port_save_update:real_gain:1.000000 linecnt:773 exp_idx:225 cur_luma:-1073741824 led_est:1079032097
01-30 17:39:19.743   492 16102 E mm-camera: c2d_thread_handle_process_buf_event:190 input buf index 4
01-30 17:39:19.743   492 16102 E mm-camera: c2d_thread_handle_process_buf_event:207 input vaddr b342c000
01-30 17:39:19.793   492 16097 E         : dmlroc_entry  entering dmlroc_entry
01-30 17:39:19.793   492 16102 E mm-camera: c2d_thread_handle_process_buf_event:190 input buf index 5
01-30 17:39:19.793   492 16102 E mm-camera: c2d_thread_handle_process_buf_event:207 input vaddr b33bb000
01-30 17:39:19.833  7854  7854 D MobiFace:  DEBUG - [event] trackingInfo_cb
01-30 17:39:19.833  7854  7854 D MobiFace:  DEBUG - [event] positionInstruction_cb
01-30 17:39:19.833  7854  7854 D MobiFace:  DEBUG - [event] freeImage_cb
01-30 17:39:19.833  7854  7854 D MobiFace:  DEBUG - pushImage2: 0
01-30 17:39:19.833  7854 14954 D MobiFace:  DEBUG - getPositionInfo
01-30 17:39:19.833  7854 15177 D MobiFace:  DEBUG - getChallenge
01-30 17:39:19.833  7854  7858 D MobiFace:  DEBUG - getChallengeInfo
01-30 17:39:19.833 15728 15728 I GeckoDump: Got analysisResult:0
01-30 17:39:19.833 15728 15728 I GeckoDump: Got analysisInfo:1
01-30 17:39:19.833 15728 15728 I GeckoDump: Got matchScore0
01-30 17:39:19.833 15728 15728 I GeckoDump: Got payload is null
01-30 17:39:19.833 15728 15728 I GeckoDump: Got bestImage is null
01-30 17:39:19.843   492 16138 E AEC_PORT: aec_port_save_update:real_gain:1.000000 linecnt:773 exp_idx:225 cur_luma:1073741824 led_est:1079032336
01-30 17:39:19.843   492 16102 E mm-camera: c2d_thread_handle_process_buf_event:190 input buf index 6
01-30 17:39:19.843   492 16102 E mm-camera: c2d_thread_handle_process_buf_event:207 input vaddr b334a000
01-30 17:39:19.853 15728 16152 D FrServiceClient:  DEBUG - tiem taken: 15.000000
01-30 17:39:19.853  7854 15177 D MobiFace:  DEBUG - frameParams: 6 640 480 720 270
01-30 17:39:19.853 15728 16152 D FrServiceClient:  DEBUG - mobiFace_pushFrame frame 0xad872000 460800
01-30 17:39:19.853 15728 16152 D FrServiceClient:  DEBUG - IdemiaFrServiceImpl::StartFaceAnalysis: FrServiceClient 460800
01-30 17:39:19.873  7854  7858 D MobiFace:  DEBUG - pushImage2: 0xb7ae69c8 0xb7ae6d60 0xb44ce008 460800 1 -1213330272 0x53aae41c
01-30 17:39:19.893   492 16138 E AEC_PORT: aec_port_save_update:real_gain:1.000000 linecnt:773 exp_idx:225 cur_luma:-536870912 led_est:1079027065
01-30 17:39:19.903   492 16102 E mm-camera: c2d_thread_handle_process_buf_event:190 input buf index 4
01-30 17:39:19.903   492 16102 E mm-camera: c2d_thread_handle_process_buf_event:207 input vaddr b342c000
01-30 17:39:19.943   492 16138 E AEC_PORT: aec_port_save_update:real_gain:1.000000 linecnt:773 exp_idx:225 cur_luma:-2147483648 led_est:1079027012
01-30 17:39:19.943   492 16102 E mm-camera: c2d_thread_handle_process_buf_event:190 input buf index 5
01-30 17:39:19.943   492 16102 E mm-camera: c2d_thread_handle_process_buf_event:207 input vaddr b33bb000
01-30 17:39:19.993   492 16138 E AEC_PORT: aec_port_save_update:real_gain:1.000000 linecnt:773 exp_idx:225 cur_luma:536870912 led_est:1079027104
01-30 17:39:20.003   492 16102 E mm-camera: c2d_thread_handle_process_buf_event:190 input buf index 6
01-30 17:39:20.003   492 16102 E mm-camera: c2d_thread_handle_process_buf_event:207 input vaddr b334a000
01-30 17:39:20.013  7854  7858 D MobiFace:  DEBUG - [event] trackingInfo_cb
01-30 17:39:20.013  7854  7858 D MobiFace:  DEBUG - [event] positionInstruction_cb
01-30 17:39:20.013  7854  7858 D MobiFace:  DEBUG - [event] freeImage_cb
01-30 17:39:20.013  7854  7858 D MobiFace:  DEBUG - pushImage2: 0
01-30 17:39:20.013  7854  7854 D MobiFace:  DEBUG - getPositionInfo
01-30 17:39:20.013  7854 14954 D MobiFace:  DEBUG - getChallenge
01-30 17:39:20.013  7854  7854 D MobiFace:  DEBUG - getChallengeInfo
01-30 17:39:20.013 15728 15728 I GeckoDump: Got analysisResult:0
01-30 17:39:20.013 15728 15728 I GeckoDump: Got analysisInfo:1
01-30 17:39:20.013 15728 15728 I GeckoDump: Got matchScore0
01-30 17:39:20.013 15728 15728 I GeckoDump: Got payload is null
01-30 17:39:20.013 15728 15728 I GeckoDump: Got bestImage is null
01-30 17:39:20.023 15728 16152 D FrServiceClient:  DEBUG - tiem taken: 16.000000
01-30 17:39:20.023  7854  7854 D MobiFace:  DEBUG - frameParams: 6 640 480 720 270
01-30 17:39:20.023 15728 16152 D FrServiceClient:  DEBUG - mobiFace_pushFrame frame 0xacb01000 460800
01-30 17:39:20.023 15728 16152 D FrServiceClient:  DEBUG - IdemiaFrServiceImpl::StartFaceAnalysis: FrServiceClient 460800
01-30 17:39:20.033  7854 14954 D MobiFace:  DEBUG - pushImage2: 0xb7ae69c8 0xb7ae6d60 0xb44ce008 460800 1 -1213304712 0x53ad7632
01-30 17:39:20.043   492 16138 E AEC_PORT: aec_port_save_update:real_gain:1.000000 linecnt:773 exp_idx:225 cur_luma:1610612736 led_est:1079026842
01-30 17:39:20.053   492 16102 E mm-camera: c2d_thread_handle_process_buf_event:190 input buf index 4
01-30 17:39:20.053   492 16102 E mm-camera: c2d_thread_handle_process_buf_event:207 input vaddr b342c000
01-30 17:39:20.103   492 16138 E AEC_PORT: aec_port_save_update:real_gain:1.000000 linecnt:773 exp_idx:225 cur_luma:0 led_est:1079026990
01-30 17:39:20.103   492 16102 E mm-camera: c2d_thread_handle_process_buf_event:190 input buf index 5
01-30 17:39:20.103   492 16102 E mm-camera: c2d_thread_handle_process_buf_event:207 input vaddr b33bb000
01-30 17:39:20.153   492 16138 E AEC_PORT: aec_port_save_update:real_gain:1.000000 linecnt:773 exp_idx:225 cur_luma:-536870912 led_est:1079026898
01-30 17:39:20.153   492 16102 E mm-camera: c2d_thread_handle_process_buf_event:190 input buf index 6
01-30 17:39:20.153   492 16102 E mm-camera: c2d_thread_handle_process_buf_event:207 input vaddr b334a000
01-30 17:39:20.173  7854 14954 D MobiFace:  DEBUG - [event] trackingInfo_cb
01-30 17:39:20.173  7854 14954 D MobiFace:  DEBUG - [event] positionInstruction_cb
01-30 17:39:20.173  7854 14954 D MobiFace:  DEBUG - [event] freeImage_cb
01-30 17:39:20.173  7854 14954 D MobiFace:  DEBUG - pushImage2: 0
01-30 17:39:20.173  7854  7858 D MobiFace:  DEBUG - getPositionInfo
01-30 17:39:20.173  7854 15177 D MobiFace:  DEBUG - getChallenge
01-30 17:39:20.173  7854  7858 D MobiFace:  DEBUG - getChallengeInfo
01-30 17:39:20.173 15728 15728 I GeckoDump: Got analysisResult:0
01-30 17:39:20.173 15728 15728 I GeckoDump: Got analysisInfo:1
01-30 17:39:20.173 15728 15728 I GeckoDump: Got matchScore0
01-30 17:39:20.173 15728 15728 I GeckoDump: Got payload is null
01-30 17:39:20.173 15728 15728 I GeckoDump: Got bestImage is null
01-30 17:39:20.183 15728 16152 D FrServiceClient:  DEBUG - tiem taken: 16.000000
01-30 17:39:20.183  7854 15177 D MobiFace:  DEBUG - frameParams: 6 640 480 720 270
01-30 17:39:20.183 15728 16152 D FrServiceClient:  DEBUG - mobiFace_pushFrame frame 0xad801000 460800
01-30 17:39:20.183 15728 16152 D FrServiceClient:  DEBUG - IdemiaFrServiceImpl::StartFaceAnalysis: FrServiceClient 460800
01-30 17:39:20.203   492 16138 E AEC_PORT: aec_port_save_update:real_gain:1.000000 linecnt:773 exp_idx:225 cur_luma:-1073741824 led_est:1079027006
01-30 17:39:20.203  7854 14954 D MobiFace:  DEBUG - pushImage2: 0xb7ae69c8 0xb7ae6d60 0xb44ce008 460800 1 -1213304712 0x53affc40
01-30 17:39:20.203   492 16102 E mm-camera: c2d_thread_handle_process_buf_event:190 input buf index 4
01-30 17:39:20.203   492 16102 E mm-camera: c2d_thread_handle_process_buf_event:207 input vaddr b342c000
01-30 17:39:20.253   492 16138 E AEC_PORT: aec_port_save_update:real_gain:1.000000 linecnt:773 exp_idx:225 cur_luma:1610612736 led_est:1079026983
01-30 17:39:20.253   492 16102 E mm-camera: c2d_thread_handle_process_buf_event:190 input buf index 5
01-30 17:39:20.253   492 16102 E mm-camera: c2d_thread_handle_process_buf_event:207 input vaddr b33bb000
01-30 17:39:20.303   492 16097 E         : dmlroc_entry  entering dmlroc_entry
01-30 17:39:20.303   492 16102 E mm-camera: c2d_thread_handle_process_buf_event:190 input buf index 6
01-30 17:39:20.303   492 16102 E mm-camera: c2d_thread_handle_process_buf_event:207 input vaddr b334a000
01-30 17:39:20.343  7854 14954 D MobiFace:  DEBUG - [event] trackingInfo_cb
01-30 17:39:20.343  7854 14954 D MobiFace:  DEBUG - [event] positionInstruction_cb
01-30 17:39:20.343  7854 14954 D MobiFace:  DEBUG - [event] freeImage_cb
01-30 17:39:20.343  7854 14954 D MobiFace:  DEBUG - pushImage2: 0
01-30 17:39:20.343  7854  7854 D MobiFace:  DEBUG - getPositionInfo
01-30 17:39:20.343  7854  7858 D MobiFace:  DEBUG - getChallenge
01-30 17:39:20.343  7854 15177 D MobiFace:  DEBUG - getChallengeInfo
01-30 17:39:20.343 15728 15728 I GeckoDump: Got analysisResult:0
01-30 17:39:20.343 15728 15728 I GeckoDump: Got analysisInfo:1
01-30 17:39:20.343 15728 15728 I GeckoDump: Got matchScore0
01-30 17:39:20.343 15728 15728 I GeckoDump: Got payload is null
01-30 17:39:20.343 15728 15728 I GeckoDump: Got bestImage is null
01-30 17:39:20.353   492 16138 E AEC_PORT: aec_port_save_update:real_gain:1.000000 linecnt:773 exp_idx:225 cur_luma:536870912 led_est:1079026864
01-30 17:39:20.353 15728 16152 D FrServiceClient:  DEBUG - tiem taken: 16.000000
01-30 17:39:20.353   492 16102 E mm-camera: c2d_thread_handle_process_buf_event:190 input buf index 4
01-30 17:39:20.353   492 16102 E mm-camera: c2d_thread_handle_process_buf_event:207 input vaddr b342c000
01-30 17:39:20.353  7854  7858 D MobiFace:  DEBUG - frameParams: 6 640 480 720 270
01-30 17:39:20.353 15728 16152 D FrServiceClient:  DEBUG - mobiFace_pushFrame frame 0xad872000 460800
01-30 17:39:20.353 15728 16152 D FrServiceClient:  DEBUG - IdemiaFrServiceImpl::StartFaceAnalysis: FrServiceClient 460800
01-30 17:39:20.383  7854 15177 D MobiFace:  DEBUG - pushImage2: 0xb7ae69c8 0xb7ae6d60 0xb44ce008 460800 1 -1213303792 0x53b2bde0
01-30 17:39:20.403   492 16138 E AEC_PORT: aec_port_save_update:real_gain:1.000000 linecnt:773 exp_idx:225 cur_luma:536870912 led_est:1079029558
01-30 17:39:20.403   492 16102 E mm-camera: c2d_thread_handle_process_buf_event:190 input buf index 5
01-30 17:39:20.403   492 16102 E mm-camera: c2d_thread_handle_process_buf_event:207 input vaddr b33bb000
01-30 17:39:20.453   492 16138 E AEC_PORT: aec_port_save_update:real_gain:1.000000 linecnt:773 exp_idx:225 cur_luma:-1073741824 led_est:1079029284
01-30 17:39:20.453   492 16102 E mm-camera: c2d_thread_handle_process_buf_event:190 input buf index 6
01-30 17:39:20.453   492 16102 E mm-camera: c2d_thread_handle_process_buf_event:207 input vaddr b334a000
01-30 17:39:20.503   492 16138 E AEC_PORT: aec_port_save_update:real_gain:1.000000 linecnt:773 exp_idx:225 cur_luma:-2147483648 led_est:1079029218
01-30 17:39:20.503   492 16102 E mm-camera: c2d_thread_handle_process_buf_event:190 input buf index 4
01-30 17:39:20.503   492 16102 E mm-camera: c2d_thread_handle_process_buf_event:207 input vaddr b342c000
01-30 17:39:20.513  7854 15177 D MobiFace:  DEBUG - [event] trackingInfo_cb
01-30 17:39:20.513  7854 15177 D MobiFace:  DEBUG - [event] positionInstruction_cb
01-30 17:39:20.513  7854 15177 D MobiFace:  DEBUG - [event] freeImage_cb
01-30 17:39:20.513  7854 15177 D MobiFace:  DEBUG - pushImage2: 0
01-30 17:39:20.513  7854 14954 D MobiFace:  DEBUG - getPositionInfo
01-30 17:39:20.513  7854  7854 D MobiFace:  DEBUG - getChallenge
01-30 17:39:20.523  7854  7858 D MobiFace:  DEBUG - getChallengeInfo
01-30 17:39:20.523 15728 15728 I GeckoDump: Got analysisResult:0
01-30 17:39:20.523 15728 15728 I GeckoDump: Got analysisInfo:1
01-30 17:39:20.523 15728 15728 I GeckoDump: Got matchScore0
01-30 17:39:20.523 15728 15728 I GeckoDump: Got payload is null
01-30 17:39:20.523 15728 15728 I GeckoDump: Got bestImage is null
01-30 17:39:20.533 15728 16152 D FrServiceClient:  DEBUG - tiem taken: 16.000000
01-30 17:39:20.533  7854 15177 D MobiFace:  DEBUG - frameParams: 6 640 480 720 270
01-30 17:39:20.533 15728 16152 D FrServiceClient:  DEBUG - mobiFace_pushFrame frame 0xacb01000 460800
01-30 17:39:20.533 15728 16152 D FrServiceClient:  DEBUG - IdemiaFrServiceImpl::StartFaceAnalysis: FrServiceClient 460800
01-30 17:39:20.553   492 16102 E mm-camera: c2d_thread_handle_process_buf_event:190 input buf index 5
01-30 17:39:20.553   492 16102 E mm-camera: c2d_thread_handle_process_buf_event:207 input vaddr b33bb000
01-30 17:39:20.553   492 16138 E AEC_PORT: aec_port_save_update:real_gain:1.000000 linecnt:773 exp_idx:225 cur_luma:-1610612736 led_est:1079028919
01-30 17:39:20.563  7854  7858 D MobiFace:  DEBUG - pushImage2: 0xb7ae69c8 0xb7ae6d60 0xb44ce008 460800 1 -1213330272 0x53b587b2
01-30 17:39:20.603   492 16138 E AEC_PORT: aec_port_save_update:real_gain:1.000000 linecnt:773 exp_idx:225 cur_luma:-1073741824 led_est:1079028982
01-30 17:39:20.603   492 16102 E mm-camera: c2d_thread_handle_process_buf_event:190 input buf index 6
01-30 17:39:20.603   492 16102 E mm-camera: c2d_thread_handle_process_buf_event:207 input vaddr b334a000
01-30 17:39:20.653   492 16138 E AEC_PORT: aec_port_save_update:real_gain:1.000000 linecnt:773 exp_idx:225 cur_luma:-536870912 led_est:1079028926
01-30 17:39:20.653   492 16102 E mm-camera: c2d_thread_handle_process_buf_event:190 input buf index 4
01-30 17:39:20.653   492 16102 E mm-camera: c2d_thread_handle_process_buf_event:207 input vaddr b342c000
01-30 17:39:20.703   492 16138 E AEC_PORT: aec_port_save_update:real_gain:1.000000 linecnt:773 exp_idx:225 cur_luma:-1073741824 led_est:1079028818
01-30 17:39:20.713   492 16102 E mm-camera: c2d_thread_handle_process_buf_event:190 input buf index 5
01-30 17:39:20.713   492 16102 E mm-camera: c2d_thread_handle_process_buf_event:207 input vaddr b33bb000
01-30 17:39:20.723  7854  7858 D MobiFace:  DEBUG - [event] trackingInfo_cb
01-30 17:39:20.723  7854  7858 D MobiFace:  DEBUG - [event] positionInstruction_cb
01-30 17:39:20.723  7854  7858 D MobiFace:  DEBUG - [event] freeImage_cb
01-30 17:39:20.723  7854  7858 D MobiFace:  DEBUG - pushImage2: 0
01-30 17:39:20.723  7854 14954 D MobiFace:  DEBUG - getPositionInfo
01-30 17:39:20.723  7854  7854 D MobiFace:  DEBUG - getChallenge
01-30 17:39:20.723  7854 15177 D MobiFace:  DEBUG - getChallengeInfo
01-30 17:39:20.723 15728 15728 I GeckoDump: Got analysisResult:0
01-30 17:39:20.723 15728 15728 I GeckoDump: Got analysisInfo:1
01-30 17:39:20.723 15728 15728 I GeckoDump: Got matchScore0
01-30 17:39:20.733 15728 15728 I GeckoDump: Got payload is null
01-30 17:39:20.733 15728 15728 I GeckoDump: Got bestImage is null
01-30 17:39:20.743 15728 16152 D FrServiceClient:  DEBUG - tiem taken: 16.000000
01-30 17:39:20.743  7854  7854 D MobiFace:  DEBUG - frameParams: 6 640 480 720 270
01-30 17:39:20.743 15728 16152 D FrServiceClient:  DEBUG - mobiFace_pushFrame frame 0xad801000 460800
01-30 17:39:20.743 15728 16152 D FrServiceClient:  DEBUG - IdemiaFrServiceImpl::StartFaceAnalysis: FrServiceClient 460800
01-30 17:39:20.763   492 16102 E mm-camera: c2d_thread_handle_process_buf_event:190 input buf index 6
01-30 17:39:20.763   492 16102 E mm-camera: c2d_thread_handle_process_buf_event:207 input vaddr b334a000
01-30 17:39:20.763   492 16138 E AEC_PORT: aec_port_save_update:real_gain:1.000000 linecnt:773 exp_idx:225 cur_luma:-536870912 led_est:1079028980
01-30 17:39:20.763  7854 15177 D MobiFace:  DEBUG - pushImage2: 0xb7ae69c8 0xb7ae6d60 0xb44ce008 460800 1 -1213303792 0x53b89237
01-30 17:39:20.813   492 16102 E mm-camera: c2d_thread_handle_process_buf_event:190 input buf index 4
01-30 17:39:20.813   492 16102 E mm-camera: c2d_thread_handle_process_buf_event:207 input vaddr b342c000
01-30 17:39:20.813   492 16097 E         : dmlroc_entry  entering dmlroc_entry
01-30 17:39:20.863   492 16138 E AEC_PORT: aec_port_save_update:real_gain:1.000000 linecnt:773 exp_idx:225 cur_luma:-2147483648 led_est:1079029164
01-30 17:39:20.863   492 16102 E mm-camera: c2d_thread_handle_process_buf_event:190 input buf index 5
01-30 17:39:20.863   492 16102 E mm-camera: c2d_thread_handle_process_buf_event:207 input vaddr b33bb000
01-30 17:39:20.903  7854 15177 D MobiFace:  DEBUG - [event] trackingInfo_cb
01-30 17:39:20.903  7854 15177 D MobiFace:  DEBUG - [event] positionInstruction_cb
01-30 17:39:20.903  7854 15177 D MobiFace:  DEBUG - [event] freeImage_cb
01-30 17:39:20.903  7854 15177 D MobiFace:  DEBUG - pushImage2: 0
01-30 17:39:20.903  7854  7858 D MobiFace:  DEBUG - getPositionInfo
01-30 17:39:20.903  7854 14954 D MobiFace:  DEBUG - getChallenge
01-30 17:39:20.903  7854  7854 D MobiFace:  DEBUG - getChallengeInfo
01-30 17:39:20.903 15728 15728 I GeckoDump: Got analysisResult:0
01-30 17:39:20.903 15728 15728 I GeckoDump: Got analysisInfo:1
01-30 17:39:20.903 15728 15728 I GeckoDump: Got matchScore0
01-30 17:39:20.903 15728 15728 I GeckoDump: Got payload is null
01-30 17:39:20.903 15728 15728 I GeckoDump: Got bestImage is null
01-30 17:39:20.913   492 16138 E AEC_PORT: aec_port_save_update:real_gain:1.000000 linecnt:773 exp_idx:225 cur_luma:-1073741824 led_est:1079027207
01-30 17:39:20.913 15728 16152 D FrServiceClient:  DEBUG - tiem taken: 16.000000
01-30 17:39:20.913  7854 14954 D MobiFace:  DEBUG - frameParams: 6 640 480 720 270
01-30 17:39:20.913 15728 16152 D FrServiceClient:  DEBUG - mobiFace_pushFrame frame 0xad872000 460800
01-30 17:39:20.913 15728 16152 D FrServiceClient:  DEBUG - IdemiaFrServiceImpl::StartFaceAnalysis: FrServiceClient 460800
01-30 17:39:20.923   492 16102 E mm-camera: c2d_thread_handle_process_buf_event:190 input buf index 6
01-30 17:39:20.923   492 16102 E mm-camera: c2d_thread_handle_process_buf_event:207 input vaddr b334a000
01-30 17:39:20.943  7854  7854 D MobiFace:  DEBUG - pushImage2: 0xb7ae69c8 0xb7ae6d60 0xb44ce008 460800 1 -1213331312 0x53bb32bc
01-30 17:39:20.963   492 16138 E AEC_PORT: aec_port_save_update:real_gain:1.000000 linecnt:773 exp_idx:225 cur_luma:-1073741824 led_est:1079027603
01-30 17:39:20.963   492 16102 E mm-camera: c2d_thread_handle_process_buf_event:190 input buf index 4
01-30 17:39:20.963   492 16102 E mm-camera: c2d_thread_handle_process_buf_event:207 input vaddr b342c000
01-30 17:39:20.1037     1     1 I KERNEL  : [ 6706.319993] init: Starting service 'updater-daemon'...
01-30 17:39:20.1060     1     1 I KERNEL  : [ 6706.342876] init: Service 'updater-daemon' (pid 16167) exited with status 127
01-30 17:39:20.1060     1     1 I KERNEL  : [ 6706.342944] init: Service 'updater-daemon' (pid 16167) killing any children in process group
01-30 17:39:21.013   492 16138 E AEC_PORT: aec_port_save_update:real_gain:1.000000 linecnt:773 exp_idx:225 cur_luma:536870912 led_est:1079027357
01-30 17:39:21.013   492 16102 E mm-camera: c2d_thread_handle_process_buf_event:190 input buf index 5
01-30 17:39:21.013   492 16102 E mm-camera: c2d_thread_handle_process_buf_event:207 input vaddr b33bb000
01-30 17:39:21.063   492 16138 E AEC_PORT: aec_port_save_update:real_gain:1.000000 linecnt:773 exp_idx:225 cur_luma:-1073741824 led_est:1079027429
01-30 17:39:21.063   492 16102 E mm-camera: c2d_thread_handle_process_buf_event:190 input buf index 6
01-30 17:39:21.063   492 16102 E mm-camera: c2d_thread_handle_process_buf_event:207 input vaddr b334a000
01-30 17:39:21.083  7854  7854 D MobiFace:  DEBUG - [event] trackingInfo_cb
01-30 17:39:21.083  7854  7854 D MobiFace:  DEBUG - [event] positionInstruction_cb
01-30 17:39:21.083  7854  7854 D MobiFace:  DEBUG - [event] freeImage_cb
01-30 17:39:21.083  7854  7854 D MobiFace:  DEBUG - pushImage2: 0
01-30 17:39:21.083  7854 15177 D MobiFace:  DEBUG - getPositionInfo
01-30 17:39:21.083  7854  7858 D MobiFace:  DEBUG - getChallenge
01-30 17:39:21.083  7854 14954 D MobiFace:  DEBUG - getChallengeInfo
01-30 17:39:21.093 15728 15728 I GeckoDump: Got analysisResult:0
01-30 17:39:21.093 15728 15728 I GeckoDump: Got analysisInfo:1
01-30 17:39:21.093 15728 15728 I GeckoDump: Got matchScore0
01-30 17:39:21.093 15728 15728 I GeckoDump: Got payload is null
01-30 17:39:21.093 15728 15728 I GeckoDump: Got bestImage is null
01-30 17:39:21.103 15728 16152 D FrServiceClient:  DEBUG - tiem taken: 17.000000
01-30 17:39:21.103  7854  7858 D MobiFace:  DEBUG - frameParams: 6 640 480 720 270
01-30 17:39:21.103 15728 16152 D FrServiceClient:  DEBUG - mobiFace_pushFrame frame 0xacb01000 460800
01-30 17:39:21.103 15728 16152 D FrServiceClient:  DEBUG - IdemiaFrServiceImpl::StartFaceAnalysis: FrServiceClient 460800
01-30 17:39:21.113   492 16138 E AEC_PORT: aec_port_save_update:real_gain:1.000000 linecnt:773 exp_idx:225 cur_luma:-1073741824 led_est:1079027534
01-30 17:39:21.113   492 16102 E mm-camera: c2d_thread_handle_process_buf_event:190 input buf index 4
01-30 17:39:21.113   492 16102 E mm-camera: c2d_thread_handle_process_buf_event:207 input vaddr b342c000
01-30 17:39:21.133  7854 14954 D MobiFace:  DEBUG - pushImage2: 0xb7ae69c8 0xb7ae6d60 0xb44ce008 460800 1 -1213304712 0x53be3b9e
01-30 17:39:21.163   492 16102 E mm-camera: c2d_thread_handle_process_buf_event:190 input buf index 5
01-30 17:39:21.163   492 16102 E mm-camera: c2d_thread_handle_process_buf_event:207 input vaddr b33bb000
01-30 17:39:21.173   492 16138 E AEC_PORT: aec_port_save_update:real_gain:1.000000 linecnt:773 exp_idx:225 cur_luma:-1073741824 led_est:1079027931
01-30 17:39:21.213  5463  5463 D wpa_supplicant: wlan0: Control interface command 'SIGNAL_POLL'
01-30 17:39:21.223   492 16102 E mm-camera: c2d_thread_handle_process_buf_event:190 input buf index 6
01-30 17:39:21.223   492 16102 E mm-camera: c2d_thread_handle_process_buf_event:207 input vaddr b334a000
01-30 17:39:21.223   492 16138 E AEC_PORT: aec_port_save_update:real_gain:1.000000 linecnt:773 exp_idx:225 cur_luma:-1610612736 led_est:1079027818
01-30 17:39:21.243  5463  5463 D wpa_supplicant: CTRL-DEBUG: global_ctrl_sock-sendto: sock=11 sndbuf=163840 outq=0 send_len=48
01-30 17:39:21.263   492 16102 E mm-camera: c2d_thread_handle_process_buf_event:190 input buf index 4
01-30 17:39:21.273   492 16102 E mm-camera: c2d_thread_handle_process_buf_event:207 input vaddr b342c000
01-30 17:39:21.273   492 16138 E AEC_PORT: aec_port_save_update:real_gain:1.000000 linecnt:773 exp_idx:225 cur_luma:0 led_est:1079027851
01-30 17:39:21.283  7854 14954 D MobiFace:  DEBUG - [event] trackingInfo_cb
01-30 17:39:21.283  7854 14954 D MobiFace:  DEBUG - [event] positionInstruction_cb
01-30 17:39:21.283  7854 14954 D MobiFace:  DEBUG - [event] freeImage_cb
01-30 17:39:21.283  7854 14954 D MobiFace:  DEBUG - pushImage2: 0
01-30 17:39:21.283  7854  7854 D MobiFace:  DEBUG - getPositionInfo
01-30 17:39:21.283  7854 15177 D MobiFace:  DEBUG - getChallenge
01-30 17:39:21.283  7854  7858 D MobiFace:  DEBUG - getChallengeInfo
01-30 17:39:21.283 15728 15728 I GeckoDump: Got analysisResult:0
01-30 17:39:21.283 15728 15728 I GeckoDump: Got analysisInfo:1
01-30 17:39:21.283 15728 15728 I GeckoDump: Got matchScore0
01-30 17:39:21.283 15728 15728 I GeckoDump: Got payload is null
01-30 17:39:21.283 15728 15728 I GeckoDump: Got bestImage is null
01-30 17:39:21.293 15728 16152 D FrServiceClient:  DEBUG - tiem taken: 17.000000
01-30 17:39:21.293  7854 15177 D MobiFace:  DEBUG - frameParams: 6 640 480 720 270
01-30 17:39:21.293 15728 16152 D FrServiceClient:  DEBUG - mobiFace_pushFrame frame 0xad801000 460800
01-30 17:39:21.293 15728 16152 D FrServiceClient:  DEBUG - IdemiaFrServiceImpl::StartFaceAnalysis: FrServiceClient 460800
01-30 17:39:21.313  7854  7858 D MobiFace:  DEBUG - pushImage2: 0xb7ae69c8 0xb7ae6d60 0xb44ce008 460800 1 -1213330272 0x53c0ea9b
01-30 17:39:21.323   492 16102 E mm-camera: c2d_thread_handle_process_buf_event:190 input buf index 5
01-30 17:39:21.323   492 16102 E mm-camera: c2d_thread_handle_process_buf_event:207 input vaddr b33bb000
01-30 17:39:21.323   492 16138 E AEC_PORT: aec_port_save_update:real_gain:1.000000 linecnt:773 exp_idx:225 cur_luma:-1073741824 led_est:1079027771
01-30 17:39:21.373   492 16138 E AEC_PORT: aec_port_save_update:real_gain:1.000000 linecnt:773 exp_idx:225 cur_luma:536870912 led_est:1079027979
01-30 17:39:21.373   492 16102 E mm-camera: c2d_thread_handle_process_buf_event:190 input buf index 6
01-30 17:39:21.373   492 16102 E mm-camera: c2d_thread_handle_process_buf_event:207 input vaddr b334a000
01-30 17:39:21.423   492 16138 E AEC_PORT: aec_port_save_update:real_gain:1.000000 linecnt:773 exp_idx:225 cur_luma:-2147483648 led_est:1079027709
01-30 17:39:21.423   492 16102 E mm-camera: c2d_thread_handle_process_buf_event:190 input buf index 4
01-30 17:39:21.423   492 16102 E mm-camera: c2d_thread_handle_process_buf_event:207 input vaddr b342c000
01-30 17:39:21.453  7854  7858 D MobiFace:  DEBUG - [event] trackingInfo_cb
01-30 17:39:21.453  7854  7858 D MobiFace:  DEBUG - [event] positionInstruction_cb
01-30 17:39:21.453  7854  7858 D MobiFace:  DEBUG - [event] freeImage_cb
01-30 17:39:21.453  7854  7858 D MobiFace:  DEBUG - pushImage2: 0
01-30 17:39:21.453  7854 14954 D MobiFace:  DEBUG - getPositionInfo
01-30 17:39:21.453  7854  7854 D MobiFace:  DEBUG - getChallenge
01-30 17:39:21.453  7854 14954 D MobiFace:  DEBUG - getChallengeInfo
01-30 17:39:21.453 15728 15728 I GeckoDump: Got analysisResult:0
01-30 17:39:21.453 15728 15728 I GeckoDump: Got analysisInfo:1
01-30 17:39:21.453 15728 15728 I GeckoDump: Got matchScore0
01-30 17:39:21.453 15728 15728 I GeckoDump: Got payload is null
01-30 17:39:21.453 15728 15728 I GeckoDump: Got bestImage is null
01-30 17:39:21.463 15728 16152 D FrServiceClient:  DEBUG - tiem taken: 17.000000
01-30 17:39:21.463  7854 14954 D MobiFace:  DEBUG - frameParams: 6 640 480 720 270
01-30 17:39:21.463 15728 16152 D FrServiceClient:  DEBUG - mobiFace_pushFrame frame 0xad872000 460800
01-30 17:39:21.463 15728 16152 D FrServiceClient:  DEBUG - IdemiaFrServiceImpl::StartFaceAnalysis: FrServiceClient 460800
01-30 17:39:21.473   492 16138 E AEC_PORT: aec_port_save_update:real_gain:1.000000 linecnt:773 exp_idx:225 cur_luma:536870912 led_est:1079028162
01-30 17:39:21.473   492 16102 E mm-camera: c2d_thread_handle_process_buf_event:190 input buf index 5
01-30 17:39:21.473   492 16102 E mm-camera: c2d_thread_handle_process_buf_event:207 input vaddr b33bb000
01-30 17:39:21.483  7854  7854 D MobiFace:  DEBUG - pushImage2: 0xb7ae69c8 0xb7ae6d60 0xb44ce008 460800 1 -1213331312 0x53c3877e
01-30 17:39:21.513  2227  2227 E sdcard  : missing packages.list; retrying
01-30 17:39:21.523   492 16102 E mm-camera: c2d_thread_handle_process_buf_event:190 input buf index 6
01-30 17:39:21.523   492 16102 E mm-camera: c2d_thread_handle_process_buf_event:207 input vaddr b334a000
01-30 17:39:21.523   492 16138 E AEC_PORT: aec_port_save_update:real_gain:1.000000 linecnt:773 exp_idx:225 cur_luma:-536870912 led_est:1079028188
01-30 17:39:21.573   492 16102 E mm-camera: c2d_thread_handle_process_buf_event:190 input buf index 4
01-30 17:39:21.573   492 16102 E mm-camera: c2d_thread_handle_process_buf_event:207 input vaddr b342c000
01-30 17:39:21.573   492 16138 E AEC_PORT: aec_port_save_update:real_gain:1.000000 linecnt:773 exp_idx:225 cur_luma:1073741824 led_est:1079027950
01-30 17:39:21.623  7854  7854 D MobiFace:  DEBUG - [event] trackingInfo_cb
01-30 17:39:21.623  7854  7854 D MobiFace:  DEBUG - [event] positionInstruction_cb
01-30 17:39:21.623  7854  7854 D MobiFace:  DEBUG - [event] freeImage_cb
01-30 17:39:21.623  7854  7854 D MobiFace:  DEBUG - pushImage2: 0
01-30 17:39:21.623  7854  7858 D MobiFace:  DEBUG - getPositionInfo
01-30 17:39:21.623  7854 15177 D MobiFace:  DEBUG - getChallenge
01-30 17:39:21.623  7854 14954 D MobiFace:  DEBUG - getChallengeInfo
01-30 17:39:21.623 15728 15728 I GeckoDump: Got analysisResult:0
01-30 17:39:21.623 15728 15728 I GeckoDump: Got analysisInfo:1
01-30 17:39:21.623 15728 15728 I GeckoDump: Got matchScore0
01-30 17:39:21.623 15728 15728 I GeckoDump: Got payload is null
01-30 17:39:21.623 15728 15728 I GeckoDump: Got bestImage is null
01-30 17:39:21.623   492 16138 E AEC_PORT: aec_port_save_update:real_gain:1.000000 linecnt:773 exp_idx:225 cur_luma:-2147483648 led_est:1079028302
01-30 17:39:21.623   492 16102 E mm-camera: c2d_thread_handle_process_buf_event:190 input buf index 5
01-30 17:39:21.623   492 16102 E mm-camera: c2d_thread_handle_process_buf_event:207 input vaddr b33bb000
01-30 17:39:21.633 15728 16152 D FrServiceClient:  DEBUG - tiem taken: 17.000000
01-30 17:39:21.633  7854 14954 D MobiFace:  DEBUG - frameParams: 6 640 480 720 270
01-30 17:39:21.633 15728 16152 D FrServiceClient:  DEBUG - mobiFace_pushFrame frame 0xacb01000 460800
01-30 17:39:21.633 15728 16152 D FrServiceClient:  DEBUG - IdemiaFrServiceImpl::StartFaceAnalysis: FrServiceClient 460800
01-30 17:39:21.653  7854  7858 D MobiFace:  DEBUG - pushImage2: 0xb7ae69c8 0xb7ae6d60 0xb44ce008 460800 1 -1213330272 0x53c628b0
01-30 17:39:21.673   492 16138 E AEC_PORT: aec_port_save_update:real_gain:1.000000 linecnt:773 exp_idx:225 cur_luma:-1610612736 led_est:1079027632
01-30 17:39:21.673   492 16102 E mm-camera: c2d_thread_handle_process_buf_event:190 input buf index 6
01-30 17:39:21.673   492 16102 E mm-camera: c2d_thread_handle_process_buf_event:207 input vaddr b334a000
01-30 17:39:21.723   492 16138 E AEC_PORT: aec_port_save_update:real_gain:1.000000 linecnt:773 exp_idx:225 cur_luma:0 led_est:1079027815
01-30 17:39:21.723   492 16102 E mm-camera: c2d_thread_handle_process_buf_event:190 input buf index 4
01-30 17:39:21.723   492 16102 E mm-camera: c2d_thread_handle_process_buf_event:207 input vaddr b342c000
01-30 17:39:21.773   492 16138 E AEC_PORT: aec_port_save_update:real_gain:1.000000 linecnt:773 exp_idx:225 cur_luma:1073741824 led_est:1079027794
01-30 17:39:21.773   492 16102 E mm-camera: c2d_thread_handle_process_buf_event:190 input buf index 5
01-30 17:39:21.773   492 16102 E mm-camera: c2d_thread_handle_process_buf_event:207 input vaddr b33bb000
01-30 17:39:21.793  7854  7858 D MobiFace:  DEBUG - [event] trackingInfo_cb
01-30 17:39:21.793  7854  7858 D MobiFace:  DEBUG - [event] positionInstruction_cb
01-30 17:39:21.793  7854  7858 D MobiFace:  DEBUG - [event] freeImage_cb
01-30 17:39:21.793  7854  7858 D MobiFace:  DEBUG - pushImage2: 0
01-30 17:39:21.793  7854  7854 D MobiFace:  DEBUG - getPositionInfo
01-30 17:39:21.793  7854 15177 D MobiFace:  DEBUG - getChallenge
01-30 17:39:21.793  7854 14954 D MobiFace:  DEBUG - getChallengeInfo
01-30 17:39:21.803 15728 15728 I GeckoDump: Got analysisResult:0
01-30 17:39:21.803 15728 15728 I GeckoDump: Got analysisInfo:1
01-30 17:39:21.803 15728 15728 I GeckoDump: Got matchScore0
01-30 17:39:21.803 15728 15728 I GeckoDump: Got payload is null
01-30 17:39:21.803 15728 15728 I GeckoDump: Got bestImage is null
01-30 17:39:21.813 15728 16152 D FrServiceClient:  DEBUG - tiem taken: 17.000000
01-30 17:39:21.813  7854 15177 D MobiFace:  DEBUG - frameParams: 6 640 480 720 270
01-30 17:39:21.813 15728 16152 D FrServiceClient:  DEBUG - mobiFace_pushFrame frame 0xad801000 460800
01-30 17:39:21.813 15728 16152 D FrServiceClient:  DEBUG - IdemiaFrServiceImpl::StartFaceAnalysis: FrServiceClient 460800
01-30 17:39:21.823   492 16097 E         : dmlroc_entry  entering dmlroc_entry
01-30 17:39:21.823   492 16102 E mm-camera: c2d_thread_handle_process_buf_event:190 input buf index 6
01-30 17:39:21.823   492 16102 E mm-camera: c2d_thread_handle_process_buf_event:207 input vaddr b334a000
01-30 17:39:21.823  7854 14954 D MobiFace:  DEBUG - pushImage2: 0xb7ae69c8 0xb7ae6d60 0xb44ce008 460800 1 -1213304712 0x53c8c6ee
01-30 17:39:21.873   492 16138 E AEC_PORT: aec_port_save_update:real_gain:1.000000 linecnt:773 exp_idx:225 cur_luma:1073741824 led_est:1079027910
01-30 17:39:21.883   492 16102 E mm-camera: c2d_thread_handle_process_buf_event:190 input buf index 4
01-30 17:39:21.883   492 16102 E mm-camera: c2d_thread_handle_process_buf_event:207 input vaddr b342c000
01-30 17:39:21.923   492 16102 E mm-camera: c2d_thread_handle_process_buf_event:190 input buf index 5
01-30 17:39:21.923   492 16102 E mm-camera: c2d_thread_handle_process_buf_event:207 input vaddr b33bb000
01-30 17:39:21.933   492 16138 E AEC_PORT: aec_port_save_update:real_gain:1.000000 linecnt:773 exp_idx:225 cur_luma:0 led_est:1079027642
01-30 17:39:21.963  7854 14954 D MobiFace:  DEBUG - [event] trackingInfo_cb
01-30 17:39:21.963  7854 14954 D MobiFace:  DEBUG - [event] positionInstruction_cb
01-30 17:39:21.963  7854 14954 D MobiFace:  DEBUG - [event] freeImage_cb
01-30 17:39:21.963  7854 14954 D MobiFace:  DEBUG - pushImage2: 0
01-30 17:39:21.963  7854  7858 D MobiFace:  DEBUG - getPositionInfo
01-30 17:39:21.963  7854  7854 D MobiFace:  DEBUG - getChallenge
01-30 17:39:21.963  7854 15177 D MobiFace:  DEBUG - getChallengeInfo
01-30 17:39:21.963 15728 15728 I GeckoDump: Got analysisResult:0
01-30 17:39:21.963 15728 15728 I GeckoDump: Got analysisInfo:1
01-30 17:39:21.963 15728 15728 I GeckoDump: Got matchScore0
01-30 17:39:21.963 15728 15728 I GeckoDump: Got payload is null
01-30 17:39:21.963 15728 15728 I GeckoDump: Got bestImage is null
01-30 17:39:21.973   492 16138 E AEC_PORT: aec_port_save_update:real_gain:1.000000 linecnt:773 exp_idx:225 cur_luma:1073741824 led_est:1079027825
01-30 17:39:21.983   492 16102 E mm-camera: c2d_thread_handle_process_buf_event:190 input buf index 6
01-30 17:39:21.983   492 16102 E mm-camera: c2d_thread_handle_process_buf_event:207 input vaddr b334a000
01-30 17:39:21.983 15728 16152 D FrServiceClient:  DEBUG - tiem taken: 17.000000
01-30 17:39:21.983  7854  7854 D MobiFace:  DEBUG - frameParams: 6 640 480 720 270
01-30 17:39:21.983 15728 16152 D FrServiceClient:  DEBUG - mobiFace_pushFrame frame 0xad872000 460800
01-30 17:39:21.983 15728 16152 D FrServiceClient:  DEBUG - IdemiaFrServiceImpl::StartFaceAnalysis: FrServiceClient 460800
01-30 17:39:22.013  7854 15177 D MobiFace:  DEBUG - pushImage2: 0xb7ae69c8 0xb7ae6d60 0xb44ce008 460800 1 -1213303792 0x53cb92f7
01-30 17:39:22.033   492 16138 E AEC_PORT: aec_port_save_update:real_gain:1.000000 linecnt:773 exp_idx:225 cur_luma:-1610612736 led_est:1079027206
01-30 17:39:22.033   492 16102 E mm-camera: c2d_thread_handle_process_buf_event:190 input buf index 4
01-30 17:39:22.033   492 16102 E mm-camera: c2d_thread_handle_process_buf_event:207 input vaddr b342c000
01-30 17:39:22.083   492 16102 E mm-camera: c2d_thread_handle_process_buf_event:190 input buf index 5
01-30 17:39:22.083   492 16102 E mm-camera: c2d_thread_handle_process_buf_event:207 input vaddr b33bb000
01-30 17:39:22.083   492 16138 E AEC_PORT: aec_port_save_update:real_gain:1.000000 linecnt:773 exp_idx:225 cur_luma:536870912 led_est:1079027150
01-30 17:39:22.133   492 16138 E AEC_PORT: aec_port_save_update:real_gain:1.000000 linecnt:773 exp_idx:225 cur_luma:-1073741824 led_est:1079026867
01-30 17:39:22.133   492 16102 E mm-camera: c2d_thread_handle_process_buf_event:190 input buf index 6
01-30 17:39:22.133   492 16102 E mm-camera: c2d_thread_handle_process_buf_event:207 input vaddr b334a000
01-30 17:39:22.153  7854 15177 D MobiFace:  DEBUG - [event] trackingInfo_cb
01-30 17:39:22.153  7854 15177 D MobiFace:  DEBUG - [event] positionInstruction_cb
01-30 17:39:22.153  7854 15177 D MobiFace:  DEBUG - [event] freeImage_cb
01-30 17:39:22.153  7854 15177 D MobiFace:  DEBUG - pushImage2: 0
01-30 17:39:22.153  7854 15177 D MobiFace:  DEBUG - getPositionInfo
01-30 17:39:22.153  7854 15177 D MobiFace:  DEBUG - getChallenge
01-30 17:39:22.153  7854 15177 D MobiFace:  DEBUG - getChallengeInfo
01-30 17:39:22.153 15728 15728 I GeckoDump: Got analysisResult:0
01-30 17:39:22.153 15728 15728 I GeckoDump: Got analysisInfo:1
01-30 17:39:22.153 15728 15728 I GeckoDump: Got matchScore0
01-30 17:39:22.153 15728 15728 I GeckoDump: Got payload is null
01-30 17:39:22.153 15728 15728 I GeckoDump: Got bestImage is null
01-30 17:39:22.163 15728 16152 D FrServiceClient:  DEBUG - tiem taken: 18.000000
01-30 17:39:22.163  7854  7854 D MobiFace:  DEBUG - frameParams: 6 640 480 720 270
01-30 17:39:22.163 15728 16152 D FrServiceClient:  DEBUG - mobiFace_pushFrame frame 0xacb01000 460800
01-30 17:39:22.163 15728 16152 D FrServiceClient:  DEBUG - IdemiaFrServiceImpl::StartFaceAnalysis: FrServiceClient 460800
01-30 17:39:22.183   492 16138 E AEC_PORT: aec_port_save_update:real_gain:1.000000 linecnt:773 exp_idx:225 cur_luma:-1073741824 led_est:1079026705
01-30 17:39:22.183   492 16102 E mm-camera: c2d_thread_handle_process_buf_event:190 input buf index 4
01-30 17:39:22.183   492 16102 E mm-camera: c2d_thread_handle_process_buf_event:207 input vaddr b342c000
01-30 17:39:22.183  7854  7858 D MobiFace:  DEBUG - pushImage2: 0xb7ae69c8 0xb7ae6d60 0xb44ce008 460800 1 -1213330272 0x53ce3aa1
0