01-30 17:38:35.963   408 15759 D QCameraStateMachine: int32_t qcamera::QCameraStateMachine::procEvtPreviewStoppedState(qcamera::qcamera_sm_evt_enum_t, void*): No ops for evt(20) in state(0)
01-30 17:38:35.963   408   408 D QCamera2HWI: [KPI Perf] static int qcamera::QCamera2HardwareInterface::cancel_picture(camera_device*): X
01-30 17:38:35.973  5463  5463 D wpa_supplicant: wlan0: Control interface command 'SIGNAL_POLL'
01-30 17:38:35.983   408   408 I CameraFlashlight: Destroying camera 1
01-30 17:38:35.983   408   408 D QCamera2HWI: [KPI Perf] static int qcamera::QCamera2HardwareInterface::close_camera_device(hw_device_t*): E
01-30 17:38:35.983   408   408 D QCamera2HWI: virtual qcamera::QCamera2HardwareInterface::~QCamera2HardwareInterface(): E
01-30 17:38:35.983   408 15760 D QCamera2HWI: static void* qcamera::QCamera2HardwareInterface::defferedWorkRoutine(void*): stop data proc
01-30 17:38:35.983   408 15759 D QCameraStateMachine: static void* qcamera::QCameraStateMachine::smEvtProcRoutine(void*): X
01-30 17:38:35.983   408   408 D QCamera2HWI: int qcamera::QCamera2HardwareInterface::closeCamera(): E
01-30 17:38:35.983   408   408 E qomx_image_core: OMX_Deinit:118] Complete
01-30 17:38:35.993   408   408 E QCameraPostProc: int32_t qcamera::QCameraPostProcessor::deinit(): Jpeg closed, rc = 0, mJpegClientHandle = 1000
01-30 17:38:35.993   408   408 I Thermal-Lib: Thermal-Lib-Client: Unregisteration is successfull for handle:1
01-30 17:38:35.993   425   602 I ThermalEngine: Thermal-Server: removing client on fd 42
01-30 17:38:35.993   408   408 I Thermal-Lib: Thermal-Lib-Client: Unregisteration is successfull for handle:2
01-30 17:38:35.993  5463  5463 D wpa_supplicant: CTRL-DEBUG: global_ctrl_sock-sendto: sock=11 sndbuf=163840 outq=0 send_len=48
01-30 17:38:35.993   492 15777 D mm-camera: mct_pipeline_process_set:command=800000b
01-30 17:38:35.993   408   408 D QCamera2HWI: int qcamera::QCamera2HardwareInterface::closeCamera(): X
01-30 17:38:35.993   408   408 D QCamera2HWI: virtual qcamera::QCamera2HardwareInterface::~QCamera2HardwareInterface(): X
01-30 17:38:35.993   492   492 I mm-camera-eztune: vendor/qcom/proprietary/mm-camera/mm-camera2/server-tuning/tuning/eztune_interface.cpp(381): "Delete Server : 0xb70f23d8"
01-30 17:38:35.993   408   408 D QCamera2HWI: [KPI Perf] static int qcamera::QCamera2HardwareInterface::close_camera_device(hw_device_t*): X
01-30 17:38:35.993   492 15775 W mm-camera-sensor: vendor/qcom/proprietary/mm-camera/mm-camera2/server-tuning/tuning/mmcam_socket_utils.cpp(318): "Received event from non socket fd"
01-30 17:38:35.993   492 15775 W mm-camera-eztune: vendor/qcom/proprietary/mm-camera/mm-camera2/server-tuning/tuning/eztune_interface.cpp(72): "Stop message. Exiting server thread"
01-30 17:38:35.993   492 15775 E mm-camera-eztune: vendor/qcom/proprietary/mm-camera/mm-camera2/server-tuning/tuning/eztune_cam_adapter.cpp(667): "mct_stream_t* eztune::get_mct_stream(mct_pipeline_t*, eztune::mct_pipeline_get_stream_info_t*): no children"
01-30 17:38:35.993   492 15775 W mm-camera-eztune: vendor/qcom/proprietary/mm-camera/mm-camera2/server-tuning/tuning/eztune_cam_adapter.cpp(719): "Message send ignored as stream or stream state not valid"
01-30 17:38:35.993   492 15775 E mm-camera-eztune: vendor/qcom/proprietary/mm-camera/mm-camera2/server-tuning/tuning/eztune_cam_adapter.cpp(667): "mct_stream_t* eztune::get_mct_stream(mct_pipeline_t*, eztune::mct_pipeline_get_stream_info_t*): no children"
01-30 17:38:35.993   492 15775 W mm-camera-eztune: vendor/qcom/proprietary/mm-camera/mm-camera2/server-tuning/tuning/eztune_cam_adapter.cpp(719): "Message send ignored as stream or stream state not valid"
01-30 17:38:35.993   492 15775 E mm-camera-eztune: vendor/qcom/proprietary/mm-camera/mm-camera2/server-tuning/tuning/eztune_cam_adapter.cpp(667): "mct_stream_t* eztune::get_mct_stream(mct_pipeline_t*, eztune::mct_pipeline_get_stream_info_t*): no children"
01-30 17:38:35.993   492 15775 W mm-camera-eztune: vendor/qcom/proprietary/mm-camera/mm-camera2/server-tuning/tuning/eztune_cam_adapter.cpp(719): "Message send ignored as stream or stream state not valid"
01-30 17:38:35.993   408   408 E         : batterystats service unavailable!
01-30 17:38:35.993   408   408 I CameraService: onTorchStatusChangedLocked: Torch status changed for cameraId=0, newStatus=1
01-30 17:38:35.993   408   408 I CameraService: disconnect: Disconnected client for camera 1 for PID 15052
01-30 17:38:35.993   492   492 I mm-camera-eztune: vendor/qcom/proprietary/mm-camera/mm-camera2/server-tuning/tuning/eztune_interface.cpp(381): "Delete Server : 0xb70f3d08"
01-30 17:38:35.993   492 15776 W mm-camera-sensor: vendor/qcom/proprietary/mm-camera/mm-camera2/server-tuning/tuning/mmcam_socket_utils.cpp(318): "Received event from non socket fd"
01-30 17:38:35.993   492 15776 W mm-camera-eztune: vendor/qcom/proprietary/mm-camera/mm-camera2/server-tuning/tuning/eztune_interface.cpp(72): "Stop message. Exiting server thread"
01-30 17:38:35.993   492 15776 E mm-camera-eztune: vendor/qcom/proprietary/mm-camera/mm-camera2/server-tuning/tuning/eztune_process.cpp(445): "Process layer not initialized. just return"
01-30 17:38:35.993   408  1557 D NuPlayerDriver: reset(0xb8bfc7a0)
01-30 17:38:35.993   408  1557 D NuPlayerDriver: notifyListener_l(0xb8bfc7a0), (8, 0, 0)
01-30 17:38:35.993   408 15753 W AMessage: failed to post message as target looper for handler 0 is gone.
01-30 17:38:35.993   408 15753 D NuPlayerDriver: notifyResetComplete(0xb8bfc7a0)
01-30 17:38:36.003   492   492 D mm-camera: mct_pipeline_stop_session - E
01-30 17:38:36.003   408  1557 D NuPlayerDriver: reset(0xb8c15518)
01-30 17:38:36.003   408  1557 D NuPlayerDriver: notifyListener_l(0xb8c15518), (8, 0, 0)
01-30 17:38:36.003   408 15755 W AMessage: failed to post message as target looper for handler 0 is gone.
01-30 17:38:36.003   408 15755 D NuPlayerDriver: notifyResetComplete(0xb8c15518)
01-30 17:38:36.003   408  1557 D NuPlayerDriver: reset(0xb8c155d8)
01-30 17:38:36.003   408  1557 D NuPlayerDriver: notifyListener_l(0xb8c155d8), (8, 0, 0)
01-30 17:38:36.003   408 15757 W AMessage: failed to post message as target looper for handler 0 is gone.
01-30 17:38:36.003   408 15757 D NuPlayerDriver: notifyResetComplete(0xb8c155d8)
01-30 17:38:36.003   492 15842 D mm-camera: mct_pipeline_stop_session_thread thread_id is 15842
01-30 17:38:36.003   492 15842 D mm-camera: mct_pipeline_stop_session_thread: Stop module name: sensor - E
01-30 17:38:36.013 15052 15052 W MobiFace: [JavaScript Warning: "Expected color but found '#\30 0bcd452'.  Error in parsing value for 'background-color'.  Declaration dropped." {file: "app://2ec57ac3-eee0-41a3-9d3f-e1b3e29e617f/css/matchresult.css" line: 61 column: 22 source: "    background-color: #00bcd452;"}]
01-30 17:38:36.013   492 15843 D mm-camera: mct_pipeline_stop_session_thread thread_id is 15843
01-30 17:38:36.013   492 15843 D mm-camera: mct_pipeline_stop_session_thread: Stop module name: iface - E
01-30 17:38:36.013   492 15843 D mm-camera: mct_pipeline_stop_session_thread: Stop module name: iface - X
01-30 17:38:36.023   492 15844 D mm-camera: mct_pipeline_stop_session_thread thread_id is 15844
01-30 17:38:36.023   492 15844 D mm-camera: mct_pipeline_stop_session_thread: Stop module name: isp - E
01-30 17:38:35.1074   492 15844 I KERNEL  : [ 6661.356585] msm_isp_close_node: halt timeout rc=0
01-30 17:38:36.023   492 15842 D mm-camera: mct_pipeline_stop_session_thread: Stop module name: sensor - X
01-30 17:38:36.023   492 15774 E mm-camera: Got some events
01-30 17:38:35.1076   492 15842 I KERNEL  : [ 6661.358440] msm_camera_config_single_vreg can't disable cam_vio
01-30 17:38:35.1076   492 15842 I KERNEL  : [ 6661.358528] msm_sensor_config:1348 sensor state 0
01-30 17:38:36.023   492 15844 E         : dmlroc_deinit
01-30 17:38:36.023   492 15844 D mm-camera: mct_pipeline_stop_session_thread: Stop module name: isp - X
01-30 17:38:36.023   492 15845 D mm-camera: mct_pipeline_stop_session_thread thread_id is 15845
01-30 17:38:36.023   492 15845 D mm-camera: mct_pipeline_stop_session_thread: Stop module name: stats - E
01-30 17:38:36.033   492 15845 D mm-camera: gyro_port_deinit , Enter 
01-30 17:38:36.033   492 15845 D mm-camera: gyro_port_deinit:Deinit Gyro port
01-30 17:38:36.033   492 15845 E mm-camera: gyro_port_deinit: Error in android Deinit
01-30 17:38:36.033   492 15845 D mm-camera: gyro_port_deinit , EXIT 
01-30 17:38:36.033   492 15845 D mm-camera: mct_pipeline_stop_session_thread: Stop module name: stats - X
01-30 17:38:36.033   492 15846 D mm-camera: mct_pipeline_stop_session_thread thread_id is 15846
01-30 17:38:36.033   492 15846 D mm-camera: mct_pipeline_stop_session_thread: Stop module name: pproc - E
01-30 17:38:36.033   492 15846 D mm-camera: c2d_module_stop_session:444, info: stopping session 2 ...
01-30 17:38:36.033   492 15769 D mm-camera: c2d_thread_process_pipe_message:793, C2D_THREAD_MSG_ABORT: c2d_thread exiting..
01-30 17:38:36.033   492 15846 D mm-camera: c2d_module_stop_session:488, info: session 2 stopped.
01-30 17:38:36.043   492 15846 D mm-camera: mct_pipeline_stop_session_thread: Stop module name: pproc - X
01-30 17:38:36.043   492 15847 D mm-camera: mct_pipeline_stop_session_thread thread_id is 15847
01-30 17:38:36.043   492   492 E mm-camera: mct_pipeline_stop_session: left modules: 5
01-30 17:38:36.043   492   492 E mm-camera: mct_pipeline_stop_session: left modules: 4
01-30 17:38:36.043   492   492 E mm-camera: mct_pipeline_stop_session: left modules: 3
01-30 17:38:36.043   492   492 E mm-camera: mct_pipeline_stop_session: left modules: 2
01-30 17:38:36.043   492   492 E mm-camera: mct_pipeline_stop_session: left modules: 1
01-30 17:38:36.043   492 15847 D mm-camera: mct_pipeline_stop_session_thread: Stop module name: imglib - E
01-30 17:38:36.043   492 15847 D mm-camera: mct_pipeline_stop_session_thread: Stop module name: imglib - X
01-30 17:38:36.043   492   492 E mm-camera: mct_pipeline_stop_session: left modules: 0
01-30 17:38:36.043   492   492 D mm-camera: mct_pipeline_stop_session - X
01-30 17:38:36.283 15052 15052 I MobiFace: Content JS LOG: On Load getting called for matchresult! 
01-30 17:38:36.283 15052 15052 I MobiFace:     at <anonymous> (app://2ec57ac3-eee0-41a3-9d3f-e1b3e29e617f/js/matchresultusingtoken.js:24:5)
01-30 17:38:36.303 15052 15052 I FocusManager: -> focus is now on, NULL, tag: , id: , class: 
01-30 17:38:36.513  2227  2227 E sdcard  : missing packages.list; retrying
01-30 17:38:36.732     1     1 I KERNEL  : [ 6662.014329] init: Starting service 'updater-daemon'...
01-30 17:38:36.768     1     1 I KERNEL  : [ 6662.050648] init: Service 'updater-daemon' (pid 15852) exited with status 127
01-30 17:38:36.768     1     1 I KERNEL  : [ 6662.050721] init: Service 'updater-daemon' (pid 15852) killing any children in process group
01-30 17:38:38.273   453   453 I Gecko   : [BrowserElement] event type: keydown, key: Backspace, target: [object HTMLIFrameElement], src: app://2ec57ac3-eee0-41a3-9d3f-e1b3e29e617f/splash.html, id: browser17, class: browser
01-30 17:38:38.293 15052 15052 I Gecko   : [BrowserElement] event type: keydown, key: Backspace, target: [object HTMLBodyElement]
01-30 17:38:38.303   453   453 I GeckoConsole: Content JS LOG: [AppUsage] got an event:  active 
01-30 17:38:38.303   453   453 I GeckoConsole:     at debug (app://system.gaiamobile.org/js/app_usage_metrics.js:141:7)
01-30 17:38:38.323 15052 15052 W MobiFace: [JavaScript Warning: "Expected color but found '#\30 0bcd452'.  Error in parsing value for 'background-color'.  Declaration dropped." {file: "app://2ec57ac3-eee0-41a3-9d3f-e1b3e29e617f/css/index.css" line: 8 column: 22 source: "    background-color: #00bcd452;"}]
01-30 17:38:38.323 15052 15052 W MobiFace: [JavaScript Warning: "Expected end of value but found ':'.  Error in parsing value for 'display'.  Declaration dropped." {file: "app://2ec57ac3-eee0-41a3-9d3f-e1b3e29e617f/css/index.css" line: 53 column: 19 source: "    display: inline: block;"}]
01-30 17:38:38.413   453   453 E GeckoConsole: Content JS ERROR: Unexpected hardware key:  backspace-button-release 
01-30 17:38:38.413   453   453 E GeckoConsole:     at HardwareButtonsBaseState.prototype.process (app://system.gaiamobile.org/js/hardware_buttons.js:17:1)
01-30 17:38:38.413   453   453 E GeckoConsole:     at hb_handleEvent (app://system.gaiamobile.org/js/hardware_buttons.js:11:1)
01-30 17:38:38.413   453   453 I Gecko   : [BrowserElement] event type: keyup, key: Backspace, target: [object HTMLIFrameElement], src: app://2ec57ac3-eee0-41a3-9d3f-e1b3e29e617f/splash.html, id: browser17, class: browser
01-30 17:38:38.543 15052 15052 I Gecko   : [BrowserElement] event type: keyup, key: Backspace, target: [object HTMLBodyElement]
01-30 17:38:38.543   453   453 E GeckoConsole: Content JS ERROR: Unexpected hardware key:  backspace-button-release 
01-30 17:38:38.543   453   453 E GeckoConsole:     at HardwareButtonsBaseState.prototype.process (app://system.gaiamobile.org/js/hardware_buttons.js:17:1)
01-30 17:38:38.543   453   453 E GeckoConsole:     at hb_handleEvent (app://system.gaiamobile.org/js/hardware_buttons.js:11:1)
01-30 17:38:38.753 15052 15052 I MobiFace: Content JS LOG: On Load getting called! 
01-30 17:38:38.753 15052 15052 I MobiFace:     at <anonymous> (app://2ec57ac3-eee0-41a3-9d3f-e1b3e29e617f/js/index.js:61:5)
01-30 17:38:38.783 15052 15052 I FocusManager: -> focus is now on, NULL, tag: , id: , class: 
01-30 17:38:38.813 15052 15052 I FocusManager: << focus() called >>
01-30 17:38:38.823 15052 15052 I FocusManager:    trying to set focus on, tag: BUTTON, id: , class: move
01-30 17:38:38.823 15052 15052 I FocusManager:    current focused element, NULL, tag: , id: , class: 
01-30 17:38:38.823 15052 15052 I FocusManager: <- blur on, NULL, tag: , id: , class: 
01-30 17:38:38.823 15052 15052 I FocusManager: -> focus is now on, tag: BUTTON, id: , class: move
01-30 17:38:38.853 15052 15052 I MobiFace: Content JS LOG: File Exists, Reading the File Now /sdcard/Jio/LogsFile.txt 
01-30 17:38:38.853 15052 15052 I MobiFace:     at readFileFromSDCard/request.onsuccess (app://2ec57ac3-eee0-41a3-9d3f-e1b3e29e617f/js/util.js:65:9)
01-30 17:38:38.873 15052 15052 I MobiFace: Content JS LOG: License File Exists, Reading the File Now /sdcard/Jio/LicenseFile.txt 
01-30 17:38:38.873 15052 15052 I MobiFace:     at checkLicensePresent/request.onsuccess (app://2ec57ac3-eee0-41a3-9d3f-e1b3e29e617f/js/index.js:177:9)
01-30 17:38:38.883 15052 15052 I MobiFace: Content JS LOG: ContentFromSDCard <br /><br /> 
01-30 17:38:38.883 15052 15052 I MobiFace:     at readFileFromSDCard/request.onsuccess/< (app://2ec57ac3-eee0-41a3-9d3f-e1b3e29e617f/js/util.js:69:13)
01-30 17:38:38.893 15052 15052 I MobiFace: Content JS LOG: finalContentToWrite <br /><br /><br /><br /> 
01-30 17:38:38.893 15052 15052 I MobiFace:     at readFileFromSDCard/request.onsuccess/< (app://2ec57ac3-eee0-41a3-9d3f-e1b3e29e617f/js/util.js:84:17)
01-30 17:38:38.893   453   453 I Gecko   : DSF (parent) mtp-watcher-update: mStorageType 'sdcard' mStorageName 'sdcard' mRootDir '' mPath 'Jio/LogsFile.txt' mFile->GetPath '/data/usbmsc_mnt/Jio/LogsFile.txt'
01-30 17:38:38.893   453   453 I MozMtp  : Observe: mtp-watcher-update: file Jio/LogsFile.txt deleted
01-30 17:38:38.893   453   453 I Gecko   : DSF (parent) mtp-watcher-update: mStorageType 'sdcard' mStorageName 'sdcard' mRootDir '' mPath 'Jio/LogsFile.txt' mFile->GetPath '/data/usbmsc_mnt/Jio/LogsFile.txt'
01-30 17:38:38.893   453   453 I MozMtp  : Observe: mtp-watcher-update: file Jio/LogsFile.txt deleted
01-30 17:38:38.893   453 15609 I MozMtp  : MtpWatcherUpdate: file /data/usbmsc_mnt/Jio/LogsFile.txt deleted
01-30 17:38:38.893 15052 15052 I MobiFace: Content JS LOG: LicenseData isARAITVNDX0NPUkUEA8Rg4AEAJbqqvDGwh+zqSbiDg17muDaCFEMEy3dTqQBsdHidhXyr+MW3x5dYYsIRc+afKcac8TnSd/7mC1oomRx6WBzfK0uOy1PS+iSRuKg8EyFCvZGJjFQUlGLyW1VaD6bbwbwkJWriq5fU2p/7DuFga/BqBZ1h7syKR/dUR89UW6EjDQDnDbTPmV3yhCsOdRlqVF6HJRq+rKiJl19aVh8YTo/pMAuXjsvLtMGIow6uRxxXELzw3wI38I1gX3OFcrMhopxe8L2WRidxyN0CEW778e2q88ezTBiB7UnbMxeXetnr8PFRS6x/B35rgMXuymPr1iD7cuoaGhb3PaDeQ+rFNrQ+LQEUDE1TQ19MSVZFTkVTUwQDxGDgAQCfEJ2CeemJNSi+b93W5/RzHsFRsiGBRKUwPIfEAE/f9r/xT+SPt481+M5BJphprWf65gSL5gijXjwQQF6omHW2FHc20ouRfhrQ9zM4ySAPVZq5NmArZl1b2M4RiSeYTDk84J97SAiwggEqayT8iwG8NaQkh7WdmySZx3jf9ZScIdb4t6l+o67xQB64KoNhK5OoztbOmGw7pejIGD9I+ueht3PE1Bw7wZan0myQI+GMQ5Cp9VsW3kM8vBmKN/t4z/rfhSFnAixkAtszv+xTR+bLZHBdOZJFEZko27lLLsqDAnf0tam3ZYaR2KQ1uvGi0Y6C49ZQsiP3nXK6w+sj+Lu8AQ0FVkVSSUYEA8Rg4AEAJxFBABBn+oPXBNIhT+BnC/3dcuamjdZehysg6zkW9wg6jlPuXbK7Ck5bmlpL/lTcJhyDlsGSfQdzLnOQyGIrYNC1fvLeXqRLnQEmKA7hlwZefkkTjhzEPvt+JEhifuJ/NEeMQ8LcbVZIPJLf37POyOrkGbO53D0f1kHNqJPxw4nZis80xWyj3K1IolRbIuaYbbBS3X+Pn56MELnQOxq241JYPmdwLf11Sbu5BlSmJg2bv
01-30 17:38:38.893   453 15608 I MozMtp  : MtpWatcherUpdate: file /data/usbmsc_mnt/Jio/LogsFile.txt deleted
01-30 17:38:38.893   453 15608 I MozMtp  : MtpWatcherUpdate: About to call sendObjectRemoved Handle 0x0000001a file /data/usbmsc_mnt/Jio/LogsFile.txt
01-30 17:38:38.903 15052 15052 I MobiFace: Content JS LOG: File deleted 
01-30 17:38:38.903 15052 15052 I MobiFace:     at deleteFileFromSDCard/request.onsuccess (app://2ec57ac3-eee0-41a3-9d3f-e1b3e29e617f/js/util.js:14:9)
01-30 17:38:38.903   453   453 I Gecko   : DSF (parent) mtp-watcher-update: mStorageType 'sdcard' mStorageName 'sdcard' mRootDir '' mPath 'Jio/LogsFile.txt' mFile->GetPath '/data/usbmsc_mnt/Jio/LogsFile.txt'
01-30 17:38:38.903   453   453 I MozMtp  : Observe: mtp-watcher-update: file Jio/LogsFile.txt modified
01-30 17:38:38.903   453   453 I Gecko   : DSF (parent) mtp-watcher-update: mStorageType 'sdcard' mStorageName 'sdcard' mRootDir '' mPath 'Jio/LogsFile.txt' mFile->GetPath '/data/usbmsc_mnt/Jio/LogsFile.txt'
01-30 17:38:38.903   453   453 I MozMtp  : Observe: mtp-watcher-update: file Jio/LogsFile.txt modified
01-30 17:38:38.903   453 15608 I MozMtp  : MtpWatcherUpdate: file /data/usbmsc_mnt/Jio/LogsFile.txt modified
01-30 17:38:38.903   453 15608 I MozMtp  : CreateEntryForFileAndNotify: About to call sendObjectAdded Handle 0x0000001c file /data/usbmsc_mnt/Jio/LogsFile.txt
01-30 17:38:38.903   453 15609 I MozMtp  : MtpWatcherUpdate: file /data/usbmsc_mnt/Jio/LogsFile.txt modified
01-30 17:38:38.903   453 13560 I MozMtp  : getObjectInfo: Handle: 0x0000001c Display:'LogsFile.txt' Object:'LogsFile.txt'
01-30 17:38:38.903   453 13560 I MozMtp  : getObjectInfo: aInfo.mDateCreated = 1580386118 entry->mDateCreated = 1580386118
01-30 17:38:38.903   453 13560 I MozMtp  : getObjectInfo: aInfo.mDateModified = 1580386118 entry->mDateModified = 1580386118
01-30 17:38:38.903 15052 15052 I MobiFace: Content JS LOG: File/sdcard/Jio/LogsFile.txt" successfully wrote on the sdcard storage area 
01-30 17:38:38.903 15052 15052 I MobiFace:     at writeFileToSDCard/request.onsuccess (app://2ec57ac3-eee0-41a3-9d3f-e1b3e29e617f/js/util.js:49:9)
01-30 17:38:38.903   453 13560 I MozMtp  : getSupportedObjectProperties: 
01-30 17:38:38.913   453 13560 I MozMtp  : getObjectPropertyValue: Handle: 0x0000001c 'LogsFile.txt' Property: MTP_PROPERTY_OBJECT_SIZE 0x0000dc04
01-30 17:38:38.973  5463  5463 D wpa_supplicant: wlan0: Control interface command 'SIGNAL_POLL'
01-30 17:38:38.973   425   558 D ThermalEngine: sensor_wait: case_therm Wait done.
01-30 17:38:38.973   425   558 D ThermalEngine: sensor_monitor: case_therm Reading 33000 .
01-30 17:38:38.973   425   558 I ThermalEngine: Sensor:case_therm:33000 mC
01-30 17:38:38.973   425   558 D ThermalEngine: update_active_thresh: case_therm Active(1), Hi(1) 40000, Lo(0) -2147483648, Interval(1) 5000
01-30 17:38:38.973   425   558 D ThermalEngine: sensor_monitor: case_therm Sensor wait.
01-30 17:38:38.973   425   558 D ThermalEngine: sensor_wait: case_therm Wait start. 5000ms
01-30 17:38:38.993  5463  5463 D wpa_supplicant: CTRL-DEBUG: global_ctrl_sock-sendto: sock=11 sndbuf=163840 outq=0 send_len=48
01-30 17:38:39.513  2227  2227 E sdcard  : missing packages.list; retrying
01-30 17:38:40.043   453   453 I Gecko   : [BrowserElement] event type: keydown, key: Backspace, target: [object HTMLIFrameElement], src: app://2ec57ac3-eee0-41a3-9d3f-e1b3e29e617f/splash.html, id: browser17, class: browser
01-30 17:38:40.053 15052 15052 I Gecko   : [BrowserElement] event type: keydown, key: Backspace, target: [object HTMLButtonElement], class: move
01-30 17:38:40.223   453   453 I Gecko   : [BrowserElement] event type: keyup, key: Backspace, target: [object HTMLIFrameElement], src: app://2ec57ac3-eee0-41a3-9d3f-e1b3e29e617f/splash.html, id: browser17, class: browser
01-30 17:38:40.223 15052 15052 I Gecko   : [BrowserElement] event type: keyup, key: Backspace, target: [object HTMLButtonElement], class: move
01-30 17:38:40.253   453   453 E GeckoConsole: Content JS ERROR: Unexpected hardware key:  backspace-button-release 
01-30 17:38:40.253   453   453 E GeckoConsole:     at HardwareButtonsBaseState.prototype.process (app://system.gaiamobile.org/js/hardware_buttons.js:17:1)
01-30 17:38:40.253   453   453 E GeckoConsole:     at hb_handleEvent (app://system.gaiamobile.org/js/hardware_buttons.js:11:1)
01-30 17:38:40.772     1     1 I KERNEL  : [ 6666.054088] init: Starting service 'updater-daemon'...
01-30 17:38:40.803     1     1 I KERNEL  : [ 6666.085988] init: Service 'updater-daemon' (pid 15870) exited with status 127
01-30 17:38:40.803     1     1 I KERNEL  : [ 6666.086063] init: Service 'updater-daemon' (pid 15870) killing any children in process group
01-30 17:38:40.853 15052 15052 I FocusManager: <- blur on, NULL, tag: , id: , class: 
01-30 17:38:40.883   453   453 I FocusManager: << focus() called >>
01-30 17:38:40.883   453   453 I FocusManager:    trying to set focus on, tag: IFRAME, id: browser0, class: browser
01-30 17:38:40.903   453   453 I FocusManager:    current focused element, NULL, tag: , id: , class: 
01-30 17:38:40.903   453   453 I FocusManager: <- blur on, NULL, tag: , id: , class: 
01-30 17:38:40.903   453   453 I FocusManager: -> focus is now on, tag: IFRAME, id: browser0, class: browser
01-30 17:38:40.903  5027  5027 I FocusManager: * WindowRaised *
01-30 17:38:40.903  5027  5027 I FocusManager: -> focus is now on, tag: DIV, id: , class: app focusable
01-30 17:38:40.923   453   453 I GeckoConsole: Content JS LOG: [AppUsage] got an event:  homescreenopened 
01-30 17:38:40.923   453   453 I GeckoConsole:     at debug (app://system.gaiamobile.org/js/app_usage_metrics.js:141:7)
