01-30 17:41:02.703   408  1557 W AudioFlinger: acquireAudioSessionId() unknown client 15728 for session 62
01-30 17:41:02.703   408 16669 E FileSource: Failed to open file '/system/media/audio/ui/camera_click.ogg'. (No such file or directory)
01-30 17:41:02.703   408 16669 E GenericSource: Failed to create data source!
01-30 17:41:02.703   408 16668 D NuPlayerDriver: notifyListener_l(0xb8c163c0), (100, 1, -2147483648)
01-30 17:41:02.713   408 16668 E MediaPlayer: error (1, -2147483648)
01-30 17:41:02.713   408  1557 W AudioFlinger: acquireAudioSessionId() unknown client 15728 for session 63
01-30 17:41:02.713   408 16671 E FileSource: Failed to open file '/system/media/audio/ui/VideoRecord.ogg'. (No such file or directory)
01-30 17:41:02.713   408 16671 E GenericSource: Failed to create data source!
01-30 17:41:02.713   408 16670 D NuPlayerDriver: notifyListener_l(0xb8bf8920), (100, 1, -2147483648)
01-30 17:41:02.713   408 16670 E MediaPlayer: error (1, -2147483648)
01-30 17:41:02.713   408  1557 W AudioFlinger: acquireAudioSessionId() unknown client 15728 for session 64
01-30 17:41:02.723   408 16673 E FileSource: Failed to open file '/system/media/audio/ui/VideoStop.ogg'. (No such file or directory)
01-30 17:41:02.723   408 16673 E GenericSource: Failed to create data source!
01-30 17:41:02.723   408 16672 D NuPlayerDriver: notifyListener_l(0xb8c24f88), (100, 1, -2147483648)
01-30 17:41:02.723   408 16672 E MediaPlayer: error (1, -2147483648)
01-30 17:41:02.723   408  1557 I CameraClient: Opening camera 1
01-30 17:41:02.723   408  1557 I QCamera2HWI: static void qcamera::QCamera2HardwareInterface::getLogLevel() gCamHalLogLevel=1
01-30 17:41:02.733   408  1557 D QCamera2HWI: [KPI Perf] int qcamera::QCamera2HardwareInterface::openCamera(hw_device_t**): E PROFILE_OPEN_CAMERA camera id 1
01-30 17:41:02.733   408  1557 E mm-camera-intf: mm_camera_open: dev name = /dev/video2, cam_idx = 2
01-30 17:41:02.733   492   492 E mm-camera: isp_util_gen_hws_caps: integrating kernel vfe is pending
01-30 17:41:02.782   408  1557 I KERNEL  : 
01-30 17:41:02.782   408  1557 I KERNEL  : [ 6808.064635] msm_pm_qos_update_request: update request 100
01-30 17:41:02.786   492   492 I KERNEL  : [ 6808.068223] msm_isp_close_node: halt timeout rc=0
01-30 17:41:02.733   492   492 E mm-camera: isp_tintless_create: using BG stats for tintless!, isp version = 20
01-30 17:41:02.733   492   492 D mm-camera: isp_tintless_open_version: E: 32
01-30 17:41:02.733   492   492 E mm-camera: c2d_module_init:33 name=c2d
01-30 17:41:02.733   492   492 D mm-camera: c2d_module_init:74: info: C2D module_init successful
01-30 17:41:02.743   408 16674 D QCameraStateMachine: static void* qcamera::QCameraStateMachine::smEvtProcRoutine(void*): E
01-30 17:41:02.743   408 16675 D QCamera2HWI: static void* qcamera::QCamera2HardwareInterface::defferedWorkRoutine(void*): start data proc
01-30 17:41:02.743   492   492 E mm-camera-img: module_imglib_create_topology:649] Can not init the module imglib_chroma_flash
01-30 17:41:02.753   492   492 E mm-camera-img: module_imglib_create_topology:649] Can not init the module imglib_optizoom
01-30 17:41:02.753   492   492 E mm-camera-img: module_imglib_create_topology:649] Can not init the module imglib_ubifocus
01-30 17:41:02.753   492   492 E mm-camera-img: module_imglib_create_topology:649] Can not init the module imglib_trueportrait
01-30 17:41:02.753   492   492 E mm-camera-img: module_imglib_create_topology:649] Can not init the module imglib_fssr
01-30 17:41:02.753   492   492 E mm-camera-img: module_imglib_create_topology:649] Can not init the module imglib_multitouchfocus
01-30 17:41:02.753   492   492 E mm-camera-img: frameproc_comp_load:831] Error opening frameproc library libmmcamera_ubifocus_lib.so
01-30 17:41:02.753   492   492 E mm-camera: module_imgbase_init_imglib_refocus:1442] Error rc -6
01-30 17:41:02.753   492   492 E mm-camera-img: module_imglib_create_topology:649] Can not init the module imglib_refocus
01-30 17:41:02.753   492 16676 D mm-camera: mct_pipeline_start_session_thread thread_id is 16676
01-30 17:41:02.809   492 16676 I KERNEL  : [ 6808.091328] msm_csid_init: CSID_VERSION = 0x30010000
01-30 17:41:02.753   492 16677 D mm-camera: mct_pipeline_start_session_thread thread_id is 16677
01-30 17:41:02.810   492 16676 I KERNEL  : [ 6808.093003]  msm_csid_init: Failed in getting TOP gdscr regulator handle
01-30 17:41:02.763   492 16678 D mm-camera: mct_pipeline_start_session_thread thread_id is 16678
01-30 17:41:02.763   492 16678 D mm-camera: isp_tintless_open: E: b6e4ff85
01-30 17:41:02.763   492 16679 D mm-camera: mct_pipeline_start_session_thread thread_id is 16679
01-30 17:41:02.763   492 16678 E         : dmlroc_get_version
01-30 17:41:02.763   492 16678 E mm-camera: isp_tintless_bg_pca_get_version: lib returned version 2.53 err=0
01-30 17:41:02.822   492 16676 I KERNEL  : 
01-30 17:41:02.822   492 16676 I KERNEL  : [ 6808.104653] ------------[ cut here ]------------
01-30 17:41:02.822   492 16676 I KERNEL  : [ 6808.104726] WARNING: at /home/mars/workspace/crm/bb/msm8905/LINUX/android/kernel/fs/sysfs/dir.c:530 sysfs_add_one+0x7c/0x9c()
01-30 17:41:02.822   492 16676 I KERNEL  : [ 6808.104738] sysfs: cannot create duplicate filename '/devices/soc.0/qcom,rpm-smd.37/rpm-regulator-ldoa6.84/regulator-l6.108/regulator/regulator.13/3-0001-cam_vio'
01-30 17:41:02.822   492 16676 I KERNEL  : [ 6808.104755] Modules linked in:
01-30 17:41:02.822   492 16676 I KERNEL  :  wlan(O)
01-30 17:41:02.822   492 16676 I KERNEL  :  core_ctl(PO)
01-30 17:41:02.822   492 16676 I KERNEL  : 
01-30 17:41:02.822   492 16676 I KERNEL  : [ 6808.104785] CPU: 1 PID: 16676 Comm: mct_pipe_start Tainted: P        W  O 3.10.49 #1
01-30 17:41:02.822   492 16676 I KERNEL  : [ 6808.104814] [<c0013460>] (unwind_backtrace+0x0/0xe0) from [<c00111b8>] (show_stack+0x10/0x14)
01-30 17:41:02.822   492 16676 I KERNEL  : [ 6808.104835] [<c00111b8>] (show_stack+0x10/0x14) from [<c0020ce0>] (warn_slowpath_common+0x4c/0x6c)
01-30 17:41:02.822   492 16676 I KERNEL  : [ 6808.104855] [<c0020ce0>] (warn_slowpath_common+0x4c/0x6c) from [<c0020d2c>] (warn_slowpath_fmt+0x2c/0x3c)
01-30 17:41:02.822   492 16676 I KERNEL  : [ 6808.104876] [<c0020d2c>] (warn_slowpath_fmt+0x2c/0x3c) from [<c014ac90>] (sysfs_add_one+0x7c/0x9c)
01-30 17:41:02.822   492 16676 I KERNEL  : [ 6808.104898] [<c014ac90>] (sysfs_add_one+0x7c/0x9c) from [<c014b574>] (sysfs_do_create_link_sd+0xfc/0x1cc)
01-30 17:41:02.822   492 16676 I KERNEL  : [ 6808.104925] [<c014b574>] (sysfs_do_create_link_sd+0xfc/0x1cc) from [<c02f4728>] (create_regulator+0xb8/0x210)
01-30 17:41:02.822   492 16676 I KERNEL  : [ 6808.104949] [<c02f4728>] (create_regulator+0xb8/0x210) from [<c02f4948>] (_regulator_get+0xc8/0x13c)
01-30 17:41:02.822   492 16676 I KERNEL  : [ 6808.104970] [<c02f4948>] (_regulator_get+0xc8/0x13c) from [<c04dbaf8>] (msm_camera_config_single_vreg+0x74/0x20c)
01-30 17:41:02.822   492 16676 I KERNEL  : [ 6808.104992] [<c04dbaf8>] (msm_camera_config_single_vreg+0x74/0x20c) from [<c04e044c>] (msm_camera_power_up+0x290/0x5c8)
01-30 17:41:02.822   492 16676 I KERNEL  : [ 6808.105012] [<c04e044c>] (msm_camera_power_up+0x290/0x5c8) from [<c04ed294>] (msm_sensor_power_up+0x120/0x14c)
01-30 17:41:02.822   492 16676 I KERNEL  : [ 6808.105030] [<c04ed294>] (msm_sensor_power_up+0x120/0x14c) from [<c04ecdec>] (msm_sensor_config+0x670/0x8cc)
01-30 17:41:02.822   492 16676 I KERNEL  : [ 6808.105047] [<c04ecdec>] (msm_sensor_config+0x670/0x8cc) from [<c04ec688>] (msm_sensor_subdev_ioctl+0x88/0xfc)
01-30 17:41:02.822   492 16676 I KERNEL  : [ 6808.105069] [<c04ec688>] (msm_sensor_subdev_ioctl+0x88/0xfc) from [<c04904bc>] (subdev_do_ioctl+0x6c8/0x72c)
01-30 17:41:02.823   492 16676 I KERNEL  : [ 6808.105093] [<c04904bc>] (subdev_do_ioctl+0x6c8/0x72c) from [<c048980c>] (video_usercopy+0x2b8/0x40c)
01-30 17:41:02.823   492 16676 I KERNEL  : [ 6808.105122] [<c048980c>] (video_usercopy+0x2b8/0x40c) from [<c04852e8>] (v4l2_ioctl+0x60/0x124)
01-30 17:41:02.823   492 16676 I KERNEL  : [ 6808.105143] [<c04852e8>] (v4l2_ioctl+0x60/0x124) from [<c010509c>] (vfs_ioctl+0x28/0x3c)
01-30 17:41:02.823   492 16676 I KERNEL  : [ 6808.105163] [<c010509c>] (vfs_ioctl+0x28/0x3c) from [<c0105b18>] (do_vfs_ioctl+0x4c0/0x570)
01-30 17:41:02.823   492 16676 I KERNEL  : [ 6808.105224] [<c0105b18>] (do_vfs_ioctl+0x4c0/0x570) from [<c0105c14>] (SyS_ioctl+0x4c/0x78)
01-30 17:41:02.823   492 16676 I KERNEL  : [ 6808.105250] [<c0105c14>] (SyS_ioctl+0x4c/0x78) from [<c000d7a0>] (ret_fast_syscall+0x0/0x30)
01-30 17:41:02.823   492 16676 I KERNEL  : [ 6808.105264] ---[ end trace da227214a82491df ]---
01-30 17:41:02.823   492 16676 I KERNEL  : [ 6808.105296] pm8909_l6: could not add device link 3-0001 err -17
01-30 17:41:02.823   492 16676 I KERNEL  : [ 6808.105323] pm8909_l6: Failed to create debugfs directory
01-30 17:41:02.783   492 16679 E mm-camera-CORE: af_init: updated HAF func table
01-30 17:41:02.783   492 16682 D mm-camera: isp_thread_session_task thread_id is 16682
01-30 17:41:02.783   492 16680 D mm-camera: mct_pipeline_start_session_thread thread_id is 16680
01-30 17:41:02.783   492 16680 D mm-camera: c2d_module_start_session:350, info: starting session 2
01-30 17:41:02.783   492 16681 D mm-camera: isp_tintless_main_loop thread_id is 16681
01-30 17:41:02.783   492 16679 D mm-camera: gyro_port_init , Enter 
01-30 17:41:02.783   492 16679 D mm-camera: gyro_port_init , EXIT 
01-30 17:41:02.840   492 16676 I KERNEL  : [ 6808.122334] msm_sensor_config:1321 sensor state 1
01-30 17:41:02.793   492 16684 D mm-camera: c2d_thread_func:45: c2d_thread entering the polling loop... thread_id is 16684
01-30 17:41:02.793   492 16683 D mm-camera: mct_pipeline_start_session_thread thread_id is 16683
01-30 17:41:02.793   492 16683 E mm-camera-img: module_imglib_start_session:1446 ###Img_Loglevel 0
01-30 17:41:02.793   492 16680 D mm-camera: c2d_module_start_session:428, info: session 2 started.
01-30 17:41:02.813   492   492 E mm-camera-sensor: module_sensor_query_mod:4161 led flash is not supported for this sensor.
01-30 17:41:02.843   492   492 I mm-camera-eztune: vendor/qcom/proprietary/mm-camera/mm-camera2/server-tuning/tuning/eztune_interface.cpp(367): "Create Server : 0xb70fd9b8"
01-30 17:41:02.843   492   492 I mm-camera-eztune: vendor/qcom/proprietary/mm-camera/mm-camera2/server-tuning/tuning/eztune_interface.cpp(367): "Create Server : 0xb70ff2e8"
01-30 17:41:02.853   492 16688 I mm-camera-eztune: vendor/qcom/proprietary/mm-camera/mm-camera2/server-tuning/tuning/eztune_process.cpp(300): "int eztune::ProcessLayer::GetItemBinarySize() Item Binary Size: 0"
01-30 17:41:02.853   492 16688 W mm-camera-eztune: vendor/qcom/proprietary/mm-camera/mm-camera2/server-tuning/tuning/eztune_process.cpp(388): "No dump file present"
01-30 17:41:02.853   492 16690 D mm-camera: mct_controller_thread_run thread_id is 16690
01-30 17:41:02.853   408  1557 E mm-camera-intf: mm_camera_open:  opened, break out while loop
01-30 17:41:02.902   408  1557 I KERNEL  : [ 6808.184920] msm_pm_qos_update_request: update request -1
01-30 17:41:02.853   492 16689 I mm-camera-eztune: vendor/qcom/proprietary/mm-camera/mm-camera2/server-tuning/tuning/eztune_interface.cpp(62): "Server: Waiting on new connection...\n"
01-30 17:41:02.853   408  1557 D QCamera2HWI: int qcamera::QCamera2HardwareInterface::openCamera(): enable_4k2k is 0
01-30 17:41:02.853   408  1557 D mm-jpeg-intf: jpeg_open gMmCameraJpegLogLevel=1
01-30 17:41:02.853   408  1557 E qomx_image_core: OMX_Init:94] Complete 2
01-30 17:41:02.853   408  1557 D QCameraHWI_Mem: void qcamera::QCameraMemory::traceLogAllocStart(size_t, int, const char*) : alloc E count=1 size=1048576
01-30 17:41:02.853   408  1557 E QCameraHWI_Mem: void qcamera::QCameraMemory::traceLogAllocStart(size_t, int, const char*):HeapMemsize 1048576
01-30 17:41:02.853   408  1557 D QCameraHWI_Mem: void qcamera::QCameraMemory::traceLogAllocStart(size_t, int, const char*) : alloc E count=1 size=1048576
01-30 17:41:02.853   408  1557 E QCameraHWI_Mem: void qcamera::QCameraMemory::traceLogAllocStart(size_t, int, const char*):Memsize 1048576
01-30 17:41:02.853   408  1557 D QCameraHWI_Mem: int qcamera::QCameraMemory::alloc(int, size_t, unsigned int) : No memory pool available and So allocate new buffer
01-30 17:41:02.863   408  1557 D QCameraHWI_Mem: static int qcamera::QCameraMemory::allocOneBuffer(qcamera::QCameraMemory::QCameraMemInfo&, unsigned int, size_t, bool) : ION buffer 1 with size 1048576 allocated
01-30 17:41:02.863   408  1557 D QCameraHWI_Mem:  void qcamera::QCameraMemory::traceLogAllocEnd(size_t) : X
01-30 17:41:02.863   408  1557 E QCameraHWI_Mem: void qcamera::QCameraMemory::traceLogAllocEnd(size_t) 1048576
01-30 17:41:02.863   408  1557 D QCameraHWI_Mem:  void qcamera::QCameraMemory::traceLogAllocEnd(size_t) : X
01-30 17:41:02.863   408  1557 E QCameraHWI_Mem: void qcamera::QCameraMemory::traceLogAllocEnd(size_t) 1048576
01-30 17:41:02.863   408  1557 D QCameraParameters: int32_t qcamera::QCameraParameters::initDefaultParameters(): supported preview sizes: 640x480,576x432,480x360,384x288,352x288,320x240,240x320,240x160,176x144,144x176,160x120
01-30 17:41:02.863   408  1557 D QCameraParameters: int32_t qcamera::QCameraParameters::initDefaultParameters(): supported video sizes: 640x480,480x360,352x288,320x240,240x320,176x144,144x176,160x120
01-30 17:41:02.863   408  1557 D QCameraParameters: int32_t qcamera::QCameraParameters::initDefaultParameters(): supported pic sizes: 640x480,352x288,320x240,176x144,160x120
01-30 17:41:02.863   408  1557 D QCameraParameters: int32_t qcamera::QCameraParameters::initDefaultParameters(): supported fps ranges: (15000,15000),(24000,24000),(8000,30000),(30000,30000)
01-30 17:41:02.863   408  1557 D QCameraParameters: int32_t qcamera::QCameraParameters::setPreviewFpsRange(int, int, int, int): Updated: minFps = 8000, maxFps = 30000 , vid minFps = 8000, vid maxFps = 30000
01-30 17:41:02.863   408  1557 D QCamera2HWI: int qcamera::QCamera2HardwareInterface::calcThermalLevel(qcamera::qcamera_thermal_level_enum_t, int, int, cam_fps_range_t&, msm_vfe_frame_skip_pattern&): level: 0, preview minfps 8000.000000, preview maxfpS 30000.000000, video minfps 8000.000000, video maxfpS 30000.000000
01-30 17:41:02.863   408  1557 D QCamera2HWI: int qcamera::QCamera2HardwareInterface::calcThermalLevel(qcamera::qcamera_thermal_level_enum_t, int, int, cam_fps_range_t&, msm_vfe_frame_skip_pattern&): Thermal level 0, FPS [8.00,30.00, 8.00,30.00], frameskip 0
01-30 17:41:02.863   408  1557 D QCameraParameters: int32_t qcamera::QCameraParameters::setPreviewFpsRange(int, int, int, int): Thermal adjusted Preview fps range 8.00,30.00, 8.00, 30.00
01-30 17:41:02.863   408  1557 D QCameraParameters: int32_t qcamera::QCameraParameters::initDefaultParameters(): supported fps rates: 8,9,10,11,12,13,14,15,16,17,18,19,20,21,22,23,24,25,26,27,28,29,30
01-30 17:41:02.863   408  1557 D QCameraParameters: int32_t qcamera::QCameraParameters::setFocusMode(const char*): Setting focus mode fixed
01-30 17:41:02.863   408  1557 D QCameraParameters: int32_t qcamera::QCameraParameters::setWhiteBalance(const char*): Setting WhiteBalance value auto
01-30 17:41:02.863   408  1557 E QCameraParameters: int32_t qcamera::QCameraParameters::initDefaultParameters(): supported flash modes cnt is 0!!!
01-30 17:41:02.863   408  1557 D QCameraParameters: int32_t qcamera::QCameraParameters::setSceneMode(const char*): Setting SceneMode auto
01-30 17:41:02.863   408  1557 D QCameraParameters: int32_t qcamera::QCameraParameters::setISOValue(const char*): Setting ISO value auto
01-30 17:41:02.863   408  1557 D QCameraParameters: int32_t qcamera::QCameraParameters::initDefaultParameters(), Exposure time min 0.000000 ms, max 0.000000 ms
01-30 17:41:02.863   408  1557 D QCameraParameters: int32_t qcamera::QCameraParameters::initDefaultParameters(), ISO min 0, max 0
01-30 17:41:02.863   408  1557 D QCameraParameters: int32_t qcamera::QCameraParameters::setAEBracket(const char*), EXP_BRACKETING_OFF
01-30 17:41:02.863   408  1557 D QCameraParameters: int32_t qcamera::QCameraParameters::setDISValue(const char*): Setting DIS value disable
01-30 17:41:02.863   408  1557 D QCameraParameters: int32_t qcamera::QCameraParameters::initDefaultParameters(): totalram = 425230336, freeram = 104198144 
01-30 17:41:02.863   408  1557 D QCameraParameters: int32_t qcamera::QCameraParameters::setLowPowerMode(const char*): Setting normal Power mode
01-30 17:41:02.863   492 16690 D mm-camera: mct_pipeline_process_set:command=800000e
01-30 17:41:02.863   408  1557 D QCameraParameters: int32_t qcamera::QCameraParameters::setNumOfSnapshot(): nBurstNum = 1, nExpnum = 1
01-30 17:41:02.863   408  1557 I Thermal-Lib: Thermal-Lib-Client: Registraion successful for camera with handle:1
01-30 17:41:02.863   408  1557 I Thermal-Lib: Thermal-Lib-Client: Registraion successful for camcorder with handle:2
01-30 17:41:02.863   408 16674 D QCamera2HWI: int qcamera::QCamera2HardwareInterface::enableMsgType(int32_t) (0xc0d) : mMsgEnabled = 0xc0d
01-30 17:41:02.873   425   602 I ThermalEngine: Thermal-Server: Adding thermal event listener on fd 42
01-30 17:41:02.873   408 16697 I Thermal-Lib: Thermal-Lib-Client: Client received msg camera 0
01-30 17:41:02.873   408 16674 D QCamera2HWI: int qcamera::QCamera2HardwareInterface::calcThermalLevel(qcamera::qcamera_thermal_level_enum_t, int, int, cam_fps_range_t&, msm_vfe_frame_skip_pattern&): level: 0, preview minfps 8000.000000, preview maxfpS 30000.000000, video minfps 8000.000000, video maxfpS 30000.000000
01-30 17:41:02.873   408 16674 D QCamera2HWI: int qcamera::QCamera2HardwareInterface::calcThermalLevel(qcamera::qcamera_thermal_level_enum_t, int, int, cam_fps_range_t&, msm_vfe_frame_skip_pattern&): Thermal level 0, FPS [8.00,30.00, 8.00,30.00], frameskip 0
01-30 17:41:02.873   492 16690 D mm-camera: mct_pipeline_process_set:command=800000e
01-30 17:41:02.873   408 16697 I Thermal-Lib: Thermal-Lib-Client: Client received msg camcorder 0
01-30 17:41:02.873   408 16674 D QCamera2HWI: int qcamera::QCamera2HardwareInterface::calcThermalLevel(qcamera::qcamera_thermal_level_enum_t, int, int, cam_fps_range_t&, msm_vfe_frame_skip_pattern&): level: 0, preview minfps 8000.000000, preview maxfpS 30000.000000, video minfps 8000.000000, video maxfpS 30000.000000
01-30 17:41:02.873   408 16674 D QCamera2HWI: int qcamera::QCamera2HardwareInterface::calcThermalLevel(qcamera::qcamera_thermal_level_enum_t, int, int, cam_fps_range_t&, msm_vfe_frame_skip_pattern&): Thermal level 0, FPS [8.00,30.00, 8.00,30.00], frameskip 0
01-30 17:41:02.873   492 16690 D mm-camera: mct_pipeline_process_set:command=800000e
01-30 17:41:02.873   408  1557 E         : batterystats service unavailable!
01-30 17:41:02.873 15728 15924 D GonkNativeWindow: setNewFrameCallback
01-30 17:41:02.883   408 16674 D QCameraParameters: int32_t qcamera::QCameraParameters::setPreviewSize(const qcamera::QCameraParameters&): Requested preview size 640 x 480
01-30 17:41:02.883   408 16674 D QCameraParameters: int32_t qcamera::QCameraParameters::setVideoSize(const qcamera::QCameraParameters&): Requested video size 640 x 480
01-30 17:41:02.883   408 16674 D QCameraParameters: int32_t qcamera::QCameraParameters::setPictureSize(const qcamera::QCameraParameters&): Requested picture size 160 x 120
01-30 17:41:02.883   408 16674 D QCameraParameters: void qcamera::QCameraParameters::updateViewAngles(): Final horizViewAngle 54.799999, vertViewAngle 42.500000
01-30 17:41:02.883   408 16674 D QCameraParameters: Param m_bNoDisplayMode = 0
01-30 17:41:02.883   408 16674 D QCameraParameters: int32_t qcamera::QCameraParameters::setPreviewFpsRange(const qcamera::QCameraParameters&): FpsRange Values:(8000, 30000)
01-30 17:41:02.883   408 16674 D QCameraParameters: int32_t qcamera::QCameraParameters::setPreviewFpsRange(const qcamera::QCameraParameters&): Requested FpsRange Values:(8000, 30000)
01-30 17:41:02.883   408 16674 D QCameraParameters: HFR mode is OFF
01-30 17:41:02.883   408 16674 D QCameraParameters: int32_t qcamera::QCameraParameters::setFssr(const qcamera::QCameraParameters&): FSSR is not supported
01-30 17:41:02.883   408 16674 D QCameraParameters: int32_t qcamera::QCameraParameters::setMultiTouchFocus(const qcamera::QCameraParameters&): multi-touch focus is not supported
01-30 17:41:02.883   492 16690 D mm-camera: mct_pipeline_process_set:command=800000e
01-30 17:41:02.883   408 16674 D QCameraParameters: int32_t qcamera::QCameraParameters::setNumOfSnapshot(): nBurstNum = 1, nExpnum = 1
01-30 17:41:02.893   408 16674 D QCameraParameters: int32_t qcamera::QCameraParameters::setPreviewSize(const qcamera::QCameraParameters&): Requested preview size 640 x 480
01-30 17:41:02.893   408 16674 D QCameraParameters: int32_t qcamera::QCameraParameters::setVideoSize(const qcamera::QCameraParameters&): Requested video size 640 x 480
01-30 17:41:02.893   408 16674 D QCameraParameters: int32_t qcamera::QCameraParameters::setPictureSize(const qcamera::QCameraParameters&): Requested picture size 160 x 120
01-30 17:41:02.893   408 16674 D QCameraParameters: void qcamera::QCameraParameters::updateViewAngles(): Final horizViewAngle 54.799999, vertViewAngle 42.500000
01-30 17:41:02.893   408 16674 D QCameraParameters: Param m_bNoDisplayMode = 0
01-30 17:41:02.893   408 16674 D QCameraParameters: int32_t qcamera::QCameraParameters::setPreviewFpsRange(const qcamera::QCameraParameters&): FpsRange Values:(8000, 30000)
01-30 17:41:02.893   408 16674 D QCameraParameters: int32_t qcamera::QCameraParameters::setPreviewFpsRange(const qcamera::QCameraParameters&): Requested FpsRange Values:(8000, 30000)
01-30 17:41:02.893   408 16674 D QCameraParameters: HFR mode is OFF
01-30 17:41:02.893   408 16674 D QCameraParameters: int32_t qcamera::QCameraParameters::setFssr(const qcamera::QCameraParameters&): FSSR is not supported
01-30 17:41:02.893   408 16674 D QCameraParameters: int32_t qcamera::QCameraParameters::setMultiTouchFocus(const qcamera::QCameraParameters&): multi-touch focus is not supported
01-30 17:41:02.893   492 16690 D mm-camera: mct_pipeline_process_set:command=800000e
01-30 17:41:02.893   408 16674 D QCameraParameters: int32_t qcamera::QCameraParameters::setNumOfSnapshot(): nBurstNum = 1, nExpnum = 1
01-30 17:41:02.893   408 16674 D QCameraParameters: int32_t qcamera::QCameraParameters::setPreviewSize(const qcamera::QCameraParameters&): Requested preview size 320 x 240
01-30 17:41:02.893   408 16674 D QCameraParameters: int32_t qcamera::QCameraParameters::setVideoSize(const qcamera::QCameraParameters&): Requested video size 640 x 480
01-30 17:41:02.893   408 16674 D QCameraParameters: int32_t qcamera::QCameraParameters::setPictureSize(const qcamera::QCameraParameters&): Requested picture size 640 x 480
01-30 17:41:02.893   408 16674 D QCameraParameters: void qcamera::QCameraParameters::updateViewAngles(): Final horizViewAngle 54.799999, vertViewAngle 42.500000
01-30 17:41:02.893   408 16674 D QCameraParameters: Param m_bNoDisplayMode = 0
01-30 17:41:02.893   408 16674 D QCameraParameters: int32_t qcamera::QCameraParameters::setPreviewFpsRange(const qcamera::QCameraParameters&): FpsRange Values:(8000, 30000)
01-30 17:41:02.893   408 16674 D QCameraParameters: int32_t qcamera::QCameraParameters::setPreviewFpsRange(const qcamera::QCameraParameters&): Requested FpsRange Values:(8000, 30000)
01-30 17:41:02.893   408 16674 D QCameraParameters: HFR mode is OFF
01-30 17:41:02.893   408 16674 D QCameraParameters: int32_t qcamera::QCameraParameters::setFssr(const qcamera::QCameraParameters&): FSSR is not supported
01-30 17:41:02.893   408 16674 D QCameraParameters: int32_t qcamera::QCameraParameters::setMultiTouchFocus(const qcamera::QCameraParameters&): multi-touch focus is not supported
01-30 17:41:02.893   492 16690 D mm-camera: mct_pipeline_process_set:command=800000e
01-30 17:41:02.893   408 16674 D QCameraParameters: int32_t qcamera::QCameraParameters::setNumOfSnapshot(): nBurstNum = 1, nExpnum = 1
01-30 17:41:02.903   408  1557 D QCamera2HWI: [KPI Perf] static int qcamera::QCamera2HardwareInterface::start_preview(camera_device*): E PROFILE_START_PREVIEW
01-30 17:41:02.903   408 16674 D QCameraHWI_Mem: void qcamera::QCameraMemory::traceLogAllocStart(size_t, int, const char*) : alloc E count=1 size=932
01-30 17:41:02.903   408 16674 D QCameraHWI_Mem: void qcamera::QCameraMemory::traceLogAllocStart(size_t, int, const char*) : alloc E count=1 size=932
01-30 17:41:02.903   408 16674 D QCameraHWI_Mem: int qcamera::QCameraMemory::alloc(int, size_t, unsigned int) : No memory pool available and So allocate new buffer
01-30 17:41:02.903   408 16674 D QCameraHWI_Mem: static int qcamera::QCameraMemory::allocOneBuffer(qcamera::QCameraMemory::QCameraMemInfo&, unsigned int, size_t, bool) : ION buffer 1 with size 4096 allocated
01-30 17:41:02.903   408 16674 D QCameraHWI_Mem:  void qcamera::QCameraMemory::traceLogAllocEnd(size_t) : X
01-30 17:41:02.903   408 16674 D QCameraHWI_Mem:  void qcamera::QCameraMemory::traceLogAllocEnd(size_t) : X
01-30 17:41:02.903   408 16674 D QCamera2HWI: uint8_t qcamera::QCamera2HardwareInterface::getBufNumRequired(cam_stream_type_t): Allocating 9 buffers for streamtype 7
01-30 17:41:02.903   408 16674 D QCamera2HWI: virtual qcamera::QCameraHeapMemory* qcamera::QCamera2HardwareInterface::allocateStreamInfoBuf(cam_stream_type_t): stream_type 7, stream format 99,stream dimension 454088x1, num_bufs 9
01-30 17:41:02.903   408 16674 D QCamera2HWI: uint8_t qcamera::QCamera2HardwareInterface::getBufNumRequired(cam_stream_type_t): Allocating 9 buffers for streamtype 7
01-30 17:41:02.903   492 16690 D mm-camera: mct_pipeline_process_set:command=800000a
01-30 17:41:02.903   408 16674 D QCameraHWI_Mem: void qcamera::QCameraMemory::traceLogAllocStart(size_t, int, const char*) : alloc E count=1 size=932
01-30 17:41:02.903   408 16674 D QCameraHWI_Mem: void qcamera::QCameraMemory::traceLogAllocStart(size_t, int, const char*) : alloc E count=1 size=932
01-30 17:41:02.903   408 16675 D QCameraHWI_Mem: void qcamera::QCameraMemory::traceLogAllocStart(size_t, int, const char*) : alloc E count=9 size=454112
01-30 17:41:02.903   408 16675 E QCameraHWI_Mem: void qcamera::QCameraMemory::traceLogAllocStart(size_t, int, const char*):StreamMemsize 454112
01-30 17:41:02.903   408 16674 D QCameraHWI_Mem: int qcamera::QCameraMemory::alloc(int, size_t, unsigned int) : No memory pool available and So allocate new buffer
01-30 17:41:02.903   408 16675 D QCameraHWI_Mem: void qcamera::QCameraMemory::traceLogAllocStart(size_t, int, const char*) : alloc E count=9 size=454112
01-30 17:41:02.903   408 16675 E QCameraHWI_Mem: void qcamera::QCameraMemory::traceLogAllocStart(size_t, int, const char*):Memsize 454112
01-30 17:41:02.903   408 16675 E QCameraHWI_Mem: int qcamera::QCameraMemoryPool::allocateBuffer(qcamera::QCameraMemory::QCameraMemInfo&, unsigned int, size_t, bool, cam_stream_type_t) : Buffer not found!
01-30 17:41:02.903   408 16674 D QCameraHWI_Mem: static int qcamera::QCameraMemory::allocOneBuffer(qcamera::QCameraMemory::QCameraMemInfo&, unsigned int, size_t, bool) : ION buffer 1 with size 4096 allocated
01-30 17:41:02.903   408 16674 D QCameraHWI_Mem:  void qcamera::QCameraMemory::traceLogAllocEnd(size_t) : X
01-30 17:41:02.903   408 16675 D QCameraHWI_Mem: static int qcamera::QCameraMemory::allocOneBuffer(qcamera::QCameraMemory::QCameraMemInfo&, unsigned int, size_t, bool) : ION buffer 1 with size 454656 allocated
01-30 17:41:02.903   408 16675 E QCameraHWI_Mem: int qcamera::QCameraMemoryPool::allocateBuffer(qcamera::QCameraMemory::QCameraMemInfo&, unsigned int, size_t, bool, cam_stream_type_t) : Buffer not found!
01-30 17:41:02.903   408 16674 D QCameraHWI_Mem:  void qcamera::QCameraMemory::traceLogAllocEnd(size_t) : X
01-30 17:41:02.903   408 16675 D QCameraHWI_Mem: static int qcamera::QCameraMemory::allocOneBuffer(qcamera::QCameraMemory::QCameraMemInfo&, unsigned int, size_t, bool) : ION buffer 1 with size 454656 allocated
01-30 17:41:02.903   408 16675 E QCameraHWI_Mem: int qcamera::QCameraMemoryPool::allocateBuffer(qcamera::QCameraMemory::QCameraMemInfo&, unsigned int, size_t, bool, cam_stream_type_t) : Buffer not found!
01-30 17:41:02.903   408 16675 D QCameraHWI_Mem: static int qcamera::QCameraMemory::allocOneBuffer(qcamera::QCameraMemory::QCameraMemInfo&, unsigned int, size_t, bool) : ION buffer 1 with size 454656 allocated
01-30 17:41:02.903   408 16675 E QCameraHWI_Mem: int qcamera::QCameraMemoryPool::allocateBuffer(qcamera::QCameraMemory::QCameraMemInfo&, unsigned int, size_t, bool, cam_stream_type_t) : Buffer not found!
01-30 17:41:02.903   408 16674 D QCamera2HWI: uint8_t qcamera::QCamera2HardwareInterface::getBufNumRequired(cam_stream_type_t): Allocating 8 buffers for streamtype 1
01-30 17:41:02.903   408 16674 D QCamera2HWI: virtual qcamera::QCameraHeapMemory* qcamera::QCamera2HardwareInterface::allocateStreamInfoBuf(cam_stream_type_t): stream_type 1, stream format 2,stream dimension 320x240, num_bufs 8
01-30 17:41:02.903   408 16675 D QCameraHWI_Mem: static int qcamera::QCameraMemory::allocOneBuffer(qcamera::QCameraMemory::QCameraMemInfo&, unsigned int, size_t, bool) : ION buffer 1 with size 454656 allocated
01-30 17:41:02.903   408 16675 E QCameraHWI_Mem: int qcamera::QCameraMemoryPool::allocateBuffer(qcamera::QCameraMemory::QCameraMemInfo&, unsigned int, size_t, bool, cam_stream_type_t) : Buffer not found!
01-30 17:41:02.903   408 16675 D QCameraHWI_Mem: static int qcamera::QCameraMemory::allocOneBuffer(qcamera::QCameraMemory::QCameraMemInfo&, unsigned int, size_t, bool) : ION buffer 1 with size 454656 allocated
01-30 17:41:02.903   408 16675 E QCameraHWI_Mem: int qcamera::QCameraMemoryPool::allocateBuffer(qcamera::QCameraMemory::QCameraMemInfo&, unsigned int, size_t, bool, cam_stream_type_t) : Buffer not found!
01-30 17:41:02.903   408 16675 D QCameraHWI_Mem: static int qcamera::QCameraMemory::allocOneBuffer(qcamera::QCameraMemory::QCameraMemInfo&, unsigned int, size_t, bool) : ION buffer 1 with size 454656 allocated
01-30 17:41:02.903   408 16675 E QCameraHWI_Mem: int qcamera::QCameraMemoryPool::allocateBuffer(qcamera::QCameraMemory::QCameraMemInfo&, unsigned int, size_t, bool, cam_stream_type_t) : Buffer not found!
01-30 17:41:02.903   408 16675 D QCameraHWI_Mem: static int qcamera::QCameraMemory::allocOneBuffer(qcamera::QCameraMemory::QCameraMemInfo&, unsigned int, size_t, bool) : ION buffer 1 with size 454656 allocated
01-30 17:41:02.903   408 16675 E QCameraHWI_Mem: int qcamera::QCameraMemoryPool::allocateBuffer(qcamera::QCameraMemory::QCameraMemInfo&, unsigned int, size_t, bool, cam_stream_type_t) : Buffer not found!
01-30 17:41:02.903   408 16675 D QCameraHWI_Mem: static int qcamera::QCameraMemory::allocOneBuffer(qcamera::QCameraMemory::QCameraMemInfo&, unsigned int, size_t, bool) : ION buffer 1 with size 454656 allocated
01-30 17:41:02.903   408 16675 E QCameraHWI_Mem: int qcamera::QCameraMemoryPool::allocateBuffer(qcamera::QCameraMemory::QCameraMemInfo&, unsigned int, size_t, bool, cam_stream_type_t) : Buffer not found!
01-30 17:41:02.903   408 16675 D QCameraHWI_Mem: static int qcamera::QCameraMemory::allocOneBuffer(qcamera::QCameraMemory::QCameraMemInfo&, unsigned int, size_t, bool) : ION buffer 1 with size 454656 allocated
01-30 17:41:02.903   408 16675 D QCameraHWI_Mem:  void qcamera::QCameraMemory::traceLogAllocEnd(size_t) : X
01-30 17:41:02.903   408 16675 E QCameraHWI_Mem: void qcamera::QCameraMemory::traceLogAllocEnd(size_t) 4087008
01-30 17:41:02.903   408 16675 D QCameraHWI_Mem:  void qcamera::QCameraMemory::traceLogAllocEnd(size_t) : X
01-30 17:41:02.903   408 16675 E QCameraHWI_Mem: void qcamera::QCameraMemory::traceLogAllocEnd(size_t) 4087008
01-30 17:41:02.903   408 16674 D QCamera2HWI: uint8_t qcamera::QCamera2HardwareInterface::getBufNumRequired(cam_stream_type_t): Allocating 8 buffers for streamtype 1
01-30 17:41:02.903   492 16690 D mm-camera: mct_pipeline_process_set:command=800000a
01-30 17:41:02.903   492 16690 D mm-camera: mct_pipeline_process_set:command=8000012
01-30 17:41:02.903   492 16690 D mm-camera: mct_pipeline_add_stream_to_linked_streams: linked streams: 0x2
01-30 17:41:02.903   492 16690 D mm-camera: mct_stream_start_link: Starting preview/postview stream linking 
01-30 17:41:02.903   492 16690 E mm-camera: isp_hw_find_primary_cid:306 error cannot find primary sensor format
01-30 17:41:02.903   492 16690 E mm-camera: isp_util_find_matched_existing_src_port#213: X
01-30 17:41:02.903   492 16690 D mm-camera: c2d_port_check_caps_reserve:143, identity=0x20002, reserved
01-30 17:41:02.913   492 16690 D mm-camera: c2d_module_notify_add_stream:1396, info: success, identity=0x20002
01-30 17:41:02.913   492 16690 D mm-camera: c2d_port_check_caps_reserve:143, identity=0x20002, reserved
01-30 17:41:02.913   492 16690 E mm-camera: module_faceproc_client_create:977] Face proc feature mask e 0
01-30 17:41:02.913   492 16701 D mm-camera: aecawb_thread_handler thread_id is 16701
01-30 17:41:02.913   492 16702 D mm-camera: af_thread_handler thread_id is 16702
01-30 17:41:02.913   492 16704 D mm-camera: afd_thread_handler thread_id is 16704
01-30 17:41:02.913   492 16705 D mm-camera: asd_thread_handler thread_id is 16705
01-30 17:41:02.913   492 16706 E mm-camera: is_thread_handler thread_id is 16706
01-30 17:41:02.913   492 16690 D mm-camera: gyro_port_event  MCT_EVENT_MODULE_START_STOP_STATS_THREADS start_flag: 1
01-30 17:41:02.913   492 16690 D mm-camera: Initializing Motion Sensor Framework!!!
01-30 17:41:02.913   492 16690 D mm-camera: gyro_port_init_sensors:Init DSPS intf
01-30 17:41:02.913   492 16690 E mm-camera: dsps_proc_init: Failed to open sensor1 port
01-30 17:41:02.913   492 16690 E mm-camera: gyro_port_init_sensors:DSPS fail to init
01-30 17:41:02.913   492 16690 D mm-camera: gyro_port_init_sensors:Init Android sensor intf
01-30 17:41:02.913   492 16690 E mm-camera: gyro_port_init_sensors:Error initializing Native Sensor!
01-30 17:41:02.913   492 16690 E mm-camera: mct_pipeline_send_ctrl_events: Send Set Parm events
01-30 17:41:02.913   492 16690 E mm-camera-sensor: af_port_handle_module_event: HFR Mode: 0!
01-30 17:41:02.923   492 16690 E mm-camera: stats_port_proc_downstream_set_parm Enable AEC & AWB subsampling optimizations
01-30 17:41:02.923   492 16690 D mm-camera: mct_pipeline_process_set:command=8000004
01-30 17:41:02.923   408 16674 D QCamera2HWI: int qcamera::QCamera2HardwareInterface::startPreview(): E
01-30 17:41:02.923   408 16674 D QCamera2HWI: int qcamera::QCamera2HardwareInterface::calcThermalLevel(qcamera::qcamera_thermal_level_enum_t, int, int, cam_fps_range_t&, msm_vfe_frame_skip_pattern&): level: 0, preview minfps 8000.000000, preview maxfpS 30000.000000, video minfps 8000.000000, video maxfpS 30000.000000
01-30 17:41:02.923   408 16674 D QCamera2HWI: int qcamera::QCamera2HardwareInterface::calcThermalLevel(qcamera::qcamera_thermal_level_enum_t, int, int, cam_fps_range_t&, msm_vfe_frame_skip_pattern&): Thermal level 0, FPS [8.00,30.00, 8.00,30.00], frameskip 0
01-30 17:41:02.923   492 16690 D mm-camera: mct_pipeline_process_set:command=800000e
01-30 17:41:02.923   492 16690 E mm-camera: mct_pipeline_send_ctrl_events: Send Set Parm events
01-30 17:41:02.923   492 16690 D mm-camera: mct_pipeline_process_set:command=8000012
01-30 17:41:02.923   492 16690 D mm-camera: mct_pipeline_add_stream_to_linked_streams: linked streams: 0x82
01-30 17:41:02.923   492 16690 D mm-camera: mct_stream_start_link: Starting meta stream linking: do nothing 
01-30 17:41:02.923   408 16674 E mm-camera-intf: mm_stream_get_v4l2_fmt: Unknown fmt=99
01-30 17:41:02.923   492 16690 D mm-camera: mct_pipeline_process_set:command=8000004
01-30 17:41:02.923   408 16674 E mm-camera-intf: mm_stream_request_buf: buf_num = 9, stream type = 7
01-30 17:41:02.923   408 16674 D mm-camera-intf: mm_stream_qbuf: Starting poll on stream 0xb8c2b3c8 type: 7
01-30 17:41:02.923   408 16674 D mm-camera-intf: mm_stream_qbuf: Started poll on stream 0xb8c2b3c8 type: 7
01-30 17:41:02.923   492 16690 D mm-camera: mct_pipeline_process_set:command=8000008
01-30 17:41:02.923   492 16690 D mm-camera: mct_pipeline_process_set: stream_type = 7
01-30 17:41:02.933   408 16674 D QCameraParameters: int qcamera::QCameraParameters::getPreviewHalPixelFormat() const: format 17
01-30 17:41:02.933   408 16674 D QCameraHWI_Mem: void qcamera::QCameraGrallocMemory::setMaxFPS(int): Setting max fps 30 to display
01-30 17:41:02.933   408 16674 D QCameraHWI_Mem: void qcamera::QCameraMemory::traceLogAllocStart(size_t, int, const char*) : alloc E count=8 size=0
01-30 17:41:02.933   408 16674 D QCameraHWI_Mem:  virtual int qcamera::QCameraGrallocMemory::allocate(uint8_t, size_t) : E 
01-30 17:41:02.933   408 16674 D QCameraHWI_Mem: virtual int qcamera::QCameraGrallocMemory::allocate(uint8_t, size_t): usage = 1073872896, geometry: 0xb8c263b8, 320, 240, 320, 240, 17
01-30 17:41:02.943   492 16706 E mm-camera: is_thread_handler: Starting IS thread handler
01-30 17:41:02.963   408 16674 D QCameraHWI_Mem:  virtual int qcamera::QCameraGrallocMemory::allocate(uint8_t, size_t) : X 
01-30 17:41:02.963   408 16674 D QCameraHWI_Mem:  void qcamera::QCameraMemory::traceLogAllocEnd(size_t) : X
01-30 17:41:02.963   408 16674 E mm-camera-intf: mm_stream_request_buf: buf_num = 8, stream type = 1
01-30 17:41:02.963   408 16674 D mm-camera-intf: mm_stream_qbuf: Starting poll on stream 0xb8c2b5b0 type: 1
01-30 17:41:02.973   408 16674 D mm-camera-intf: mm_stream_qbuf: Started poll on stream 0xb8c2b5b0 type: 1
01-30 17:41:02.973   492 16690 D mm-camera: mct_pipeline_process_set:command=8000008
01-30 17:41:02.973   492 16690 D mm-camera: mct_pipeline_process_set: stream_type = 1
01-30 17:41:02.983   492 16690 E mm-camera: decide_isp_nums_camif: num_isp = 1
01-30 17:41:02.983   492 16690 E mm-camera: isp_sink_port_stream_config: E, session_id = 2, stream_id = 2, stream_type = 1
01-30 17:41:02.983   492 16690 E mm-camera: isp_sink_port_stream_config: session_id = 2, stream_id = 2, is_split = 0
01-30 17:41:02.983   492 16690 E mm-camera: isp_sink_port_stream_config: old vfe_id_mask = 0x0, new vfe_id_mask = 0x1
01-30 17:41:02.983   492 16711 D mm-camera: isp_thread_main_loop thread_id is 16711
01-30 17:41:02.983   492 16712 D mm-camera: isp_sem_thread_main thread_id is 16712
01-30 17:41:02.983   492 16713 D mm-camera: isp_thread_main_loop thread_id is 16713
01-30 17:41:02.983   492 16711 E mm-camera: isp_pipeline_get_table_size: ISP_HW_MOD_GET_TABLE_SIZE error, module_id = 1, rc = -1
01-30 17:41:02.993   492 16711 E mm-camera: isp_hw_proc_init_meta_dump: get ISP_PIX_GET_ROLLOFF_TABLE_SIZE error
01-30 17:41:02.993   492 16690 E mm-camera-sensor: Depth_Err: actuator sensitivity : 0.000000 is invalid
01-30 17:41:02.993   492 16690 E mm-camera: is_port_handle_stream_config_event: w = 640, h = 480, ma = 270, p = 1
01-30 17:41:02.993   492 16690 D mm-camera: gyro_port_event:frame_time: 31580 sensor_position: 1
01-30 17:41:02.993   492 16690 E mm-camera-sensor: module_sensor_stream_on:2458 chromatix name libchromatix_gc034a_preview.so
01-30 17:41:02.993   492 16690 E mm-camera: is_port_handle_set_is_enable: IS enable = 0
01-30 17:41:03.003   492 16690 E mm-camera: isp_tintless_config: tint_correction_strength updated to 4
01-30 17:41:03.003   492 16690 E mm-camera: isp_tintless_bg_pca_update_chromatix_params: lib returned config err=0
01-30 17:41:03.003   492 16690 E mm-camera: port_isp_mct_ctrl_cmd: E, identity = 0x20002, STREAMON
01-30 17:41:03.003   492 16690 E mm-camera: gyro_port_enable_disable_sensor_request:No handler to enable!
01-30 17:41:03.003   492 16690 E mm-camera: awb_port_update_awb_data r_gain; 1.323627, g_gain: 1.000000, b_gain: 1.909566, cct: 4100
01-30 17:41:03.003   492 16690 E mm-camera: is_port_handle_stream_event: MCT_EVENT_CONTROL_STREAMON, identity = 0x20002
01-30 17:41:03.003   492 16690 E mm-camera-img: Face Album FILE EXISTS
01-30 17:41:03.003   492 16690 D mm-camera: c2d_module_handle_streamon_event:1646, identity=0x20002, stream-on done
01-30 17:41:03.003   492 16690 E mm-camera: isp_streamon: E, session_id = 2, stream_id = 2, active_count = 0 flash=FALSE
01-30 17:41:03.003   492 16682 E mm-camera: isp_proc_streamon: E, session_id = 2, stream_id = 2, stream_type = 1
01-30 17:41:03.003   492 16682 E mm-camera: isp_ch_util_sync_stream_cfg_to_channel: cannot find channel, Adding new channel for stream id 2
01-30 17:41:03.003   492 16682 E mm-camera: isp_add_meta_channel: no meta data, session_id = 2, stream_id = 2
01-30 17:41:03.003   492 16682 E mm-camera: isp_add_camif_channel: is_pdaf_supported 0
01-30 17:41:03.003   492 16682 D mm-camera: isp_validate_buf_request: total 8 current buffer count 8 for stream 2
01-30 17:41:03.003   492 16713 D mm-camera: isp_fmt_to_pix_pattern: format 31
01-30 17:41:03.013   492 16682 E mm-camera: is_port_handle_output_dim_event: MCT_EVENT_MODULE_ISP_OUTPUT_DIM, steam_type = 1, w = 320, h = 240, IS mode = 0
01-30 17:41:03.013   492 16682 D mm-camera: isp_util_set_stats_bf_filter_size: BF filter size = 2
01-30 17:41:03.013   492 16682 D mm-camera: isp_hw_action: first start, hw thread for streamon/ack
01-30 17:41:03.013   492 16713 E mm-camera: isp_thread_proc_cmd: start/stop, thread_data = 0xb62db804, action_code = 0
01-30 17:41:03.013   492 16713 D mm-camera: isp_fmt_to_pix_pattern: format 31
01-30 17:41:03.013   492 16713 D mm-camera: vfe_calc_fov: out1w = 320, out1h = 240, out2w = 0, out2h = 0
01-30 17:41:03.013   492 16713 D mm-camera: vfe_calc_fov: demosaic first_p = 0, last_p = 639, first_l = 0, last_l = 479
01-30 17:41:03.013   492 16713 D mm-camera: vfe_calc_fov: crop_factor = 4096, x=0, y=0, crop_out_x=640, crop_out_y=480
01-30 17:41:03.013   492 16713 D mm-camera: main_scaler_config: ip_w=640, ip_h=480
01-30 17:41:03.013   492 16713 D mm-camera: main_scaler_config: op_w=320, op_h=240
01-30 17:41:03.013   492 16713 E mm-camera: linearization_set_params: param_id is not supported in this module
01-30 17:41:03.013   492 16713 E mm-camera: pca_rolloff_set_params: param_id is not supported in this module
01-30 17:41:03.013   492 16713 E mm-camera: wb_set_params: param_id is not supported in this module
01-30 17:41:03.013   492 16713 E mm-camera: demosaic_set_params: param_id 7, is not supported in this module
01-30 17:41:03.013   492 16713 E mm-camera: demux_set_params: param_id 7, is not supported in this module
01-30 17:41:03.013   492 16713 E mm-camera: clf_set_params: param_id 7, is not supported in this module
01-30 17:41:03.013   492 16713 E mm-camera: mce_set_params: param_id is not supported in this module
01-30 17:41:03.013   492 16713 E mm-camera: sce_set_params: param_id is not supported in this module
01-30 17:41:03.013   492 16713 E mm-camera: isp_tintless_config: cfg: camif 640x480, elem sz 10x10,
01-30 17:41:03.013   492 16713 E         : dmlroc_init
01-30 17:41:03.013   492 16713 D mm-camera: isp_fmt_to_pix_pattern: format 31
01-30 17:41:03.013   492 16713 E mm-camera: isp_pipeline_reset_hist_dmi, Enter
01-30 17:41:02.1070   492 16713 I KERNEL  : [ 6808.352556] msm_isp_send_hw_cmd:982 hi 8 lo 8
01-30 17:41:03.013   492 16682 E mm-camera: isp_ch_util_streamon: session_id = 2, vfe_mask = 0x1, async streamon, rc = 0
01-30 17:41:03.013   492 16682 D mm-camera: isp_hw_action: hw_thread for ack
01-30 17:41:03.023   492 16713 E mm-camera: isp_pipeline_reset_hist_dmi, Enter
01-30 17:41:02.1071   492 16713 I KERNEL  : [ 6808.353722] msm_isp_send_hw_cmd:982 hi 8 lo 8
01-30 17:41:03.023   492 16713 E mm-camera: isp_pipeline_reset_hist_dmi, Enter
01-30 17:41:02.1071   492 16713 I KERNEL  : [ 6808.353814] msm_isp_send_hw_cmd:982 hi 8 lo 8
01-30 17:41:03.023   492 16713 D mm-camera: isp_validate_buf_request: total 4 current buffer count 4 for stream -2147418109
01-30 17:41:03.023   492 16713 D mm-camera: isp_validate_buf_request: total 4 current buffer count 4 for stream -2147418108
01-30 17:41:03.023   492 16713 D mm-camera: isp_validate_buf_request: total 4 current buffer count 4 for stream -2147418107
01-30 17:41:03.023   492 16713 D mm-camera: isp_validate_buf_request: total 4 current buffer count 4 for stream -2147418105
01-30 17:41:03.023   492 16713 D mm-camera: isp_validate_buf_request: total 4 current buffer count 4 for stream -2147418104
01-30 17:41:03.023   492 16713 D mm-camera: isp_validate_buf_request: total 4 current buffer count 4 for stream -2147418102
01-30 17:41:03.023   492 16713 E mm-camera: isp_axi_util_subscribe_v4l2_event: event_type = 0x8000100, is_subscribe = 1
01-30 17:41:03.023   492 16682 E mm-camera: isp_ch_util_streamon: session_id = 2, sync ack done
01-30 17:41:03.023   492 16701 E mm-camera-CORE: No active ISP module for ADRC, disable!!!
01-30 17:41:03.023   492 16713 E mm-camera: isp_thread_proc_cmd: start/stop ack done, thread_data = 0xb62db804, action_code = 1, rc = 0
01-30 17:41:03.023   492 16713 E mm-camera: isp_pipeline32_get_roi_map: ROI: first pix 0, last pix 639, first ln 0, last line 479
01-30 17:41:03.023   492 16690 E mm-camera: isp_streamon: X, session_id = 2, rc = 0
01-30 17:41:03.023   492 16690 E mm-camera: port_isp_send_streamon_done_event_downstream: notify stream done downstream
01-30 17:41:03.023   492 16690 E mm-camera: port_isp_mct_ctrl_cmd: X, identity = 0x20002, STREAMON, ret = 0
01-30 17:41:02.1079   492 16690 I KERNEL  : [ 6808.361892] csi2_src_clk get failed
01-30 17:41:03.023   492 16690 D mm-camera: ispif_proc_streamon: ispif_hw_reset done
01-30 17:41:03.023   492 16690 D mm-camera: stream id 2, stream num_meta 0
01-30 17:41:03.023   492 16690 D mm-camera: ispif_streamon: session_id = 2, active_streams = 1
01-30 17:41:03.023   492 16690 E AEC_PORT: aec_port_proc_get_aec_data exp 0.070092 iso 56, exp-idx: 240, lc: 1064, gain: 1.125000
01-30 17:41:02.1086     0     0 I KERNEL  : [ 6808.368445] msm_isp_notify: PIX0 frame id: 0
01-30 17:41:03.043   492 16690 E mm-camera-sensor: module_sensor_stream_on: Sending start bus message
01-30 17:41:03.043   492 16690 D mm-camera: start_sof_check_thread: Starting SOF timeout thread
01-30 17:41:03.043   492 16715 E mm-camera: mct_bus_sof_thread_run thread_id is 16715
01-30 17:41:03.043   492 16715 D mm-camera: mct_bus_sof_thread_run thread_id is 16715
01-30 17:41:03.043   408 16674 D QCamera2HWI: prewidht=320,preheight=240
01-30 17:41:03.043   408 16674 D QCamera2HWI: int qcamera::QCamera2HardwareInterface::startPreview(): X
01-30 17:41:03.043   408  1557 D QCamera2HWI: [KPI Perf] static int qcamera::QCamera2HardwareInterface::start_preview(camera_device*): X
01-30 17:41:03.053   408 16674 D QCamera2HWI: int qcamera::QCamera2HardwareInterface::disableMsgType(int32_t) (0x10) : mMsgEnabled = 0xc0d
01-30 17:41:03.053   408   408 D QCamera2HWI: [KPI Perf] static void qcamera::QCamera2HardwareInterface::stop_preview(camera_device*): E PROFILE_STOP_PREVIEW
01-30 17:41:03.053   408 16674 D QCamera2HWI: int qcamera::QCamera2HardwareInterface::stopPreview(): E
01-30 17:41:03.053   492 16690 D mm-camera: mct_pipeline_process_set:command=8000009
01-30 17:41:03.053   492 16690 D mm-camera: mct_pipeline_process_set: stream_type = 1
01-30 17:41:03.053   492 16690 E mm-camera: port_isp_mct_ctrl_cmd: E, identity = 0x20002, STREAMOFF
01-30 17:41:03.053   492 16690 D mm-camera: gyro_port_enable_disable_sensor_request: Deinit all sensors
01-30 17:41:03.053   492 16690 E mm-camera: is_port_handle_stream_event: MCT_EVENT_CONTROL_STREAMOFF, identity = 0x20002
01-30 17:41:03.053   492 16690 D mm-camera: c2d_module_handle_streamoff_event:1809, info: stream-off done for identity 0x20002
01-30 17:41:03.053   492 16690 E mm-camera: isp_streamoff: E, session_id = 2, stream_id = 2, active_count = 1
01-30 17:41:03.053   492 16682 E mm-camera: isp_proc_streamoff: E,session_id = 2, stream_id= 2, stream_type= 1 meta 0
01-30 17:41:03.053   492 16701 E mm-camera-CORE: aec_set_fd_roi: invalid CPP width and height (0, 0)!
01-30 17:41:03.053   492 16682 D mm-camera: isp_hw_action: last pix stop, pix_cnt = 1, cnt = 1
01-30 17:41:03.053   492 16713 E mm-camera: isp_thread_proc_cmd: start/stop, thread_data = 0xb62db804, action_code = 2
01-30 17:41:03.053   492 16682 E mm-camera: isp_ch_util_streamoff: session_id = 2, vfe_mask = 0x1, async streamoff, rc = 0
01-30 17:41:03.053   492 16682 D mm-camera: isp_hw_action: hw_thread for ack
01-30 17:41:03.053   492 16713 E mm-camera: isp_axi_util_subscribe_v4l2_event: event_type = 0x8000100, is_subscribe = 0
01-30 17:41:03.053   492 16713 E mm-camera: isp_axi_unreg_buf: session_id = 2, stream_id = 2, buf_handle = 0x10000
01-30 17:41:03.053 15728 15728 I WakeLock: Acquire cpu wakelock
01-30 17:41:03.053   492 16713 D mm-camera: linearization_action: action code = 7 is not supported. nop
01-30 17:41:03.053   492 16713 D mm-camera: pca_rolloff_action: action code = 7 is not supported. nop
01-30 17:41:03.053   492 16713 D mm-camera: demux_action: action code = 7 is not supported. nop
01-30 17:41:03.053   492 16713 D mm-camera: demosaic_action: action code = 7 is not supported. nop
01-30 17:41:03.053   492 16713 D mm-camera: bpc_action: action code = 7 is not supported. nop
01-30 17:41:03.053   492 16713 D mm-camera: abf_action: action code = 7 is not supported. nop
01-30 17:41:03.053   492 16713 D mm-camera: asf_action: action code = 7 is not supported. nop
01-30 17:41:03.053   492 16713 D mm-camera: color_conversion_action: action code = 7 is not supported. nop
01-30 17:41:03.053   492 16713 D mm-camera: color_correct_action: action code = 7 is not supported. nop
01-30 17:41:03.053   492 16713 D mm-camera: chroma_subsample_action: action code = 7 is not supported. nop
01-30 17:41:03.053   492 16713 D mm-camera: chroma_suppress_action: action code = 7 is not supported. nop
01-30 17:41:03.053   492 16713 D mm-camera: la_action: action code = 7 is not supported. nop
01-30 17:41:03.053   492 16713 D mm-camera: mce_action: action code = 7 is not supported. nop
