01-30 17:41:53.983 15728 15728 I MobiFace: Content JS LOG:  contact.challengeInfo  ============{"challengeInfo":{"availableCurrentPosition":false,"current_x":0,"current_y":0,"stability":0,"availableTargetPosition":false,"currentTarget":0,"numTargets":0,"targets":[{"target_x":0,"target_y":109,"target_radius":45},{"target_x":181,"target_y":246,"target_radius":45},{"target_x":0,"target_y":0,"target_radius":0}]}} 
01-30 17:41:53.983 15728 15728 I MobiFace:     at startFaceRecognition/</</reader.onload (app://2ec57ac3-eee0-41a3-9d3f-e1b3e29e617f/js/livenesschallenge.js:163:29)
01-30 17:41:53.983   492 17150 E mm-camera: c2d_thread_handle_process_buf_event:190 input buf index 6
01-30 17:41:53.983   492 17150 E mm-camera: c2d_thread_handle_process_buf_event:207 input vaddr b3406000
01-30 17:41:53.983   492 17188 E AEC_PORT: aec_port_save_update:real_gain:1.000000 linecnt:751 exp_idx:224 cur_luma:1073741824 led_est:1079063436
01-30 17:41:53.993 15728 17234 D FrServiceClient:  DEBUG - tiem taken: 12.000000
01-30 17:41:53.993 16776 16959 D MobiFace:  DEBUG - frameParams: 6 640 480 720 270
01-30 17:41:54.003 15728 17234 D FrServiceClient:  DEBUG - mobiFace_pushFrame frame 0xa9301000 460800
01-30 17:41:54.003 15728 17234 D FrServiceClient:  DEBUG - IdemiaFrServiceImpl::StartFaceAnalysis: FrServiceClient 460800
01-30 17:41:54.023 16776 16974 D MobiFace:  DEBUG - pushImage2: 0xb8d54998 0xb92cd4f8 0xb1f0e008 460800 1 -1191139904 0x5cdb12ce
01-30 17:41:54.033   492 17146 E         : dmlroc_entry  entering dmlroc_entry
01-30 17:41:54.033   492 17150 E mm-camera: c2d_thread_handle_process_buf_event:190 input buf index 4
01-30 17:41:54.033   492 17150 E mm-camera: c2d_thread_handle_process_buf_event:207 input vaddr b34e8000
01-30 17:41:54.043   425   558 D ThermalEngine: sensor_wait: case_therm Wait done.
01-30 17:41:54.043   425   558 D ThermalEngine: sensor_monitor: case_therm Reading 35000 .
01-30 17:41:54.043   425   558 I ThermalEngine: Sensor:case_therm:35000 mC
01-30 17:41:54.043   425   558 D ThermalEngine: update_active_thresh: case_therm Active(1), Hi(1) 40000, Lo(0) -2147483648, Interval(1) 5000
01-30 17:41:54.043   425   558 D ThermalEngine: sensor_monitor: case_therm Sensor wait.
01-30 17:41:54.043   425   558 D ThermalEngine: sensor_wait: case_therm Wait start. 5000ms
01-30 17:41:54.083   492 17150 E mm-camera: c2d_thread_handle_process_buf_event:190 input buf index 5
01-30 17:41:54.083   492 17150 E mm-camera: c2d_thread_handle_process_buf_event:207 input vaddr b3477000
01-30 17:41:54.083   492 17188 E AEC_PORT: aec_port_save_update:real_gain:1.000000 linecnt:751 exp_idx:224 cur_luma:-1073741824 led_est:1079063498
01-30 17:41:54.133   492 17150 E mm-camera: c2d_thread_handle_process_buf_event:190 input buf index 6
01-30 17:41:54.133   492 17150 E mm-camera: c2d_thread_handle_process_buf_event:207 input vaddr b3406000
01-30 17:41:54.143   492 17188 E AEC_PORT: aec_port_save_update:real_gain:1.000000 linecnt:751 exp_idx:224 cur_luma:1073741824 led_est:1079061063
01-30 17:41:54.163 16776 16974 D MobiFace:  DEBUG - [event] trackingInfo_cb
01-30 17:41:54.163 16776 16974 D MobiFace:  DEBUG - [event] positionInstruction_cb
01-30 17:41:54.163 16776 17231 D MobiFace:  DEBUG - [event] challenge2DInfo_cb
01-30 17:41:54.163 16776 16974 D MobiFace:  DEBUG - pushImage2: 0
01-30 17:41:54.163 16776 17229 D MobiFace:  DEBUG - [event] freeImage_cb
01-30 17:41:54.163 16776 16779 D MobiFace:  DEBUG - getPositionInfo
01-30 17:41:54.163 16776 16776 D MobiFace:  DEBUG - getChallenge
01-30 17:41:54.163 16776 16959 D MobiFace:  DEBUG - getChallengeInfo
01-30 17:41:54.163 15728 17234 D FrServiceClient:  DEBUG - challenge2DInfo 0 0 - 0 109 - 181 246
01-30 17:41:54.163 15728 15728 I GeckoDump: Got analysisResult:0
01-30 17:41:54.163 15728 15728 I GeckoDump: Got analysisInfo:1
01-30 17:41:54.163 15728 15728 I GeckoDump: Got matchScore0
01-30 17:41:54.163 15728 15728 I GeckoDump: Got faceanalysisresults payload ![object Blob]
01-30 17:41:54.163 15728 15728 I GeckoDump: Got bestImage is null
01-30 17:41:54.163 15728 15728 I MobiFace: Content JS LOG:  contact.challengeInfo  ============{"challengeInfo":{"availableCurrentPosition":false,"current_x":0,"current_y":0,"stability":0,"availableTargetPosition":false,"currentTarget":0,"numTargets":0,"targets":[{"target_x":0,"target_y":109,"target_radius":45},{"target_x":181,"target_y":246,"target_radius":45},{"target_x":0,"target_y":0,"target_radius":0}]}} 
01-30 17:41:54.163 15728 15728 I MobiFace:     at startFaceRecognition/</</reader.onload (app://2ec57ac3-eee0-41a3-9d3f-e1b3e29e617f/js/livenesschallenge.js:163:29)
01-30 17:41:54.173 15728 17234 D FrServiceClient:  DEBUG - tiem taken: 12.000000
01-30 17:41:54.173 16776 16974 D MobiFace:  DEBUG - frameParams: 6 640 480 720 270
01-30 17:41:54.173 15728 17234 D FrServiceClient:  DEBUG - mobiFace_pushFrame frame 0xa9372000 460800
01-30 17:41:54.173 15728 17234 D FrServiceClient:  DEBUG - IdemiaFrServiceImpl::StartFaceAnalysis: FrServiceClient 460800
01-30 17:41:54.183   492 17150 E mm-camera: c2d_thread_handle_process_buf_event:190 input buf index 4
01-30 17:41:54.183   492 17150 E mm-camera: c2d_thread_handle_process_buf_event:207 input vaddr b34e8000
01-30 17:41:54.183   492 17188 E AEC_PORT: aec_port_save_update:real_gain:1.000000 linecnt:751 exp_idx:224 cur_luma:-1073741824 led_est:1079060945
01-30 17:41:54.193 16776 16959 D MobiFace:  DEBUG - pushImage2: 0xb8d54998 0xb92cd4f8 0xb1f0e008 460800 1 -1190936824 0x5cddb72b
01-30 17:41:54.233   492 17150 E mm-camera: c2d_thread_handle_process_buf_event:190 input buf index 5
01-30 17:41:54.233   492 17150 E mm-camera: c2d_thread_handle_process_buf_event:207 input vaddr b3477000
01-30 17:41:54.233   492 17188 E AEC_PORT: aec_port_save_update:real_gain:1.000000 linecnt:751 exp_idx:224 cur_luma:1073741824 led_est:1079061106
01-30 17:41:54.283   492 17188 E AEC_PORT: aec_port_save_update:real_gain:1.000000 linecnt:751 exp_idx:224 cur_luma:-1610612736 led_est:1079061294
01-30 17:41:54.283   492 17150 E mm-camera: c2d_thread_handle_process_buf_event:190 input buf index 6
01-30 17:41:54.283   492 17150 E mm-camera: c2d_thread_handle_process_buf_event:207 input vaddr b3406000
01-30 17:41:54.333   492 17188 E AEC_PORT: aec_port_save_update:real_gain:1.000000 linecnt:751 exp_idx:224 cur_luma:1073741824 led_est:1079060975
01-30 17:41:54.333   492 17150 E mm-camera: c2d_thread_handle_process_buf_event:190 input buf index 4
01-30 17:41:54.333   492 17150 E mm-camera: c2d_thread_handle_process_buf_event:207 input vaddr b34e8000
01-30 17:41:54.343 16776 16959 D MobiFace:  DEBUG - [event] trackingInfo_cb
01-30 17:41:54.343 16776 16959 D MobiFace:  DEBUG - [event] positionInstruction_cb
01-30 17:41:54.343 16776 17231 D MobiFace:  DEBUG - [event] challenge2DInfo_cb
01-30 17:41:54.343 16776 16959 D MobiFace:  DEBUG - pushImage2: 0
01-30 17:41:54.343 16776 16779 D MobiFace:  DEBUG - getPositionInfo
01-30 17:41:54.343 16776 17229 D MobiFace:  DEBUG - [event] freeImage_cb
01-30 17:41:54.343 16776 16974 D MobiFace:  DEBUG - getChallenge
01-30 17:41:54.343 16776 16776 D MobiFace:  DEBUG - getChallengeInfo
01-30 17:41:54.343 15728 17234 D FrServiceClient:  DEBUG - challenge2DInfo 0 0 - 0 109 - 181 246
01-30 17:41:54.343 15728 15728 I GeckoDump: Got analysisResult:0
01-30 17:41:54.343 15728 15728 I GeckoDump: Got analysisInfo:1
01-30 17:41:54.343 15728 15728 I GeckoDump: Got matchScore0
01-30 17:41:54.343 15728 15728 I GeckoDump: Got faceanalysisresults payload ![object Blob]
01-30 17:41:54.343 15728 15728 I GeckoDump: Got bestImage is null
01-30 17:41:54.343 15728 15728 I MobiFace: Content JS LOG:  contact.challengeInfo  ============{"challengeInfo":{"availableCurrentPosition":false,"current_x":0,"current_y":0,"stability":0,"availableTargetPosition":false,"currentTarget":0,"numTargets":0,"targets":[{"target_x":0,"target_y":109,"target_radius":45},{"target_x":181,"target_y":246,"target_radius":45},{"target_x":0,"target_y":0,"target_radius":0}]}} 
01-30 17:41:54.343 15728 15728 I MobiFace:     at startFaceRecognition/</</reader.onload (app://2ec57ac3-eee0-41a3-9d3f-e1b3e29e617f/js/livenesschallenge.js:163:29)
01-30 17:41:54.353 15728 17234 D FrServiceClient:  DEBUG - tiem taken: 12.000000
01-30 17:41:54.353 16776 16959 D MobiFace:  DEBUG - frameParams: 6 640 480 720 270
01-30 17:41:54.353 15728 17234 D FrServiceClient:  DEBUG - mobiFace_pushFrame frame 0xab601000 460800
01-30 17:41:54.353 15728 17234 D FrServiceClient:  DEBUG - IdemiaFrServiceImpl::StartFaceAnalysis: FrServiceClient 460800
01-30 17:41:54.363 16776 16776 D MobiFace:  DEBUG - pushImage2: 0xb8d54998 0xb92cd4f8 0xb1f0e008 460800 1 -1193990000 0x5ce05668
01-30 17:41:54.383   492 17188 E AEC_PORT: aec_port_save_update:real_gain:1.000000 linecnt:751 exp_idx:224 cur_luma:-2147483648 led_est:1079060920
01-30 17:41:54.383   492 17150 E mm-camera: c2d_thread_handle_process_buf_event:190 input buf index 5
01-30 17:41:54.383   492 17150 E mm-camera: c2d_thread_handle_process_buf_event:207 input vaddr b3477000
01-30 17:41:54.433   492 17188 E AEC_PORT: aec_port_save_update:real_gain:1.000000 linecnt:751 exp_idx:224 cur_luma:0 led_est:1079061296
01-30 17:41:54.433   492 17150 E mm-camera: c2d_thread_handle_process_buf_event:190 input buf index 6
01-30 17:41:54.433   492 17150 E mm-camera: c2d_thread_handle_process_buf_event:207 input vaddr b3406000
01-30 17:41:54.483   492 17150 E mm-camera: c2d_thread_handle_process_buf_event:190 input buf index 4
01-30 17:41:54.483   492 17150 E mm-camera: c2d_thread_handle_process_buf_event:207 input vaddr b34e8000
01-30 17:41:54.483   492 17188 E AEC_PORT: aec_port_save_update:real_gain:1.000000 linecnt:751 exp_idx:224 cur_luma:-1610612736 led_est:1079060850
01-30 17:41:54.493 16776 16776 D MobiFace:  DEBUG - [event] trackingInfo_cb
01-30 17:41:54.493 16776 16776 D MobiFace:  DEBUG - [event] positionInstruction_cb
01-30 17:41:54.493 16776 17231 D MobiFace:  DEBUG - [event] challenge2DInfo_cb
01-30 17:41:54.493 16776 16776 D MobiFace:  DEBUG - pushImage2: 0
01-30 17:41:54.493 16776 17229 D MobiFace:  DEBUG - [event] freeImage_cb
01-30 17:41:54.493 16776 16779 D MobiFace:  DEBUG - getPositionInfo
01-30 17:41:54.493 16776 16974 D MobiFace:  DEBUG - getChallenge
01-30 17:41:54.493 16776 16959 D MobiFace:  DEBUG - getChallengeInfo
01-30 17:41:54.503 15728 17234 D FrServiceClient:  DEBUG - challenge2DInfo 0 0 - 0 109 - 181 246
01-30 17:41:54.503 15728 15728 I GeckoDump: Got analysisResult:0
01-30 17:41:54.503 15728 15728 I GeckoDump: Got analysisInfo:1
01-30 17:41:54.503 15728 15728 I GeckoDump: Got matchScore0
01-30 17:41:54.503 15728 15728 I GeckoDump: Got faceanalysisresults payload ![object Blob]
01-30 17:41:54.503 15728 15728 I GeckoDump: Got bestImage is null
01-30 17:41:54.513 15728 17234 D FrServiceClient:  DEBUG - tiem taken: 12.000000
01-30 17:41:54.513 16776 16974 D MobiFace:  DEBUG - frameParams: 6 640 480 720 270
01-30 17:41:54.513 15728 15728 I MobiFace: Content JS LOG:  contact.challengeInfo  ============{"challengeInfo":{"availableCurrentPosition":false,"current_x":0,"current_y":0,"stability":0,"availableTargetPosition":false,"currentTarget":0,"numTargets":0,"targets":[{"target_x":0,"target_y":109,"target_radius":45},{"target_x":181,"target_y":246,"target_radius":45},{"target_x":0,"target_y":0,"target_radius":0}]}} 
01-30 17:41:54.513 15728 15728 I MobiFace:     at startFaceRecognition/</</reader.onload (app://2ec57ac3-eee0-41a3-9d3f-e1b3e29e617f/js/livenesschallenge.js:163:29)
01-30 17:41:54.513 15728 17234 D FrServiceClient:  DEBUG - mobiFace_pushFrame frame 0xa9301000 460800
01-30 17:41:54.513 15728 17234 D FrServiceClient:  DEBUG - IdemiaFrServiceImpl::StartFaceAnalysis: FrServiceClient 460800
01-30 17:41:54.523 16776 16959 D MobiFace:  DEBUG - pushImage2: 0xb8d54998 0xb92cd4f8 0xb1f0e008 460800 1 -1190936824 0x5ce2c34d
01-30 17:41:54.523   492 17150 E mm-camera: c2d_thread_handle_process_buf_event:190 input buf index 5
01-30 17:41:54.523   492 17150 E mm-camera: c2d_thread_handle_process_buf_event:207 input vaddr b3477000
01-30 17:41:54.523   492 17146 E         : dmlroc_entry  entering dmlroc_entry
01-30 17:41:54.533  2227  2227 E sdcard  : missing packages.list; retrying
01-30 17:41:54.583   492 17150 E mm-camera: c2d_thread_handle_process_buf_event:190 input buf index 6
01-30 17:41:54.583   492 17150 E mm-camera: c2d_thread_handle_process_buf_event:207 input vaddr b3406000
01-30 17:41:54.583   492 17188 E AEC_PORT: aec_port_save_update:real_gain:1.000000 linecnt:751 exp_idx:224 cur_luma:-2147483648 led_est:1079060875
01-30 17:41:54.583  5463  5463 D wpa_supplicant: wlan0: Control interface command 'SIGNAL_POLL'
01-30 17:41:54.623  5463  5463 D wpa_supplicant: CTRL-DEBUG: global_ctrl_sock-sendto: sock=11 sndbuf=163840 outq=0 send_len=48
01-30 17:41:54.633   492 17188 E AEC_PORT: aec_port_save_update:real_gain:1.000000 linecnt:751 exp_idx:224 cur_luma:-2147483648 led_est:1079059172
01-30 17:41:54.633   492 17150 E mm-camera: c2d_thread_handle_process_buf_event:190 input buf index 4
01-30 17:41:54.633   492 17150 E mm-camera: c2d_thread_handle_process_buf_event:207 input vaddr b34e8000
01-30 17:41:54.673 16776 16959 D MobiFace:  DEBUG - [event] trackingInfo_cb
01-30 17:41:54.673 16776 16959 D MobiFace:  DEBUG - [event] positionInstruction_cb
01-30 17:41:54.673 16776 17231 D MobiFace:  DEBUG - [event] challenge2DInfo_cb
01-30 17:41:54.673 16776 16959 D MobiFace:  DEBUG - pushImage2: 0
01-30 17:41:54.673 16776 17229 D MobiFace:  DEBUG - [event] freeImage_cb
01-30 17:41:54.683 16776 16776 D MobiFace:  DEBUG - getPositionInfo
01-30 17:41:54.683   492 17150 E mm-camera: c2d_thread_handle_process_buf_event:190 input buf index 5
01-30 17:41:54.683   492 17150 E mm-camera: c2d_thread_handle_process_buf_event:207 input vaddr b3477000
01-30 17:41:54.683 16776 16779 D MobiFace:  DEBUG - getChallenge
01-30 17:41:54.683 16776 16974 D MobiFace:  DEBUG - getChallengeInfo
01-30 17:41:54.683 15728 17234 D FrServiceClient:  DEBUG - challenge2DInfo 0 0 - 0 109 - 181 246
01-30 17:41:54.683   492 17188 E AEC_PORT: aec_port_save_update:real_gain:1.000000 linecnt:751 exp_idx:224 cur_luma:-1073741824 led_est:1079059202
01-30 17:41:54.683 15728 15728 I GeckoDump: Got analysisResult:0
01-30 17:41:54.683 15728 15728 I GeckoDump: Got analysisInfo:1
01-30 17:41:54.683 15728 15728 I GeckoDump: Got matchScore0
01-30 17:41:54.683 15728 15728 I GeckoDump: Got faceanalysisresults payload ![object Blob]
01-30 17:41:54.683 15728 15728 I GeckoDump: Got bestImage is null
01-30 17:41:54.683 15728 15728 I MobiFace: Content JS LOG:  contact.challengeInfo  ============{"challengeInfo":{"availableCurrentPosition":false,"current_x":0,"current_y":0,"stability":0,"availableTargetPosition":false,"currentTarget":0,"numTargets":0,"targets":[{"target_x":0,"target_y":109,"target_radius":45},{"target_x":181,"target_y":246,"target_radius":45},{"target_x":0,"target_y":0,"target_radius":0}]}} 
01-30 17:41:54.683 15728 15728 I MobiFace:     at startFaceRecognition/</</reader.onload (app://2ec57ac3-eee0-41a3-9d3f-e1b3e29e617f/js/livenesschallenge.js:163:29)
01-30 17:41:54.693 15728 17234 D FrServiceClient:  DEBUG - tiem taken: 12.000000
01-30 17:41:54.693 16776 16779 D MobiFace:  DEBUG - frameParams: 6 640 480 720 270
01-30 17:41:54.693 15728 17234 D FrServiceClient:  DEBUG - mobiFace_pushFrame frame 0xa9372000 460800
01-30 17:41:54.693 15728 17234 D FrServiceClient:  DEBUG - IdemiaFrServiceImpl::StartFaceAnalysis: FrServiceClient 460800
01-30 17:41:54.713 16776 16974 D MobiFace:  DEBUG - pushImage2: 0xb8d54998 0xb92cd4f8 0xb1f0e008 460800 1 -1191139904 0x5ce595bd
01-30 17:41:54.723   492 17150 E mm-camera: c2d_thread_handle_process_buf_event:190 input buf index 6
01-30 17:41:54.723   492 17150 E mm-camera: c2d_thread_handle_process_buf_event:207 input vaddr b3406000
01-30 17:41:54.733   492 17188 E AEC_PORT: aec_port_save_update:real_gain:1.000000 linecnt:751 exp_idx:224 cur_luma:-1610612736 led_est:1079059243
01-30 17:41:54.773   492 17150 E mm-camera: c2d_thread_handle_process_buf_event:190 input buf index 4
01-30 17:41:54.773   492 17150 E mm-camera: c2d_thread_handle_process_buf_event:207 input vaddr b34e8000
01-30 17:41:54.783   492 17188 E AEC_PORT: aec_port_save_update:real_gain:1.000000 linecnt:751 exp_idx:224 cur_luma:-2147483648 led_est:1079059148
01-30 17:41:54.823   492 17150 E mm-camera: c2d_thread_handle_process_buf_event:190 input buf index 5
01-30 17:41:54.823   492 17150 E mm-camera: c2d_thread_handle_process_buf_event:207 input vaddr b3477000
01-30 17:41:54.823   492 17188 E AEC_PORT: aec_port_save_update:real_gain:1.000000 linecnt:751 exp_idx:224 cur_luma:536870912 led_est:1079059405
01-30 17:41:54.853 16776 16974 D MobiFace:  DEBUG - [event] trackingInfo_cb
01-30 17:41:54.853 16776 16974 D MobiFace:  DEBUG - [event] positionInstruction_cb
01-30 17:41:54.853 16776 16974 D MobiFace:  DEBUG - pushImage2: 0
01-30 17:41:54.853 16776 16959 D MobiFace:  DEBUG - getPositionInfo
01-30 17:41:54.853 16776 16776 D MobiFace:  DEBUG - getChallenge
01-30 17:41:54.853 16776 16779 D MobiFace:  DEBUG - getChallengeInfo
01-30 17:41:54.853 15728 15728 I GeckoDump: Got analysisResult:0
01-30 17:41:54.853 15728 15728 I GeckoDump: Got analysisInfo:1
01-30 17:41:54.853 15728 15728 I GeckoDump: Got matchScore0
01-30 17:41:54.853 15728 15728 I GeckoDump: Got payload is null
01-30 17:41:54.853 16776 17231 D MobiFace:  DEBUG - [event] challenge2DInfo_cb
01-30 17:41:54.853 15728 15728 I GeckoDump: Got bestImage is null
01-30 17:41:54.853 16776 17229 D MobiFace:  DEBUG - [event] freeImage_cb
01-30 17:41:54.863 15728 17234 D FrServiceClient:  DEBUG - tiem taken: 12.000000
01-30 17:41:54.863 16776 16776 D MobiFace:  DEBUG - frameParams: 6 640 480 720 270
01-30 17:41:54.863 15728 17234 D FrServiceClient:  DEBUG - mobiFace_pushFrame frame 0xab601000 460800
01-30 17:41:54.863 15728 17234 D FrServiceClient:  DEBUG - IdemiaFrServiceImpl::StartFaceAnalysis: FrServiceClient 460800
01-30 17:41:54.873   492 17150 E mm-camera: c2d_thread_handle_process_buf_event:190 input buf index 6
01-30 17:41:54.873   492 17150 E mm-camera: c2d_thread_handle_process_buf_event:207 input vaddr b3406000
01-30 17:41:54.873   492 17188 E AEC_PORT: aec_port_save_update:real_gain:1.000000 linecnt:751 exp_idx:224 cur_luma:0 led_est:1079059564
01-30 17:41:54.883 16776 16779 D MobiFace:  DEBUG - pushImage2: 0xb8d54998 0xb92cd4f8 0xb1f0e008 460800 1 -1193988960 0x5ce83a78
01-30 17:41:54.923   492 17188 E AEC_PORT: aec_port_save_update:real_gain:1.000000 linecnt:751 exp_idx:224 cur_luma:1610612736 led_est:1079058954
01-30 17:41:54.923   492 17150 E mm-camera: c2d_thread_handle_process_buf_event:190 input buf index 4
01-30 17:41:54.923   492 17150 E mm-camera: c2d_thread_handle_process_buf_event:207 input vaddr b34e8000
01-30 17:41:54.973   492 17188 E AEC_PORT: aec_port_save_update:real_gain:1.000000 linecnt:751 exp_idx:224 cur_luma:-2147483648 led_est:1079059588
01-30 17:41:54.973   492 17150 E mm-camera: c2d_thread_handle_process_buf_event:190 input buf index 5
01-30 17:41:54.973   492 17150 E mm-camera: c2d_thread_handle_process_buf_event:207 input vaddr b3477000
01-30 17:41:55.023   492 17146 E         : dmlroc_entry  entering dmlroc_entry
01-30 17:41:55.023   492 17150 E mm-camera: c2d_thread_handle_process_buf_event:190 input buf index 6
01-30 17:41:55.023   492 17150 E mm-camera: c2d_thread_handle_process_buf_event:207 input vaddr b3406000
01-30 17:41:55.033 16776 16779 D MobiFace:  DEBUG - [event] trackingInfo_cb
01-30 17:41:55.033 16776 16779 D MobiFace:  DEBUG - [event] positionInstruction_cb
01-30 17:41:55.033 16776 17231 D MobiFace:  DEBUG - [event] challenge2DInfo_cb
01-30 17:41:55.033 16776 16779 D MobiFace:  DEBUG - pushImage2: 0
01-30 17:41:55.033 16776 16974 D MobiFace:  DEBUG - getPositionInfo
01-30 17:41:55.033 16776 17229 D MobiFace:  DEBUG - [event] freeImage_cb
01-30 17:41:55.033 16776 16959 D MobiFace:  DEBUG - getChallenge
01-30 17:41:55.033 16776 16776 D MobiFace:  DEBUG - getChallengeInfo
01-30 17:41:55.033 15728 17234 D FrServiceClient:  DEBUG - challenge2DInfo 0 0 - 0 109 - 181 246
01-30 17:41:55.043 15728 15728 I GeckoDump: Got analysisResult:0
01-30 17:41:55.043 15728 15728 I GeckoDump: Got analysisInfo:1
01-30 17:41:55.043 15728 15728 I GeckoDump: Got matchScore0
01-30 17:41:55.043 15728 15728 I GeckoDump: Got faceanalysisresults payload ![object Blob]
01-30 17:41:55.043 15728 15728 I GeckoDump: Got bestImage is null
01-30 17:41:55.043 15728 15728 I MobiFace: Content JS LOG:  contact.challengeInfo  ============{"challengeInfo":{"availableCurrentPosition":false,"current_x":0,"current_y":0,"stability":0,"availableTargetPosition":false,"currentTarget":0,"numTargets":0,"targets":[{"target_x":0,"target_y":109,"target_radius":45},{"target_x":181,"target_y":246,"target_radius":45},{"target_x":0,"target_y":0,"target_radius":0}]}} 
01-30 17:41:55.043 15728 15728 I MobiFace:     at startFaceRecognition/</</reader.onload (app://2ec57ac3-eee0-41a3-9d3f-e1b3e29e617f/js/livenesschallenge.js:163:29)
01-30 17:41:55.053 15728 17234 D FrServiceClient:  DEBUG - tiem taken: 13.000000
01-30 17:41:55.053 16776 16959 D MobiFace:  DEBUG - frameParams: 6 640 480 720 270
01-30 17:41:55.053 15728 17234 D FrServiceClient:  DEBUG - mobiFace_pushFrame frame 0xa9301000 460800
01-30 17:41:55.053 15728 17234 D FrServiceClient:  DEBUG - IdemiaFrServiceImpl::StartFaceAnalysis: FrServiceClient 460800
01-30 17:41:55.063 16776 16776 D MobiFace:  DEBUG - pushImage2: 0xb8d54998 0xb92cd4f8 0xb1f0e008 460800 1 -1193990000 0x5ceb00a3
01-30 17:41:55.073   492 17150 E mm-camera: c2d_thread_handle_process_buf_event:190 input buf index 4
01-30 17:41:55.073   492 17150 E mm-camera: c2d_thread_handle_process_buf_event:207 input vaddr b34e8000
01-30 17:41:55.073   492 17188 E AEC_PORT: aec_port_save_update:real_gain:1.000000 linecnt:751 exp_idx:224 cur_luma:-536870912 led_est:1079059127
01-30 17:41:55.123   492 17188 E AEC_PORT: aec_port_save_update:real_gain:1.000000 linecnt:751 exp_idx:224 cur_luma:-1610612736 led_est:1079060682
01-30 17:41:55.123   492 17150 E mm-camera: c2d_thread_handle_process_buf_event:190 input buf index 5
01-30 17:41:55.123   492 17150 E mm-camera: c2d_thread_handle_process_buf_event:207 input vaddr b3477000
01-30 17:41:55.173   492 17188 E AEC_PORT: aec_port_save_update:real_gain:1.000000 linecnt:751 exp_idx:224 cur_luma:-2147483648 led_est:1079060438
01-30 17:41:55.173   492 17150 E mm-camera: c2d_thread_handle_process_buf_event:190 input buf index 6
01-30 17:41:55.173   492 17150 E mm-camera: c2d_thread_handle_process_buf_event:207 input vaddr b3406000
01-30 17:41:55.203 16776 16776 D MobiFace:  DEBUG - [event] trackingInfo_cb
01-30 17:41:55.203 16776 16776 D MobiFace:  DEBUG - [event] positionInstruction_cb
01-30 17:41:55.203 16776 17231 D MobiFace:  DEBUG - [event] challenge2DInfo_cb
01-30 17:41:55.203 16776 16776 D MobiFace:  DEBUG - [event] freeImage_cb
01-30 17:41:55.203 16776 16776 D MobiFace:  DEBUG - pushImage2: 0
01-30 17:41:55.203 16776 16779 D MobiFace:  DEBUG - getPositionInfo
01-30 17:41:55.203 16776 16974 D MobiFace:  DEBUG - getChallenge
01-30 17:41:55.203 16776 16959 D MobiFace:  DEBUG - getChallengeInfo
01-30 17:41:55.203 15728 17234 D FrServiceClient:  DEBUG - challenge2DInfo 0 0 - 0 109 - 181 246
01-30 17:41:55.203 15728 15728 I GeckoDump: Got analysisResult:0
01-30 17:41:55.203 15728 15728 I GeckoDump: Got analysisInfo:1
01-30 17:41:55.203 15728 15728 I GeckoDump: Got matchScore0
01-30 17:41:55.203 15728 15728 I GeckoDump: Got faceanalysisresults payload ![object Blob]
01-30 17:41:55.203 15728 15728 I GeckoDump: Got bestImage is null
01-30 17:41:55.203 15728 15728 I MobiFace: Content JS LOG:  contact.challengeInfo  ============{"challengeInfo":{"availableCurrentPosition":false,"current_x":0,"current_y":0,"stability":0,"availableTargetPosition":false,"currentTarget":0,"numTargets":0,"targets":[{"target_x":0,"target_y":109,"target_radius":45},{"target_x":181,"target_y":246,"target_radius":45},{"target_x":0,"target_y":0,"target_radius":0}]}} 
01-30 17:41:55.203 15728 15728 I MobiFace:     at startFaceRecognition/</</reader.onload (app://2ec57ac3-eee0-41a3-9d3f-e1b3e29e617f/js/livenesschallenge.js:163:29)
01-30 17:41:55.213 15728 17234 D FrServiceClient:  DEBUG - tiem taken: 13.000000
01-30 17:41:55.213 16776 16974 D MobiFace:  DEBUG - frameParams: 6 640 480 720 270
01-30 17:41:55.213 15728 17234 D FrServiceClient:  DEBUG - mobiFace_pushFrame frame 0xa9372000 460800
01-30 17:41:55.213 15728 17234 D FrServiceClient:  DEBUG - IdemiaFrServiceImpl::StartFaceAnalysis: FrServiceClient 460800
01-30 17:41:55.223   492 17150 E mm-camera: c2d_thread_handle_process_buf_event:190 input buf index 4
01-30 17:41:55.223   492 17150 E mm-camera: c2d_thread_handle_process_buf_event:207 input vaddr b34e8000
01-30 17:41:55.223   492 17188 E AEC_PORT: aec_port_save_update:real_gain:1.000000 linecnt:751 exp_idx:224 cur_luma:1073741824 led_est:1079060488
01-30 17:41:55.233 16776 16959 D MobiFace:  DEBUG - pushImage2: 0xb8d54998 0xb92cd4f8 0xb1f0e008 460800 1 -1190936824 0x5ceda016
01-30 17:41:55.273   492 17188 E AEC_PORT: aec_port_save_update:real_gain:1.000000 linecnt:751 exp_idx:224 cur_luma:1073741824 led_est:1079060790
01-30 17:41:55.273   492 17150 E mm-camera: c2d_thread_handle_process_buf_event:190 input buf index 5
01-30 17:41:55.273   492 17150 E mm-camera: c2d_thread_handle_process_buf_event:207 input vaddr b3477000
01-30 17:41:55.313   492 17150 E mm-camera: c2d_thread_handle_process_buf_event:190 input buf index 6
01-30 17:41:55.313   492 17150 E mm-camera: c2d_thread_handle_process_buf_event:207 input vaddr b3406000
01-30 17:41:55.323   492 17188 E AEC_PORT: aec_port_save_update:real_gain:1.000000 linecnt:751 exp_idx:224 cur_luma:1073741824 led_est:1079060220
01-30 17:41:55.363   492 17150 E mm-camera: c2d_thread_handle_process_buf_event:190 input buf index 4
01-30 17:41:55.363   492 17150 E mm-camera: c2d_thread_handle_process_buf_event:207 input vaddr b34e8000
01-30 17:41:55.373   492 17188 E AEC_PORT: aec_port_save_update:real_gain:1.000000 linecnt:751 exp_idx:224 cur_luma:1073741824 led_est:1079060775
01-30 17:41:55.373 16776 16959 D MobiFace:  DEBUG - [event] trackingInfo_cb
01-30 17:41:55.373 16776 16959 D MobiFace:  DEBUG - [event] positionInstruction_cb
01-30 17:41:55.373 16776 17231 D MobiFace:  DEBUG - [event] challenge2DInfo_cb
01-30 17:41:55.373 16776 16959 D MobiFace:  DEBUG - pushImage2: 0
01-30 17:41:55.373 16776 16776 D MobiFace:  DEBUG - getPositionInfo
01-30 17:41:55.373 16776 17229 D MobiFace:  DEBUG - [event] freeImage_cb
01-30 17:41:55.373 16776 16974 D MobiFace:  DEBUG - getChallenge
01-30 17:41:55.373 16776 16776 D MobiFace:  DEBUG - getChallengeInfo
01-30 17:41:55.373 15728 17234 D FrServiceClient:  DEBUG - challenge2DInfo 0 0 - 0 109 - 181 246
01-30 17:41:55.373 15728 15728 I GeckoDump: Got analysisResult:0
01-30 17:41:55.373 15728 15728 I GeckoDump: Got analysisInfo:1
01-30 17:41:55.373 15728 15728 I GeckoDump: Got matchScore0
01-30 17:41:55.373 15728 15728 I GeckoDump: Got faceanalysisresults payload ![object Blob]
01-30 17:41:55.373 15728 15728 I GeckoDump: Got bestImage is null
01-30 17:41:55.383 15728 15728 I MobiFace: Content JS LOG:  contact.challengeInfo  ============{"challengeInfo":{"availableCurrentPosition":false,"current_x":0,"current_y":0,"stability":0,"availableTargetPosition":false,"currentTarget":0,"numTargets":0,"targets":[{"target_x":0,"target_y":109,"target_radius":45},{"target_x":181,"target_y":246,"target_radius":45},{"target_x":0,"target_y":0,"target_radius":0}]}} 
01-30 17:41:55.383 15728 15728 I MobiFace:     at startFaceRecognition/</</reader.onload (app://2ec57ac3-eee0-41a3-9d3f-e1b3e29e617f/js/livenesschallenge.js:163:29)
01-30 17:41:55.383 15728 17234 D FrServiceClient:  DEBUG - tiem taken: 13.000000
01-30 17:41:55.383 16776 16776 D MobiFace:  DEBUG - frameParams: 6 640 480 720 270
01-30 17:41:55.383 15728 17234 D FrServiceClient:  DEBUG - mobiFace_pushFrame frame 0xab601000 460800
01-30 17:41:55.383 15728 17234 D FrServiceClient:  DEBUG - IdemiaFrServiceImpl::StartFaceAnalysis: FrServiceClient 460800
01-30 17:41:55.403 16776 16779 D MobiFace:  DEBUG - pushImage2: 0xb8d54998 0xb92cd4f8 0xb1f0e008 460800 1 -1193988960 0x5cf01f6c
01-30 17:41:55.413   492 17188 E AEC_PORT: aec_port_save_update:real_gain:1.000000 linecnt:751 exp_idx:224 cur_luma:-2147483648 led_est:1079060662
01-30 17:41:55.423   492 17150 E mm-camera: c2d_thread_handle_process_buf_event:190 input buf index 5
01-30 17:41:55.423   492 17150 E mm-camera: c2d_thread_handle_process_buf_event:207 input vaddr b3477000
01-30 17:41:55.463   492 17150 E mm-camera: c2d_thread_handle_process_buf_event:190 input buf index 6
01-30 17:41:55.463   492 17150 E mm-camera: c2d_thread_handle_process_buf_event:207 input vaddr b3406000
01-30 17:41:55.473   492 17188 E AEC_PORT: aec_port_save_update:real_gain:1.000000 linecnt:751 exp_idx:224 cur_luma:0 led_est:1079060561
01-30 17:41:55.513   492 17146 E         : dmlroc_entry  entering dmlroc_entry
01-30 17:41:55.513   492 17150 E mm-camera: c2d_thread_handle_process_buf_event:190 input buf index 4
01-30 17:41:55.513   492 17150 E mm-camera: c2d_thread_handle_process_buf_event:207 input vaddr b34e8000
01-30 17:41:55.543 16776 16779 D MobiFace:  DEBUG - [event] trackingInfo_cb
01-30 17:41:55.543 16776 16779 D MobiFace:  DEBUG - [event] positionInstruction_cb
01-30 17:41:55.553 16776 16779 D MobiFace:  DEBUG - pushImage2: 0
01-30 17:41:55.553 16776 17231 D MobiFace:  DEBUG - [event] challenge2DInfo_cb
01-30 17:41:55.553 16776 17229 D MobiFace:  DEBUG - [event] freeImage_cb
01-30 17:41:55.553 16776 16959 D MobiFace:  DEBUG - getPositionInfo
01-30 17:41:55.553 16776 16974 D MobiFace:  DEBUG - getChallenge
01-30 17:41:55.553 16776 16776 D MobiFace:  DEBUG - getChallengeInfo
01-30 17:41:55.553 15728 17234 D FrServiceClient:  DEBUG - challenge2DInfo 0 0 - 0 109 - 181 246
01-30 17:41:55.553 15728 15728 I GeckoDump: Got analysisResult:0
01-30 17:41:55.553 15728 15728 I GeckoDump: Got analysisInfo:1
01-30 17:41:55.553 15728 15728 I GeckoDump: Got matchScore0
01-30 17:41:55.553 15728 15728 I GeckoDump: Got faceanalysisresults payload ![object Blob]
01-30 17:41:55.553 15728 15728 I GeckoDump: Got bestImage is null
01-30 17:41:55.553 15728 15728 I MobiFace: Content JS LOG:  contact.challengeInfo  ============{"challengeInfo":{"availableCurrentPosition":false,"current_x":0,"current_y":0,"stability":0,"availableTargetPosition":false,"currentTarget":0,"numTargets":0,"targets":[{"target_x":0,"target_y":109,"target_radius":45},{"target_x":181,"target_y":246,"target_radius":45},{"target_x":0,"target_y":0,"target_radius":0}]}} 
01-30 17:41:55.553 15728 15728 I MobiFace:     at startFaceRecognition/</</reader.onload (app://2ec57ac3-eee0-41a3-9d3f-e1b3e29e617f/js/livenesschallenge.js:163:29)
01-30 17:41:55.563 15728 17234 D FrServiceClient:  DEBUG - tiem taken: 13.000000
01-30 17:41:55.563 16776 16974 D MobiFace:  DEBUG - frameParams: 6 640 480 720 270
01-30 17:41:55.563 15728 17234 D FrServiceClient:  DEBUG - mobiFace_pushFrame frame 0xa9301000 460800
01-30 17:41:55.563   492 17188 E AEC_PORT: aec_port_save_update:real_gain:1.000000 linecnt:751 exp_idx:224 cur_luma:-1610612736 led_est:1079060967
01-30 17:41:55.563   492 17150 E mm-camera: c2d_thread_handle_process_buf_event:190 input buf index 5
01-30 17:41:55.563   492 17150 E mm-camera: c2d_thread_handle_process_buf_event:207 input vaddr b3477000
01-30 17:41:55.563 15728 17234 D FrServiceClient:  DEBUG - IdemiaFrServiceImpl::StartFaceAnalysis: FrServiceClient 460800
01-30 17:41:55.593 16776 16776 D MobiFace:  DEBUG - pushImage2: 0xb8d54998 0xb92cd4f8 0xb1f0e008 460800 1 -1193990000 0x5cf2feb5
01-30 17:41:55.623   492 17150 E mm-camera: c2d_thread_handle_process_buf_event:190 input buf index 6
01-30 17:41:55.623   492 17150 E mm-camera: c2d_thread_handle_process_buf_event:207 input vaddr b3406000
01-30 17:41:55.623   492 17188 E AEC_PORT: aec_port_save_update:real_gain:1.000000 linecnt:751 exp_idx:224 cur_luma:1610612736 led_est:1079060496
01-30 17:41:55.663   492 17188 E AEC_PORT: aec_port_save_update:real_gain:1.000000 linecnt:751 exp_idx:224 cur_luma:-536870912 led_est:1079060838
01-30 17:41:55.663   492 17150 E mm-camera: c2d_thread_handle_process_buf_event:190 input buf index 4
01-30 17:41:55.663   492 17150 E mm-camera: c2d_thread_handle_process_buf_event:207 input vaddr b34e8000
01-30 17:41:55.713   492 17188 E AEC_PORT: aec_port_save_update:real_gain:1.000000 linecnt:751 exp_idx:224 cur_luma:-1610612736 led_est:1079060462
01-30 17:41:55.713   492 17150 E mm-camera: c2d_thread_handle_process_buf_event:190 input buf index 5
01-30 17:41:55.713   492 17150 E mm-camera: c2d_thread_handle_process_buf_event:207 input vaddr b3477000
01-30 17:41:55.733 16776 16776 D MobiFace:  DEBUG - [event] trackingInfo_cb
01-30 17:41:55.733 16776 16776 D MobiFace:  DEBUG - [event] positionInstruction_cb
01-30 17:41:55.733 16776 17231 D MobiFace:  DEBUG - [event] challenge2DInfo_cb
01-30 17:41:55.733 16776 16776 D MobiFace:  DEBUG - pushImage2: 0
01-30 17:41:55.733 16776 16779 D MobiFace:  DEBUG - getPositionInfo
01-30 17:41:55.733 16776 17229 D MobiFace:  DEBUG - [event] freeImage_cb
01-30 17:41:55.733 16776 16959 D MobiFace:  DEBUG - getChallenge
01-30 17:41:55.733 16776 16959 D MobiFace:  DEBUG - getChallengeInfo
01-30 17:41:55.733 15728 17234 D FrServiceClient:  DEBUG - challenge2DInfo 0 0 - 0 109 - 181 246
01-30 17:41:55.733 15728 15728 I GeckoDump: Got analysisResult:0
01-30 17:41:55.733 15728 15728 I GeckoDump: Got analysisInfo:1
01-30 17:41:55.733 15728 15728 I GeckoDump: Got matchScore0
01-30 17:41:55.733 15728 15728 I GeckoDump: Got faceanalysisresults payload ![object Blob]
01-30 17:41:55.733 15728 15728 I GeckoDump: Got bestImage is null
01-30 17:41:55.743 15728 15728 I MobiFace: Content JS LOG:  contact.challengeInfo  ============{"challengeInfo":{"availableCurrentPosition":false,"current_x":0,"current_y":0,"stability":0,"availableTargetPosition":false,"currentTarget":0,"numTargets":0,"targets":[{"target_x":0,"target_y":109,"target_radius":45},{"target_x":181,"target_y":246,"target_radius":45},{"target_x":0,"target_y":0,"target_radius":0}]}} 
01-30 17:41:55.743 15728 15728 I MobiFace:     at startFaceRecognition/</</reader.onload (app://2ec57ac3-eee0-41a3-9d3f-e1b3e29e617f/js/livenesschallenge.js:163:29)
01-30 17:41:55.753 15728 17234 D FrServiceClient:  DEBUG - tiem taken: 13.000000
01-30 17:41:55.753 16776 16779 D MobiFace:  DEBUG - frameParams: 6 640 480 720 270
01-30 17:41:55.753 15728 17234 D FrServiceClient:  DEBUG - mobiFace_pushFrame frame 0xa9372000 460800
01-30 17:41:55.753 15728 17234 D FrServiceClient:  DEBUG - IdemiaFrServiceImpl::StartFaceAnalysis: FrServiceClient 460800
01-30 17:41:55.763   492 17188 E AEC_PORT: aec_port_save_update:real_gain:1.000000 linecnt:751 exp_idx:224 cur_luma:0 led_est:1079060664
01-30 17:41:55.763   492 17150 E mm-camera: c2d_thread_handle_process_buf_event:190 input buf index 6
01-30 17:41:55.763   492 17150 E mm-camera: c2d_thread_handle_process_buf_event:207 input vaddr b3406000
01-30 17:41:55.773 16776 16974 D MobiFace:  DEBUG - pushImage2: 0xb8d54998 0xb92cd4f8 0xb1f0e008 460800 1 -1191139904 0x5cf5da3c
01-30 17:41:55.813   492 17188 E AEC_PORT: aec_port_save_update:real_gain:1.000000 linecnt:751 exp_idx:224 cur_luma:0 led_est:1079060426
01-30 17:41:55.813   492 17150 E mm-camera: c2d_thread_handle_process_buf_event:190 input buf index 4
01-30 17:41:55.813   492 17150 E mm-camera: c2d_thread_handle_process_buf_event:207 input vaddr b34e8000
01-30 17:41:55.863   492 17188 E AEC_PORT: aec_port_save_update:real_gain:1.000000 linecnt:751 exp_idx:224 cur_luma:0 led_est:1079060581
01-30 17:41:55.863   492 17150 E mm-camera: c2d_thread_handle_process_buf_event:190 input buf index 5
01-30 17:41:55.863   492 17150 E mm-camera: c2d_thread_handle_process_buf_event:207 input vaddr b3477000
01-30 17:41:55.873 16776 16974 D MobiFace:  DEBUG - [event] trackingInfo_cb
01-30 17:41:55.873 16776 16974 D MobiFace:  DEBUG - [event] positionInstruction_cb
01-30 17:41:55.873 16776 17231 D MobiFace:  DEBUG - [event] challenge2DInfo_cb
01-30 17:41:55.873 16776 16974 D MobiFace:  DEBUG - pushImage2: 0
01-30 17:41:55.873 16776 16776 D MobiFace:  DEBUG - getPositionInfo
01-30 17:41:55.873 16776 17229 D MobiFace:  DEBUG - [event] freeImage_cb
01-30 17:41:55.873 16776 16959 D MobiFace:  DEBUG - getChallenge
01-30 17:41:55.873 16776 16779 D MobiFace:  DEBUG - getChallengeInfo
01-30 17:41:55.873 15728 17234 D FrServiceClient:  DEBUG - challenge2DInfo 0 0 - 0 109 - 181 246
01-30 17:41:55.873 15728 15728 I GeckoDump: Got analysisResult:0
01-30 17:41:55.873 15728 15728 I GeckoDump: Got analysisInfo:1
01-30 17:41:55.873 15728 15728 I GeckoDump: Got matchScore0
01-30 17:41:55.873 15728 15728 I GeckoDump: Got faceanalysisresults payload ![object Blob]
01-30 17:41:55.873 15728 15728 I GeckoDump: Got bestImage is null
01-30 17:41:55.883 15728 15728 I MobiFace: Content JS LOG:  contact.challengeInfo  ============{"challengeInfo":{"availableCurrentPosition":false,"current_x":0,"current_y":0,"stability":0,"availableTargetPosition":false,"currentTarget":0,"numTargets":0,"targets":[{"target_x":0,"target_y":109,"target_radius":45},{"target_x":181,"target_y":246,"target_radius":45},{"target_x":0,"target_y":0,"target_radius":0}]}} 
01-30 17:41:55.883 15728 15728 I MobiFace:     at startFaceRecognition/</</reader.onload (app://2ec57ac3-eee0-41a3-9d3f-e1b3e29e617f/js/livenesschallenge.js:163:29)
01-30 17:41:55.883 15728 17234 D FrServiceClient:  DEBUG - tiem taken: 13.000000
01-30 17:41:55.893 16776 16779 D MobiFace:  DEBUG - frameParams: 6 640 480 720 270
01-30 17:41:55.893 15728 17234 D FrServiceClient:  DEBUG - mobiFace_pushFrame frame 0xab601000 460800
01-30 17:41:55.893 15728 17234 D FrServiceClient:  DEBUG - IdemiaFrServiceImpl::StartFaceAnalysis: FrServiceClient 460800
01-30 17:41:55.903 16776 16776 D MobiFace:  DEBUG - pushImage2: 0xb8d54998 0xb92cd4f8 0xb1f0e008 460800 1 -1193990000 0x5cf7ce64
01-30 17:41:55.913   492 17188 E AEC_PORT: aec_port_save_update:real_gain:1.000000 linecnt:751 exp_idx:224 cur_luma:-1610612736 led_est:1079061021
01-30 17:41:55.913   492 17150 E mm-camera: c2d_thread_handle_process_buf_event:190 input buf index 6
01-30 17:41:55.913   492 17150 E mm-camera: c2d_thread_handle_process_buf_event:207 input vaddr b3406000
01-30 17:41:55.963   492 17188 E AEC_PORT: aec_port_save_update:real_gain:1.000000 linecnt:751 exp_idx:224 cur_luma:-1073741824 led_est:1079060840
01-30 17:41:55.963   492 17150 E mm-camera: c2d_thread_handle_process_buf_event:190 input buf index 4
01-30 17:41:55.963   492 17150 E mm-camera: c2d_thread_handle_process_buf_event:207 input vaddr b34e8000
01-30 17:41:56.003   492 17146 E         : dmlroc_entry  entering dmlroc_entry
01-30 17:41:56.013   492 17150 E mm-camera: c2d_thread_handle_process_buf_event:190 input buf index 5
01-30 17:41:56.013   492 17150 E mm-camera: c2d_thread_handle_process_buf_event:207 input vaddr b3477000
01-30 17:41:56.053 16776 16776 D MobiFace:  DEBUG - [event] trackingInfo_cb
01-30 17:41:56.053 16776 16776 D MobiFace:  DEBUG - [event] positionInstruction_cb
01-30 17:41:56.053 16776 17231 D MobiFace:  DEBUG - [event] challenge2DInfo_cb
01-30 17:41:56.053 16776 16776 D MobiFace:  DEBUG - pushImage2: 0
01-30 17:41:56.053 16776 17229 D MobiFace:  DEBUG - [event] freeImage_cb
01-30 17:41:56.053 16776 16974 D MobiFace:  DEBUG - getPositionInfo
01-30 17:41:56.053 16776 16959 D MobiFace:  DEBUG - getChallenge
01-30 17:41:56.053 16776 16779 D MobiFace:  DEBUG - getChallengeInfo
01-30 17:41:56.053 15728 17234 D FrServiceClient:  DEBUG - challenge2DInfo 0 0 - 0 109 - 181 246
01-30 17:41:56.053 15728 15728 I GeckoDump: Got analysisResult:0
01-30 17:41:56.053 15728 15728 I GeckoDump: Got analysisInfo:1
01-30 17:41:56.053 15728 15728 I GeckoDump: Got matchScore0
01-30 17:41:56.053 15728 15728 I GeckoDump: Got faceanalysisresults payload ![object Blob]
01-30 17:41:56.053 15728 15728 I GeckoDump: Got bestImage is null
01-30 17:41:56.063   492 17150 E mm-camera: c2d_thread_handle_process_buf_event:190 input buf index 6
01-30 17:41:56.063   492 17150 E mm-camera: c2d_thread_handle_process_buf_event:207 input vaddr b3406000
01-30 17:41:56.063   492 17188 E AEC_PORT: aec_port_save_update:real_gain:1.000000 linecnt:751 exp_idx:224 cur_luma:1610612736 led_est:1079060900
01-30 17:41:56.063 15728 15728 I MobiFace: Content JS LOG:  contact.challengeInfo  ============{"challengeInfo":{"availableCurrentPosition":false,"current_x":0,"current_y":0,"stability":0,"availableTargetPosition":false,"currentTarget":0,"numTargets":0,"targets":[{"target_x":0,"target_y":109,"target_radius":45},{"target_x":181,"target_y":246,"target_radius":45},{"target_x":0,"target_y":0,"target_radius":0}]}} 
01-30 17:41:56.063 15728 15728 I MobiFace:     at startFaceRecognition/</</reader.onload (app://2ec57ac3-eee0-41a3-9d3f-e1b3e29e617f/js/livenesschallenge.js:163:29)
01-30 17:41:56.063 15728 17234 D FrServiceClient:  DEBUG - tiem taken: 14.000000
01-30 17:41:56.063 16776 16959 D MobiFace:  DEBUG - frameParams: 6 640 480 720 270
01-30 17:41:56.073 15728 17234 D FrServiceClient:  DEBUG - mobiFace_pushFrame frame 0xa9301000 460800
01-30 17:41:56.073 15728 17234 D FrServiceClient:  DEBUG - IdemiaFrServiceImpl::StartFaceAnalysis: FrServiceClient 460800
01-30 17:41:56.083 16776 16779 D MobiFace:  DEBUG - pushImage2: 0xb8d54998 0xb92cd4f8 0xb1f0e008 460800 1 -1193988960 0x5cfa9460
01-30 17:41:56.113   492 17150 E mm-camera: c2d_thread_handle_process_buf_event:190 input buf index 4
01-30 17:41:56.113   492 17150 E mm-camera: c2d_thread_handle_process_buf_event:207 input vaddr b34e8000
01-30 17:41:56.123   492 17188 E AEC_PORT: aec_port_save_update:real_gain:1.000000 linecnt:751 exp_idx:224 cur_luma:-536870912 led_est:1079063301
01-30 17:41:56.153   492 17188 E AEC_PORT: aec_port_save_update:real_gain:1.000000 linecnt:751 exp_idx:224 cur_luma:-536870912 led_est:1079062898
01-30 17:41:56.163   492 17150 E mm-camera: c2d_thread_handle_process_buf_event:190 input buf index 5
01-30 17:41:56.163   492 17150 E mm-camera: c2d_thread_handle_process_buf_event:207 input vaddr b3477000
01-30 17:41:56.193 16776 16779 D MobiFace:  DEBUG - [event] trackingInfo_cb
01-30 17:41:56.193 16776 16779 D MobiFace:  DEBUG - [event] positionInstruction_cb
01-30 17:41:56.193 16776 17231 D MobiFace:  DEBUG - [event] challenge2DInfo_cb
01-30 17:41:56.193 16776 16779 D MobiFace:  DEBUG - pushImage2: 0
01-30 17:41:56.193 16776 17229 D MobiFace:  DEBUG - [event] freeImage_cb
01-30 17:41:56.193 16776 16776 D MobiFace:  DEBUG - getPositionInfo
01-30 17:41:56.193 16776 16974 D MobiFace:  DEBUG - getChallenge
01-30 17:41:56.193 16776 16959 D MobiFace:  DEBUG - getChallengeInfo
01-30 17:41:56.193 15728 17234 D FrServiceClient:  DEBUG - challenge2DInfo 0 0 - 0 109 - 181 246
01-30 17:41:56.193 15728 15728 I GeckoDump: Got analysisResult:0
01-30 17:41:56.193 15728 15728 I GeckoDump: Got analysisInfo:1
01-30 17:41:56.193 15728 15728 I GeckoDump: Got matchScore0
01-30 17:41:56.193 15728 15728 I GeckoDump: Got faceanalysisresults payload ![object Blob]
01-30 17:41:56.203 15728 15728 I GeckoDump: Got bestImage is null
01-30 17:41:56.203 15728 15728 I MobiFace: Content JS LOG:  contact.challengeInfo  ============{"challengeInfo":{"availableCurrentPosition":false,"current_x":0,"current_y":0,"stability":0,"availableTargetPosition":false,"currentTarget":0,"numTargets":0,"targets":[{"target_x":0,"target_y":109,"target_radius":45},{"target_x":181,"target_y":246,"target_radius":45},{"target_x":0,"target_y":0,"target_radius":0}]}} 
01-30 17:41:56.203 15728 15728 I MobiFace:     at startFaceRecognition/</</reader.onload (app://2ec57ac3-eee0-41a3-9d3f-e1b3e29e617f/js/livenesschallenge.js:163:29)
01-30 17:41:56.203 15728 17234 D FrServiceClient:  DEBUG - tiem taken: 14.000000
01-30 17:41:56.203 16776 16974 D MobiFace:  DEBUG - frameParams: 6 640 480 720 270
01-30 17:41:56.203 15728 17234 D FrServiceClient:  DEBUG - mobiFace_pushFrame frame 0xa9372000 460800
01-30 17:41:56.203 15728 17234 D FrServiceClient:  DEBUG - IdemiaFrServiceImpl::StartFaceAnalysis: FrServiceClient 460800
01-30 17:41:56.203   492 17188 E AEC_PORT: aec_port_save_update:real_gain:1.000000 linecnt:751 exp_idx:224 cur_luma:1610612736 led_est:1079063180
01-30 17:41:56.213   492 17150 E mm-camera: c2d_thread_handle_process_buf_event:190 input buf index 6
01-30 17:41:56.213   492 17150 E mm-camera: c2d_thread_handle_process_buf_event:207 input vaddr b3406000
01-30 17:41:56.233 16776 16959 D MobiFace:  DEBUG - pushImage2: 0xb8d54998 0xb92cd4f8 0xb1f0e008 460800 1 -1190936824 0x5cfcc519
01-30 17:41:56.253   492 17188 E AEC_PORT: aec_port_save_update:real_gain:1.000000 linecnt:751 exp_idx:224 cur_luma:-2147483648 led_est:1079063090
01-30 17:41:56.263   492 17150 E mm-camera: c2d_thread_handle_process_buf_event:190 input buf index 4
01-30 17:41:56.263   492 17150 E mm-camera: c2d_thread_handle_process_buf_event:207 input vaddr b34e8000
01-30 17:41:56.303   492 17150 E mm-camera: c2d_thread_handle_process_buf_event:190 input buf index 5
01-30 17:41:56.303   492 17150 E mm-camera: c2d_thread_handle_process_buf_event:207 input vaddr b3477000
01-30 17:41:56.303   492 17188 E AEC_PORT: aec_port_save_update:real_gain:1.000000 linecnt:751 exp_idx:224 cur_luma:1073741824 led_est:1079063157
01-30 17:41:56.353   492 17188 E AEC_PORT: aec_port_save_update:real_gain:1.000000 linecnt:751 exp_idx:224 cur_luma:1073741824 led_est:1079063276
01-30 17:41:56.353   492 17150 E mm-camera: c2d_thread_handle_process_buf_event:190 input buf index 6
01-30 17:41:56.353   492 17150 E mm-camera: c2d_thread_handle_process_buf_event:207 input vaddr b3406000
01-30 17:41:56.373 16776 16959 D MobiFace:  DEBUG - [event] trackingInfo_cb
01-30 17:41:56.373 16776 16959 D MobiFace:  DEBUG - [event] positionInstruction_cb
01-30 17:41:56.373 16776 16959 D MobiFace:  DEBUG - pushImage2: 0
01-30 17:41:56.373 16776 16779 D MobiFace:  DEBUG - getPositionInfo
01-30 17:41:56.373 16776 16776 D MobiFace:  DEBUG - getChallenge
01-30 17:41:56.373 16776 17229 D MobiFace:  DEBUG - [event] freeImage_cb
01-30 17:41:56.373 16776 17231 D MobiFace:  DEBUG - [event] challenge2DInfo_cb
01-30 17:41:56.373 16776 16974 D MobiFace:  DEBUG - getChallengeInfo
01-30 17:41:56.373 15728 17234 D FrServiceClient:  DEBUG - challenge2DInfo 0 0 - 0 109 - 181 246
01-30 17:41:56.373 15728 15728 I GeckoDump: Got analysisResult:0
01-30 17:41:56.373 15728 15728 I GeckoDump: Got analysisInfo:1
01-30 17:41:56.373 15728 15728 I GeckoDump: Got matchScore0
01-30 17:41:56.373 15728 15728 I GeckoDump: Got faceanalysisresults payload ![object Blob]
01-30 17:41:56.373 15728 15728 I GeckoDump: Got bestImage is null
01-30 17:41:56.383 15728 15728 I MobiFace: Content JS LOG:  contact.challengeInfo  ============{"challengeInfo":{"availableCurrentPosition":false,"current_x":0,"current_y":0,"stability":0,"availableTargetPosition":false,"currentTarget":0,"numTargets":0,"targets":[{"target_x":0,"target_y":109,"target_radius":45},{"target_x":181,"target_y":246,"target_radius":45},{"target_x":0,"target_y":0,"target_radius":0}]}} 
01-30 17:41:56.383 15728 15728 I MobiFace:     at startFaceRecognition/</</reader.onload (app://2ec57ac3-eee0-41a3-9d3f-e1b3e29e617f/js/livenesschallenge.js:163:29)
01-30 17:41:56.383 15728 17234 D FrServiceClient:  DEBUG - tiem taken: 14.000000
01-30 17:41:56.383 16776 16974 D MobiFace:  DEBUG - frameParams: 6 640 480 720 270
01-30 17:41:56.393 15728 17234 D FrServiceClient:  DEBUG - mobiFace_pushFrame frame 0xab601000 460800
01-30 17:41:56.393 15728 17234 D FrServiceClient:  DEBUG - IdemiaFrServiceImpl::StartFaceAnalysis: FrServiceClient 460800
01-30 17:41:56.403   492 17150 E mm-camera: c2d_thread_handle_process_buf_event:190 input buf index 4
01-30 17:41:56.403   492 17150 E mm-camera: c2d_thread_handle_process_buf_event:207 input vaddr b34e8000
01-30 17:41:56.403   492 17188 E AEC_PORT: aec_port_save_update:real_gain:1.000000 linecnt:751 exp_idx:224 cur_luma:-1610612736 led_est:1079062861
01-30 17:41:56.403 16776 16776 D MobiFace:  DEBUG - pushImage2: 0xb8d54998 0xb92cd4f8 0xb1f0e008 460800 1 -1193990000 0x5cff728e
01-30 17:41:55.1477     1     1 I KERNEL  : [ 6861.759523] init: Starting service 'updater-daemon'...
01-30 17:41:55.1496     1     1 I KERNEL  : [ 6861.778911] init: Service 'updater-daemon' (pid 17245) exited with status 127
01-30 17:41:55.1496     1     1 I KERNEL  : [ 6861.778985] init: Service 'updater-daemon' (pid 17245) killing any children in process group
01-30 17:41:56.453   492 17188 E AEC_PORT: aec_port_save_update:real_gain:1.000000 linecnt:751 exp_idx:224 cur_luma:0 led_est:1079063271
01-30 17:41:56.453   492 17150 E mm-camera: c2d_thread_handle_process_buf_event:190 input buf index 5
01-30 17:41:56.453   492 17150 E mm-camera: c2d_thread_handle_process_buf_event:207 input vaddr b3477000
01-30 17:41:56.503   492 17146 E         : dmlroc_entry  entering dmlroc_entry
01-30 17:41:56.503   492 17150 E mm-camera: c2d_thread_handle_process_buf_event:190 input buf index 6
01-30 17:41:56.503   492 17150 E mm-camera: c2d_thread_handle_process_buf_event:207 input vaddr b3406000
01-30 17:41:56.543 16776 16776 D MobiFace:  DEBUG - [event] trackingInfo_cb
01-30 17:41:56.543 16776 16776 D MobiFace:  DEBUG - [event] positionInstruction_cb
01-30 17:41:56.553 16776 17231 D MobiFace:  DEBUG - [event] challenge2DInfo_cb
01-30 17:41:56.553 16776 16776 D MobiFace:  DEBUG - pushImage2: 0
01-30 17:41:56.553 16776 17229 D MobiFace:  DEBUG - [event] freeImage_cb
01-30 17:41:56.553 16776 16959 D MobiFace:  DEBUG - getPositionInfo
01-30 17:41:56.553 16776 16779 D MobiFace:  DEBUG - getChallenge
01-30 17:41:56.553   492 17150 E mm-camera: c2d_thread_handle_process_buf_event:190 input buf index 4
01-30 17:41:56.553   492 17150 E mm-camera: c2d_thread_handle_process_buf_event:207 input vaddr b34e8000
