01-30 17:41:56.553   492 17188 E AEC_PORT: aec_port_save_update:real_gain:1.000000 linecnt:751 exp_idx:224 cur_luma:1073741824 led_est:1079063100
01-30 17:41:56.553 16776 16974 D MobiFace:  DEBUG - getChallengeInfo
01-30 17:41:56.553 15728 17234 D FrServiceClient:  DEBUG - challenge2DInfo 0 0 - 0 109 - 181 246
01-30 17:41:56.553 15728 15728 I GeckoDump: Got analysisResult:0
01-30 17:41:56.553 15728 15728 I GeckoDump: Got analysisInfo:1
01-30 17:41:56.553 15728 15728 I GeckoDump: Got matchScore0
01-30 17:41:56.553 15728 15728 I GeckoDump: Got faceanalysisresults payload ![object Blob]
01-30 17:41:56.553 15728 15728 I GeckoDump: Got bestImage is null
01-30 17:41:56.563 15728 15728 I MobiFace: Content JS LOG:  contact.challengeInfo  ============{"challengeInfo":{"availableCurrentPosition":false,"current_x":0,"current_y":0,"stability":0,"availableTargetPosition":false,"currentTarget":0,"numTargets":0,"targets":[{"target_x":0,"target_y":109,"target_radius":45},{"target_x":181,"target_y":246,"target_radius":45},{"target_x":0,"target_y":0,"target_radius":0}]}} 
01-30 17:41:56.563 15728 15728 I MobiFace:     at startFaceRecognition/</</reader.onload (app://2ec57ac3-eee0-41a3-9d3f-e1b3e29e617f/js/livenesschallenge.js:163:29)
01-30 17:41:56.563 15728 17234 D FrServiceClient:  DEBUG - tiem taken: 14.000000
01-30 17:41:56.563 16776 16779 D MobiFace:  DEBUG - frameParams: 6 640 480 720 270
01-30 17:41:56.563 15728 17234 D FrServiceClient:  DEBUG - mobiFace_pushFrame frame 0xa9301000 460800
01-30 17:41:56.563 15728 17234 D FrServiceClient:  DEBUG - IdemiaFrServiceImpl::StartFaceAnalysis: FrServiceClient 460800
01-30 17:41:56.583 16776 16974 D MobiFace:  DEBUG - pushImage2: 0xb8d54998 0xb92cd4f8 0xb1f0e008 460800 1 -1191139904 0x5d0220c0
01-30 17:41:56.603   492 17188 E AEC_PORT: aec_port_save_update:real_gain:1.000000 linecnt:751 exp_idx:224 cur_luma:-1073741824 led_est:1079055553
01-30 17:41:56.603   492 17150 E mm-camera: c2d_thread_handle_process_buf_event:190 input buf index 5
01-30 17:41:56.603   492 17150 E mm-camera: c2d_thread_handle_process_buf_event:207 input vaddr b3477000
01-30 17:41:56.653   492 17188 E AEC_PORT: aec_port_save_update:real_gain:1.000000 linecnt:751 exp_idx:224 cur_luma:-1073741824 led_est:1079055605
01-30 17:41:56.653   492 17150 E mm-camera: c2d_thread_handle_process_buf_event:190 input buf index 6
01-30 17:41:56.653   492 17150 E mm-camera: c2d_thread_handle_process_buf_event:207 input vaddr b3406000
01-30 17:41:56.703   492 17188 E AEC_PORT: aec_port_save_update:real_gain:1.000000 linecnt:751 exp_idx:224 cur_luma:-536870912 led_est:1079055145
01-30 17:41:56.703   492 17150 E mm-camera: c2d_thread_handle_process_buf_event:190 input buf index 4
01-30 17:41:56.703   492 17150 E mm-camera: c2d_thread_handle_process_buf_event:207 input vaddr b34e8000
01-30 17:41:56.713 16776 16974 D MobiFace:  DEBUG - [event] trackingInfo_cb
01-30 17:41:56.713 16776 16974 D MobiFace:  DEBUG - [event] positionInstruction_cb
01-30 17:41:56.713 16776 17231 D MobiFace:  DEBUG - [event] challenge2DInfo_cb
01-30 17:41:56.713 16776 16974 D MobiFace:  DEBUG - pushImage2: 0
01-30 17:41:56.723 16776 17229 D MobiFace:  DEBUG - [event] freeImage_cb
01-30 17:41:56.723 16776 16776 D MobiFace:  DEBUG - getPositionInfo
01-30 17:41:56.723 16776 16959 D MobiFace:  DEBUG - getChallenge
01-30 17:41:56.723 16776 16779 D MobiFace:  DEBUG - getChallengeInfo
01-30 17:41:56.723 15728 17234 D FrServiceClient:  DEBUG - challenge2DInfo 0 0 - 0 109 - 181 246
01-30 17:41:56.723 15728 15728 I GeckoDump: Got analysisResult:0
01-30 17:41:56.723 15728 15728 I GeckoDump: Got analysisInfo:1
01-30 17:41:56.723 15728 15728 I GeckoDump: Got matchScore0
01-30 17:41:56.723 15728 15728 I GeckoDump: Got faceanalysisresults payload ![object Blob]
01-30 17:41:56.723 15728 15728 I GeckoDump: Got bestImage is null
01-30 17:41:56.723 15728 15728 I MobiFace: Content JS LOG:  contact.challengeInfo  ============{"challengeInfo":{"availableCurrentPosition":false,"current_x":0,"current_y":0,"stability":0,"availableTargetPosition":false,"currentTarget":0,"numTargets":0,"targets":[{"target_x":0,"target_y":109,"target_radius":45},{"target_x":181,"target_y":246,"target_radius":45},{"target_x":0,"target_y":0,"target_radius":0}]}} 
01-30 17:41:56.723 15728 15728 I MobiFace:     at startFaceRecognition/</</reader.onload (app://2ec57ac3-eee0-41a3-9d3f-e1b3e29e617f/js/livenesschallenge.js:163:29)
01-30 17:41:56.733 15728 17234 D FrServiceClient:  DEBUG - tiem taken: 14.000000
01-30 17:41:56.733 16776 16959 D MobiFace:  DEBUG - frameParams: 6 640 480 720 270
01-30 17:41:56.733 15728 17234 D FrServiceClient:  DEBUG - mobiFace_pushFrame frame 0xa9372000 460800
01-30 17:41:56.733 15728 17234 D FrServiceClient:  DEBUG - IdemiaFrServiceImpl::StartFaceAnalysis: FrServiceClient 460800
01-30 17:41:56.753   492 17150 E mm-camera: c2d_thread_handle_process_buf_event:190 input buf index 5
01-30 17:41:56.753   492 17150 E mm-camera: c2d_thread_handle_process_buf_event:207 input vaddr b3477000
01-30 17:41:56.753   492 17188 E AEC_PORT: aec_port_save_update:real_gain:1.000000 linecnt:751 exp_idx:224 cur_luma:1610612736 led_est:1079055153
01-30 17:41:56.753 16776 16779 D MobiFace:  DEBUG - pushImage2: 0xb8d54998 0xb92cd4f8 0xb1f0e008 460800 1 -1193988960 0x5d04c4b0
01-30 17:41:56.803   492 17188 E AEC_PORT: aec_port_save_update:real_gain:1.000000 linecnt:751 exp_idx:224 cur_luma:-2147483648 led_est:1079055319
01-30 17:41:56.803   492 17150 E mm-camera: c2d_thread_handle_process_buf_event:190 input buf index 6
01-30 17:41:56.803   492 17150 E mm-camera: c2d_thread_handle_process_buf_event:207 input vaddr b3406000
01-30 17:41:56.853   492 17150 E mm-camera: c2d_thread_handle_process_buf_event:190 input buf index 4
01-30 17:41:56.853   492 17150 E mm-camera: c2d_thread_handle_process_buf_event:207 input vaddr b34e8000
01-30 17:41:56.853   492 17188 E AEC_PORT: aec_port_save_update:real_gain:1.000000 linecnt:751 exp_idx:224 cur_luma:1610612736 led_est:1079055523
01-30 17:41:56.863 16776 16779 D MobiFace:  DEBUG - [event] trackingInfo_cb
01-30 17:41:56.863 16776 16779 D MobiFace:  DEBUG - [event] positionInstruction_cb
01-30 17:41:56.863 16776 17231 D MobiFace:  DEBUG - [event] challenge2DInfo_cb
01-30 17:41:56.863 16776 16779 D MobiFace:  DEBUG - pushImage2: 0
01-30 17:41:56.863 16776 17229 D MobiFace:  DEBUG - [event] freeImage_cb
01-30 17:41:56.863 16776 16974 D MobiFace:  DEBUG - getPositionInfo
01-30 17:41:56.863 16776 16959 D MobiFace:  DEBUG - getChallenge
01-30 17:41:56.863 16776 16776 D MobiFace:  DEBUG - getChallengeInfo
01-30 17:41:56.863 15728 17234 D FrServiceClient:  DEBUG - challenge2DInfo 0 0 - 0 109 - 181 246
01-30 17:41:56.863 15728 15728 I GeckoDump: Got analysisResult:0
01-30 17:41:56.863 15728 15728 I GeckoDump: Got analysisInfo:1
01-30 17:41:56.863 15728 15728 I GeckoDump: Got matchScore0
01-30 17:41:56.863 15728 15728 I GeckoDump: Got faceanalysisresults payload ![object Blob]
01-30 17:41:56.863 15728 15728 I GeckoDump: Got bestImage is null
01-30 17:41:56.873 15728 15728 I MobiFace: Content JS LOG:  contact.challengeInfo  ============{"challengeInfo":{"availableCurrentPosition":false,"current_x":0,"current_y":0,"stability":0,"availableTargetPosition":false,"currentTarget":0,"numTargets":0,"targets":[{"target_x":0,"target_y":109,"target_radius":45},{"target_x":181,"target_y":246,"target_radius":45},{"target_x":0,"target_y":0,"target_radius":0}]}} 
01-30 17:41:56.873 15728 15728 I MobiFace:     at startFaceRecognition/</</reader.onload (app://2ec57ac3-eee0-41a3-9d3f-e1b3e29e617f/js/livenesschallenge.js:163:29)
01-30 17:41:56.873 15728 17234 D FrServiceClient:  DEBUG - tiem taken: 14.000000
01-30 17:41:56.873 16776 16959 D MobiFace:  DEBUG - frameParams: 6 640 480 720 270
01-30 17:41:56.873 15728 17234 D FrServiceClient:  DEBUG - mobiFace_pushFrame frame 0xab601000 460800
01-30 17:41:56.873 15728 17234 D FrServiceClient:  DEBUG - IdemiaFrServiceImpl::StartFaceAnalysis: FrServiceClient 460800
01-30 17:41:56.893   492 17150 E mm-camera: c2d_thread_handle_process_buf_event:190 input buf index 5
01-30 17:41:56.893   492 17150 E mm-camera: c2d_thread_handle_process_buf_event:207 input vaddr b3477000
01-30 17:41:56.903   492 17188 E AEC_PORT: aec_port_save_update:real_gain:1.000000 linecnt:751 exp_idx:224 cur_luma:-536870912 led_est:1079055399
01-30 17:41:56.903 16776 16776 D MobiFace:  DEBUG - pushImage2: 0xb8d54998 0xb92cd4f8 0xb1f0e008 460800 1 -1193990000 0x5d07041f
01-30 17:41:56.943   492 17188 E AEC_PORT: aec_port_save_update:real_gain:1.000000 linecnt:751 exp_idx:224 cur_luma:-536870912 led_est:1079055171
01-30 17:41:56.953   492 17150 E mm-camera: c2d_thread_handle_process_buf_event:190 input buf index 6
01-30 17:41:56.953   492 17150 E mm-camera: c2d_thread_handle_process_buf_event:207 input vaddr b3406000
01-30 17:41:56.993   492 17146 E         : dmlroc_entry  entering dmlroc_entry
01-30 17:41:56.993   492 17150 E mm-camera: c2d_thread_handle_process_buf_event:190 input buf index 4
01-30 17:41:56.993   492 17150 E mm-camera: c2d_thread_handle_process_buf_event:207 input vaddr b34e8000
01-30 17:41:57.043 16776 16776 D MobiFace:  DEBUG - [event] trackingInfo_cb
01-30 17:41:57.043 16776 16776 D MobiFace:  DEBUG - [event] positionInstruction_cb
01-30 17:41:57.043 16776 17231 D MobiFace:  DEBUG - [event] challenge2DInfo_cb
01-30 17:41:57.043 16776 16776 D MobiFace:  DEBUG - pushImage2: 0
01-30 17:41:57.043 16776 17229 D MobiFace:  DEBUG - [event] freeImage_cb
01-30 17:41:57.043 16776 16779 D MobiFace:  DEBUG - getPositionInfo
01-30 17:41:57.043 16776 16959 D MobiFace:  DEBUG - getChallenge
01-30 17:41:57.043 16776 16974 D MobiFace:  DEBUG - getChallengeInfo
01-30 17:41:57.043 15728 17234 D FrServiceClient:  DEBUG - challenge2DInfo 0 0 - 0 109 - 181 246
01-30 17:41:57.043   492 17150 E mm-camera: c2d_thread_handle_process_buf_event:190 input buf index 5
01-30 17:41:57.043   492 17150 E mm-camera: c2d_thread_handle_process_buf_event:207 input vaddr b3477000
01-30 17:41:57.053   492 17188 E AEC_PORT: aec_port_save_update:real_gain:1.000000 linecnt:751 exp_idx:224 cur_luma:-2147483648 led_est:1079055045
01-30 17:41:57.053 15728 15728 I GeckoDump: Got analysisResult:0
01-30 17:41:57.053 15728 15728 I GeckoDump: Got analysisInfo:1
01-30 17:41:57.053 15728 15728 I GeckoDump: Got matchScore0
01-30 17:41:57.053 15728 15728 I GeckoDump: Got faceanalysisresults payload ![object Blob]
01-30 17:41:57.053 15728 15728 I GeckoDump: Got bestImage is null
01-30 17:41:57.053 15728 15728 I MobiFace: Content JS LOG:  contact.challengeInfo  ============{"challengeInfo":{"availableCurrentPosition":false,"current_x":0,"current_y":0,"stability":0,"availableTargetPosition":false,"currentTarget":0,"numTargets":0,"targets":[{"target_x":0,"target_y":109,"target_radius":45},{"target_x":181,"target_y":246,"target_radius":45},{"target_x":0,"target_y":0,"target_radius":0}]}} 
01-30 17:41:57.053 15728 15728 I MobiFace:     at startFaceRecognition/</</reader.onload (app://2ec57ac3-eee0-41a3-9d3f-e1b3e29e617f/js/livenesschallenge.js:163:29)
01-30 17:41:57.053 15728 17234 D FrServiceClient:  DEBUG - tiem taken: 15.000000
01-30 17:41:57.053 16776 16974 D MobiFace:  DEBUG - frameParams: 6 640 480 720 270
01-30 17:41:57.053 15728 17234 D FrServiceClient:  DEBUG - mobiFace_pushFrame frame 0xa9301000 460800
01-30 17:41:57.053 15728 17234 D FrServiceClient:  DEBUG - IdemiaFrServiceImpl::StartFaceAnalysis: FrServiceClient 460800
01-30 17:41:57.073 16776 16959 D MobiFace:  DEBUG - pushImage2: 0xb8d54998 0xb92cd4f8 0xb1f0e008 460800 1 -1190936824 0x5d0998f6
01-30 17:41:57.093   492 17188 E AEC_PORT: aec_port_save_update:real_gain:1.000000 linecnt:751 exp_idx:224 cur_luma:1073741824 led_est:1079061159
01-30 17:41:57.103   492 17150 E mm-camera: c2d_thread_handle_process_buf_event:190 input buf index 6
01-30 17:41:57.103   492 17150 E mm-camera: c2d_thread_handle_process_buf_event:207 input vaddr b3406000
01-30 17:41:57.143   492 17188 E AEC_PORT: aec_port_save_update:real_gain:1.000000 linecnt:751 exp_idx:224 cur_luma:-536870912 led_est:1079061252
01-30 17:41:57.143   492 17150 E mm-camera: c2d_thread_handle_process_buf_event:190 input buf index 4
01-30 17:41:57.143   492 17150 E mm-camera: c2d_thread_handle_process_buf_event:207 input vaddr b34e8000
01-30 17:41:57.193   492 17188 E AEC_PORT: aec_port_save_update:real_gain:1.000000 linecnt:751 exp_idx:224 cur_luma:-2147483648 led_est:1079061136
01-30 17:41:57.193   492 17150 E mm-camera: c2d_thread_handle_process_buf_event:190 input buf index 5
01-30 17:41:57.193   492 17150 E mm-camera: c2d_thread_handle_process_buf_event:207 input vaddr b3477000
01-30 17:41:57.203 16776 16959 D MobiFace:  DEBUG - [event] trackingInfo_cb
01-30 17:41:57.203 16776 16959 D MobiFace:  DEBUG - [event] positionInstruction_cb
01-30 17:41:57.203 16776 16959 D MobiFace:  DEBUG - pushImage2: 0
01-30 17:41:57.203 16776 17231 D MobiFace:  DEBUG - [event] challenge2DInfo_cb
01-30 17:41:57.203 16776 16779 D MobiFace:  DEBUG - getPositionInfo
01-30 17:41:57.203 16776 17229 D MobiFace:  DEBUG - [event] freeImage_cb
01-30 17:41:57.203 16776 16776 D MobiFace:  DEBUG - getChallenge
01-30 17:41:57.203 16776 16779 D MobiFace:  DEBUG - getChallengeInfo
01-30 17:41:57.203 15728 17234 D FrServiceClient:  DEBUG - challenge2DInfo 0 0 - 0 109 - 181 246
01-30 17:41:57.203 15728 15728 I GeckoDump: Got analysisResult:0
01-30 17:41:57.203 15728 15728 I GeckoDump: Got analysisInfo:1
01-30 17:41:57.203 15728 15728 I GeckoDump: Got matchScore0
01-30 17:41:57.203 15728 15728 I GeckoDump: Got faceanalysisresults payload ![object Blob]
01-30 17:41:57.203 15728 15728 I GeckoDump: Got bestImage is null
01-30 17:41:57.213 15728 15728 I MobiFace: Content JS LOG:  contact.challengeInfo  ============{"challengeInfo":{"availableCurrentPosition":false,"current_x":0,"current_y":0,"stability":0,"availableTargetPosition":false,"currentTarget":0,"numTargets":0,"targets":[{"target_x":0,"target_y":109,"target_radius":45},{"target_x":181,"target_y":246,"target_radius":45},{"target_x":0,"target_y":0,"target_radius":0}]}} 
01-30 17:41:57.213 15728 15728 I MobiFace:     at startFaceRecognition/</</reader.onload (app://2ec57ac3-eee0-41a3-9d3f-e1b3e29e617f/js/livenesschallenge.js:163:29)
01-30 17:41:57.213 15728 17234 D FrServiceClient:  DEBUG - tiem taken: 15.000000
01-30 17:41:57.213 16776 16974 D MobiFace:  DEBUG - frameParams: 6 640 480 720 270
01-30 17:41:57.213 15728 17234 D FrServiceClient:  DEBUG - mobiFace_pushFrame frame 0xa9372000 460800
01-30 17:41:57.213 15728 17234 D FrServiceClient:  DEBUG - IdemiaFrServiceImpl::StartFaceAnalysis: FrServiceClient 460800
01-30 17:41:57.233 16776 16779 D MobiFace:  DEBUG - pushImage2: 0xb8d54998 0xb92cd4f8 0xb1f0e008 460800 1 -1193988960 0x5d0c160c
01-30 17:41:57.243   492 17188 E AEC_PORT: aec_port_save_update:real_gain:1.000000 linecnt:751 exp_idx:224 cur_luma:0 led_est:1079060977
01-30 17:41:57.243   492 17150 E mm-camera: c2d_thread_handle_process_buf_event:190 input buf index 6
01-30 17:41:57.243   492 17150 E mm-camera: c2d_thread_handle_process_buf_event:207 input vaddr b3406000
01-30 17:41:57.293   492 17150 E mm-camera: c2d_thread_handle_process_buf_event:190 input buf index 4
01-30 17:41:57.293   492 17150 E mm-camera: c2d_thread_handle_process_buf_event:207 input vaddr b34e8000
01-30 17:41:57.293   492 17188 E AEC_PORT: aec_port_save_update:real_gain:1.000000 linecnt:751 exp_idx:224 cur_luma:536870912 led_est:1079061096
01-30 17:41:57.343   492 17188 E AEC_PORT: aec_port_save_update:real_gain:1.000000 linecnt:751 exp_idx:224 cur_luma:-1610612736 led_est:1079061076
01-30 17:41:57.343   492 17150 E mm-camera: c2d_thread_handle_process_buf_event:190 input buf index 5
01-30 17:41:57.343   492 17150 E mm-camera: c2d_thread_handle_process_buf_event:207 input vaddr b3477000
01-30 17:41:57.373 16776 16779 D MobiFace:  DEBUG - [event] trackingInfo_cb
01-30 17:41:57.373 16776 16779 D MobiFace:  DEBUG - [event] positionInstruction_cb
01-30 17:41:57.373 16776 17231 D MobiFace:  DEBUG - [event] challenge2DInfo_cb
01-30 17:41:57.373 16776 16779 D MobiFace:  DEBUG - pushImage2: 0
01-30 17:41:57.373 16776 17229 D MobiFace:  DEBUG - [event] freeImage_cb
01-30 17:41:57.373 16776 16959 D MobiFace:  DEBUG - getPositionInfo
01-30 17:41:57.373 16776 16776 D MobiFace:  DEBUG - getChallenge
01-30 17:41:57.373 16776 16974 D MobiFace:  DEBUG - getChallengeInfo
01-30 17:41:57.373 15728 17234 D FrServiceClient:  DEBUG - challenge2DInfo 0 0 - 0 109 - 181 246
01-30 17:41:57.373 15728 15728 I GeckoDump: Got analysisResult:0
01-30 17:41:57.383 15728 15728 I GeckoDump: Got analysisInfo:1
01-30 17:41:57.383 15728 15728 I GeckoDump: Got matchScore0
01-30 17:41:57.383 15728 15728 I GeckoDump: Got faceanalysisresults payload ![object Blob]
01-30 17:41:57.383 15728 15728 I GeckoDump: Got bestImage is null
01-30 17:41:57.383 15728 15728 I MobiFace: Content JS LOG:  contact.challengeInfo  ============{"challengeInfo":{"availableCurrentPosition":false,"current_x":0,"current_y":0,"stability":0,"availableTargetPosition":false,"currentTarget":0,"numTargets":0,"targets":[{"target_x":0,"target_y":109,"target_radius":45},{"target_x":181,"target_y":246,"target_radius":45},{"target_x":0,"target_y":0,"target_radius":0}]}} 
01-30 17:41:57.383 15728 15728 I MobiFace:     at startFaceRecognition/</</reader.onload (app://2ec57ac3-eee0-41a3-9d3f-e1b3e29e617f/js/livenesschallenge.js:163:29)
01-30 17:41:57.393 15728 17234 D FrServiceClient:  DEBUG - tiem taken: 15.000000
01-30 17:41:57.393   492 17188 E AEC_PORT: aec_port_save_update:real_gain:1.000000 linecnt:751 exp_idx:224 cur_luma:1610612736 led_est:1079061254
01-30 17:41:57.393   492 17150 E mm-camera: c2d_thread_handle_process_buf_event:190 input buf index 6
01-30 17:41:57.393   492 17150 E mm-camera: c2d_thread_handle_process_buf_event:207 input vaddr b3406000
01-30 17:41:57.393 16776 16776 D MobiFace:  DEBUG - frameParams: 6 640 480 720 270
01-30 17:41:57.393 15728 17234 D FrServiceClient:  DEBUG - mobiFace_pushFrame frame 0xab601000 460800
01-30 17:41:57.393 15728 17234 D FrServiceClient:  DEBUG - IdemiaFrServiceImpl::StartFaceAnalysis: FrServiceClient 460800
01-30 17:41:57.423 16776 16974 D MobiFace:  DEBUG - pushImage2: 0xb8d54998 0xb92cd4f8 0xb1f0e008 460800 1 -1191139904 0x5d0eee1e
01-30 17:41:57.443   492 17188 E AEC_PORT: aec_port_save_update:real_gain:1.000000 linecnt:751 exp_idx:224 cur_luma:-1610612736 led_est:1079061225
01-30 17:41:57.443   492 17150 E mm-camera: c2d_thread_handle_process_buf_event:190 input buf index 4
01-30 17:41:57.443   492 17150 E mm-camera: c2d_thread_handle_process_buf_event:207 input vaddr b34e8000
01-30 17:41:57.493   492 17146 E         : dmlroc_entry  entering dmlroc_entry
01-30 17:41:57.493   492 17150 E mm-camera: c2d_thread_handle_process_buf_event:190 input buf index 5
01-30 17:41:57.493   492 17150 E mm-camera: c2d_thread_handle_process_buf_event:207 input vaddr b3477000
01-30 17:41:57.533  2227  2227 E sdcard  : missing packages.list; retrying
01-30 17:41:57.543   492 17188 E AEC_PORT: aec_port_save_update:real_gain:1.000000 linecnt:751 exp_idx:224 cur_luma:1073741824 led_est:1079061312
01-30 17:41:57.543   492 17150 E mm-camera: c2d_thread_handle_process_buf_event:190 input buf index 6
01-30 17:41:57.543   492 17150 E mm-camera: c2d_thread_handle_process_buf_event:207 input vaddr b3406000
01-30 17:41:57.563 16776 16974 D MobiFace:  DEBUG - [event] trackingInfo_cb
01-30 17:41:57.563 16776 16974 D MobiFace:  DEBUG - [event] positionInstruction_cb
01-30 17:41:57.563 16776 17231 D MobiFace:  DEBUG - [event] challenge2DInfo_cb
01-30 17:41:57.563 16776 16974 D MobiFace:  DEBUG - pushImage2: 0
01-30 17:41:57.563 16776 17229 D MobiFace:  DEBUG - [event] freeImage_cb
01-30 17:41:57.563 16776 16779 D MobiFace:  DEBUG - getPositionInfo
01-30 17:41:57.563 16776 16959 D MobiFace:  DEBUG - getChallenge
01-30 17:41:57.563 16776 16776 D MobiFace:  DEBUG - getChallengeInfo
01-30 17:41:57.563 15728 17234 D FrServiceClient:  DEBUG - challenge2DInfo 0 0 - 0 109 - 181 246
01-30 17:41:57.563 15728 15728 I GeckoDump: Got analysisResult:0
01-30 17:41:57.563 15728 15728 I GeckoDump: Got analysisInfo:1
01-30 17:41:57.563 15728 15728 I GeckoDump: Got matchScore0
01-30 17:41:57.563 15728 15728 I GeckoDump: Got faceanalysisresults payload ![object Blob]
01-30 17:41:57.563 15728 15728 I GeckoDump: Got bestImage is null
01-30 17:41:57.573 15728 15728 I MobiFace: Content JS LOG:  contact.challengeInfo  ============{"challengeInfo":{"availableCurrentPosition":false,"current_x":0,"current_y":0,"stability":0,"availableTargetPosition":false,"currentTarget":0,"numTargets":0,"targets":[{"target_x":0,"target_y":109,"target_radius":45},{"target_x":181,"target_y":246,"target_radius":45},{"target_x":0,"target_y":0,"target_radius":0}]}} 
01-30 17:41:57.573 15728 15728 I MobiFace:     at startFaceRecognition/</</reader.onload (app://2ec57ac3-eee0-41a3-9d3f-e1b3e29e617f/js/livenesschallenge.js:163:29)
01-30 17:41:57.583 15728 17234 D FrServiceClient:  DEBUG - tiem taken: 15.000000
01-30 17:41:57.583 16776 16959 D MobiFace:  DEBUG - frameParams: 6 640 480 720 270
01-30 17:41:57.583 15728 17234 D FrServiceClient:  DEBUG - mobiFace_pushFrame frame 0xa9301000 460800
01-30 17:41:57.583 15728 17234 D FrServiceClient:  DEBUG - IdemiaFrServiceImpl::StartFaceAnalysis: FrServiceClient 460800
01-30 17:41:57.583   492 17150 E mm-camera: c2d_thread_handle_process_buf_event:190 input buf index 4
01-30 17:41:57.583   492 17150 E mm-camera: c2d_thread_handle_process_buf_event:207 input vaddr b34e8000
01-30 17:41:57.593  5463  5463 D wpa_supplicant: wlan0: Control interface command 'SIGNAL_POLL'
01-30 17:41:57.593   492 17188 E AEC_PORT: aec_port_save_update:real_gain:1.000000 linecnt:751 exp_idx:224 cur_luma:-2147483648 led_est:1079061416
01-30 17:41:57.603 16776 16776 D MobiFace:  DEBUG - pushImage2: 0xb8d54998 0xb92cd4f8 0xb1f0e008 460800 1 -1193990000 0x5d11be35
01-30 17:41:57.613  5463  5463 D wpa_supplicant: CTRL-DEBUG: global_ctrl_sock-sendto: sock=11 sndbuf=163840 outq=0 send_len=48
01-30 17:41:57.643   492 17188 E AEC_PORT: aec_port_save_update:real_gain:1.000000 linecnt:751 exp_idx:224 cur_luma:-536870912 led_est:1079061315
01-30 17:41:57.643   492 17150 E mm-camera: c2d_thread_handle_process_buf_event:190 input buf index 5
01-30 17:41:57.643   492 17150 E mm-camera: c2d_thread_handle_process_buf_event:207 input vaddr b3477000
01-30 17:41:57.683   492 17188 E AEC_PORT: aec_port_save_update:real_gain:1.000000 linecnt:751 exp_idx:224 cur_luma:536870912 led_est:1079061415
01-30 17:41:57.693   492 17150 E mm-camera: c2d_thread_handle_process_buf_event:190 input buf index 6
01-30 17:41:57.693   492 17150 E mm-camera: c2d_thread_handle_process_buf_event:207 input vaddr b3406000
01-30 17:41:57.733   492 17188 E AEC_PORT: aec_port_save_update:real_gain:1.000000 linecnt:751 exp_idx:224 cur_luma:-1073741824 led_est:1079061596
01-30 17:41:57.743   492 17150 E mm-camera: c2d_thread_handle_process_buf_event:190 input buf index 4
01-30 17:41:57.743   492 17150 E mm-camera: c2d_thread_handle_process_buf_event:207 input vaddr b34e8000
01-30 17:41:57.763 16776 16776 D MobiFace:  DEBUG - [event] trackingInfo_cb
01-30 17:41:57.763 16776 16776 D MobiFace:  DEBUG - [event] positionInstruction_cb
01-30 17:41:57.763 16776 17231 D MobiFace:  DEBUG - [event] challenge2DInfo_cb
01-30 17:41:57.763 16776 16776 D MobiFace:  DEBUG - pushImage2: 0
01-30 17:41:57.763 16776 17229 D MobiFace:  DEBUG - [event] freeImage_cb
01-30 17:41:57.763 16776 16974 D MobiFace:  DEBUG - getPositionInfo
01-30 17:41:57.763 16776 16779 D MobiFace:  DEBUG - getChallenge
01-30 17:41:57.763 16776 16959 D MobiFace:  DEBUG - getChallengeInfo
01-30 17:41:57.763 15728 17234 D FrServiceClient:  DEBUG - challenge2DInfo 0 0 - 0 109 - 181 246
01-30 17:41:57.773 15728 15728 I GeckoDump: Got analysisResult:0
01-30 17:41:57.773 15728 15728 I GeckoDump: Got analysisInfo:1
01-30 17:41:57.773 15728 15728 I GeckoDump: Got matchScore0
01-30 17:41:57.773 15728 15728 I GeckoDump: Got faceanalysisresults payload ![object Blob]
01-30 17:41:57.773 15728 15728 I GeckoDump: Got bestImage is null
01-30 17:41:57.773 15728 15728 I MobiFace: Content JS LOG:  contact.challengeInfo  ============{"challengeInfo":{"availableCurrentPosition":false,"current_x":0,"current_y":0,"stability":0,"availableTargetPosition":false,"currentTarget":0,"numTargets":0,"targets":[{"target_x":0,"target_y":109,"target_radius":45},{"target_x":181,"target_y":246,"target_radius":45},{"target_x":0,"target_y":0,"target_radius":0}]}} 
01-30 17:41:57.773 15728 15728 I MobiFace:     at startFaceRecognition/</</reader.onload (app://2ec57ac3-eee0-41a3-9d3f-e1b3e29e617f/js/livenesschallenge.js:163:29)
01-30 17:41:57.783 15728 17234 D FrServiceClient:  DEBUG - tiem taken: 15.000000
01-30 17:41:57.783 16776 16779 D MobiFace:  DEBUG - frameParams: 6 640 480 720 270
01-30 17:41:57.783 15728 17234 D FrServiceClient:  DEBUG - mobiFace_pushFrame frame 0xa9372000 460800
01-30 17:41:57.783 15728 17234 D FrServiceClient:  DEBUG - IdemiaFrServiceImpl::StartFaceAnalysis: FrServiceClient 460800
01-30 17:41:57.783   492 17150 E mm-camera: c2d_thread_handle_process_buf_event:190 input buf index 5
01-30 17:41:57.783   492 17150 E mm-camera: c2d_thread_handle_process_buf_event:207 input vaddr b3477000
01-30 17:41:57.783   492 17188 E AEC_PORT: aec_port_save_update:real_gain:1.000000 linecnt:751 exp_idx:224 cur_luma:-536870912 led_est:1079061703
01-30 17:41:57.803 16776 16959 D MobiFace:  DEBUG - pushImage2: 0xb8d54998 0xb92cd4f8 0xb1f0e008 460800 1 -1190936824 0x5d14b788
01-30 17:41:57.833   492 17188 E AEC_PORT: aec_port_save_update:real_gain:1.000000 linecnt:751 exp_idx:224 cur_luma:-1610612736 led_est:1079061794
01-30 17:41:57.833   492 17150 E mm-camera: c2d_thread_handle_process_buf_event:190 input buf index 6
01-30 17:41:57.833   492 17150 E mm-camera: c2d_thread_handle_process_buf_event:207 input vaddr b3406000
01-30 17:41:57.883   492 17188 E AEC_PORT: aec_port_save_update:real_gain:1.000000 linecnt:751 exp_idx:224 cur_luma:-536870912 led_est:1079061793
01-30 17:41:57.883   492 17150 E mm-camera: c2d_thread_handle_process_buf_event:190 input buf index 4
01-30 17:41:57.883   492 17150 E mm-camera: c2d_thread_handle_process_buf_event:207 input vaddr b34e8000
01-30 17:41:57.933   492 17188 E AEC_PORT: aec_port_save_update:real_gain:1.000000 linecnt:751 exp_idx:224 cur_luma:-1073741824 led_est:1079061741
01-30 17:41:57.933   492 17150 E mm-camera: c2d_thread_handle_process_buf_event:190 input buf index 5
01-30 17:41:57.933   492 17150 E mm-camera: c2d_thread_handle_process_buf_event:207 input vaddr b3477000
01-30 17:41:57.943 16776 16959 D MobiFace:  DEBUG - [event] trackingInfo_cb
01-30 17:41:57.943 16776 16959 D MobiFace:  DEBUG - [event] positionInstruction_cb
01-30 17:41:57.943 16776 17231 D MobiFace:  DEBUG - [event] challenge2DInfo_cb
01-30 17:41:57.943 16776 16959 D MobiFace:  DEBUG - pushImage2: 0
01-30 17:41:57.943 16776 17229 D MobiFace:  DEBUG - [event] freeImage_cb
01-30 17:41:57.943 16776 16776 D MobiFace:  DEBUG - getPositionInfo
01-30 17:41:57.943 16776 16974 D MobiFace:  DEBUG - getChallenge
01-30 17:41:57.943 16776 16779 D MobiFace:  DEBUG - getChallengeInfo
01-30 17:41:57.943 15728 17234 D FrServiceClient:  DEBUG - challenge2DInfo 0 0 - 0 109 - 181 246
01-30 17:41:57.943 15728 15728 I GeckoDump: Got analysisResult:0
01-30 17:41:57.943 15728 15728 I GeckoDump: Got analysisInfo:1
01-30 17:41:57.943 15728 15728 I GeckoDump: Got matchScore0
01-30 17:41:57.943 15728 15728 I GeckoDump: Got faceanalysisresults payload ![object Blob]
01-30 17:41:57.943 15728 15728 I GeckoDump: Got bestImage is null
01-30 17:41:57.953 15728 15728 I MobiFace: Content JS LOG:  contact.challengeInfo  ============{"challengeInfo":{"availableCurrentPosition":false,"current_x":0,"current_y":0,"stability":0,"availableTargetPosition":false,"currentTarget":0,"numTargets":0,"targets":[{"target_x":0,"target_y":109,"target_radius":45},{"target_x":181,"target_y":246,"target_radius":45},{"target_x":0,"target_y":0,"target_radius":0}]}} 
01-30 17:41:57.953 15728 15728 I MobiFace:     at startFaceRecognition/</</reader.onload (app://2ec57ac3-eee0-41a3-9d3f-e1b3e29e617f/js/livenesschallenge.js:163:29)
01-30 17:41:57.953 15728 17234 D FrServiceClient:  DEBUG - tiem taken: 15.000000
01-30 17:41:57.963 16776 16779 D MobiFace:  DEBUG - frameParams: 6 640 480 720 270
01-30 17:41:57.963 15728 17234 D FrServiceClient:  DEBUG - mobiFace_pushFrame frame 0xab601000 460800
01-30 17:41:57.963 15728 17234 D FrServiceClient:  DEBUG - IdemiaFrServiceImpl::StartFaceAnalysis: FrServiceClient 460800
01-30 17:41:57.973 16776 16776 D MobiFace:  DEBUG - pushImage2: 0xb8d54998 0xb92cd4f8 0xb1f0e008 460800 1 -1193990000 0x5d17610e
01-30 17:41:57.983   492 17146 E         : dmlroc_entry  entering dmlroc_entry
01-30 17:41:57.983   492 17150 E mm-camera: c2d_thread_handle_process_buf_event:190 input buf index 6
01-30 17:41:57.983   492 17150 E mm-camera: c2d_thread_handle_process_buf_event:207 input vaddr b3406000
01-30 17:41:58.033   492 17188 E AEC_PORT: aec_port_save_update:real_gain:1.000000 linecnt:751 exp_idx:224 cur_luma:0 led_est:1079061876
01-30 17:41:58.033   492 17150 E mm-camera: c2d_thread_handle_process_buf_event:190 input buf index 4
01-30 17:41:58.033   492 17150 E mm-camera: c2d_thread_handle_process_buf_event:207 input vaddr b34e8000
01-30 17:41:58.083   492 17188 E AEC_PORT: aec_port_save_update:real_gain:1.000000 linecnt:751 exp_idx:224 cur_luma:-2147483648 led_est:1079062882
01-30 17:41:58.083   492 17150 E mm-camera: c2d_thread_handle_process_buf_event:190 input buf index 5
01-30 17:41:58.083   492 17150 E mm-camera: c2d_thread_handle_process_buf_event:207 input vaddr b3477000
01-30 17:41:58.103 16776 16776 D MobiFace:  DEBUG - [event] trackingInfo_cb
01-30 17:41:58.103 16776 16776 D MobiFace:  DEBUG - [event] positionInstruction_cb
01-30 17:41:58.103 16776 17231 D MobiFace:  DEBUG - [event] challenge2DInfo_cb
01-30 17:41:58.103 16776 16776 D MobiFace:  DEBUG - pushImage2: 0
01-30 17:41:58.103 16776 17229 D MobiFace:  DEBUG - [event] freeImage_cb
01-30 17:41:58.103 16776 16959 D MobiFace:  DEBUG - getPositionInfo
01-30 17:41:58.103 16776 16974 D MobiFace:  DEBUG - getChallenge
01-30 17:41:58.113 16776 16779 D MobiFace:  DEBUG - getChallengeInfo
01-30 17:41:58.113 15728 17234 D FrServiceClient:  DEBUG - challenge2DInfo 0 0 - 0 109 - 181 246
01-30 17:41:58.113 15728 15728 I GeckoDump: Got analysisResult:0
01-30 17:41:58.113 15728 15728 I GeckoDump: Got analysisInfo:1
01-30 17:41:58.113 15728 15728 I GeckoDump: Got matchScore0
01-30 17:41:58.113 15728 15728 I GeckoDump: Got faceanalysisresults payload ![object Blob]
01-30 17:41:58.113 15728 15728 I GeckoDump: Got bestImage is null
01-30 17:41:58.113 15728 15728 I MobiFace: Content JS LOG:  contact.challengeInfo  ============{"challengeInfo":{"availableCurrentPosition":false,"current_x":0,"current_y":0,"stability":0,"availableTargetPosition":false,"currentTarget":0,"numTargets":0,"targets":[{"target_x":0,"target_y":109,"target_radius":45},{"target_x":181,"target_y":246,"target_radius":45},{"target_x":0,"target_y":0,"target_radius":0}]}} 
01-30 17:41:58.113 15728 15728 I MobiFace:     at startFaceRecognition/</</reader.onload (app://2ec57ac3-eee0-41a3-9d3f-e1b3e29e617f/js/livenesschallenge.js:163:29)
01-30 17:41:58.123 15728 17234 D FrServiceClient:  DEBUG - tiem taken: 16.000000
01-30 17:41:58.123 16776 16974 D MobiFace:  DEBUG - frameParams: 6 640 480 720 270
01-30 17:41:58.123 15728 17234 D FrServiceClient:  DEBUG - mobiFace_pushFrame frame 0xa9301000 460800
01-30 17:41:58.123 15728 17234 D FrServiceClient:  DEBUG - IdemiaFrServiceImpl::StartFaceAnalysis: FrServiceClient 460800
01-30 17:41:58.133   492 17150 E mm-camera: c2d_thread_handle_process_buf_event:190 input buf index 6
01-30 17:41:58.133   492 17150 E mm-camera: c2d_thread_handle_process_buf_event:207 input vaddr b3406000
01-30 17:41:58.133   492 17188 E AEC_PORT: aec_port_save_update:real_gain:1.000000 linecnt:751 exp_idx:224 cur_luma:1073741824 led_est:1079062964
01-30 17:41:58.153 16776 16779 D MobiFace:  DEBUG - pushImage2: 0xb8d54998 0xb92cd4f8 0xb1f0e008 460800 1 -1193988960 0x5d1a1070
01-30 17:41:58.183   492 17188 E AEC_PORT: aec_port_save_update:real_gain:1.000000 linecnt:751 exp_idx:224 cur_luma:-1073741824 led_est:1079063262
01-30 17:41:58.183   492 17150 E mm-camera: c2d_thread_handle_process_buf_event:190 input buf index 4
01-30 17:41:58.183   492 17150 E mm-camera: c2d_thread_handle_process_buf_event:207 input vaddr b34e8000
01-30 17:41:58.233   492 17150 E mm-camera: c2d_thread_handle_process_buf_event:190 input buf index 5
01-30 17:41:58.233   492 17150 E mm-camera: c2d_thread_handle_process_buf_event:207 input vaddr b3477000
01-30 17:41:58.233   492 17188 E AEC_PORT: aec_port_save_update:real_gain:1.000000 linecnt:751 exp_idx:224 cur_luma:-1073741824 led_est:1079063317
01-30 17:41:58.283   492 17188 E AEC_PORT: aec_port_save_update:real_gain:1.000000 linecnt:751 exp_idx:224 cur_luma:0 led_est:1079062938
01-30 17:41:58.283   492 17150 E mm-camera: c2d_thread_handle_process_buf_event:190 input buf index 6
01-30 17:41:58.283   492 17150 E mm-camera: c2d_thread_handle_process_buf_event:207 input vaddr b3406000
01-30 17:41:58.293 16776 16779 D MobiFace:  DEBUG - [event] trackingInfo_cb
01-30 17:41:58.293 16776 16779 D MobiFace:  DEBUG - [event] positionInstruction_cb
01-30 17:41:58.293 16776 17231 D MobiFace:  DEBUG - [event] challenge2DInfo_cb
01-30 17:41:58.293 16776 16779 D MobiFace:  DEBUG - pushImage2: 0
01-30 17:41:58.293 16776 17229 D MobiFace:  DEBUG - [event] freeImage_cb
01-30 17:41:58.293 16776 16776 D MobiFace:  DEBUG - getPositionInfo
01-30 17:41:58.293 16776 16959 D MobiFace:  DEBUG - getChallenge
01-30 17:41:58.293 16776 16974 D MobiFace:  DEBUG - getChallengeInfo
01-30 17:41:58.293 15728 17234 D FrServiceClient:  DEBUG - challenge2DInfo 0 0 - 0 109 - 181 246
01-30 17:41:58.293 15728 15728 I GeckoDump: Got analysisResult:0
01-30 17:41:58.293 15728 15728 I GeckoDump: Got analysisInfo:1
01-30 17:41:58.293 15728 15728 I GeckoDump: Got matchScore0
01-30 17:41:58.293 15728 15728 I GeckoDump: Got faceanalysisresults payload ![object Blob]
01-30 17:41:58.303 15728 15728 I GeckoDump: Got bestImage is null
01-30 17:41:58.303 15728 15728 I MobiFace: Content JS LOG:  contact.challengeInfo  ============{"challengeInfo":{"availableCurrentPosition":false,"current_x":0,"current_y":0,"stability":0,"availableTargetPosition":false,"currentTarget":0,"numTargets":0,"targets":[{"target_x":0,"target_y":109,"target_radius":45},{"target_x":181,"target_y":246,"target_radius":45},{"target_x":0,"target_y":0,"target_radius":0}]}} 
01-30 17:41:58.303 15728 15728 I MobiFace:     at startFaceRecognition/</</reader.onload (app://2ec57ac3-eee0-41a3-9d3f-e1b3e29e617f/js/livenesschallenge.js:163:29)
01-30 17:41:58.313 15728 17234 D FrServiceClient:  DEBUG - tiem taken: 16.000000
01-30 17:41:58.313 16776 16959 D MobiFace:  DEBUG - frameParams: 6 640 480 720 270
01-30 17:41:58.313 15728 17234 D FrServiceClient:  DEBUG - mobiFace_pushFrame frame 0xa9372000 460800
01-30 17:41:58.313 15728 17234 D FrServiceClient:  DEBUG - IdemiaFrServiceImpl::StartFaceAnalysis: FrServiceClient 460800
01-30 17:41:58.333   492 17150 E mm-camera: c2d_thread_handle_process_buf_event:190 input buf index 4
01-30 17:41:58.333   492 17150 E mm-camera: c2d_thread_handle_process_buf_event:207 input vaddr b34e8000
01-30 17:41:58.333   492 17188 E AEC_PORT: aec_port_save_update:real_gain:1.000000 linecnt:751 exp_idx:224 cur_luma:1610612736 led_est:1079063270
01-30 17:41:58.333 16776 16974 D MobiFace:  DEBUG - pushImage2: 0xb8d54998 0xb92cd4f8 0xb1f0e008 460800 1 -1191139904 0x5d1ce307
01-30 17:41:58.383   492 17150 E mm-camera: c2d_thread_handle_process_buf_event:190 input buf index 5
01-30 17:41:58.383   492 17150 E mm-camera: c2d_thread_handle_process_buf_event:207 input vaddr b3477000
01-30 17:41:58.383   492 17188 E AEC_PORT: aec_port_save_update:real_gain:1.000000 linecnt:751 exp_idx:224 cur_luma:-1073741824 led_est:1079063197
01-30 17:41:58.423   492 17188 E AEC_PORT: aec_port_save_update:real_gain:1.000000 linecnt:751 exp_idx:224 cur_luma:-1073741824 led_est:1079062900
01-30 17:41:58.433   492 17150 E mm-camera: c2d_thread_handle_process_buf_event:190 input buf index 6
01-30 17:41:58.433   492 17150 E mm-camera: c2d_thread_handle_process_buf_event:207 input vaddr b3406000
01-30 17:41:58.473   492 17146 E         : dmlroc_entry  entering dmlroc_entry
01-30 17:41:58.473 16776 16974 D MobiFace:  DEBUG - [event] trackingInfo_cb
01-30 17:41:58.473 16776 16974 D MobiFace:  DEBUG - [event] positionInstruction_cb
01-30 17:41:58.473 16776 17231 D MobiFace:  DEBUG - [event] challenge2DInfo_cb
01-30 17:41:58.473 16776 16974 D MobiFace:  DEBUG - pushImage2: 0
01-30 17:41:58.483 16776 17229 D MobiFace:  DEBUG - [event] freeImage_cb
01-30 17:41:58.483 16776 16776 D MobiFace:  DEBUG - getPositionInfo
01-30 17:41:58.483 16776 16959 D MobiFace:  DEBUG - getChallenge
01-30 17:41:58.483 16776 16779 D MobiFace:  DEBUG - getChallengeInfo
01-30 17:41:58.483 15728 17234 D FrServiceClient:  DEBUG - challenge2DInfo 0 0 - 0 109 - 181 246
01-30 17:41:58.483 15728 15728 I GeckoDump: Got analysisResult:0
01-30 17:41:58.483 15728 15728 I GeckoDump: Got analysisInfo:1
01-30 17:41:58.483 15728 15728 I GeckoDump: Got matchScore0
01-30 17:41:58.483 15728 15728 I GeckoDump: Got faceanalysisresults payload ![object Blob]
01-30 17:41:58.483 15728 15728 I GeckoDump: Got bestImage is null
01-30 17:41:58.483   492 17150 E mm-camera: c2d_thread_handle_process_buf_event:190 input buf index 4
01-30 17:41:58.483   492 17150 E mm-camera: c2d_thread_handle_process_buf_event:207 input vaddr b34e8000
01-30 17:41:58.483 15728 15728 I MobiFace: Content JS LOG:  contact.challengeInfo  ============{"challengeInfo":{"availableCurrentPosition":false,"current_x":0,"current_y":0,"stability":0,"availableTargetPosition":false,"currentTarget":0,"numTargets":0,"targets":[{"target_x":0,"target_y":109,"target_radius":45},{"target_x":181,"target_y":246,"target_radius":45},{"target_x":0,"target_y":0,"target_radius":0}]}} 
01-30 17:41:58.483 15728 15728 I MobiFace:     at startFaceRecognition/</</reader.onload (app://2ec57ac3-eee0-41a3-9d3f-e1b3e29e617f/js/livenesschallenge.js:163:29)
01-30 17:41:58.493 15728 17234 D FrServiceClient:  DEBUG - tiem taken: 16.000000
01-30 17:41:58.493 16776 16974 D MobiFace:  DEBUG - frameParams: 6 640 480 720 270
01-30 17:41:58.493 15728 17234 D FrServiceClient:  DEBUG - mobiFace_pushFrame frame 0xab601000 460800
01-30 17:41:58.493 15728 17234 D FrServiceClient:  DEBUG - IdemiaFrServiceImpl::StartFaceAnalysis: FrServiceClient 460800
01-30 17:41:58.513 16776 16776 D MobiFace:  DEBUG - pushImage2: 0xb8d54998 0xb92cd4f8 0xb1f0e008 460800 1 -1193990000 0x5d1f96a4
01-30 17:41:58.523   492 17188 E AEC_PORT: aec_port_save_update:real_gain:1.000000 linecnt:751 exp_idx:224 cur_luma:-536870912 led_est:1079062727
01-30 17:41:58.523   492 17150 E mm-camera: c2d_thread_handle_process_buf_event:190 input buf index 5
01-30 17:41:58.523   492 17150 E mm-camera: c2d_thread_handle_process_buf_event:207 input vaddr b3477000
01-30 17:41:58.573   492 17188 E AEC_PORT: aec_port_save_update:real_gain:1.000000 linecnt:751 exp_idx:224 cur_luma:-1073741824 led_est:1079064431
01-30 17:41:58.583   492 17150 E mm-camera: c2d_thread_handle_process_buf_event:190 input buf index 6
01-30 17:41:58.583   492 17150 E mm-camera: c2d_thread_handle_process_buf_event:207 input vaddr b3406000
01-30 17:41:58.633   492 17188 E AEC_PORT: aec_port_save_update:real_gain:1.000000 linecnt:751 exp_idx:224 cur_luma:536870912 led_est:1079063962
01-30 17:41:58.633   492 17150 E mm-camera: c2d_thread_handle_process_buf_event:190 input buf index 4
01-30 17:41:58.633   492 17150 E mm-camera: c2d_thread_handle_process_buf_event:207 input vaddr b34e8000
01-30 17:41:58.643 16776 16776 D MobiFace:  DEBUG - [event] trackingInfo_cb
01-30 17:41:58.643 16776 16776 D MobiFace:  DEBUG - [event] positionInstruction_cb
01-30 17:41:58.643 16776 17231 D MobiFace:  DEBUG - [event] challenge2DInfo_cb
01-30 17:41:58.643 16776 16776 D MobiFace:  DEBUG - pushImage2: 0
01-30 17:41:58.643 16776 17229 D MobiFace:  DEBUG - [event] freeImage_cb
01-30 17:41:58.653 16776 16779 D MobiFace:  DEBUG - getPositionInfo
01-30 17:41:58.653 16776 16959 D MobiFace:  DEBUG - getChallenge
01-30 17:41:58.653 16776 16974 D MobiFace:  DEBUG - getChallengeInfo
01-30 17:41:58.653 15728 17234 D FrServiceClient:  DEBUG - challenge2DInfo 0 0 - 0 109 - 181 246
01-30 17:41:58.653 15728 15728 I GeckoDump: Got analysisResult:0
01-30 17:41:58.653 15728 15728 I GeckoDump: Got analysisInfo:1
01-30 17:41:58.653 15728 15728 I GeckoDump: Got matchScore0
01-30 17:41:58.653 15728 15728 I GeckoDump: Got faceanalysisresults payload ![object Blob]
01-30 17:41:58.653 15728 15728 I GeckoDump: Got bestImage is null
01-30 17:41:58.663 15728 15728 I MobiFace: Content JS LOG:  contact.challengeInfo  ============{"challengeInfo":{"availableCurrentPosition":false,"current_x":0,"current_y":0,"stability":0,"availableTargetPosition":false,"currentTarget":0,"numTargets":0,"targets":[{"target_x":0,"target_y":109,"target_radius":45},{"target_x":181,"target_y":246,"target_radius":45},{"target_x":0,"target_y":0,"target_radius":0}]}} 
01-30 17:41:58.663 15728 15728 I MobiFace:     at startFaceRecognition/</</reader.onload (app://2ec57ac3-eee0-41a3-9d3f-e1b3e29e617f/js/livenesschallenge.js:163:29)
01-30 17:41:58.663 15728 17234 D FrServiceClient:  DEBUG - tiem taken: 16.000000
01-30 17:41:58.663 16776 16959 D MobiFace:  DEBUG - frameParams: 6 640 480 720 270
01-30 17:41:58.663 15728 17234 D FrServiceClient:  DEBUG - mobiFace_pushFrame frame 0xa9301000 460800
01-30 17:41:58.663 15728 17234 D FrServiceClient:  DEBUG - IdemiaFrServiceImpl::StartFaceAnalysis: FrServiceClient 460800
01-30 17:41:58.673   492 17150 E mm-camera: c2d_thread_handle_process_buf_event:190 input buf index 5
01-30 17:41:58.673   492 17150 E mm-camera: c2d_thread_handle_process_buf_event:207 input vaddr b3477000
01-30 17:41:58.673   492 17188 E AEC_PORT: aec_port_save_update:real_gain:1.000000 linecnt:751 exp_idx:224 cur_luma:1610612736 led_est:1079063826
01-30 17:41:58.693 16776 16974 D MobiFace:  DEBUG - pushImage2: 0xb8d54998 0xb92cd4f8 0xb1f0e008 460800 1 -1191139904 0x5d22613d
01-30 17:41:58.723   492 17188 E AEC_PORT: aec_port_save_update:real_gain:1.000000 linecnt:751 exp_idx:224 cur_luma:-536870912 led_est:1079064453
01-30 17:41:58.723   492 17150 E mm-camera: c2d_thread_handle_process_buf_event:190 input buf index 6
01-30 17:41:58.723   492 17150 E mm-camera: c2d_thread_handle_process_buf_event:207 input vaddr b3406000
01-30 17:41:58.773   492 17188 E AEC_PORT: aec_port_save_update:real_gain:1.000000 linecnt:751 exp_idx:224 cur_luma:1073741824 led_est:1079064156
01-30 17:41:58.773   492 17150 E mm-camera: c2d_thread_handle_process_buf_event:190 input buf index 4
01-30 17:41:58.773   492 17150 E mm-camera: c2d_thread_handle_process_buf_event:207 input vaddr b34e8000
01-30 17:41:58.823   492 17188 E AEC_PORT: aec_port_save_update:real_gain:1.000000 linecnt:751 exp_idx:224 cur_luma:-536870912 led_est:1079064059
01-30 17:41:58.823   492 17150 E mm-camera: c2d_thread_handle_process_buf_event:190 input buf index 5
01-30 17:41:58.823   492 17150 E mm-camera: c2d_thread_handle_process_buf_event:207 input vaddr b3477000
01-30 17:41:58.823 16776 16974 D MobiFace:  DEBUG - [event] trackingInfo_cb
01-30 17:41:58.823 16776 16974 D MobiFace:  DEBUG - [event] positionInstruction_cb
01-30 17:41:58.823 16776 17231 D MobiFace:  DEBUG - [event] challenge2DInfo_cb
01-30 17:41:58.823 16776 16974 D MobiFace:  DEBUG - pushImage2: 0
01-30 17:41:58.833 16776 17229 D MobiFace:  DEBUG - [event] freeImage_cb
01-30 17:41:58.833 16776 16776 D MobiFace:  DEBUG - getPositionInfo
01-30 17:41:58.833 16776 16779 D MobiFace:  DEBUG - getChallenge
01-30 17:41:58.833 16776 16959 D MobiFace:  DEBUG - getChallengeInfo
01-30 17:41:58.833 15728 17234 D FrServiceClient:  DEBUG - challenge2DInfo 0 0 - 0 109 - 181 246
01-30 17:41:58.833 15728 15728 I GeckoDump: Got analysisResult:0
01-30 17:41:58.833 15728 15728 I GeckoDump: Got analysisInfo:1
01-30 17:41:58.833 15728 15728 I GeckoDump: Got matchScore0
01-30 17:41:58.833 15728 15728 I GeckoDump: Got faceanalysisresults payload ![object Blob]
01-30 17:41:58.833 15728 15728 I GeckoDump: Got bestImage is null
01-30 17:41:58.843 15728 15728 I MobiFace: Content JS LOG:  contact.challengeInfo  ============{"challengeInfo":{"availableCurrentPosition":false,"current_x":0,"current_y":0,"stability":0,"availableTargetPosition":false,"currentTarget":0,"numTargets":0,"targets":[{"target_x":0,"target_y":109,"target_radius":45},{"target_x":181,"target_y":246,"target_radius":45},{"target_x":0,"target_y":0,"target_radius":0}]}} 
01-30 17:41:58.843 15728 15728 I MobiFace:     at startFaceRecognition/</</reader.onload (app://2ec57ac3-eee0-41a3-9d3f-e1b3e29e617f/js/livenesschallenge.js:163:29)
01-30 17:41:58.843 15728 17234 D FrServiceClient:  DEBUG - tiem taken: 16.000000
01-30 17:41:58.843 16776 16779 D MobiFace:  DEBUG - frameParams: 6 640 480 720 270
01-30 17:41:58.843 15728 17234 D FrServiceClient:  DEBUG - mobiFace_pushFrame frame 0xa9372000 460800
01-30 17:41:58.843 15728 17234 D FrServiceClient:  DEBUG - IdemiaFrServiceImpl::StartFaceAnalysis: FrServiceClient 460800
01-30 17:41:58.863 16776 16959 D MobiFace:  DEBUG - pushImage2: 0xb8d54998 0xb92cd4f8 0xb1f0e008 460800 1 -1190936824 0x5d2502be
01-30 17:41:58.873   492 17150 E mm-camera: c2d_thread_handle_process_buf_event:190 input buf index 6
01-30 17:41:58.873   492 17150 E mm-camera: c2d_thread_handle_process_buf_event:207 input vaddr b3406000
01-30 17:41:58.873   492 17188 E AEC_PORT: aec_port_save_update:real_gain:1.000000 linecnt:751 exp_idx:224 cur_luma:536870912 led_est:1079064242
01-30 17:41:58.923   492 17150 E mm-camera: c2d_thread_handle_process_buf_event:190 input buf index 4
01-30 17:41:58.923   492 17150 E mm-camera: c2d_thread_handle_process_buf_event:207 input vaddr b34e8000
01-30 17:41:58.933   492 17188 E AEC_PORT: aec_p