01-30 17:40:30.223 16188 16465 D MobiFace:  DEBUG - [event] freeImage_cb
01-30 17:40:30.233 15728 16470 D FrServiceClient:  DEBUG - tiem taken: 12.000000
01-30 17:40:30.233 16188 16197 D MobiFace:  DEBUG - frameParams: 6 640 480 720 270
01-30 17:40:30.233 15728 16470 D FrServiceClient:  DEBUG - mobiFace_pushFrame frame 0xac701000 460800
01-30 17:40:30.233 15728 16470 D FrServiceClient:  DEBUG - IdemiaFrServiceImpl::StartFaceAnalysis: FrServiceClient 460800
01-30 17:40:30.243 16188 16484 D MobiFace:  DEBUG - pushImage2: 0xb7754998 0xb79d9e10 0xb1995008 460800 1 -1214000880 0x57dcc167
01-30 17:40:30.283   492 16386 E mm-camera: c2d_thread_handle_process_buf_event:190 input buf index 4
01-30 17:40:30.283   492 16386 E mm-camera: c2d_thread_handle_process_buf_event:207 input vaddr b350a000
01-30 17:40:30.283   492 16441 E AEC_PORT: aec_port_save_update:real_gain:2.000000 linecnt:1507 exp_idx:272 cur_luma:-1610612736 led_est:1079100442
01-30 17:40:30.303 16188 16484 D MobiFace:  DEBUG - [event] trackingInfo_cb
01-30 17:40:30.303 16188 16484 D MobiFace:  DEBUG - [event] positionInstruction_cb
01-30 17:40:30.303 16188 16467 D MobiFace:  DEBUG - [event] challenge2DInfo_cb
01-30 17:40:30.303 16188 16484 D MobiFace:  DEBUG - [event] freeImage_cb
01-30 17:40:30.303 16188 16484 D MobiFace:  DEBUG - pushImage2: 0
01-30 17:40:30.303 16188 16188 D MobiFace:  DEBUG - getPositionInfo
01-30 17:40:30.303 16188 16471 D MobiFace:  DEBUG - getChallenge
01-30 17:40:30.303 16188 16197 D MobiFace:  DEBUG - getChallengeInfo
01-30 17:40:30.303 15728 16470 D FrServiceClient:  DEBUG - challenge2DInfo 0 0 - 0 0 - 0 0
01-30 17:40:30.303 15728 15728 I GeckoDump: Got analysisResult:0
01-30 17:40:30.303 15728 15728 I GeckoDump: Got analysisInfo:5
01-30 17:40:30.303 15728 15728 I GeckoDump: Got matchScore0
01-30 17:40:30.303 15728 15728 I GeckoDump: Got faceanalysisresults payload ![object Blob]
01-30 17:40:30.303 15728 15728 I GeckoDump: Got bestImage is null
01-30 17:40:30.313 15728 15728 I MobiFace: Content JS LOG:  contact.challengeInfo  ============{"challengeInfo":{"availableCurrentPosition":false,"current_x":0,"current_y":0,"stability":0,"availableTargetPosition":false,"currentTarget":0,"numTargets":0,"targets":[{"target_x":0,"target_y":0,"target_radius":0},{"target_x":0,"target_y":0,"target_radius":0},{"target_x":0,"target_y":0,"target_radius":0}]}} 
01-30 17:40:30.313 15728 15728 I MobiFace:     at startFaceRecognition/</</reader.onload (app://2ec57ac3-eee0-41a3-9d3f-e1b3e29e617f/js/livenesschallenge.js:163:29)
01-30 17:40:30.323 15728 16470 D FrServiceClient:  DEBUG - tiem taken: 12.000000
01-30 17:40:30.323 16188 16471 D MobiFace:  DEBUG - frameParams: 6 640 480 720 270
01-30 17:40:30.323 15728 16470 D FrServiceClient:  DEBUG - mobiFace_pushFrame frame 0xa9201000 460800
01-30 17:40:30.323 15728 16470 D FrServiceClient:  DEBUG - IdemiaFrServiceImpl::StartFaceAnalysis: FrServiceClient 460800
01-30 17:40:30.333 16188 16197 D MobiFace:  DEBUG - pushImage2: 0xb7754998 0xb79d9e10 0xb1995008 460800 1 -1217057632 0x57de2056
01-30 17:40:30.383   492 16386 E mm-camera: c2d_thread_handle_process_buf_event:190 input buf index 5
01-30 17:40:30.383   492 16386 E mm-camera: c2d_thread_handle_process_buf_event:207 input vaddr b3499000
01-30 17:40:30.383   492 16441 E AEC_PORT: aec_port_save_update:real_gain:2.000000 linecnt:1507 exp_idx:272 cur_luma:-2147483648 led_est:1079099591
01-30 17:40:30.393 16188 16197 D MobiFace:  DEBUG - [event] trackingInfo_cb
01-30 17:40:30.393 16188 16197 D MobiFace:  DEBUG - [event] positionInstruction_cb
01-30 17:40:30.393  5463  5463 D wpa_supplicant: wlan0: Control interface command 'SIGNAL_POLL'
01-30 17:40:30.393 16188 16467 D MobiFace:  DEBUG - [event] challenge2DInfo_cb
01-30 17:40:30.393 16188 16197 D MobiFace:  DEBUG - [event] freeImage_cb
01-30 17:40:30.393 16188 16197 D MobiFace:  DEBUG - pushImage2: 0
01-30 17:40:30.393 16188 16484 D MobiFace:  DEBUG - getPositionInfo
01-30 17:40:30.393 16188 16188 D MobiFace:  DEBUG - getChallenge
01-30 17:40:30.393 16188 16484 D MobiFace:  DEBUG - getChallengeInfo
01-30 17:40:30.393 15728 16470 D FrServiceClient:  DEBUG - challenge2DInfo 0 0 - 0 0 - 0 0
01-30 17:40:30.403 15728 15728 I GeckoDump: Got analysisResult:0
01-30 17:40:30.403 15728 15728 I GeckoDump: Got analysisInfo:5
01-30 17:40:30.403 15728 15728 I GeckoDump: Got matchScore0
01-30 17:40:30.403 15728 15728 I GeckoDump: Got faceanalysisresults payload ![object Blob]
01-30 17:40:30.403 15728 15728 I GeckoDump: Got bestImage is null
01-30 17:40:30.403 15728 15728 I MobiFace: Content JS LOG:  contact.challengeInfo  ============{"challengeInfo":{"availableCurrentPosition":false,"current_x":0,"current_y":0,"stability":0,"availableTargetPosition":false,"currentTarget":0,"numTargets":0,"targets":[{"target_x":0,"target_y":0,"target_radius":0},{"target_x":0,"target_y":0,"target_radius":0},{"target_x":0,"target_y":0,"target_radius":0}]}} 
01-30 17:40:30.403 15728 15728 I MobiFace:     at startFaceRecognition/</</reader.onload (app://2ec57ac3-eee0-41a3-9d3f-e1b3e29e617f/js/livenesschallenge.js:163:29)
01-30 17:40:30.413  5463  5463 D wpa_supplicant: CTRL-DEBUG: global_ctrl_sock-sendto: sock=11 sndbuf=163840 outq=0 send_len=48
01-30 17:40:30.413 15728 16470 D FrServiceClient:  DEBUG - tiem taken: 12.000000
01-30 17:40:30.413 16188 16484 D MobiFace:  DEBUG - frameParams: 6 640 480 720 270
01-30 17:40:30.413 15728 16470 D FrServiceClient:  DEBUG - mobiFace_pushFrame frame 0xac772000 460800
01-30 17:40:30.413 15728 16470 D FrServiceClient:  DEBUG - IdemiaFrServiceImpl::StartFaceAnalysis: FrServiceClient 460800
01-30 17:40:30.433 16188 16188 D MobiFace:  DEBUG - pushImage2: 0xb7754998 0xb79d9e10 0xb1995008 460800 1 -1217058672 0x57df9624
01-30 17:40:30.473   492 16386 E mm-camera: c2d_thread_handle_process_buf_event:190 input buf index 6
01-30 17:40:30.473   492 16386 E mm-camera: c2d_thread_handle_process_buf_event:207 input vaddr b3428000
01-30 17:40:30.483   492 16441 E AEC_PORT: aec_port_save_update:real_gain:2.000000 linecnt:1507 exp_idx:272 cur_luma:1073741824 led_est:1079093390
01-30 17:40:30.523 16188 16188 D MobiFace:  DEBUG - [event] trackingInfo_cb
01-30 17:40:30.523 16188 16188 D MobiFace:  DEBUG - [event] positionInstruction_cb
01-30 17:40:30.523 16188 16188 D MobiFace:  DEBUG - pushImage2: 0
01-30 17:40:30.523 16188 16197 D MobiFace:  DEBUG - getPositionInfo
01-30 17:40:30.523 16188 16471 D MobiFace:  DEBUG - getChallenge
01-30 17:40:30.523 16188 16484 D MobiFace:  DEBUG - getChallengeInfo
01-30 17:40:30.523 16188 16467 D MobiFace:  DEBUG - [event] challenge2DInfo_cb
01-30 17:40:30.523 15728 15728 I GeckoDump: Got analysisResult:0
01-30 17:40:30.523 15728 15728 I GeckoDump: Got analysisInfo:5
01-30 17:40:30.523 15728 15728 I GeckoDump: Got matchScore0
01-30 17:40:30.523 15728 15728 I GeckoDump: Got payload is null
01-30 17:40:30.523 15728 15728 I GeckoDump: Got bestImage is null
01-30 17:40:30.523  2227  2227 E sdcard  : missing packages.list; retrying
01-30 17:40:30.523 16188 16465 D MobiFace:  DEBUG - [event] freeImage_cb
01-30 17:40:30.533 15728 16470 D FrServiceClient:  DEBUG - tiem taken: 12.000000
01-30 17:40:30.533 16188 16471 D MobiFace:  DEBUG - frameParams: 6 640 480 720 270
01-30 17:40:30.533 15728 16470 D FrServiceClient:  DEBUG - mobiFace_pushFrame frame 0xac701000 460800
01-30 17:40:30.533 15728 16470 D FrServiceClient:  DEBUG - IdemiaFrServiceImpl::StartFaceAnalysis: FrServiceClient 460800
01-30 17:40:30.553 16188 16484 D MobiFace:  DEBUG - pushImage2: 0xb7754998 0xb79d9e10 0xb1995008 460800 1 -1214000880 0x57e16329
01-30 17:40:30.573   492 16386 E mm-camera: c2d_thread_handle_process_buf_event:190 input buf index 4
01-30 17:40:30.573   492 16386 E mm-camera: c2d_thread_handle_process_buf_event:207 input vaddr b350a000
01-30 17:40:30.583   492 16441 E AEC_PORT: aec_port_save_update:real_gain:2.000000 linecnt:1507 exp_idx:272 cur_luma:0 led_est:1079101759
01-30 17:40:30.603 16188 16484 D MobiFace:  DEBUG - [event] trackingInfo_cb
01-30 17:40:30.603 16188 16484 D MobiFace:  DEBUG - [event] positionInstruction_cb
01-30 17:40:30.603 16188 16467 D MobiFace:  DEBUG - [event] challenge2DInfo_cb
01-30 17:40:30.603 16188 16484 D MobiFace:  DEBUG - pushImage2: 0
01-30 17:40:30.603 16188 16188 D MobiFace:  DEBUG - getPositionInfo
01-30 17:40:30.603 16188 16465 D MobiFace:  DEBUG - [event] freeImage_cb
01-30 17:40:30.603 16188 16197 D MobiFace:  DEBUG - getChallenge
01-30 17:40:30.603 16188 16471 D MobiFace:  DEBUG - getChallengeInfo
01-30 17:40:30.603 15728 16470 D FrServiceClient:  DEBUG - challenge2DInfo 0 0 - 0 0 - 0 0
01-30 17:40:30.613 15728 15728 I GeckoDump: Got analysisResult:0
01-30 17:40:30.613 15728 15728 I GeckoDump: Got analysisInfo:5
01-30 17:40:30.613 15728 15728 I GeckoDump: Got matchScore0
01-30 17:40:30.613 15728 15728 I GeckoDump: Got faceanalysisresults payload ![object Blob]
01-30 17:40:30.613 15728 15728 I GeckoDump: Got bestImage is null
01-30 17:40:30.613 15728 15728 I MobiFace: Content JS LOG:  contact.challengeInfo  ============{"challengeInfo":{"availableCurrentPosition":false,"current_x":0,"current_y":0,"stability":0,"availableTargetPosition":false,"currentTarget":0,"numTargets":0,"targets":[{"target_x":0,"target_y":0,"target_radius":0},{"target_x":0,"target_y":0,"target_radius":0},{"target_x":0,"target_y":0,"target_radius":0}]}} 
01-30 17:40:30.613 15728 15728 I MobiFace:     at startFaceRecognition/</</reader.onload (app://2ec57ac3-eee0-41a3-9d3f-e1b3e29e617f/js/livenesschallenge.js:163:29)
01-30 17:40:30.633 15728 16470 D FrServiceClient:  DEBUG - tiem taken: 12.000000
01-30 17:40:30.633 16188 16188 D MobiFace:  DEBUG - frameParams: 6 640 480 720 270
01-30 17:40:30.633 15728 16470 D FrServiceClient:  DEBUG - mobiFace_pushFrame frame 0xa9201000 460800
01-30 17:40:30.633 15728 16470 D FrServiceClient:  DEBUG - IdemiaFrServiceImpl::StartFaceAnalysis: FrServiceClient 460800
01-30 17:40:30.643 16188 16471 D MobiFace:  DEBUG - pushImage2: 0xb7754998 0xb79d9e10 0xb1995008 460800 1 -1214425856 0x57e2db3b
01-30 17:40:30.673   492 16441 E AEC_PORT: aec_port_save_update:real_gain:2.000000 linecnt:1507 exp_idx:272 cur_luma:1610612736 led_est:1079103457
01-30 17:40:30.683   492 16386 E mm-camera: c2d_thread_handle_process_buf_event:190 input buf index 5
01-30 17:40:30.683   492 16386 E mm-camera: c2d_thread_handle_process_buf_event:207 input vaddr b3499000
01-30 17:40:30.703 16188 16471 D MobiFace:  DEBUG - [event] trackingInfo_cb
01-30 17:40:30.703 16188 16471 D MobiFace:  DEBUG - [event] positionInstruction_cb
01-30 17:40:30.703 16188 16467 D MobiFace:  DEBUG - [event] challenge2DInfo_cb
01-30 17:40:30.703 16188 16471 D MobiFace:  DEBUG - pushImage2: 0
01-30 17:40:30.703 16188 16197 D MobiFace:  DEBUG - getPositionInfo
01-30 17:40:30.703 16188 16465 D MobiFace:  DEBUG - [event] freeImage_cb
01-30 17:40:30.703 16188 16188 D MobiFace:  DEBUG - getChallenge
01-30 17:40:30.703 16188 16197 D MobiFace:  DEBUG - getChallengeInfo
01-30 17:40:30.703 15728 16470 D FrServiceClient:  DEBUG - challenge2DInfo 0 0 - 0 0 - 0 0
01-30 17:40:30.703 15728 15728 I GeckoDump: Got analysisResult:0
01-30 17:40:30.703 15728 15728 I GeckoDump: Got analysisInfo:5
01-30 17:40:30.703 15728 15728 I GeckoDump: Got matchScore0
01-30 17:40:30.703 15728 15728 I GeckoDump: Got faceanalysisresults payload ![object Blob]
01-30 17:40:30.703 15728 15728 I GeckoDump: Got bestImage is null
01-30 17:40:30.713 15728 15728 I MobiFace: Content JS LOG:  contact.challengeInfo  ============{"challengeInfo":{"availableCurrentPosition":false,"current_x":0,"current_y":0,"stability":0,"availableTargetPosition":false,"currentTarget":0,"numTargets":0,"targets":[{"target_x":0,"target_y":0,"target_radius":0},{"target_x":0,"target_y":0,"target_radius":0},{"target_x":0,"target_y":0,"target_radius":0}]}} 
01-30 17:40:30.713 15728 15728 I MobiFace:     at startFaceRecognition/</</reader.onload (app://2ec57ac3-eee0-41a3-9d3f-e1b3e29e617f/js/livenesschallenge.js:163:29)
01-30 17:40:30.713 15728 16470 D FrServiceClient:  DEBUG - tiem taken: 12.000000
01-30 17:40:30.713 16188 16484 D MobiFace:  DEBUG - frameParams: 6 640 480 720 270
01-30 17:40:30.713 15728 16470 D FrServiceClient:  DEBUG - mobiFace_pushFrame frame 0xac772000 460800
01-30 17:40:30.713 15728 16470 D FrServiceClient:  DEBUG - IdemiaFrServiceImpl::StartFaceAnalysis: FrServiceClient 460800
01-30 17:40:30.733 16188 16188 D MobiFace:  DEBUG - pushImage2: 0xb7754998 0xb79d9e10 0xb1995008 460800 1 -1217058672 0x57e42533
01-30 17:40:30.773   492 16386 E mm-camera: c2d_thread_handle_process_buf_event:190 input buf index 6
01-30 17:40:30.773   492 16386 E mm-camera: c2d_thread_handle_process_buf_event:207 input vaddr b3428000
01-30 17:40:30.773   492 16441 E AEC_PORT: aec_port_save_update:real_gain:2.000000 linecnt:1507 exp_idx:272 cur_luma:1073741824 led_est:1079095631
01-30 17:40:30.813 16188 16188 D MobiFace:  DEBUG - [event] trackingInfo_cb
01-30 17:40:30.813 16188 16188 D MobiFace:  DEBUG - [event] positionInstruction_cb
01-30 17:40:30.813 16188 16467 D MobiFace:  DEBUG - [event] challenge2DInfo_cb
01-30 17:40:30.813 16188 16188 D MobiFace:  DEBUG - pushImage2: 0
01-30 17:40:30.823 16188 16465 D MobiFace:  DEBUG - [event] freeImage_cb
01-30 17:40:30.823 16188 16471 D MobiFace:  DEBUG - getPositionInfo
01-30 17:40:30.823 16188 16197 D MobiFace:  DEBUG - getChallenge
01-30 17:40:30.823 16188 16484 D MobiFace:  DEBUG - getChallengeInfo
01-30 17:40:30.823 15728 16470 D FrServiceClient:  DEBUG - challenge2DInfo 0 0 - 0 0 - 0 0
01-30 17:40:30.823 15728 15728 I GeckoDump: Got analysisResult:0
01-30 17:40:30.823 15728 15728 I GeckoDump: Got analysisInfo:5
01-30 17:40:30.823 15728 15728 I GeckoDump: Got matchScore0
01-30 17:40:30.823 15728 15728 I GeckoDump: Got faceanalysisresults payload ![object Blob]
01-30 17:40:30.823 15728 15728 I GeckoDump: Got bestImage is null
01-30 17:40:30.823 15728 15728 I MobiFace: Content JS LOG:  contact.challengeInfo  ============{"challengeInfo":{"availableCurrentPosition":false,"current_x":0,"current_y":0,"stability":0,"availableTargetPosition":false,"currentTarget":0,"numTargets":0,"targets":[{"target_x":0,"target_y":0,"target_radius":0},{"target_x":0,"target_y":0,"target_radius":0},{"target_x":0,"target_y":0,"target_radius":0}]}} 
01-30 17:40:30.823 15728 15728 I MobiFace:     at startFaceRecognition/</</reader.onload (app://2ec57ac3-eee0-41a3-9d3f-e1b3e29e617f/js/livenesschallenge.js:163:29)
01-30 17:40:30.833 15728 16470 D FrServiceClient:  DEBUG - tiem taken: 12.000000
01-30 17:40:30.833 16188 16197 D MobiFace:  DEBUG - frameParams: 6 640 480 720 270
01-30 17:40:30.833 15728 16470 D FrServiceClient:  DEBUG - mobiFace_pushFrame frame 0xac701000 460800
01-30 17:40:30.833 15728 16470 D FrServiceClient:  DEBUG - IdemiaFrServiceImpl::StartFaceAnalysis: FrServiceClient 460800
01-30 17:40:30.853 16188 16484 D MobiFace:  DEBUG - pushImage2: 0xb7754998 0xb79d9e10 0xb1995008 460800 1 -1214000880 0x57e60b5a
01-30 17:40:30.873   492 16441 E AEC_PORT: aec_port_save_update:real_gain:2.000000 linecnt:1507 exp_idx:272 cur_luma:1610612736 led_est:1079096483
01-30 17:40:30.873   492 16386 E mm-camera: c2d_thread_handle_process_buf_event:190 input buf index 4
01-30 17:40:30.873   492 16386 E mm-camera: c2d_thread_handle_process_buf_event:207 input vaddr b350a000
01-30 17:40:30.913 16188 16484 D MobiFace:  DEBUG - [event] trackingInfo_cb
01-30 17:40:30.913 16188 16484 D MobiFace:  DEBUG - [event] positionInstruction_cb
01-30 17:40:30.913 16188 16467 D MobiFace:  DEBUG - [event] challenge2DInfo_cb
01-30 17:40:30.913 16188 16484 D MobiFace:  DEBUG - pushImage2: 0
01-30 17:40:30.913 16188 16465 D MobiFace:  DEBUG - [event] freeImage_cb
01-30 17:40:30.913 16188 16188 D MobiFace:  DEBUG - getPositionInfo
01-30 17:40:30.913 16188 16471 D MobiFace:  DEBUG - getChallenge
01-30 17:40:30.913 16188 16197 D MobiFace:  DEBUG - getChallengeInfo
01-30 17:40:30.913 15728 16470 D FrServiceClient:  DEBUG - challenge2DInfo 0 0 - 0 0 - 0 0
01-30 17:40:30.913 15728 15728 I GeckoDump: Got analysisResult:0
01-30 17:40:30.913 15728 15728 I GeckoDump: Got analysisInfo:5
01-30 17:40:30.913 15728 15728 I GeckoDump: Got matchScore0
01-30 17:40:30.913 15728 15728 I GeckoDump: Got faceanalysisresults payload ![object Blob]
01-30 17:40:30.913 15728 15728 I GeckoDump: Got bestImage is null
01-30 17:40:30.923 15728 15728 I MobiFace: Content JS LOG:  contact.challengeInfo  ============{"challengeInfo":{"availableCurrentPosition":false,"current_x":0,"current_y":0,"stability":0,"availableTargetPosition":false,"currentTarget":0,"numTargets":0,"targets":[{"target_x":0,"target_y":0,"target_radius":0},{"target_x":0,"target_y":0,"target_radius":0},{"target_x":0,"target_y":0,"target_radius":0}]}} 
01-30 17:40:30.923 15728 15728 I MobiFace:     at startFaceRecognition/</</reader.onload (app://2ec57ac3-eee0-41a3-9d3f-e1b3e29e617f/js/livenesschallenge.js:163:29)
01-30 17:40:30.933 15728 16470 D FrServiceClient:  DEBUG - tiem taken: 12.000000
01-30 17:40:30.933 16188 16471 D MobiFace:  DEBUG - frameParams: 6 640 480 720 270
01-30 17:40:30.933 15728 16470 D FrServiceClient:  DEBUG - mobiFace_pushFrame frame 0xa9201000 460800
01-30 17:40:30.933 15728 16470 D FrServiceClient:  DEBUG - IdemiaFrServiceImpl::StartFaceAnalysis: FrServiceClient 460800
01-30 17:40:30.953 16188 16197 D MobiFace:  DEBUG - pushImage2: 0xb7754998 0xb79d9e10 0xb1995008 460800 1 -1217057632 0x57e77f8a
01-30 17:40:30.973   492 16441 E AEC_PORT: aec_port_save_update:real_gain:2.000000 linecnt:1507 exp_idx:272 cur_luma:-2147483648 led_est:1079077909
01-30 17:40:30.973   492 16386 E mm-camera: c2d_thread_handle_process_buf_event:190 input buf index 5
01-30 17:40:30.973   492 16386 E mm-camera: c2d_thread_handle_process_buf_event:207 input vaddr b3499000
01-30 17:40:31.073   492 16384 E         : dmlroc_entry  entering dmlroc_entry
01-30 17:40:31.073   492 16386 E mm-camera: c2d_thread_handle_process_buf_event:190 input buf index 6
01-30 17:40:31.073   492 16386 E mm-camera: c2d_thread_handle_process_buf_event:207 input vaddr b3428000
01-30 17:40:31.083 16188 16197 D MobiFace:  DEBUG - [event] trackingInfo_cb
01-30 17:40:31.083 16188 16197 D MobiFace:  DEBUG - [event] positionInstruction_cb
01-30 17:40:31.083 16188 16467 D MobiFace:  DEBUG - [event] challenge2DInfo_cb
01-30 17:40:31.083 16188 16197 D MobiFace:  DEBUG - pushImage2: 0
01-30 17:40:31.083 16188 16465 D MobiFace:  DEBUG - [event] freeImage_cb
01-30 17:40:31.083 16188 16484 D MobiFace:  DEBUG - getPositionInfo
01-30 17:40:31.083 16188 16188 D MobiFace:  DEBUG - getChallenge
01-30 17:40:31.083 16188 16471 D MobiFace:  DEBUG - getChallengeInfo
01-30 17:40:31.083 15728 16470 D FrServiceClient:  DEBUG - challenge2DInfo 0 0 - 0 0 - 0 0
01-30 17:40:31.083 15728 15728 I GeckoDump: Got analysisResult:0
01-30 17:40:31.083 15728 15728 I GeckoDump: Got analysisInfo:5
01-30 17:40:31.083 15728 15728 I GeckoDump: Got matchScore0
01-30 17:40:31.083 15728 15728 I GeckoDump: Got faceanalysisresults payload ![object Blob]
01-30 17:40:31.083 15728 15728 I GeckoDump: Got bestImage is null
01-30 17:40:31.093 15728 15728 I MobiFace: Content JS LOG:  contact.challengeInfo  ============{"challengeInfo":{"availableCurrentPosition":false,"current_x":0,"current_y":0,"stability":0,"availableTargetPosition":false,"currentTarget":0,"numTargets":0,"targets":[{"target_x":0,"target_y":0,"target_radius":0},{"target_x":0,"target_y":0,"target_radius":0},{"target_x":0,"target_y":0,"target_radius":0}]}} 
01-30 17:40:31.093 15728 15728 I MobiFace:     at startFaceRecognition/</</reader.onload (app://2ec57ac3-eee0-41a3-9d3f-e1b3e29e617f/js/livenesschallenge.js:163:29)
01-30 17:40:31.093 15728 16470 D FrServiceClient:  DEBUG - tiem taken: 13.000000
01-30 17:40:31.093 16188 16188 D MobiFace:  DEBUG - frameParams: 6 640 480 720 270
01-30 17:40:31.093 15728 16470 D FrServiceClient:  DEBUG - mobiFace_pushFrame frame 0xac772000 460800
01-30 17:40:31.103 15728 16470 D FrServiceClient:  DEBUG - IdemiaFrServiceImpl::StartFaceAnalysis: FrServiceClient 460800
01-30 17:40:31.113 16188 16471 D MobiFace:  DEBUG - pushImage2: 0xb7754998 0xb79d9e10 0xb1995008 460800 1 -1214425856 0x57ea0034
01-30 17:40:31.173   492 16441 E AEC_PORT: aec_port_save_update:real_gain:2.000000 linecnt:1507 exp_idx:272 cur_luma:1073741824 led_est:1079098208
01-30 17:40:31.173   492 16386 E mm-camera: c2d_thread_handle_process_buf_event:190 input buf index 4
01-30 17:40:31.173   492 16386 E mm-camera: c2d_thread_handle_process_buf_event:207 input vaddr b350a000
01-30 17:40:31.203 16188 16471 D MobiFace:  DEBUG - [event] trackingInfo_cb
01-30 17:40:31.203 16188 16471 D MobiFace:  DEBUG - [event] positionInstruction_cb
01-30 17:40:31.203 16188 16467 D MobiFace:  DEBUG - [event] challenge2DInfo_cb
01-30 17:40:31.203 16188 16471 D MobiFace:  DEBUG - pushImage2: 0
01-30 17:40:31.203 16188 16465 D MobiFace:  DEBUG - [event] freeImage_cb
01-30 17:40:31.203 16188 16197 D MobiFace:  DEBUG - getPositionInfo
01-30 17:40:31.203 16188 16484 D MobiFace:  DEBUG - getChallenge
01-30 17:40:31.203 16188 16188 D MobiFace:  DEBUG - getChallengeInfo
01-30 17:40:31.203 15728 16470 D FrServiceClient:  DEBUG - challenge2DInfo 0 0 - 0 0 - 0 0
01-30 17:40:31.203 15728 15728 I GeckoDump: Got analysisResult:0
01-30 17:40:31.203 15728 15728 I GeckoDump: Got analysisInfo:5
01-30 17:40:31.203 15728 15728 I GeckoDump: Got matchScore0
01-30 17:40:31.203 15728 15728 I GeckoDump: Got faceanalysisresults payload ![object Blob]
01-30 17:40:31.203 15728 15728 I GeckoDump: Got bestImage is null
01-30 17:40:31.203 15728 15728 I MobiFace: Content JS LOG:  contact.challengeInfo  ============{"challengeInfo":{"availableCurrentPosition":false,"current_x":0,"current_y":0,"stability":0,"availableTargetPosition":false,"currentTarget":0,"numTargets":0,"targets":[{"target_x":0,"target_y":0,"target_radius":0},{"target_x":0,"target_y":0,"target_radius":0},{"target_x":0,"target_y":0,"target_radius":0}]}} 
01-30 17:40:31.203 15728 15728 I MobiFace:     at startFaceRecognition/</</reader.onload (app://2ec57ac3-eee0-41a3-9d3f-e1b3e29e617f/js/livenesschallenge.js:163:29)
01-30 17:40:31.213 15728 16470 D FrServiceClient:  DEBUG - tiem taken: 13.000000
01-30 17:40:31.213 16188 16484 D MobiFace:  DEBUG - frameParams: 6 640 480 720 270
01-30 17:40:31.213 15728 16470 D FrServiceClient:  DEBUG - mobiFace_pushFrame frame 0xac701000 460800
01-30 17:40:31.213 15728 16470 D FrServiceClient:  DEBUG - IdemiaFrServiceImpl::StartFaceAnalysis: FrServiceClient 460800
01-30 17:40:31.233 16188 16188 D MobiFace:  DEBUG - pushImage2: 0xb7754998 0xb79d9e10 0xb1995008 460800 1 -1217058672 0x57ebc940
01-30 17:40:31.273   492 16386 E mm-camera: c2d_thread_handle_process_buf_event:190 input buf index 5
01-30 17:40:31.273   492 16386 E mm-camera: c2d_thread_handle_process_buf_event:207 input vaddr b3499000
01-30 17:40:31.273   492 16441 E AEC_PORT: aec_port_save_update:real_gain:2.000000 linecnt:1507 exp_idx:272 cur_luma:-2147483648 led_est:1079097194
01-30 17:40:31.283 16188 16188 D MobiFace:  DEBUG - [event] trackingInfo_cb
01-30 17:40:31.283 16188 16188 D MobiFace:  DEBUG - [event] positionInstruction_cb
01-30 17:40:31.283 16188 16467 D MobiFace:  DEBUG - [event] challenge2DInfo_cb
01-30 17:40:31.283 16188 16188 D MobiFace:  DEBUG - pushImage2: 0
01-30 17:40:31.283 16188 16465 D MobiFace:  DEBUG - [event] freeImage_cb
01-30 17:40:31.293 16188 16471 D MobiFace:  DEBUG - getPositionInfo
01-30 17:40:31.293 16188 16197 D MobiFace:  DEBUG - getChallenge
01-30 17:40:31.293 16188 16484 D MobiFace:  DEBUG - getChallengeInfo
01-30 17:40:31.293 15728 16470 D FrServiceClient:  DEBUG - challenge2DInfo 0 0 - 0 0 - 0 0
01-30 17:40:31.293 15728 15728 I GeckoDump: Got analysisResult:0
01-30 17:40:31.293 15728 15728 I GeckoDump: Got analysisInfo:5
01-30 17:40:31.293 15728 15728 I GeckoDump: Got matchScore0
01-30 17:40:31.293 15728 15728 I GeckoDump: Got faceanalysisresults payload ![object Blob]
01-30 17:40:31.293 15728 15728 I GeckoDump: Got bestImage is null
01-30 17:40:31.293 15728 15728 I MobiFace: Content JS LOG:  contact.challengeInfo  ============{"challengeInfo":{"availableCurrentPosition":false,"current_x":0,"current_y":0,"stability":0,"availableTargetPosition":false,"currentTarget":0,"numTargets":0,"targets":[{"target_x":0,"target_y":0,"target_radius":0},{"target_x":0,"target_y":0,"target_radius":0},{"target_x":0,"target_y":0,"target_radius":0}]}} 
01-30 17:40:31.293 15728 15728 I MobiFace:     at startFaceRecognition/</</reader.onload (app://2ec57ac3-eee0-41a3-9d3f-e1b3e29e617f/js/livenesschallenge.js:163:29)
01-30 17:40:31.303 15728 16470 D FrServiceClient:  DEBUG - tiem taken: 13.000000
01-30 17:40:31.303 16188 16197 D MobiFace:  DEBUG - frameParams: 6 640 480 720 270
01-30 17:40:31.303 15728 16470 D FrServiceClient:  DEBUG - mobiFace_pushFrame frame 0xa9201000 460800
01-30 17:40:31.303 15728 16470 D FrServiceClient:  DEBUG - IdemiaFrServiceImpl::StartFaceAnalysis: FrServiceClient 460800
01-30 17:40:31.333 16188 16484 D MobiFace:  DEBUG - pushImage2: 0xb7754998 0xb79d9e10 0xb1995008 460800 1 -1214000880 0x57ed4b49
01-30 17:40:31.373   492 16441 E AEC_PORT: aec_port_save_update:real_gain:2.000000 linecnt:1507 exp_idx:272 cur_luma:536870912 led_est:1079103874
01-30 17:40:31.373   492 16386 E mm-camera: c2d_thread_handle_process_buf_event:190 input buf index 6
01-30 17:40:31.373   492 16386 E mm-camera: c2d_thread_handle_process_buf_event:207 input vaddr b3428000
01-30 17:40:31.393 16188 16484 D MobiFace:  DEBUG - [event] trackingInfo_cb
01-30 17:40:31.393 16188 16484 D MobiFace:  DEBUG - [event] positionInstruction_cb
01-30 17:40:31.393 16188 16467 D MobiFace:  DEBUG - [event] challenge2DInfo_cb
01-30 17:40:31.393 16188 16484 D MobiFace:  DEBUG - pushImage2: 0
01-30 17:40:31.393 16188 16465 D MobiFace:  DEBUG - [event] freeImage_cb
01-30 17:40:31.393 16188 16188 D MobiFace:  DEBUG - getPositionInfo
01-30 17:40:31.393 16188 16471 D MobiFace:  DEBUG - getChallenge
01-30 17:40:31.393 16188 16197 D MobiFace:  DEBUG - getChallengeInfo
01-30 17:40:31.393 15728 16470 D FrServiceClient:  DEBUG - challenge2DInfo 0 0 - 0 0 - 0 0
01-30 17:40:31.403 15728 15728 I GeckoDump: Got analysisResult:0
01-30 17:40:31.403 15728 15728 I GeckoDump: Got analysisInfo:5
01-30 17:40:31.403 15728 15728 I GeckoDump: Got matchScore0
01-30 17:40:31.403 15728 15728 I GeckoDump: Got faceanalysisresults payload ![object Blob]
01-30 17:40:31.403 15728 15728 I GeckoDump: Got bestImage is null
01-30 17:40:31.403 15728 15728 I MobiFace: Content JS LOG:  contact.challengeInfo  ============{"challengeInfo":{"availableCurrentPosition":false,"current_x":0,"current_y":0,"stability":0,"availableTargetPosition":false,"currentTarget":0,"numTargets":0,"targets":[{"target_x":0,"target_y":0,"target_radius":0},{"target_x":0,"target_y":0,"target_radius":0},{"target_x":0,"target_y":0,"target_radius":0}]}} 
01-30 17:40:31.403 15728 15728 I MobiFace:     at startFaceRecognition/</</reader.onload (app://2ec57ac3-eee0-41a3-9d3f-e1b3e29e617f/js/livenesschallenge.js:163:29)
01-30 17:40:31.413 15728 16470 D FrServiceClient:  DEBUG - tiem taken: 13.000000
01-30 17:40:31.413 16188 16471 D MobiFace:  DEBUG - frameParams: 6 640 480 720 270
01-30 17:40:31.413 15728 16470 D FrServiceClient:  DEBUG - mobiFace_pushFrame frame 0xac772000 460800
01-30 17:40:31.413 15728 16470 D FrServiceClient:  DEBUG - IdemiaFrServiceImpl::StartFaceAnalysis: FrServiceClient 460800
01-30 17:40:31.423 16188 16197 D MobiFace:  DEBUG - pushImage2: 0xb7754998 0xb79d9e10 0xb1995008 460800 1 -1217057632 0x57eeba57
01-30 17:40:31.473   492 16386 E mm-camera: c2d_thread_handle_process_buf_event:190 input buf index 4
01-30 17:40:31.473   492 16386 E mm-camera: c2d_thread_handle_process_buf_event:207 input vaddr b350a000
01-30 17:40:31.473   492 16441 E AEC_PORT: aec_port_save_update:real_gain:2.000000 linecnt:1507 exp_idx:272 cur_luma:-536870912 led_est:1079075274
01-30 17:40:31.513 16188 16197 D MobiFace:  DEBUG - [event] trackingInfo_cb
01-30 17:40:31.513 16188 16197 D MobiFace:  DEBUG - [event] positionInstruction_cb
01-30 17:40:31.513 16188 16467 D MobiFace:  DEBUG - [event] challenge2DInfo_cb
01-30 17:40:31.513 16188 16197 D MobiFace:  DEBUG - pushImage2: 0
01-30 17:40:31.513 16188 16465 D MobiFace:  DEBUG - [event] freeImage_cb
01-30 17:40:31.513 16188 16484 D MobiFace:  DEBUG - getPositionInfo
01-30 17:40:31.513 16188 16188 D MobiFace:  DEBUG - getChallenge
01-30 17:40:31.513 16188 16471 D MobiFace:  DEBUG - getChallengeInfo
01-30 17:40:31.513 15728 16470 D FrServiceClient:  DEBUG - challenge2DInfo 0 0 - 0 0 - 0 0
01-30 17:40:31.513 15728 15728 I GeckoDump: Got analysisResult:0
01-30 17:40:31.513 15728 15728 I GeckoDump: Got analysisInfo:5
01-30 17:40:31.513 15728 15728 I GeckoDump: Got matchScore0
01-30 17:40:31.513 15728 15728 I GeckoDump: Got faceanalysisresults payload ![object Blob]
01-30 17:40:31.513 15728 15728 I GeckoDump: Got bestImage is null
01-30 17:40:31.523 15728 15728 I MobiFace: Content JS LOG:  contact.challengeInfo  ============{"challengeInfo":{"availableCurrentPosition":false,"current_x":0,"current_y":0,"stability":0,"availableTargetPosition":false,"currentTarget":0,"numTargets":0,"targets":[{"target_x":0,"target_y":0,"target_radius":0},{"target_x":0,"target_y":0,"target_radius":0},{"target_x":0,"target_y":0,"target_radius":0}]}} 
01-30 17:40:31.523 15728 15728 I MobiFace:     at startFaceRecognition/</</reader.onload (app://2ec57ac3-eee0-41a3-9d3f-e1b3e29e617f/js/livenesschallenge.js:163:29)
01-30 17:40:31.523 15728 16470 D FrServiceClient:  DEBUG - tiem taken: 13.000000
01-30 17:40:31.523 16188 16188 D MobiFace:  DEBUG - frameParams: 6 640 480 720 270
01-30 17:40:31.523 15728 16470 D FrServiceClient:  DEBUG - mobiFace_pushFrame frame 0xac701000 460800
01-30 17:40:31.523 15728 16470 D FrServiceClient:  DEBUG - IdemiaFrServiceImpl::StartFaceAnalysis: FrServiceClient 460800
01-30 17:40:31.543 16188 16471 D MobiFace:  DEBUG - pushImage2: 0xb7754998 0xb79d9e10 0xb1995008 460800 1 -1214425856 0x57f0800f
01-30 17:40:31.563   492 16386 E mm-camera: c2d_thread_handle_process_buf_event:190 input buf index 5
01-30 17:40:31.563   492 16386 E mm-camera: c2d_thread_handle_process_buf_event:207 input vaddr b3499000
01-30 17:40:31.573   492 16441 E AEC_PORT: aec_port_save_update:real_gain:2.000000 linecnt:1507 exp_idx:272 cur_luma:1073741824 led_est:1079080835
01-30 17:40:31.593 16188 16471 D MobiFace:  DEBUG - [event] trackingInfo_cb
01-30 17:40:31.593 16188 16471 D MobiFace:  DEBUG - [event] positionInstruction_cb
01-30 17:40:30.1652     1     1 I KERNEL  : [ 6776.934085] init: Starting service 'updater-daemon'...
01-30 17:40:31.603 16188 16471 D MobiFace:  DEBUG - pushImage2: 0
01-30 17:40:31.603 16188 16467 D MobiFace:  DEBUG - [event] challenge2DInfo_cb
01-30 17:40:31.603 16188 16197 D MobiFace:  DEBUG - getPositionInfo
01-30 17:40:31.603 16188 16465 D MobiFace:  DEBUG - [event] freeImage_cb
01-30 17:40:31.603 16188 16484 D MobiFace:  DEBUG - getChallenge
01-30 17:40:31.603 16188 16188 D MobiFace:  DEBUG - getChallengeInfo
01-30 17:40:31.603 15728 16470 D FrServiceClient:  DEBUG - challenge2DInfo 0 0 - 0 0 - 0 0
01-30 17:40:31.603 15728 15728 I GeckoDump: Got analysisResult:0
01-30 17:40:31.603 15728 15728 I GeckoDump: Got analysisInfo:5
01-30 17:40:31.603 15728 15728 I GeckoDump: Got matchScore0
01-30 17:40:31.603 15728 15728 I GeckoDump: Got faceanalysisresults payload ![object Blob]
01-30 17:40:31.603 15728 15728 I GeckoDump: Got bestImage is null
01-30 17:40:31.603 15728 15728 I MobiFace: Content JS LOG:  contact.challengeInfo  ============{"challengeInfo":{"availableCurrentPosition":false,"current_x":0,"current_y":0,"stability":0,"availableTargetPosition":false,"currentTarget":0,"numTargets":0,"targets":[{"target_x":0,"target_y":0,"target_radius":0},{"target_x":0,"target_y":0,"target_radius":0},{"target_x":0,"target_y":0,"target_radius":0}]}} 
01-30 17:40:31.603 15728 15728 I MobiFace:     at startFaceRecognition/</</reader.onload (app://2ec57ac3-eee0-41a3-9d3f-e1b3e29e617f/js/livenesschallenge.js:163:29)
01-30 17:40:31.613 15728 16470 D FrServiceClient:  DEBUG - tiem taken: 13.000000
01-30 17:40:31.613 16188 16197 D MobiFace:  DEBUG - frameParams: 6 640 480 720 270
01-30 17:40:31.613 15728 16470 D FrServiceClient:  DEBUG - mobiFace_pushFrame frame 0xa9201000 460800
01-30 17:40:31.613 15728 16470 D FrServiceClient:  DEBUG - IdemiaFrServiceImpl::StartFaceAnalysis: FrServiceClient 460800
01-30 17:40:30.1674     1     1 I KERNEL  : [ 6776.956385] init: Service 'updater-daemon' (pid 16501) exited with status 127
01-30 17:40:30.1674     1     1 I KERNEL  : [ 6776.956461] init: Service 'updater-daemon' (pid 16501) killing any children in process group
01-30 17:40:31.633 16188 16188 D MobiFace:  DEBUG - pushImage2: 0xb7754998 0xb79d9e10 0xb1995008 460800 1 -1217058672 0x57f1ddb0
01-30 17:40:31.663   492 16441 E AEC_PORT: aec_port_save_update:real_gain:2.000000 linecnt:1507 exp_idx:272 cur_luma:-536870912 led_est:1079094840
01-30 17:40:31.673   492 16386 E mm-camera: c2d_thread_handle_process_buf_event:190 input buf index 6
01-30 17:40:31.673   492 16386 E mm-camera: c2d_thread_handle_process_buf_event:207 input vaddr b3428000
01-30 17:40:31.683 16188 16188 D MobiFace:  DEBUG - [event] trackingInfo_cb
01-30 17:40:31.683 16188 16188 D MobiFace:  DEBUG - [event] positionInstruction_cb
01-30 17:40:31.693 16188 16467 D MobiFace:  DEBUG - [event] challenge2DInfo_cb
01-30 17:40:31.693 16188 16188 D MobiFace:  DEBUG - pushImage2: 0
01-30 17:40:31.693 16188 16465 D MobiFace:  DEBUG - [event] freeImage_cb
01-30 17:40:31.693 16188 16471 D MobiFace:  DEBUG - getPositionInfo
01-30 17:40:31.693 16188 16484 D MobiFace:  DEBUG - getChallenge
01-30 17:40:31.693 16188 16197 D MobiFace:  DEBUG - getChallengeInfo
01-30 17:40:31.693 15728 16470 D FrServiceClient:  DEBUG - challenge2DInfo 0 0 - 0 0 - 0 0
01-30 17:40:31.693 15728 15728 I GeckoDump: Got analysisResult:0
01-30 17:40:31.693 15728 15728 I GeckoDump: Got analysisInfo:5
01-30 17:40:31.693 15728 15728 I GeckoDump: Got matchScore0
01-30 17:40:31.693 15728 15728 I GeckoDump: Got faceanalysisresults payload ![object Blob]
01-30 17:40:31.693 15728 15728 I GeckoDump: Got bestImage is null
01-30 17:40:31.693 15728 15728 I MobiFace: Content JS LOG:  contact.challengeInfo  ============{"challengeInfo":{"availableCurrentPosition":false,"current_x":0,"current_y":0,"stability":0,"availableTargetPosition":false,"currentTarget":0,"numTargets":0,"targets":[{"target_x":0,"target_y":0,"target_radius":0},{"target_x":0,"target_y":0,"target_radius":0},{"target_x":0,"target_y":0,"target_radius":0}]}} 
01-30 17:40:31.693 15728 15728 I MobiFace:     at startFaceRecognition/</</reader.onload (app://2ec57ac3-eee0-41a3-9d3f-e1b3e29e617f/js/livenesschallenge.js:163:29)
01-30 17:40:31.703 15728 16470 D FrServiceClient:  DEBUG - tiem taken: 13.000000
01-30 17:40:31.703 16188 16484 D MobiFace:  DEBUG - frameParams: 6 640 480 720 270
01-30 17:40:31.703 15728 16470 D FrServiceClient:  DEBUG - mobiFace_pushFrame frame 0xac772000 460800
01-30 17:40:31.703 15728 16470 D FrServiceClient:  DEBUG - IdemiaFrServiceImpl::StartFaceAnalysis: FrServiceClient 460800
01-30 17:40:31.723 16188 16197 D MobiFace:  DEBUG - pushImage2: 0xb7754998 0xb79d9e10 0xb1995008 460800 1 -1217057632 0x57f345c7
01-30 17:40:31.763   492 16386 E mm-camera: c2d_thread_handle_process_buf_event:190 input buf index 4
01-30 17:40:31.763   492 16386 E mm-camera: c2d_thread_handle_process_buf_event:207 input vaddr b350a000
01-30 17:40:31.763   492 16441 E AEC_PORT: aec_port_save_update:real_gain:2.000000 linecnt:1507 exp_idx:272 cur_luma:-2147483648 led_est:1079092180
01-30 17:40:31.813 16188 16197 D MobiFace:  DEBUG - [event] trackingInfo_cb
01-30 17:40:31.813 16188 16197 D MobiFace:  DEBUG - [event] positionInstruction_cb
01-30 17:40:31.813 16188 16467 D MobiFace:  DEBUG - [event] challenge2DInfo_cb
01-30 17:40:31.813 16188 16197 D MobiFace:  DEBUG - pushImage2: 0
01-30 17:40:31.813 16188 16465 D MobiFace:  DEBUG - [event] freeImage_cb
01-30 17:40:31.813 16188 16188 D MobiFace:  DEBUG - getPositionInfo
01-30 17:40:31.813 16188 16471 D MobiFace:  DEBUG - getChallenge
01-30 17:40:31.813 16188 16484 D MobiFace:  DEBUG - getChallengeInfo
01-30 17:40:31.813 15728 16470 D FrServiceClient:  DEBUG - challenge2DInfo 0 0 - 0 0 - 0 0
01-30 17:40:31.813 15728 15728 I GeckoDump: Got analysisResult:0
01-30 17:40:31.813 15728 15728 I GeckoDump: Got analysisInfo:5
01-30 17:40:31.813 15728 15728 I GeckoDump: Got matchScore0
01-30 17:40:31.823 15728 15728 I GeckoDump: Got faceanalysisresults payload ![object Blob]
01-30 17:40:31.823 15728 15728 I GeckoDump: Got bestImage is null
01-30 17:40:31.823 15728 15728 I MobiFace: Content JS LOG:  contact.challengeInfo  ============{"challengeInfo":{"availableCurrentPosition":false,"current_x":0,"current_y":0,"stability":0,"availableTargetPosition":false,"currentTarget":0,"numTargets":0,"targets":[{"target_x":0,"target_y":0,"target_radius":0},{"target_x":0,"target_y":0,"target_radius":0},{"target_x":0,"target_y":0,"target_radius":0}]}} 
01-30 17:40:31.823 15728 15728 I MobiFace:     at startFaceRecognition/</</reader.onload (app://2ec57ac3-eee0-41a3-9d3f-e1b3e29e617f/js/livenesschallenge.js:163:29)
01-30 17:40:31.823 15728 16470 D FrServiceClient:  DEBUG - tiem taken: 13.000000
01-30 17:40:31.823 16188 16471 D MobiFace:  DEBUG - frameParams: 6 640 480 720 270
01-30 17:40:31.823 15728 16470 D FrServiceClient:  DEBUG - mobiFace_pushFrame frame 0xac701000 460800
01-30 17:40:31.823 15728 16470 D FrServiceClient:  DEBUG - IdemiaFrServiceImpl::StartFaceAnalysis: FrServiceClient 460800
01-30 17:40:31.843 16188 16484 D MobiFace:  DEBUG - pushImage2: 0xb7754998 0xb79d9e10 0xb1995008 460800 1 -1214000880 0x57f521c3
01-30 17:40:31.863   492 16441 E AEC_PORT: aec_port_save_update:real_gain:2.000000 linecnt:1507 exp_idx:272 cur_luma:1073741824 led_est:1079101472
01-30 17:40:31.863   492 16386 E mm-camera: c2d_thread_handle_process_buf_event:190 input buf index 5
01-30 17:40:31.863   492 16386 E mm-camera: c2d_thread_handle_process_buf_event:207 input vaddr b3499000
01-30 17:40:31.903 16188 16484 D MobiFace:  DEBUG - [event] trackingInfo_cb
01-30 17:40:31.903 16188 16484 D MobiFace:  DEBUG - [event] positionInstruction_cb
01-30 17:40:31.903 16188 16467 D MobiFace:  DEBUG - [event] challenge2DInfo_cb
01-30 17:40:31.903 16188 16484 D MobiFace:  DEBUG - pushImage2: 0
01-30 17:40:31.903 16188 16465 D MobiFace:  DEBUG - [event] freeImage_cb
01-30 17:40:31.903 16188 16197 D MobiFace:  DEBUG - getPositionInfo
01-30 17:40:31.903 16188 16188 D MobiFace:  DEBUG - getChallenge
01-30 17:40:31.903 16188 16188 D MobiFace:  DEBUG - getChallengeInfo
01-30 17:40:31.903 15728 16470 D FrServiceClient:  DEBUG - challenge2DInfo 0 0 - 0 0 - 0 0
01-30 17:40:31.903 15728 15728 I GeckoDump: Got analysisResult:0
01-30 17:40:31.903 15728 15728 I GeckoDump: Got analysisInfo:5
01-30 17:40:31.903 15728 15728 I GeckoDump: Got matchScore0
01-30 17:40:31.903 15728 15728 I GeckoDump: Got faceanalysisresults payload ![object Blob]
01-30 17:40:31.903 15728 15728 I GeckoDump: Got bestImage is null
01-30 17:40:31.903 15728 15728 I MobiFace: Content JS LOG:  contact.challengeInfo  ============{"challengeInfo":{"availableCurrentPosition":false,"current_x":0,"current_y":0,"stability":0,"availableTargetPosition":false,"currentTarget":0,"numTargets":0,"targets":[{"target_x":0,"target_y":0,"target_radius":0},{"target_x":0,"target_y":0,"target_radius":0},{"target_x":0,"target_y":0,"target_radius":0}]}} 
01-30 17:40:31.903 15728 15728 I MobiFace:     at startFaceRecognition/</</reader.onload (app://2ec57ac3-eee0-41a3-9d3f-e1b3e29e617f/js/livenesschallenge.js:163:29)
01-30 17:40:31.913 15728 16470 D FrServiceClient:  DEBUG - tiem taken: 13.000000
01-30 17:40:31.913 16188 16188 D MobiFace:  DEBUG - frameParams: 6 640 480 720 270
01-30 17:40:31.913 15728 16470 D FrServiceClient:  DEBUG - mobiFace_pushFrame frame 0xa9201000 460800
01-30 17:40:31.913 15728 16470 D FrServiceClient:  DEBUG - IdemiaFrServiceImpl::StartFaceAnalysis: FrServiceClient 460800
01-30 17:40:31.933 16188 16471 D MobiFace:  DEBUG - pushImage2: 0xb7754998 0xb79d9e10 0xb1995008 460800 1 -1214425856 0x57f673f2
01-30 17:40:31.963   492 16386 E mm-camera: c2d_thread_handle_process_buf_event:190 input buf index 6
01-30 17:40:31.963   492 16386 E mm-camera: c2d_thread_handle_process_buf_event:207 input vaddr b3428000
01-30 17:40:31.963   492 16441 E AEC_PORT: aec_port_save_update:real_gain:2.000000 linecnt:1507 exp_idx:272 cur_luma:-536870912 led_est:1079068741
01-30 17:40:31.993 16188 16471 D MobiFace:  DEBUG - [event] trackingInfo_cb
01-30 17:40:31.993 16188 16471 D MobiFace:  DEBUG - [event] positionInstruction_cb
01-30 17:40:31.993 16188 16471 D MobiFace:  DEBUG - pushImage2: 0
01-30 17:40:31.993 16188 16484 D MobiFace:  DEBUG - getPositionInfo
01-30 17:40:31.993 16188 16197 D MobiFace:  DEBUG - getChallenge
01-30 17:40:31.993 16188 16188 D MobiFace:  DEBUG - getChallengeInfo
01-30 17:40:31.993 16188 16467 D MobiFace:  DEBUG - [event] challenge2DInfo_cb
01-30 17:40:31.993 15728 15728 I GeckoDump: Got analysisResult:0
01-30 17:40:31.993 15728 15728 I GeckoDump: Got analysisInfo:5
01-30 17:40:31.993 15728 15728 I GeckoDump: Got matchScore0
01-30 17:40:31.993 15728 15728 I GeckoDump: Got payload is null
01-30 17:40:31.993 15728 15728 I GeckoDump: Got bestImage is null
01-30 17:40:31.993 16188 16465 D MobiFace:  DEBUG - [event] freeImage_cb
01-30 17:40:32.003 15728 16470 D FrServiceClient:  DEBUG - tiem taken: 14.000000
01-30 17:40:32.003 16188 16197 D MobiFace:  DEBUG - frameParams: 6 640 480 720 270
01-30 17:40:32.003 15728 16470 D FrServiceClient:  DEBUG - mobiFace_pushFrame frame 0xac772000 460800
01-30 17:40:32.003 15728 16470 D FrServiceClient:  DEBUG - IdemiaFrServiceImpl::StartFaceAnalysis: FrServiceClient 460800
01-30 17:40:32.023 16188 16188 D MobiFace:  DEBUG - pushImage2: 0xb7754998 0xb79d9e10 0xb1995008 460800 1 -1217058672 0x57f7dce3
01-30 17:40:32.063   492 16384 E         : dmlroc_entry  entering dmlroc_entry
01-30 17:40:32.063   492 16386 E mm-camera: c2d_thread_handle_process_buf_event:190 input buf index 4
01-30 17:40:32.063   492 16386 E mm-camera: c2d_thread_handle_process_buf_event:207 input vaddr b350a000
01-30 17:40:32.113 16188 16188 D MobiFace:  DEBUG - [event] trackingInfo_cb
01-30 17:40:32.113 16188 16188 D MobiFace:  DEBUG - [event] positionInstruction_cb
01-30 17:40:32.113 16188 16467 D MobiFace:  DEBUG - [event] challenge2DInfo_cb
01-30 17:40:32.113 16188 16188 D MobiFace:  DEBUG - pushImage2: 0
01-30 17:40:32.113 16188 16465 D MobiFace:  DEBUG - [event] freeImage_cb
01-30 17:40:32.113 16188 16471 D MobiFace:  DEBUG - getPositionInfo
01-30 17:40:32.113 16188 16484 D MobiFace:  DEBUG - getChallenge
01-30 17:40:32.123 16188 16197 D MobiFace:  DEBUG - getChallengeInfo
01-30 17:40:32.123 15728 16470 D FrServiceClient:  DEBUG - challenge2DInfo 0 0 - 0 0 - 0 0
01-30 17:40:32.123 15728 15728 I GeckoDump: Got analysisResult:0
01-30 17:40:32.123 15728 15728 I GeckoDump: Got analysisInfo:5
01-30 17:40:32.123 15728 15728 I GeckoDump: Got matchScore0
01-30 17:40:32.123 15728 15728 I GeckoDump: Got faceanalysisresults payload ![object Blob]
01-30 17:40:32.123 15728 15728 I GeckoDump: Got bestImage is null
01-30 17:40:32.123 15728 15728 I MobiFace: Content JS LOG:  contact.challengeInfo  ============{"challengeInfo":{"availableCurrentPosition":false,"current_x":0,"current_y":0,"stability":0,"availableTargetPosition":false,"currentTarget":0,"numTargets":0,"targets":[{"target_x":0,"target_y":0,"target_radius":0},{"target_x":0,"target_y":0,"target_radius":0},{"target_x":0,"target_y":0,"target_radius":0}]}} 
01-30 17:40:32.123 15728 15728 I MobiFace:     at startFaceRecognition/</</reader.onload (app://2ec57ac3-eee0-41a3-9d3f-e1b3e29e617f/js/livenesschallenge.js:163:29)
01-30 17:40:32.133 15728 16470 D FrServiceClient:  DEBUG - tiem taken: 14.000000
01-30 17:40:32.133 16188 16484 D MobiFace:  DEBUG - frameParams: 6 640 480 720 270
01-30 17:40:32.133 15728 16470 D FrServiceClient:  DEBUG - mobiFace_pushFrame frame 0xac701000 460800
01-30 17:40:32.133 15728 16470 D FrServiceClient:  DEBUG - IdemiaFrServiceImpl::StartFaceAnalysis: FrServiceClient 460800
01-30 17:40:32.153 16188 16197 D MobiFace:  DEBUG - pushImage2: 0xb7754998 0xb79d9e10 0xb1995008 460800 1 -1217057632 0x57f9d178
01-30 17:40:32.163   492 16441 E AEC_PORT: aec_port_save_update:real_gain:2.000000 linecnt:1507 exp_idx:272 cur_luma:536870912 led_est:1079090576
01-30 17:40:32.163   492 16386 E mm-camera: c2d_thread_handle_process_buf_event:190 input buf index 5
01-30 17:40:32.163   492 16386 E mm-camera: c2d_thread_handle_process_buf_event:207 input vaddr b3499000
01-30 17:40:32.213 16188 16197 D MobiFace:  DEBUG - [event] trackingInfo_cb
01-30 17:40:32.213 16188 16197 D MobiFace:  DEBUG - [event] positionInstruction_cb
01-30 17:40:32.213 16188 16467 D MobiFace:  DEBUG - [event] challenge2DInfo_cb
01-30 17:40:32.213 16188 16197 D MobiFace:  DEBUG - pushImage2: 0
01-30 17:40:32.213 16188 16188 D MobiFace:  DEBUG - getPositionInfo
01-30 17:40:32.213 16188 16465 D MobiFace:  DEBUG - [event] freeImage_cb
01-30 17:40:32.213 16188 16484 D MobiFace:  DEBUG - getChallenge
01-30 17:40:32.213 16188 16188 D MobiFace:  DEBUG - getChallengeInfo
01-30 17:40:32.213 15728 16470 D FrServiceClient:  DEBUG - challenge2DInfo 0 0 - 0 0 - 0 0
01-30 17:40:32.213 15728 15728 I GeckoDump: Got analysisResult:0
01-30 17:40:32.213 15728 15728 I GeckoDump: Got analysisInfo:5
01-30 17:40:32.213 15728 15728 I GeckoDump: Got matchScore0
01-30 17:40:32.213 15728 15728 I GeckoDump: Got faceanalysisresults payload ![object Blob]
01-30 17:40:32.213 15728 15728 I GeckoDump: Got bestImage is null
01-30 17:40:32.223 