01-30 17:41:48.803   492 17150 E mm-camera: c2d_thread_handle_process_buf_event:207 input vaddr b3406000
01-30 17:41:48.813 16776 16776 D MobiFace:  DEBUG - pushImage2: 0xb8d54998 0xb8dbef88 0xb1df4008 460800 1 -1193990000 0x5c8ba020
01-30 17:41:48.853   492 17188 E AEC_PORT: aec_port_save_update:real_gain:1.000000 linecnt:751 exp_idx:224 cur_luma:1073741824 led_est:1079064269
01-30 17:41:48.853   492 17150 E mm-camera: c2d_thread_handle_process_buf_event:190 input buf index 4
01-30 17:41:48.853   492 17150 E mm-camera: c2d_thread_handle_process_buf_event:207 input vaddr b34e8000
01-30 17:41:48.903   492 17188 E AEC_PORT: aec_port_save_update:real_gain:1.000000 linecnt:751 exp_idx:224 cur_luma:-2147483648 led_est:1079063925
01-30 17:41:48.903   492 17150 E mm-camera: c2d_thread_handle_process_buf_event:190 input buf index 5
01-30 17:41:48.903   492 17150 E mm-camera: c2d_thread_handle_process_buf_event:207 input vaddr b3477000
01-30 17:41:48.913 16776 16776 D MobiFace:  DEBUG - [event] trackingInfo_cb
01-30 17:41:48.913 16776 16776 D MobiFace:  DEBUG - [event] positionInstruction_cb
01-30 17:41:48.913 16776 17231 D MobiFace:  DEBUG - [event] challenge2DInfo_cb
01-30 17:41:48.913 16776 16776 D MobiFace:  DEBUG - pushImage2: 0
01-30 17:41:48.913 16776 17229 D MobiFace:  DEBUG - [event] freeImage_cb
01-30 17:41:48.913 16776 16959 D MobiFace:  DEBUG - getPositionInfo
01-30 17:41:48.913 16776 16974 D MobiFace:  DEBUG - getChallenge
01-30 17:41:48.923 16776 16779 D MobiFace:  DEBUG - getChallengeInfo
01-30 17:41:48.923 15728 17234 D FrServiceClient:  DEBUG - challenge2DInfo 0 0 - 0 109 - 181 246
01-30 17:41:48.923 15728 15728 I GeckoDump: Got analysisResult:0
01-30 17:41:48.923 15728 15728 I GeckoDump: Got analysisInfo:1
01-30 17:41:48.923 15728 15728 I GeckoDump: Got matchScore0
01-30 17:41:48.923 15728 15728 I GeckoDump: Got faceanalysisresults payload ![object Blob]
01-30 17:41:48.923 15728 15728 I GeckoDump: Got bestImage is null
01-30 17:41:48.923 15728 15728 I MobiFace: Content JS LOG:  contact.challengeInfo  ============{"challengeInfo":{"availableCurrentPosition":false,"current_x":0,"current_y":0,"stability":0,"availableTargetPosition":false,"currentTarget":0,"numTargets":0,"targets":[{"target_x":0,"target_y":109,"target_radius":45},{"target_x":181,"target_y":246,"target_radius":45},{"target_x":0,"target_y":0,"target_radius":0}]}} 
01-30 17:41:48.923 15728 15728 I MobiFace:     at startFaceRecognition/</</reader.onload (app://2ec57ac3-eee0-41a3-9d3f-e1b3e29e617f/js/livenesschallenge.js:163:29)
01-30 17:41:48.933 15728 17234 D FrServiceClient:  DEBUG - tiem taken: 6.000000
01-30 17:41:48.933 16776 16974 D MobiFace:  DEBUG - frameParams: 6 640 480 720 270
01-30 17:41:48.933 15728 17234 D FrServiceClient:  DEBUG - mobiFace_pushFrame frame 0xa9372000 460800
01-30 17:41:48.933 15728 17234 D FrServiceClient:  DEBUG - IdemiaFrServiceImpl::StartFaceAnalysis: FrServiceClient 460800
01-30 17:41:48.953   492 17188 E AEC_PORT: aec_port_save_update:real_gain:1.000000 linecnt:751 exp_idx:224 cur_luma:1610612736 led_est:1079064057
01-30 17:41:48.953   492 17150 E mm-camera: c2d_thread_handle_process_buf_event:190 input buf index 6
01-30 17:41:48.953   492 17150 E mm-camera: c2d_thread_handle_process_buf_event:207 input vaddr b3406000
01-30 17:41:48.953 16776 16779 D MobiFace:  DEBUG - pushImage2: 0xb8d54998 0xb8dbef88 0xb1df4008 460800 1 -1193988960 0x5c8dc8ae
01-30 17:41:49.003   492 17188 E AEC_PORT: aec_port_save_update:real_gain:1.000000 linecnt:751 exp_idx:224 cur_luma:-1073741824 led_est:1079064128
01-30 17:41:49.003   492 17150 E mm-camera: c2d_thread_handle_process_buf_event:190 input buf index 4
01-30 17:41:49.003   492 17150 E mm-camera: c2d_thread_handle_process_buf_event:207 input vaddr b34e8000
01-30 17:41:49.043   425   558 D ThermalEngine: sensor_wait: case_therm Wait done.
01-30 17:41:49.043   425   558 D ThermalEngine: sensor_monitor: case_therm Reading 35000 .
01-30 17:41:49.043   425   558 I ThermalEngine: Sensor:case_therm:35000 mC
01-30 17:41:49.043   425   558 D ThermalEngine: update_active_thresh: case_therm Active(1), Hi(1) 40000, Lo(0) -2147483648, Interval(1) 5000
01-30 17:41:49.043   425   558 D ThermalEngine: sensor_monitor: case_therm Sensor wait.
01-30 17:41:49.043   425   558 D ThermalEngine: sensor_wait: case_therm Wait start. 5000ms
01-30 17:41:49.053   492 17188 E AEC_PORT: aec_port_save_update:real_gain:1.000000 linecnt:751 exp_idx:224 cur_luma:-1073741824 led_est:1079064138
01-30 17:41:49.053   492 17150 E mm-camera: c2d_thread_handle_process_buf_event:190 input buf index 5
01-30 17:41:49.053   492 17150 E mm-camera: c2d_thread_handle_process_buf_event:207 input vaddr b3477000
01-30 17:41:49.083 16776 16779 D MobiFace:  DEBUG - [event] trackingInfo_cb
01-30 17:41:49.083 16776 16779 D MobiFace:  DEBUG - [event] positionInstruction_cb
01-30 17:41:49.083 16776 17231 D MobiFace:  DEBUG - [event] challenge2DInfo_cb
01-30 17:41:49.083 16776 16779 D MobiFace:  DEBUG - pushImage2: 0
01-30 17:41:49.083 16776 17229 D MobiFace:  DEBUG - [event] freeImage_cb
01-30 17:41:49.083 16776 16776 D MobiFace:  DEBUG - getPositionInfo
01-30 17:41:49.083 16776 16959 D MobiFace:  DEBUG - getChallenge
01-30 17:41:49.083 16776 16974 D MobiFace:  DEBUG - getChallengeInfo
01-30 17:41:49.083 15728 17234 D FrServiceClient:  DEBUG - challenge2DInfo 0 0 - 0 109 - 181 246
01-30 17:41:49.083 15728 15728 I GeckoDump: Got analysisResult:0
01-30 17:41:49.083 15728 15728 I GeckoDump: Got analysisInfo:1
01-30 17:41:49.083 15728 15728 I GeckoDump: Got matchScore0
01-30 17:41:49.083 15728 15728 I GeckoDump: Got faceanalysisresults payload ![object Blob]
01-30 17:41:49.083 15728 15728 I GeckoDump: Got bestImage is null
01-30 17:41:49.083 15728 15728 I MobiFace: Content JS LOG:  contact.challengeInfo  ============{"challengeInfo":{"availableCurrentPosition":false,"current_x":0,"current_y":0,"stability":0,"availableTargetPosition":false,"currentTarget":0,"numTargets":0,"targets":[{"target_x":0,"target_y":109,"target_radius":45},{"target_x":181,"target_y":246,"target_radius":45},{"target_x":0,"target_y":0,"target_radius":0}]}} 
01-30 17:41:49.083 15728 15728 I MobiFace:     at startFaceRecognition/</</reader.onload (app://2ec57ac3-eee0-41a3-9d3f-e1b3e29e617f/js/livenesschallenge.js:163:29)
01-30 17:41:49.093 15728 17234 D FrServiceClient:  DEBUG - tiem taken: 7.000000
01-30 17:41:49.093 16776 16959 D MobiFace:  DEBUG - frameParams: 6 640 480 720 270
01-30 17:41:49.093 15728 17234 D FrServiceClient:  DEBUG - mobiFace_pushFrame frame 0xab601000 460800
01-30 17:41:49.093 15728 17234 D FrServiceClient:  DEBUG - IdemiaFrServiceImpl::StartFaceAnalysis: FrServiceClient 460800
01-30 17:41:49.103   492 17146 E         : dmlroc_entry  entering dmlroc_entry
01-30 17:41:49.103   492 17150 E mm-camera: c2d_thread_handle_process_buf_event:190 input buf index 6
01-30 17:41:49.103   492 17150 E mm-camera: c2d_thread_handle_process_buf_event:207 input vaddr b3406000
01-30 17:41:49.123 16776 16974 D MobiFace:  DEBUG - pushImage2: 0xb8d54998 0xb8dbef88 0xb1df4008 460800 1 -1191139904 0x5c904cd6
01-30 17:41:49.153   492 17188 E AEC_PORT: aec_port_save_update:real_gain:1.000000 linecnt:751 exp_idx:224 cur_luma:0 led_est:1079064417
01-30 17:41:49.153   492 17150 E mm-camera: c2d_thread_handle_process_buf_event:190 input buf index 4
01-30 17:41:49.153   492 17150 E mm-camera: c2d_thread_handle_process_buf_event:207 input vaddr b34e8000
01-30 17:41:49.203   492 17188 E AEC_PORT: aec_port_save_update:real_gain:1.000000 linecnt:751 exp_idx:224 cur_luma:-1073741824 led_est:1079062515
01-30 17:41:49.203   492 17150 E mm-camera: c2d_thread_handle_process_buf_event:190 input buf index 5
01-30 17:41:49.203   492 17150 E mm-camera: c2d_thread_handle_process_buf_event:207 input vaddr b3477000
01-30 17:41:49.253   492 17188 E AEC_PORT: aec_port_save_update:real_gain:1.000000 linecnt:751 exp_idx:224 cur_luma:1610612736 led_est:1079062513
01-30 17:41:49.253   492 17150 E mm-camera: c2d_thread_handle_process_buf_event:190 input buf index 6
01-30 17:41:49.253   492 17150 E mm-camera: c2d_thread_handle_process_buf_event:207 input vaddr b3406000
01-30 17:41:49.263 16776 16974 D MobiFace:  DEBUG - [event] trackingInfo_cb
01-30 17:41:49.263 16776 16974 D MobiFace:  DEBUG - [event] positionInstruction_cb
01-30 17:41:49.263 16776 17231 D MobiFace:  DEBUG - [event] challenge2DInfo_cb
01-30 17:41:49.263 16776 16974 D MobiFace:  DEBUG - pushImage2: 0
01-30 17:41:49.263 16776 16776 D MobiFace:  DEBUG - getPositionInfo
01-30 17:41:49.263 16776 17229 D MobiFace:  DEBUG - [event] freeImage_cb
01-30 17:41:49.263 16776 16779 D MobiFace:  DEBUG - getChallenge
01-30 17:41:49.263 16776 16959 D MobiFace:  DEBUG - getChallengeInfo
01-30 17:41:49.273 15728 17234 D FrServiceClient:  DEBUG - challenge2DInfo 0 0 - 0 109 - 181 246
01-30 17:41:49.273 15728 15728 I GeckoDump: Got analysisResult:0
01-30 17:41:49.273 15728 15728 I GeckoDump: Got analysisInfo:1
01-30 17:41:49.273 15728 15728 I GeckoDump: Got matchScore0
01-30 17:41:49.273 15728 15728 I GeckoDump: Got faceanalysisresults payload ![object Blob]
01-30 17:41:49.273 15728 15728 I GeckoDump: Got bestImage is null
01-30 17:41:49.273 15728 15728 I MobiFace: Content JS LOG:  contact.challengeInfo  ============{"challengeInfo":{"availableCurrentPosition":false,"current_x":0,"current_y":0,"stability":0,"availableTargetPosition":false,"currentTarget":0,"numTargets":0,"targets":[{"target_x":0,"target_y":109,"target_radius":45},{"target_x":181,"target_y":246,"target_radius":45},{"target_x":0,"target_y":0,"target_radius":0}]}} 
01-30 17:41:49.273 15728 15728 I MobiFace:     at startFaceRecognition/</</reader.onload (app://2ec57ac3-eee0-41a3-9d3f-e1b3e29e617f/js/livenesschallenge.js:163:29)
01-30 17:41:49.283 15728 17234 D FrServiceClient:  DEBUG - tiem taken: 7.000000
01-30 17:41:49.283 16776 16779 D MobiFace:  DEBUG - frameParams: 6 640 480 720 270
01-30 17:41:49.283 15728 17234 D FrServiceClient:  DEBUG - mobiFace_pushFrame frame 0xa9301000 460800
01-30 17:41:49.283 15728 17234 D FrServiceClient:  DEBUG - IdemiaFrServiceImpl::StartFaceAnalysis: FrServiceClient 460800
01-30 17:41:49.303 16776 16959 D MobiFace:  DEBUG - pushImage2: 0xb8d54998 0xb8dbef88 0xb1df4008 460800 1 -1190936824 0x5c930b39
01-30 17:41:49.303   492 17188 E AEC_PORT: aec_port_save_update:real_gain:1.000000 linecnt:751 exp_idx:224 cur_luma:1610612736 led_est:1079061755
01-30 17:41:49.303   492 17150 E mm-camera: c2d_thread_handle_process_buf_event:190 input buf index 4
01-30 17:41:49.303   492 17150 E mm-camera: c2d_thread_handle_process_buf_event:207 input vaddr b34e8000
01-30 17:41:49.353   492 17150 E mm-camera: c2d_thread_handle_process_buf_event:190 input buf index 5
01-30 17:41:49.353   492 17150 E mm-camera: c2d_thread_handle_process_buf_event:207 input vaddr b3477000
01-30 17:41:49.353   492 17188 E AEC_PORT: aec_port_save_update:real_gain:1.000000 linecnt:751 exp_idx:224 cur_luma:-1610612736 led_est:1079062640
01-30 17:41:49.393   492 17150 E mm-camera: c2d_thread_handle_process_buf_event:190 input buf index 6
01-30 17:41:49.393   492 17150 E mm-camera: c2d_thread_handle_process_buf_event:207 input vaddr b3406000
01-30 17:41:49.403   492 17188 E AEC_PORT: aec_port_save_update:real_gain:1.000000 linecnt:751 exp_idx:224 cur_luma:1610612736 led_est:1079062483
01-30 17:41:49.443   492 17150 E mm-camera: c2d_thread_handle_process_buf_event:190 input buf index 4
01-30 17:41:49.443   492 17150 E mm-camera: c2d_thread_handle_process_buf_event:207 input vaddr b34e8000
01-30 17:41:49.453   492 17188 E AEC_PORT: aec_port_save_update:real_gain:1.000000 linecnt:751 exp_idx:224 cur_luma:-1073741824 led_est:1079062271
01-30 17:41:49.453 16776 16959 D MobiFace:  DEBUG - [event] trackingInfo_cb
01-30 17:41:49.453 16776 16959 D MobiFace:  DEBUG - [event] positionInstruction_cb
01-30 17:41:49.453 16776 16959 D MobiFace:  DEBUG - pushImage2: 0
01-30 17:41:49.453 16776 17231 D MobiFace:  DEBUG - [event] challenge2DInfo_cb
01-30 17:41:49.453 16776 16974 D MobiFace:  DEBUG - getPositionInfo
01-30 17:41:49.453 16776 17229 D MobiFace:  DEBUG - [event] freeImage_cb
01-30 17:41:49.453 16776 16776 D MobiFace:  DEBUG - getChallenge
01-30 17:41:49.453 16776 16779 D MobiFace:  DEBUG - getChallengeInfo
01-30 17:41:49.453 15728 17234 D FrServiceClient:  DEBUG - challenge2DInfo 0 0 - 0 109 - 181 246
01-30 17:41:49.453 15728 15728 I GeckoDump: Got analysisResult:0
01-30 17:41:49.453 15728 15728 I GeckoDump: Got analysisInfo:1
01-30 17:41:49.453 15728 15728 I GeckoDump: Got matchScore0
01-30 17:41:49.453 15728 15728 I GeckoDump: Got faceanalysisresults payload ![object Blob]
01-30 17:41:49.453 15728 15728 I GeckoDump: Got bestImage is null
01-30 17:41:49.453 15728 15728 I MobiFace: Content JS LOG:  contact.challengeInfo  ============{"challengeInfo":{"availableCurrentPosition":false,"current_x":0,"current_y":0,"stability":0,"availableTargetPosition":false,"currentTarget":0,"numTargets":0,"targets":[{"target_x":0,"target_y":109,"target_radius":45},{"target_x":181,"target_y":246,"target_radius":45},{"target_x":0,"target_y":0,"target_radius":0}]}} 
01-30 17:41:49.453 15728 15728 I MobiFace:     at startFaceRecognition/</</reader.onload (app://2ec57ac3-eee0-41a3-9d3f-e1b3e29e617f/js/livenesschallenge.js:163:29)
01-30 17:41:49.463 15728 17234 D FrServiceClient:  DEBUG - tiem taken: 7.000000
01-30 17:41:49.463 16776 16776 D MobiFace:  DEBUG - frameParams: 6 640 480 720 270
01-30 17:41:49.463 15728 17234 D FrServiceClient:  DEBUG - mobiFace_pushFrame frame 0xa9372000 460800
01-30 17:41:49.463 15728 17234 D FrServiceClient:  DEBUG - IdemiaFrServiceImpl::StartFaceAnalysis: FrServiceClient 460800
01-30 17:41:49.483 16776 16779 D MobiFace:  DEBUG - pushImage2: 0xb8d54998 0xb8dbef88 0xb1df4008 460800 1 -1193988960 0x5c95d5fd
01-30 17:41:49.493   492 17188 E AEC_PORT: aec_port_save_update:real_gain:1.000000 linecnt:751 exp_idx:224 cur_luma:-1073741824 led_est:1079062607
01-30 17:41:49.503   492 17150 E mm-camera: c2d_thread_handle_process_buf_event:190 input buf index 5
01-30 17:41:49.503   492 17150 E mm-camera: c2d_thread_handle_process_buf_event:207 input vaddr b3477000
01-30 17:41:49.553   492 17188 E AEC_PORT: aec_port_save_update:real_gain:1.000000 linecnt:751 exp_idx:224 cur_luma:-2147483648 led_est:1079062052
01-30 17:41:49.553   492 17150 E mm-camera: c2d_thread_handle_process_buf_event:190 input buf index 6
01-30 17:41:49.553   492 17150 E mm-camera: c2d_thread_handle_process_buf_event:207 input vaddr b3406000
01-30 17:41:49.593   492 17146 E         : dmlroc_entry  entering dmlroc_entry
01-30 17:41:49.593   492 17150 E mm-camera: c2d_thread_handle_process_buf_event:190 input buf index 4
01-30 17:41:49.593   492 17150 E mm-camera: c2d_thread_handle_process_buf_event:207 input vaddr b34e8000
01-30 17:41:49.623 16776 16779 D MobiFace:  DEBUG - [event] trackingInfo_cb
01-30 17:41:49.623 16776 16779 D MobiFace:  DEBUG - [event] positionInstruction_cb
01-30 17:41:49.623 16776 17231 D MobiFace:  DEBUG - [event] challenge2DInfo_cb
01-30 17:41:49.623 16776 16779 D MobiFace:  DEBUG - pushImage2: 0
01-30 17:41:49.633 16776 16959 D MobiFace:  DEBUG - getPositionInfo
01-30 17:41:49.633 16776 17229 D MobiFace:  DEBUG - [event] freeImage_cb
01-30 17:41:49.633 16776 16974 D MobiFace:  DEBUG - getChallenge
01-30 17:41:49.633 16776 16776 D MobiFace:  DEBUG - getChallengeInfo
01-30 17:41:49.633 15728 17234 D FrServiceClient:  DEBUG - challenge2DInfo 0 0 - 0 109 - 181 246
01-30 17:41:49.633 15728 15728 I GeckoDump: Got analysisResult:0
01-30 17:41:49.633 15728 15728 I GeckoDump: Got analysisInfo:1
01-30 17:41:49.633 15728 15728 I GeckoDump: Got matchScore0
01-30 17:41:49.633 15728 15728 I GeckoDump: Got faceanalysisresults payload ![object Blob]
01-30 17:41:49.633 15728 15728 I GeckoDump: Got bestImage is null
01-30 17:41:49.633 15728 15728 I MobiFace: Content JS LOG:  contact.challengeInfo  ============{"challengeInfo":{"availableCurrentPosition":false,"current_x":0,"current_y":0,"stability":0,"availableTargetPosition":false,"currentTarget":0,"numTargets":0,"targets":[{"target_x":0,"target_y":109,"target_radius":45},{"target_x":181,"target_y":246,"target_radius":45},{"target_x":0,"target_y":0,"target_radius":0}]}} 
01-30 17:41:49.633 15728 15728 I MobiFace:     at startFaceRecognition/</</reader.onload (app://2ec57ac3-eee0-41a3-9d3f-e1b3e29e617f/js/livenesschallenge.js:163:29)
01-30 17:41:49.643   492 17150 E mm-camera: c2d_thread_handle_process_buf_event:190 input buf index 5
01-30 17:41:49.643   492 17150 E mm-camera: c2d_thread_handle_process_buf_event:207 input vaddr b3477000
01-30 17:41:49.643   492 17188 E AEC_PORT: aec_port_save_update:real_gain:1.000000 linecnt:751 exp_idx:224 cur_luma:-1073741824 led_est:1079062486
01-30 17:41:49.653 15728 17234 D FrServiceClient:  DEBUG - tiem taken: 7.000000
01-30 17:41:49.653 16776 16974 D MobiFace:  DEBUG - frameParams: 6 640 480 720 270
01-30 17:41:49.653 15728 17234 D FrServiceClient:  DEBUG - mobiFace_pushFrame frame 0xab601000 460800
01-30 17:41:49.653 15728 17234 D FrServiceClient:  DEBUG - IdemiaFrServiceImpl::StartFaceAnalysis: FrServiceClient 460800
01-30 17:41:49.673 16776 16776 D MobiFace:  DEBUG - pushImage2: 0xb8d54998 0xb8dbef88 0xb1f0e008 460800 1 -1193990000 0x5c98a512
01-30 17:41:49.693   492 17150 E mm-camera: c2d_thread_handle_process_buf_event:190 input buf index 6
01-30 17:41:49.693   492 17150 E mm-camera: c2d_thread_handle_process_buf_event:207 input vaddr b3406000
01-30 17:41:49.693   492 17188 E AEC_PORT: aec_port_save_update:real_gain:1.000000 linecnt:751 exp_idx:224 cur_luma:-2147483648 led_est:1079062587
01-30 17:41:49.743   492 17150 E mm-camera: c2d_thread_handle_process_buf_event:190 input buf index 4
01-30 17:41:49.743   492 17150 E mm-camera: c2d_thread_handle_process_buf_event:207 input vaddr b34e8000
01-30 17:41:49.743   492 17188 E AEC_PORT: aec_port_save_update:real_gain:1.000000 linecnt:751 exp_idx:224 cur_luma:-2147483648 led_est:1079061938
01-30 17:41:49.793   492 17150 E mm-camera: c2d_thread_handle_process_buf_event:190 input buf index 5
01-30 17:41:49.793   492 17150 E mm-camera: c2d_thread_handle_process_buf_event:207 input vaddr b3477000
01-30 17:41:49.793   492 17188 E AEC_PORT: aec_port_save_update:real_gain:1.000000 linecnt:751 exp_idx:224 cur_luma:-2147483648 led_est:1079059918
01-30 17:41:49.813 16776 16776 D MobiFace:  DEBUG - [event] trackingInfo_cb
01-30 17:41:49.813 16776 16776 D MobiFace:  DEBUG - [event] positionInstruction_cb
01-30 17:41:49.813 16776 17231 D MobiFace:  DEBUG - [event] challenge2DInfo_cb
01-30 17:41:49.813 16776 16776 D MobiFace:  DEBUG - pushImage2: 0
01-30 17:41:49.813 16776 17229 D MobiFace:  DEBUG - [event] freeImage_cb
01-30 17:41:49.813 16776 16779 D MobiFace:  DEBUG - getPositionInfo
01-30 17:41:49.813 16776 16974 D MobiFace:  DEBUG - getChallenge
01-30 17:41:49.813 16776 16776 D MobiFace:  DEBUG - getChallengeInfo
01-30 17:41:49.813 15728 17234 D FrServiceClient:  DEBUG - challenge2DInfo 0 0 - 0 109 - 181 246
01-30 17:41:49.813 15728 15728 I GeckoDump: Got analysisResult:0
01-30 17:41:49.813 15728 15728 I GeckoDump: Got analysisInfo:1
01-30 17:41:49.813 15728 15728 I GeckoDump: Got matchScore0
01-30 17:41:49.813 15728 15728 I GeckoDump: Got faceanalysisresults payload ![object Blob]
01-30 17:41:49.813 15728 15728 I GeckoDump: Got bestImage is null
01-30 17:41:49.823 15728 15728 I MobiFace: Content JS LOG:  contact.challengeInfo  ============{"challengeInfo":{"availableCurrentPosition":false,"current_x":0,"current_y":0,"stability":0,"availableTargetPosition":false,"currentTarget":0,"numTargets":0,"targets":[{"target_x":0,"target_y":109,"target_radius":45},{"target_x":181,"target_y":246,"target_radius":45},{"target_x":0,"target_y":0,"target_radius":0}]}} 
01-30 17:41:49.823 15728 15728 I MobiFace:     at startFaceRecognition/</</reader.onload (app://2ec57ac3-eee0-41a3-9d3f-e1b3e29e617f/js/livenesschallenge.js:163:29)
01-30 17:41:49.823 15728 17234 D FrServiceClient:  DEBUG - tiem taken: 7.000000
01-30 17:41:49.833 16776 16974 D MobiFace:  DEBUG - frameParams: 6 640 480 720 270
01-30 17:41:49.833 15728 17234 D FrServiceClient:  DEBUG - mobiFace_pushFrame frame 0xa9301000 460800
01-30 17:41:49.833 15728 17234 D FrServiceClient:  DEBUG - IdemiaFrServiceImpl::StartFaceAnalysis: FrServiceClient 460800
01-30 17:41:49.843   492 17150 E mm-camera: c2d_thread_handle_process_buf_event:190 input buf index 6
01-30 17:41:49.843   492 17150 E mm-camera: c2d_thread_handle_process_buf_event:207 input vaddr b3406000
01-30 17:41:49.843   492 17188 E AEC_PORT: aec_port_save_update:real_gain:1.000000 linecnt:751 exp_idx:224 cur_luma:1073741824 led_est:1079059806
01-30 17:41:49.853 16776 16959 D MobiFace:  DEBUG - pushImage2: 0xb8d54998 0xb8dbef88 0xb1f0e008 460800 1 -1190936824 0x5c9b699e
01-30 17:41:49.893   492 17150 E mm-camera: c2d_thread_handle_process_buf_event:190 input buf index 4
01-30 17:41:49.893   492 17150 E mm-camera: c2d_thread_handle_process_buf_event:207 input vaddr b34e8000
01-30 17:41:49.893   492 17188 E AEC_PORT: aec_port_save_update:real_gain:1.000000 linecnt:751 exp_idx:224 cur_luma:0 led_est:1079060074
01-30 17:41:49.943   492 17188 E AEC_PORT: aec_port_save_update:real_gain:1.000000 linecnt:751 exp_idx:224 cur_luma:-1073741824 led_est:1079059875
01-30 17:41:49.943   492 17150 E mm-camera: c2d_thread_handle_process_buf_event:190 input buf index 5
01-30 17:41:49.943   492 17150 E mm-camera: c2d_thread_handle_process_buf_event:207 input vaddr b3477000
01-30 17:41:49.963 16776 16959 D MobiFace:  DEBUG - [event] trackingInfo_cb
01-30 17:41:49.963 16776 16959 D MobiFace:  DEBUG - [event] positionInstruction_cb
01-30 17:41:49.963 16776 17231 D MobiFace:  DEBUG - [event] challenge2DInfo_cb
01-30 17:41:49.963 16776 16959 D MobiFace:  DEBUG - pushImage2: 0
01-30 17:41:49.963 16776 16776 D MobiFace:  DEBUG - getPositionInfo
01-30 17:41:49.963 16776 17229 D MobiFace:  DEBUG - [event] freeImage_cb
01-30 17:41:49.963 16776 16779 D MobiFace:  DEBUG - getChallenge
01-30 17:41:49.963 16776 16776 D MobiFace:  DEBUG - getChallengeInfo
01-30 17:41:49.963 15728 17234 D FrServiceClient:  DEBUG - challenge2DInfo 0 0 - 0 109 - 181 246
01-30 17:41:49.963 15728 15728 I GeckoDump: Got analysisResult:0
01-30 17:41:49.963 15728 15728 I GeckoDump: Got analysisInfo:1
01-30 17:41:49.963 15728 15728 I GeckoDump: Got matchScore0
01-30 17:41:49.963 15728 15728 I GeckoDump: Got faceanalysisresults payload ![object Blob]
01-30 17:41:49.963 15728 15728 I GeckoDump: Got bestImage is null
01-30 17:41:49.963 15728 15728 I MobiFace: Content JS LOG:  contact.challengeInfo  ============{"challengeInfo":{"availableCurrentPosition":false,"current_x":0,"current_y":0,"stability":0,"availableTargetPosition":false,"currentTarget":0,"numTargets":0,"targets":[{"target_x":0,"target_y":109,"target_radius":45},{"target_x":181,"target_y":246,"target_radius":45},{"target_x":0,"target_y":0,"target_radius":0}]}} 
01-30 17:41:49.963 15728 15728 I MobiFace:     at startFaceRecognition/</</reader.onload (app://2ec57ac3-eee0-41a3-9d3f-e1b3e29e617f/js/livenesschallenge.js:163:29)
01-30 17:41:49.973 15728 17234 D FrServiceClient:  DEBUG - tiem taken: 7.000000
01-30 17:41:49.973 16776 16776 D MobiFace:  DEBUG - frameParams: 6 640 480 720 270
01-30 17:41:49.973 15728 17234 D FrServiceClient:  DEBUG - mobiFace_pushFrame frame 0xa9372000 460800
01-30 17:41:49.973 15728 17234 D FrServiceClient:  DEBUG - IdemiaFrServiceImpl::StartFaceAnalysis: FrServiceClient 460800
01-30 17:41:49.993   492 17150 E mm-camera: c2d_thread_handle_process_buf_event:190 input buf index 6
01-30 17:41:49.993   492 17150 E mm-camera: c2d_thread_handle_process_buf_event:207 input vaddr b3406000
01-30 17:41:49.993   492 17188 E AEC_PORT: aec_port_save_update:real_gain:1.000000 linecnt:751 exp_idx:224 cur_luma:-1610612736 led_est:1079060343
01-30 17:41:49.993 16776 16779 D MobiFace:  DEBUG - pushImage2: 0xb8d54998 0xb8dbef88 0xb1f0e008 460800 1 -1193988960 0x5c9d807d
01-30 17:41:50.043   492 17188 E AEC_PORT: aec_port_save_update:real_gain:1.000000 linecnt:751 exp_idx:224 cur_luma:-1610612736 led_est:1079059992
01-30 17:41:50.043   492 17150 E mm-camera: c2d_thread_handle_process_buf_event:190 input buf index 4
01-30 17:41:50.043   492 17150 E mm-camera: c2d_thread_handle_process_buf_event:207 input vaddr b34e8000
01-30 17:41:50.083   492 17150 E mm-camera: c2d_thread_handle_process_buf_event:190 input buf index 5
01-30 17:41:50.083   492 17150 E mm-camera: c2d_thread_handle_process_buf_event:207 input vaddr b3477000
01-30 17:41:50.083   492 17146 E         : dmlroc_entry  entering dmlroc_entry
01-30 17:41:50.133 16776 16779 D MobiFace:  DEBUG - [event] trackingInfo_cb
01-30 17:41:50.133 16776 16779 D MobiFace:  DEBUG - [event] positionInstruction_cb
01-30 17:41:50.133 16776 17231 D MobiFace:  DEBUG - [event] challenge2DInfo_cb
01-30 17:41:50.133 16776 16779 D MobiFace:  DEBUG - pushImage2: 0
01-30 17:41:50.133 16776 17229 D MobiFace:  DEBUG - [event] freeImage_cb
01-30 17:41:50.133   492 17188 E AEC_PORT: aec_port_save_update:real_gain:1.000000 linecnt:751 exp_idx:224 cur_luma:0 led_est:1079059330
01-30 17:41:50.143   492 17150 E mm-camera: c2d_thread_handle_process_buf_event:190 input buf index 6
01-30 17:41:50.143   492 17150 E mm-camera: c2d_thread_handle_process_buf_event:207 input vaddr b3406000
01-30 17:41:50.143 16776 16959 D MobiFace:  DEBUG - getPositionInfo
01-30 17:41:50.143 16776 16974 D MobiFace:  DEBUG - getChallenge
01-30 17:41:50.143 16776 16776 D MobiFace:  DEBUG - getChallengeInfo
01-30 17:41:50.143 15728 17234 D FrServiceClient:  DEBUG - challenge2DInfo 0 0 - 0 109 - 181 246
01-30 17:41:50.143 15728 15728 I GeckoDump: Got analysisResult:0
01-30 17:41:50.143 15728 15728 I GeckoDump: Got analysisInfo:1
01-30 17:41:50.143 15728 15728 I GeckoDump: Got matchScore0
01-30 17:41:50.143 15728 15728 I GeckoDump: Got faceanalysisresults payload ![object Blob]
01-30 17:41:50.143 15728 15728 I GeckoDump: Got bestImage is null
01-30 17:41:50.153 15728 17234 D FrServiceClient:  DEBUG - tiem taken: 8.000000
01-30 17:41:50.153 15728 15728 I MobiFace: Content JS LOG:  contact.challengeInfo  ============{"challengeInfo":{"availableCurrentPosition":false,"current_x":0,"current_y":0,"stability":0,"availableTargetPosition":false,"currentTarget":0,"numTargets":0,"targets":[{"target_x":0,"target_y":109,"target_radius":45},{"target_x":181,"target_y":246,"target_radius":45},{"target_x":0,"target_y":0,"target_radius":0}]}} 
01-30 17:41:50.153 15728 15728 I MobiFace:     at startFaceRecognition/</</reader.onload (app://2ec57ac3-eee0-41a3-9d3f-e1b3e29e617f/js/livenesschallenge.js:163:29)
01-30 17:41:50.153 16776 16974 D MobiFace:  DEBUG - frameParams: 6 640 480 720 270
01-30 17:41:50.153 15728 17234 D FrServiceClient:  DEBUG - mobiFace_pushFrame frame 0xab601000 460800
01-30 17:41:50.153 15728 17234 D FrServiceClient:  DEBUG - IdemiaFrServiceImpl::StartFaceAnalysis: FrServiceClient 460800
01-30 17:41:50.173 16776 16776 D MobiFace:  DEBUG - pushImage2: 0xb8d54998 0xb8dbef88 0xb1f0e008 460800 1 -1193990000 0x5ca05925
01-30 17:41:50.183   492 17188 E AEC_PORT: aec_port_save_update:real_gain:1.000000 linecnt:751 exp_idx:224 cur_luma:-2147483648 led_est:1079060005
01-30 17:41:50.183   492 17150 E mm-camera: c2d_thread_handle_process_buf_event:190 input buf index 4
01-30 17:41:50.183   492 17150 E mm-camera: c2d_thread_handle_process_buf_event:207 input vaddr b34e8000
01-30 17:41:50.233   492 17188 E AEC_PORT: aec_port_save_update:real_gain:1.000000 linecnt:751 exp_idx:224 cur_luma:1610612736 led_est:1079060235
01-30 17:41:50.233   492 17150 E mm-camera: c2d_thread_handle_process_buf_event:190 input buf index 5
01-30 17:41:50.233   492 17150 E mm-camera: c2d_thread_handle_process_buf_event:207 input vaddr b3477000
01-30 17:41:50.283   492 17150 E mm-camera: c2d_thread_handle_process_buf_event:190 input buf index 6
01-30 17:41:50.283   492 17150 E mm-camera: c2d_thread_handle_process_buf_event:207 input vaddr b3406000
01-30 17:41:50.283   492 17188 E AEC_PORT: aec_port_save_update:real_gain:1.000000 linecnt:751 exp_idx:224 cur_luma:-536870912 led_est:1079060098
01-30 17:41:50.323 16776 16776 D MobiFace:  DEBUG - [event] trackingInfo_cb
01-30 17:41:50.323 16776 16776 D MobiFace:  DEBUG - [event] positionInstruction_cb
01-30 17:41:50.323 16776 17231 D MobiFace:  DEBUG - [event] challenge2DInfo_cb
01-30 17:41:50.323 16776 16776 D MobiFace:  DEBUG - pushImage2: 0
01-30 17:41:50.333 16776 17229 D MobiFace:  DEBUG - [event] freeImage_cb
01-30 17:41:50.333 16776 16779 D MobiFace:  DEBUG - getPositionInfo
01-30 17:41:50.333 16776 16959 D MobiFace:  DEBUG - getChallenge
01-30 17:41:50.333 16776 16974 D MobiFace:  DEBUG - getChallengeInfo
01-30 17:41:50.333 15728 17234 D FrServiceClient:  DEBUG - challenge2DInfo 0 0 - 0 109 - 181 246
01-30 17:41:50.333 15728 15728 I GeckoDump: Got analysisResult:0
01-30 17:41:50.333 15728 15728 I GeckoDump: Got analysisInfo:1
01-30 17:41:50.333 15728 15728 I GeckoDump: Got matchScore0
01-30 17:41:50.333 15728 15728 I GeckoDump: Got faceanalysisresults payload ![object Blob]
01-30 17:41:50.333   492 17188 E AEC_PORT: aec_port_save_update:real_gain:1.000000 linecnt:751 exp_idx:224 cur_luma:-1610612736 led_est:1079059868
01-30 17:41:50.333   492 17150 E mm-camera: c2d_thread_handle_process_buf_event:190 input buf index 4
01-30 17:41:50.333   492 17150 E mm-camera: c2d_thread_handle_process_buf_event:207 input vaddr b34e8000
01-30 17:41:50.343 15728 15728 I GeckoDump: Got bestImage is null
01-30 17:41:50.343 15728 17234 D FrServiceClient:  DEBUG - tiem taken: 8.000000
01-30 17:41:50.343 15728 15728 I MobiFace: Content JS LOG:  contact.challengeInfo  ============{"challengeInfo":{"availableCurrentPosition":false,"current_x":0,"current_y":0,"stability":0,"availableTargetPosition":false,"currentTarget":0,"numTargets":0,"targets":[{"target_x":0,"target_y":109,"target_radius":45},{"target_x":181,"target_y":246,"target_radius":45},{"target_x":0,"target_y":0,"target_radius":0}]}} 
01-30 17:41:50.343 15728 15728 I MobiFace:     at startFaceRecognition/</</reader.onload (app://2ec57ac3-eee0-41a3-9d3f-e1b3e29e617f/js/livenesschallenge.js:163:29)
01-30 17:41:50.353 16776 16959 D MobiFace:  DEBUG - frameParams: 6 640 480 720 270
01-30 17:41:50.353 15728 17234 D FrServiceClient:  DEBUG - mobiFace_pushFrame frame 0xa9301000 460800
01-30 17:41:50.353 15728 17234 D FrServiceClient:  DEBUG - IdemiaFrServiceImpl::StartFaceAnalysis: FrServiceClient 460800
01-30 17:41:50.373 16776 16974 D MobiFace:  DEBUG - pushImage2: 0xb8d54998 0xb8dbef88 0xb1f0e008 460800 1 -1191139904 0x5ca35c15
01-30 17:41:50.383   492 17150 E mm-camera: c2d_thread_handle_process_buf_event:190 input buf index 5
01-30 17:41:50.383   492 17150 E mm-camera: c2d_thread_handle_process_buf_event:207 input vaddr b3477000
01-30 17:41:50.383   492 17188 E AEC_PORT: aec_port_save_update:real_gain:1.000000 linecnt:751 exp_idx:224 cur_luma:-536870912 led_est:1079060243
01-30 17:41:50.433   492 17188 E AEC_PORT: aec_port_save_update:real_gain:1.000000 linecnt:751 exp_idx:224 cur_luma:1073741824 led_est:1079060060
01-30 17:41:50.433   492 17150 E mm-camera: c2d_thread_handle_process_buf_event:190 input buf index 6
01-30 17:41:50.433   492 17150 E mm-camera: c2d_thread_handle_process_buf_event:207 input vaddr b3406000
01-30 17:41:50.483   492 17188 E AEC_PORT: aec_port_save_update:real_gain:1.000000 linecnt:751 exp_idx:224 cur_luma:-2147483648 led_est:1079060303
01-30 17:41:50.483   492 17150 E mm-camera: c2d_thread_handle_process_buf_event:190 input buf index 4
01-30 17:41:50.483   492 17150 E mm-camera: c2d_thread_handle_process_buf_event:207 input vaddr b34e8000
01-30 17:41:50.513 16776 16974 D MobiFace:  DEBUG - [event] trackingInfo_cb
01-30 17:41:50.513 16776 16974 D MobiFace:  DEBUG - [event] positionInstruction_cb
01-30 17:41:50.513 16776 17231 D MobiFace:  DEBUG - [event] challenge2DInfo_cb
01-30 17:41:50.513 16776 16974 D MobiFace:  DEBUG - pushImage2: 0
01-30 17:41:50.513 16776 17229 D MobiFace:  DEBUG - [event] freeImage_cb
01-30 17:41:50.513 16776 16776 D MobiFace:  DEBUG - getPositionInfo
01-30 17:41:50.513 16776 16974 D MobiFace:  DEBUG - getChallenge
01-30 17:41:50.513 16776 16776 D MobiFace:  DEBUG - getChallengeInfo
01-30 17:41:50.513 15728 17234 D FrServiceClient:  DEBUG - challenge2DInfo 0 0 - 0 109 - 181 246
01-30 17:41:50.523 15728 15728 I GeckoDump: Got analysisResult:0
01-30 17:41:50.523 15728 15728 I GeckoDump: Got analysisInfo:1
01-30 17:41:50.523 15728 15728 I GeckoDump: Got matchScore0
01-30 17:41:50.523 15728 15728 I GeckoDump: Got faceanalysisresults payload ![object Blob]
01-30 17:41:50.523 15728 15728 I GeckoDump: Got bestImage is null
01-30 17:41:50.523 15728 15728 I MobiFace: Content JS LOG:  contact.challengeInfo  ============{"challengeInfo":{"availableCurrentPosition":false,"current_x":0,"current_y":0,"stability":0,"availableTargetPosition":false,"currentTarget":0,"numTargets":0,"targets":[{"target_x":0,"target_y":109,"target_radius":45},{"target_x":181,"target_y":246,"target_radius":45},{"target_x":0,"target_y":0,"target_radius":0}]}} 
01-30 17:41:50.523 15728 15728 I MobiFace:     at startFaceRecognition/</</reader.onload (app://2ec57ac3-eee0-41a3-9d3f-e1b3e29e617f/js/livenesschallenge.js:163:29)
01-30 17:41:50.523 15728 17234 D FrServiceClient:  DEBUG - tiem taken: 8.000000
01-30 17:41:50.523 16776 16776 D MobiFace:  DEBUG - frameParams: 6 640 480 720 270
01-30 17:41:50.523 15728 17234 D FrServiceClient:  DEBUG - mobiFace_pushFrame frame 0xa9372000 460800
01-30 17:41:50.523 15728 17234 D FrServiceClient:  DEBUG - IdemiaFrServiceImpl::StartFaceAnalysis: FrServiceClient 460800
01-30 17:41:50.533   492 17188 E AEC_PORT: aec_port_save_update:real_gain:1.000000 linecnt:751 exp_idx:224 cur_luma:-1073741824 led_est:1079060234
01-30 17:41:50.533   492 17150 E mm-camera: c2d_thread_handle_process_buf_event:190 input buf index 5
01-30 17:41:50.533   492 17150 E mm-camera: c2d_thread_handle_process_buf_event:207 input vaddr b3477000
01-30 17:41:50.543 16776 16974 D MobiFace:  DEBUG - pushImage2: 0xb8d54998 0xb8dbef88 0xb1f0e008 460800 1 -1191139904 0x5ca5fe0f
01-30 17:41:50.583   492 17146 E         : dmlroc_entry  entering dmlroc_entry
01-30 17:41:50.583   492 17150 E mm-camera: c2d_thread_handle_process_buf_event:190 input buf index 6
01-30 17:41:50.583   492 17150 E mm-camera: c2d_thread_handle_process_buf_event:207 input vaddr b3406000
01-30 17:41:50.633   492 17188 E AEC_PORT: aec_port_save_update:real_gain:1.000000 linecnt:751 exp_idx:224 cur_luma:0 led_est:1079059877
01-30 17:41:50.633   492 17150 E mm-camera: c2d_thread_handle_process_buf_event:190 input buf index 4
01-30 17:41:50.633   492 17150 E mm-camera: c2d_thread_handle_process_buf_event:207 input vaddr b34e8000
01-30 17:41:50.683   492 17188 E AEC_PORT: aec_port_save_update:real_gain:1.000000 linecnt:751 exp_idx:224 cur_luma:-2147483648 led_est:1079058509
01-30 17:41:50.683   492 17150 E mm-camera: c2d_thread_handle_process_buf_event:190 input buf index 5
01-30 17:41:50.683   492 17150 E mm-camera: c2d_thread_handle_process_buf_event:207 input vaddr b3477000
01-30 17:41:50.693 16776 16974 D MobiFace:  DEBUG - [event] trackingInfo_cb
01-30 17:41:50.693 16776 16974 D MobiFace:  DEBUG - [event] positionInstruction_cb
01-30 17:41:50.693 16776 16974 D MobiFace:  DEBUG - pushImage2: 0
01-30 17:41:50.693 16776 17231 D MobiFace:  DEBUG - [event] challenge2DInfo_cb
01-30 17:41:50.693 16776 17229 D MobiFace:  DEBUG - [event] freeImage_cb
01-30 17:41:50.693 16776 16779 D MobiFace:  DEBUG - getPositionInfo
01-30 17:41:50.693 16776 16959 D MobiFace:  DEBUG - getChallenge
01-30 17:41:50.693 16776 16776 D MobiFace:  DEBUG - getChallengeInfo
01-30 17:41:50.693 15728 17234 D FrServiceClient:  DEBUG - challenge2DInfo 0 0 - 0 109 - 181 246
01-30 17:41:50.693 15728 15728 I GeckoDump: Got analysisResult:0
01-30 17:41:50.693 15728 15728 I GeckoDump: Got analysisInfo:1
01-30 17:41:50.693 15728 15728 I GeckoDump: Got matchScore0
01-30 17:41:50.693 15728 15728 I GeckoDump: Got faceanalysisresults payload ![object Blob]
01-30 17:41:50.693 15728 15728 I GeckoDump: Got bestImage is null
01-30 17:41:50.693 15728 15728 I MobiFace: Content JS LOG:  contact.challengeInfo  ============{"challengeInfo":{"availableCurrentPosition":false,"current_x":0,"current_y":0,"stability":0,"availableTargetPosition":false,"currentTarget":0,"numTargets":0,"targets":[{"target_x":0,"target_y":109,"target_radius":45},{"target_x":181,"target_y":246,"target_radius":45},{"target_x":0,"target_y":0,"target_radius":0}]}} 
01-30 17:41:50.693 15728 15728 I MobiFace:     at startFaceRecognition/</</reader.onload (app://2ec57ac3-eee0-41a3-9d3f-e1b3e29e617f/js/livenesschallenge.js:163:29)
01-30 17:41:50.703 15728 17234 D FrServiceClient:  DEBUG - tiem taken: 8.000000
01-30 17:41:50.703 16776 16959 D MobiFace:  DEBUG - frameParams: 6 640 480 720 270
01-30 17:41:50.703 15728 17234 D FrServiceClient:  DEBUG - mobiFace_pushFrame frame 0xab601000 460800
01-30 17:41:50.703 15728 17234 D FrServiceClient:  DEBUG - IdemiaFrServiceImpl::StartFaceAnalysis: FrServiceClient 460800
01-30 17:41:50.723 16776 16776 D MobiFace:  DEBUG - pushImage2: 0xb8d54998 0xb8dbef88 0xb1f0e008 460800 1 -1193990000 0x5ca8bedf
01-30 17:41:50.733   492 17188 E AEC_PORT: aec_port_save_update:real_gain:1.000000 linecnt:751 exp_idx:224 cur_luma:-536870912 led_est:1079058532
01-30 17:41:50.733   492 17150 E mm-camera: c2d_thread_handle_process_buf_event:190 input buf index 6
01-30 17:41:50.733   492 17150 E mm-camera: c2d_thread_handle_process_buf_event:207 input vaddr b3406000
01-30 17:41:50.783   492 17188 E AEC_PORT: aec_port_save_update:real_gain:1.000000 linecnt:751 exp_idx:224 cur_luma:536870912 led_est:1079058639
01-30 17:41:50.783   492 17150 E mm-camera: c2d_thread_handle_process_buf_event:190 input buf index 4
01-30 17:41:50.783   492 17150 E mm-camera: c2d_thread_handle_process_buf_event:207 input vaddr b34e8000
01-30 17:41:50.833   492 17188 E AEC_PORT: aec_port_save_update:real_gain:1.000000 linecnt:751 exp_idx:224 cur_luma:0 led_est:1079058944
01-30 17:41:50.833   492 17150 E mm-camera: c2d_thread_handle_process_buf_event:190 input buf index 5
01-30 17:41:50.833   492 17150 E mm-camera: c2d_thread_handle_process_buf_event:207 input vaddr b3477000
01-30 17:41:50.873 16776 16776 D MobiFace:  DEBUG - [event] trackingInfo_cb
01-30 17:41:50.873 16776 16776 D MobiFace:  DEBUG - [event] positionInstruction_cb
01-30 17:41:50.873 16776 17231 D MobiFace:  DEBUG - [event] challenge2DInfo_cb
01-30 17:41:50.873 16776 16776 D MobiFace:  DEBUG - pushImage2: 0
01-30 17:41:50.873 16776 16974 D MobiFace:  DEBUG - getPositionInfo
01-30 17:41:50.873 16776 17229 D MobiFace:  DEBUG - [event] freeImage_cb
01-30 17:41:50.873 16776 16959 D MobiFace:  DEBUG - getChallenge
01-30 17:41:50.873 16776 16974 D MobiFace:  DEBUG - getChallengeInfo
01-30 17:41:50.873 15728 17234 D FrServiceClient:  DEBUG - challenge2DInfo 0 0 - 0 109 - 181 246
01-30 17:41:50.873 15728 15728 I GeckoDump: Got analysisResult:0
01-30 17:41:50.873 15728 15728 I GeckoDump: Got analysisInfo:1
01-30 17:41:50.873 15728 15728 I GeckoDump: Got matchScore0
01-30 17:41:50.873 15728 15728 I GeckoDump: Got faceanalysisresults payload ![object Blob]
01-30 17:41:50.873 15728 15728 I GeckoDump: Got bestImage is null
01-30 17:41:50.873   492 17150 E mm-camera: c2d_thread_handle_process_buf_event:190 input buf index 6
01-30 17:41:50.873   492 17150 E mm-camera: c2d_thread_handle_process_buf_event:207 input vaddr b3406000
01-30 17:41:50.883 15728 15728 I MobiFace: Content JS LOG:  contact.challengeInfo  ============{"challengeInfo":{"availableCurrentPosition":false,"current_x":0,"current_y":0,"stability":0,"availableTargetPosition":false,"currentTarget":0,"numTargets":0,"targets":[{"target_x":0,"target_y":109,"target_radius":45},{"target_x":181,"target_y":246,"target_radius":45},{"target_x":0,"target_y":0,"target_radius":0}]}} 
01-30 17:41:50.883 15728 15728 I MobiFace:     at startFaceRecognition/</</reader.onload (app://2ec57ac3-eee0-41a3-9d3f-e1b3e29e617f/js/livenesschallenge.js:163:29)
01-30 17:41:50.883   492 17188 E AEC_PORT: aec_port_save_update:real_gain:1.000000 linecnt:751 exp_idx:224 cur_luma:536870912 led_est:1079058606
01-30 17:41:50.883 15728 17234 D FrServiceClient:  DEBUG - tiem taken: 8.000000
01-30 17:41:50.893 16776 16974 D MobiFace:  DEBUG - frameParams: 6 640 480 720 270
01-30 17:41:50.893 15728 17234 D FrServiceClient:  DEBUG - mobiFace_pushFrame frame 0xa9301000 460800
01-30 17:41:50.893 15728 17234 D FrServiceClient:  DEBUG - IdemiaFrServiceImpl::StartFaceAnalysis: FrServiceClient 460800
01-30 17:41:50.903 16776 16779 D MobiFace:  DEBUG - pushImage2: 0xb8d54998 0xb8dbef88 0xb1f0e008 460800 1 -1193988960 0x5cab8459
01-30 17:41:50.923   492 17150 E mm-camera: c2d_thread_handle_process_buf_event:190 input buf index 4
01-30 17:41:50.923   492 17150 E mm-camera: c2d_thread_handle_process_buf_event:207 input vaddr b34e8000
01-30 17:41:50.923   492 17188 E AEC_PORT: aec_port_save_update:real_gain:1.000000 linecnt:751 exp_idx:224 cur_luma:-1073741824 led_est:1079058803
01-30 17:41:50.973   492 17188 E AEC_PORT: aec_port_save_update:real_gain:1.000000 linecnt:751 exp_idx:224 cur_luma:-2147483648 led_est:1079058570
01-30 17:41:50.983   492 17150 E mm-camera: c2d_thread_handle_process_buf_event:190 input buf index 5
01-30 17:41:50.983   492 17150 E mm-camera: c2d_thread_handle_process_buf_event:207 input vaddr b3477000
01-30 17:41:51.023   492 17188 E AEC_PORT: aec_port_save_update:real_gain:1.000000 linecnt:751 exp_idx:224 cur_luma:0 led_est:1079058768
01-30 17:41:51.033   492 17150 E mm-camera: c2d_thread_handle_process_buf_event:190 input buf index 6
01-30 17:41:51.033   492 17150 E mm-camera: c2d_thread_handle_process_buf_event:207 input vaddr b3406000
01-30 17:41:51.033 16776 16779 D MobiFace:  DEBUG - [event] trackingInfo_cb
01-30 17:41:51.033 16776 16779 D MobiFace:  DEBUG - [event] positionInstruction_cb
01-30 17:41:51.033 16776 17231 D MobiFace:  DEBUG - [event] challenge2DInfo_cb
01-30 17:41:51.033 16776 16779 D MobiFace:  DEBUG - pushImage2: 0
01-30 17:41:51.033 16776 17229 D MobiFace:  DEBUG - [event] freeImage_cb
01-30 17:41:51.033 16776 16776 D MobiFace:  DEBUG - getPositionInfo
01-30 17:41:51.033 16776 16974 D MobiFace:  DEBUG - getChallenge
01-30 17:41:51.033 16776 16959 D MobiFace:  DEBUG - getChallengeInfo
01-30 17:41:51.033 15728 17234 D FrServiceClient:  DEBUG - challenge2DInfo 0 0 - 0 109 - 181 246
01-30 17:41:51.033 15728 15728 I GeckoDump: Got analysisResult:0
01-30 17:41:51.033 15728 15728 I GeckoDump: Got analysisInfo:1
01-30 17:41:51.033 15728 15728 I GeckoDump: Got matchScore0
01-30 17:41:51.033 15728 15728 I GeckoDump: Got faceanalysisresults payload ![object Blob]
01-30 17:41:51.033 15728 15728 I GeckoDump: Got bestImage is null
01-30 17:41:51.043 15728 15728 I MobiFace: Content JS LOG:  contact.challengeInfo  ============{"challengeInfo":{"availableCurrentPosition":false,"current_x":0,"current_y":0,"stability":0,"availableTargetPosition":false,"currentTarget":0,"numTargets":0,"targets":[{"target_x":0,"target_y":109,"target_radius":45},{"target_x":181,"target_y":246,"target_radius":45},{"target_x":0,"target_y":0,"target_radius":0}]}} 
01-30 17:41:51.043 15728 15728 I MobiFace:     at startFaceRecognition/</</reader.onload (app://2ec57ac3-eee0-41a3-9d3f-e1b3e29e617f/js/livenesschallenge.js:163:29)
01-30 17:41:51.043 15728 17234 D FrServiceClient:  DEBUG - tiem taken: 9.000000
01-30 17:41:51.043 16776 16779 D MobiFace:  DEBUG - frameParams: 6 640 480 720 270
01-30 17:41:51.043 15728 17234 D FrServiceClient:  DEBUG - mobiFace_pushFrame frame 0xa9372000 460800
01-30 17:41:51.043 15728 17234 D FrServiceClient:  DEBUG - IdemiaFrServiceImpl::StartFaceAnalysis: FrServiceClient 460800
01-30 17:41:51.063 16776 16959 D MobiFace:  DEBUG - pushImage2: 0xb8d54998 0xb8dbef88 0xb1f0e008 460800 1 -1190936824 0x5cade7c3
01-30 17:41:51.073   492 17146 E         : dmlroc_entry  entering dmlroc_entry
01-30 17:41:51.073   492 17150 E mm-camera: c2d_thread_handle_process_buf_event:190 input buf index 4
01-30 17:41:51.073   492 17150 E mm-camera: c2d_thread_handle_process_buf_event:207 input vaddr b34e8000
01-30 17:41:51.123   492 17188 E AEC_PORT: aec_port_save_update:real_gain:1.000000 linecnt:751 exp_idx:224 cur_luma:-1073741824 led_est:1079058802
01-30 17:41:51.133   492 17150 E mm-camera: c2d_thread_handle_process_buf_event:190 input buf index 5
01-30 17:41:51.133   492 17150 E mm-camera: c2d_thread_handle_process_buf_event:207 input vaddr b3477000
01-30 17:41:51.173   492 17150 E mm-camera: c2d_thread_handle_process_buf_event:190 input buf index 6
01-30 17:41:51.173   492 17150 E mm-camera: c2d_thread_handle_process_buf_event:207 input vaddr b3406000
01-30 17:41:51.173   492 17188 E AEC_PORT: aec_port_save_update:real_gain:1.000000 linecnt:751 exp_idx:224 cur_luma:-536870912 led_est:1079061867
01-30 17:41:51.203 16776 16959 D MobiFace:  DEBUG - [event] trackingInfo_cb
01-30 17:41:51.203 16776 16959 D MobiFace:  DEBUG - [event] positionInstruction_cb
01-30 17:41:51.203 16776 17231 D MobiFace:  DEBUG - [event] challenge2DInfo_cb
01-30 17:41:51.203 16776 16959 D MobiFace:  DEBUG - [event] freeImage_cb
01-30 17:41:51.203 16776 16959 D MobiFace:  DEBUG - pushImage2: 0
01-30 17:41:51.203 16776 16776 D MobiFace:  DEBUG - getPositionInfo
01-30 17:41:51.203 16776 16974 D MobiFace:  DEBUG - getChallenge
01-30 17:41:51.203 16776 16779 D MobiFace:  DEBUG - getChallengeInfo
01-30 17:41:51.203 15728 17234 D FrServiceClient:  DEBUG - challenge2DInfo 0 0 - 0 109 - 181 246
01-30 17:41:51.203 15728 15728 I GeckoDump: Got analysisResult:0
01-30 17:41:51.203 15728 15728 I GeckoDump: Got analysisInfo:1
01-30 17:41:51.203 15728 15728 I GeckoDump: Got matchScore0
01-30 17:41:51.203 15728 15728 I GeckoDump: Got faceanalysisresults payload ![object Blob]
01-30 17:41:51.203 15728 15728 I GeckoDump: Got bestImage is null
01-30 17:41:51.213 15728 15728 I MobiFace: Content JS LOG:  contact.challengeInfo  ============{"challengeInfo":{"availableCurrentPosition":false,"current_x":0,"current_y":0,"stability":0,"availableTargetPosition":false,"currentTarget":0,"numTargets":0,"targets":[{"target_x":0,"target_y":109,"target_radius":45},{"target_x":181,"target_y":246,"target_radius":45},{"target_x":0,"target_y":0,"target_radius":0}]}} 
01-30 17:41:51.213 15728 15728 I MobiFace:     at startFaceRecognition/</</reader.onload (app://2ec57ac3-eee0-41a3-9d3f-e1b3e29e617f/js/livenesschallenge.js:163:29)
01-30 17:41:51.213 15728 17234 D FrServiceClient:  DEBUG - tiem taken: 9.000000
01-30 17:41:51.213 16776 16974 D MobiFace:  DEBUG - frameParams: 6 640 480 720 270
01-30 17:41:51.223 15728 17234 D FrServiceClient:  DEBUG - mobiFace_pushFrame frame 0xab601000 460800
01-30 17:41:51.223 15728 17234 D FrServiceClient:  DEBUG - IdemiaFrServiceImpl::StartFaceAnalysis: FrServiceClient 460800
01-30 17:41:51.223   492 17150 E mm-camera: c2d_thread_handle_process_buf_event:190 input buf index 4
01-30 17:41:51.223   492 17150 E mm-camera: c2d_thread_handle_process_buf_event:207 input vaddr b34e8000
01-30 17:41:51.223   492 17188 E AEC_PORT: aec_port_save_update:real_gain:1.000000 linecnt:751 exp_idx:224 cur_luma:1073741824 led_est:1079062274
01-30 17:41:51.243 16776 16779 D MobiFace:  DEBUG - pushImage2: 0xb8d54998 0xb8dbef88 0xb1f0e008 460800 1 -1193988960 0x5cb09d6b
01-30 17:41:51.273   492 17188 E AEC_PORT: aec_port_save_update:real_gain:1.000000 linecnt:751 exp_idx:224 cur_luma:-1073741824 led_est:1079062026
01-30 17:41:51.273   492 17150 E mm-camera: c2d_thread_handle_process_buf_event:190 input buf index 5
01-30 17:41:51.273   492 17150 E mm-camera: c2d_thread_handle_process_buf_event:207 input vaddr b3477000
01-30 17:41:51.323   492 17188 E AEC_PORT: aec_port_save_update:real_gain:1.000000 linecnt:751 exp_idx:224 cur_luma:536870912 led_est:1079062485
01-30 17:41:51.323   492 17150 E mm-camera: c2d_thread_handle_process_buf_event:190 input buf index 6
01-30 17:41:51.323   492 17150 E mm-camera: c2d_thread_handle_process_buf_event:207 input vaddr b3406000
01-30 17:41:51.363 16776 16779 D MobiFace:  DEBUG - [event] trackingInfo_cb
01-30 17:41:51.363 16776 16779 D MobiFace:  DEBUG - [event] positionInstruction_cb
01-30 17:41:51.363 16776 17231 D MobiFace:  DEBUG - [event] challenge2DInfo_cb
01-30 17:41:51.363 16776 16779 D MobiFace:  DEBUG - pushImage2: 0
01-30 17:41:51.363 16776 17229 D MobiFace:  DEBUG - [event] freeImage_cb
01-30 17:41:51.363 16776 16959 D MobiFace:  DEBUG - getPositionInfo
01-30 17:41:51.363 16776 16776 D MobiFace:  DEBUG - getChallenge
01-30 17:41:51.363 16776 16974 D MobiFace:  DEBUG - getChallengeInfo
01-30 17:41:51.363 15728 17234 D FrServiceClient:  DEBUG - challenge2DInfo 0 0 - 0 109 - 181 246
01-30 17:41:51.363 15728 15728 I GeckoDump: Got analysisResult:0
01-30 17:41:51.363 15728 15728 I GeckoDump: Got analysisInfo:1
01-30 17:41:51.373 15728 15728 I GeckoDump: Got matchScore0
01-30 17:41:51.373 15728 15728 I GeckoDump: Got faceanalysisresults payload ![object Blob]
01-30 17:41:51.373 15728 15728 I GeckoDump: Got bestImage is null
01-30 17:41:51.373   492 17150 E mm-camera: c2d_thread_handle_process_buf_event:190 input buf index 4
01-30 17:41:51.373   492 17150 E mm-camera: c2d_thread_handle_process_buf_event:207 input vaddr b34e8000
01-30 17:41:51.373   492 17188 E AEC_PORT: aec_port_save_update:real_gain:1.000000 linecnt:751 exp_idx:224 cur_luma:-2147483648 led_est:1079062284
01-30 17:41:51.373 15728 15728 I MobiFace: Content JS LOG:  contact.challengeInfo  ============{"challengeInfo":{"availableCurrentPosition":false,"current_x":0,"current_y":0,"stability":0,"availableTargetPosition":false,"currentTarget":0,"numTargets":0,"targets":[{"target_x":0,"target_y":109,"target_radius":45},{"target_x":181,"target_y":246,"target_radius":45},{"target_x":0,"target_y":0,"target_radius":0}]}} 
