--------- beginning of system
01-11 10:40:01.999   225   225 I vold    : Vold 3.0 (the awakening) firing up
01-11 10:40:02.009   225   225 V vold    : Detected support for: ext4 vfat
01-11 10:40:04.519   418   418 I irsc_util: Starting irsc tool
01-11 10:40:04.589   418   418 I irsc_util: Num of entries:284
01-11 10:40:04.639   418   418 I irsc_util: Ending irsc tool
01-11 10:40:13.519   225   235 V vold    : Waiting for FUSE to spin up...
01-11 10:40:13.569   225   235 V vold    : Waiting for FUSE to spin up...
01-11 10:40:13.619   225   235 V vold    : Waiting for FUSE to spin up...
01-11 10:40:13.669   225   235 D vold    : Linking /storage/emulated/0 to /mnt/user/0/primary
01-11 10:40:15.399   453   453 I Gecko   : ============ KaiOS device information ============
01-11 10:40:15.399   453   453 I Gecko   : Build UID         = 
01-11 10:40:15.399   453   453 I Gecko   : Build Description = msm8909_512-userdebug 6.0.1 MMB29M eng.mars.20191213.155739 dev-keys
01-11 10:40:15.399   453   453 I Gecko   : Bootloader        = unknown
01-11 10:40:15.399   453   453 I Gecko   : OS Version        = KaiOS 2.5
01-11 10:40:15.399   453   453 I Gecko   : ==================================================
01-30 15:48:34.867  2080  5008 E NetlinkEvent: Unknown ifindex 24 in RTM_DELADDR
01-30 17:32:12.473  2080  5008 E NetlinkEvent: Unknown ifindex 25 in RTM_DELADDR
--------- beginning of main
01-30 17:37:01.133   492 15130 E AEC_PORT: aec_port_save_update:real_gain:1.000000 linecnt:868 exp_idx:229 cur_luma:-2147483648 led_est:1079031028
01-30 17:37:01.133   492 15095 E mm-camera: c2d_thread_handle_process_buf_event:190 input buf index 5
01-30 17:37:01.133   492 15095 E mm-camera: c2d_thread_handle_process_buf_event:207 input vaddr b339b000
01-30 17:37:01.173  7854  7854 D MobiFace:  DEBUG - [event] trackingInfo_cb
01-30 17:37:01.173  7854  7854 D MobiFace:  DEBUG - [event] positionInstruction_cb
01-30 17:37:01.173  7854  7854 D MobiFace:  DEBUG - [event] freeImage_cb
01-30 17:37:01.173  7854  7854 D MobiFace:  DEBUG - pushImage2: 0
01-30 17:37:01.173  7854 14954 D MobiFace:  DEBUG - getPositionInfo
01-30 17:37:01.173  7854  7858 D MobiFace:  DEBUG - getChallenge
01-30 17:37:01.173  7854  7854 D MobiFace:  DEBUG - getChallengeInfo
01-30 17:37:01.173 14149 14149 I GeckoDump: Got analysisResult:0
01-30 17:37:01.173 14149 14149 I GeckoDump: Got analysisInfo:3
01-30 17:37:01.173 14149 14149 I GeckoDump: Got matchScore0
01-30 17:37:01.183 14149 14149 I GeckoDump: Got payload is null
01-30 17:37:01.183 14149 14149 I GeckoDump: Got bestImage is null
01-30 17:37:01.183 14149 15145 D FrServiceClient:  DEBUG - tiem taken: 33.000000
01-30 17:37:01.183  7854  7854 D MobiFace:  DEBUG - frameParams: 6 640 480 720 270
01-30 17:37:01.183 14149 15145 D FrServiceClient:  DEBUG - mobiFace_pushFrame frame 0xacc01000 460800
01-30 17:37:01.183 14149 15145 D FrServiceClient:  DEBUG - IdemiaFrServiceImpl::StartFaceAnalysis: FrServiceClient 460800
01-30 17:37:01.193   492 15130 E AEC_PORT: aec_port_save_update:real_gain:1.000000 linecnt:868 exp_idx:229 cur_luma:-1610612736 led_est:1079030952
01-30 17:37:01.193   492 15095 E mm-camera: c2d_thread_handle_process_buf_event:190 input buf index 6
01-30 17:37:01.193   492 15095 E mm-camera: c2d_thread_handle_process_buf_event:207 input vaddr b332a000
01-30 17:37:01.213  7854 14954 D MobiFace:  DEBUG - pushImage2: 0xb7ae7128 0xb7b7bf38 0xb360c008 460800 1 -1213304712 0x4b67383e
01-30 17:37:01.253   492 15130 E AEC_PORT: aec_port_save_update:real_gain:1.000000 linecnt:868 exp_idx:229 cur_luma:-1073741824 led_est:1079031428
01-30 17:37:01.253   492 15095 E mm-camera: c2d_thread_handle_process_buf_event:190 input buf index 4
01-30 17:37:01.253   492 15095 E mm-camera: c2d_thread_handle_process_buf_event:207 input vaddr b340c000
01-30 17:37:01.273  7854 14954 D MobiFace:  DEBUG - [event] trackingInfo_cb
01-30 17:37:01.273  7854 14954 D MobiFace:  DEBUG - [event] positionInstruction_cb
01-30 17:37:01.273  7854 14954 D MobiFace:  DEBUG - [event] freeImage_cb
01-30 17:37:01.273  7854 14954 D MobiFace:  DEBUG - pushImage2: 0
01-30 17:37:01.273  7854  7858 D MobiFace:  DEBUG - getPositionInfo
01-30 17:37:01.273  7854  7854 D MobiFace:  DEBUG - getChallenge
01-30 17:37:01.273  7854 14954 D MobiFace:  DEBUG - getChallengeInfo
01-30 17:37:01.273 14149 14149 I GeckoDump: Got analysisResult:0
01-30 17:37:01.283 14149 14149 I GeckoDump: Got analysisInfo:3
01-30 17:37:01.283 14149 14149 I GeckoDump: Got matchScore0
01-30 17:37:01.283 14149 14149 I GeckoDump: Got payload is null
01-30 17:37:01.283 14149 14149 I GeckoDump: Got bestImage is null
01-30 17:37:01.293 14149 15145 D FrServiceClient:  DEBUG - tiem taken: 33.000000
01-30 17:37:01.293  7854 14954 D MobiFace:  DEBUG - frameParams: 6 640 480 720 270
01-30 17:37:01.293 14149 15145 D FrServiceClient:  DEBUG - mobiFace_pushFrame frame 0xacb01000 460800
01-30 17:37:01.293 14149 15145 D FrServiceClient:  DEBUG - IdemiaFrServiceImpl::StartFaceAnalysis: FrServiceClient 460800
01-30 17:37:01.303   492 15130 E AEC_PORT: aec_port_save_update:real_gain:1.000000 linecnt:868 exp_idx:229 cur_luma:1073741824 led_est:1079031200
01-30 17:37:01.303   492 15095 E mm-camera: c2d_thread_handle_process_buf_event:190 input buf index 5
01-30 17:37:01.303   492 15095 E mm-camera: c2d_thread_handle_process_buf_event:207 input vaddr b339b000
01-30 17:37:01.313  7854  7858 D MobiFace:  DEBUG - pushImage2: 0xb7ae7128 0xb7b7bf38 0xb360c008 460800 1 -1213330272 0x4b68a14b
01-30 17:37:01.363   492 15130 E AEC_PORT: aec_port_save_update:real_gain:1.000000 linecnt:868 exp_idx:229 cur_luma:-1610612736 led_est:1079030754
01-30 17:37:01.363   492 15095 E mm-camera: c2d_thread_handle_process_buf_event:190 input buf index 6
01-30 17:37:01.363   492 15095 E mm-camera: c2d_thread_handle_process_buf_event:207 input vaddr b332a000
01-30 17:37:01.403  7854  7858 D MobiFace:  DEBUG - [event] trackingInfo_cb
01-30 17:37:01.403  7854  7858 D MobiFace:  DEBUG - [event] positionInstruction_cb
01-30 17:37:01.403  7854  7858 D MobiFace:  DEBUG - [event] freeImage_cb
01-30 17:37:01.403  7854  7858 D MobiFace:  DEBUG - pushImage2: 0
01-30 17:37:01.403  7854  7854 D MobiFace:  DEBUG - getPositionInfo
01-30 17:37:01.403  7854 14954 D MobiFace:  DEBUG - getChallenge
01-30 17:37:01.403  7854  7858 D MobiFace:  DEBUG - getChallengeInfo
01-30 17:37:01.403 14149 14149 I GeckoDump: Got analysisResult:0
01-30 17:37:01.403 14149 14149 I GeckoDump: Got analysisInfo:3
01-30 17:37:01.403 14149 14149 I GeckoDump: Got matchScore0
01-30 17:37:01.403 14149 14149 I GeckoDump: Got payload is null
01-30 17:37:01.403 14149 14149 I GeckoDump: Got bestImage is null
01-30 17:37:01.413 14149 15145 D FrServiceClient:  DEBUG - tiem taken: 33.000000
01-30 17:37:01.413  7854 14954 D MobiFace:  DEBUG - frameParams: 6 640 480 720 270
01-30 17:37:01.413 14149 15145 D FrServiceClient:  DEBUG - mobiFace_pushFrame frame 0xacb72000 460800
01-30 17:37:01.413 14149 15145 D FrServiceClient:  DEBUG - IdemiaFrServiceImpl::StartFaceAnalysis: FrServiceClient 460800
01-30 17:37:01.423   492 15092 E         : dmlroc_entry  entering dmlroc_entry
01-30 17:37:01.423   492 15095 E mm-camera: c2d_thread_handle_process_buf_event:190 input buf index 4
01-30 17:37:01.423   492 15095 E mm-camera: c2d_thread_handle_process_buf_event:207 input vaddr b340c000
01-30 17:37:01.433  7854  7854 D MobiFace:  DEBUG - pushImage2: 0xb7ae7128 0xb7b7bf38 0xb360c008 460800 1 -1213331312 0x4b6a978a
01-30 17:37:01.473   492 15095 E mm-camera: c2d_thread_handle_process_buf_event:190 input buf index 5
01-30 17:37:01.473   492 15095 E mm-camera: c2d_thread_handle_process_buf_event:207 input vaddr b339b000
01-30 17:37:01.483   492 15130 E AEC_PORT: aec_port_save_update:real_gain:1.000000 linecnt:868 exp_idx:229 cur_luma:-1073741824 led_est:1079031486
01-30 17:37:01.503  7854  7854 D MobiFace:  DEBUG - [event] trackingInfo_cb
01-30 17:37:01.503  7854  7854 D MobiFace:  DEBUG - [event] positionInstruction_cb
01-30 17:37:01.503  7854  7854 D MobiFace:  DEBUG - [event] freeImage_cb
01-30 17:37:01.503  7854  7854 D MobiFace:  DEBUG - pushImage2: 0
01-30 17:37:01.503  7854  7858 D MobiFace:  DEBUG - getPositionInfo
01-30 17:37:01.503  7854  7854 D MobiFace:  DEBUG - getChallenge
01-30 17:37:01.503  7854  7854 D MobiFace:  DEBUG - getChallengeInfo
01-30 17:37:01.503 14149 14149 I GeckoDump: Got analysisResult:0
01-30 17:37:01.503 14149 14149 I GeckoDump: Got analysisInfo:3
01-30 17:37:01.503 14149 14149 I GeckoDump: Got matchScore0
01-30 17:37:01.503 14149 14149 I GeckoDump: Got payload is null
01-30 17:37:01.503 14149 14149 I GeckoDump: Got bestImage is null
01-30 17:37:01.513 14149 15145 D FrServiceClient:  DEBUG - tiem taken: 33.000000
01-30 17:37:01.513  7854  7858 D MobiFace:  DEBUG - frameParams: 6 640 480 720 270
01-30 17:37:01.523 14149 15145 D FrServiceClient:  DEBUG - mobiFace_pushFrame frame 0xacc01000 460800
01-30 17:37:01.523 14149 15145 D FrServiceClient:  DEBUG - IdemiaFrServiceImpl::StartFaceAnalysis: FrServiceClient 460800
01-30 17:37:01.533   492 15130 E AEC_PORT: aec_port_save_update:real_gain:1.000000 linecnt:868 exp_idx:229 cur_luma:-1610612736 led_est:1079031087
01-30 17:37:01.533   492 15095 E mm-camera: c2d_thread_handle_process_buf_event:190 input buf index 6
01-30 17:37:01.533   492 15095 E mm-camera: c2d_thread_handle_process_buf_event:207 input vaddr b332a000
01-30 17:37:01.543  7854 14954 D MobiFace:  DEBUG - pushImage2: 0xb7ae7128 0xb7b7bf38 0xb360c008 460800 1 -1213304712 0x4b6c32eb
01-30 17:37:01.593   492 15130 E AEC_PORT: aec_port_save_update:real_gain:1.000000 linecnt:868 exp_idx:229 cur_luma:0 led_est:1079031328
01-30 17:37:01.593   492 15095 E mm-camera: c2d_thread_handle_process_buf_event:190 input buf index 4
01-30 17:37:01.593   492 15095 E mm-camera: c2d_thread_handle_process_buf_event:207 input vaddr b340c000
01-30 17:37:01.603  7854 14954 D MobiFace:  DEBUG - [event] trackingInfo_cb
01-30 17:37:01.603  7854 14954 D MobiFace:  DEBUG - [event] positionInstruction_cb
01-30 17:37:01.603  7854 14954 D MobiFace:  DEBUG - [event] freeImage_cb
01-30 17:37:01.603  7854 14954 D MobiFace:  DEBUG - pushImage2: 0
01-30 17:37:01.603  7854  7854 D MobiFace:  DEBUG - getPositionInfo
01-30 17:37:01.603  7854  7858 D MobiFace:  DEBUG - getChallenge
01-30 17:37:01.603  7854 14954 D MobiFace:  DEBUG - getChallengeInfo
01-30 17:37:01.603 14149 14149 I GeckoDump: Got analysisResult:0
01-30 17:37:01.603 14149 14149 I GeckoDump: Got analysisInfo:3
01-30 17:37:01.603 14149 14149 I GeckoDump: Got matchScore0
01-30 17:37:01.603 14149 14149 I GeckoDump: Got payload is null
01-30 17:37:01.603 14149 14149 I GeckoDump: Got bestImage is null
01-30 17:37:01.613 14149 15145 D FrServiceClient:  DEBUG - tiem taken: 33.000000
01-30 17:37:01.613  7854 14954 D MobiFace:  DEBUG - frameParams: 6 640 480 720 270
01-30 17:37:01.613 14149 15145 D FrServiceClient:  DEBUG - mobiFace_pushFrame frame 0xacb01000 460800
01-30 17:37:01.613 14149 15145 D FrServiceClient:  DEBUG - IdemiaFrServiceImpl::StartFaceAnalysis: FrServiceClient 460800
01-30 17:37:01.633  7854  7854 D MobiFace:  DEBUG - pushImage2: 0xb7ae7128 0xb7b7bf38 0xb360c008 460800 1 -1213331312 0x4b6d990e
01-30 17:37:01.643   492 15130 E AEC_PORT: aec_port_save_update:real_gain:1.000000 linecnt:868 exp_idx:229 cur_luma:1073741824 led_est:1079030715
01-30 17:37:01.653   492 15095 E mm-camera: c2d_thread_handle_process_buf_event:190 input buf index 5
01-30 17:37:01.653   492 15095 E mm-camera: c2d_thread_handle_process_buf_event:207 input vaddr b339b000
01-30 17:37:01.703   492 15130 E AEC_PORT: aec_port_save_update:real_gain:1.000000 linecnt:868 exp_idx:229 cur_luma:0 led_est:1079030178
01-30 17:37:01.713   492 15095 E mm-camera: c2d_thread_handle_process_buf_event:190 input buf index 6
01-30 17:37:01.713   492 15095 E mm-camera: c2d_thread_handle_process_buf_event:207 input vaddr b332a000
01-30 17:37:01.733  7854  7854 D MobiFace:  DEBUG - [event] trackingInfo_cb
01-30 17:37:01.733  7854  7854 D MobiFace:  DEBUG - [event] positionInstruction_cb
01-30 17:37:01.733  7854  7854 D MobiFace:  DEBUG - [event] freeImage_cb
01-30 17:37:01.733  7854  7854 D MobiFace:  DEBUG - pushImage2: 0
01-30 17:37:01.733  7854  7858 D MobiFace:  DEBUG - getPositionInfo
01-30 17:37:01.733  7854 14954 D MobiFace:  DEBUG - getChallenge
01-30 17:37:01.733  7854  7854 D MobiFace:  DEBUG - getChallengeInfo
01-30 17:37:01.733 14149 14149 I GeckoDump: Got analysisResult:0
01-30 17:37:01.733 14149 14149 I GeckoDump: Got analysisInfo:3
01-30 17:37:01.743 14149 14149 I GeckoDump: Got matchScore0
01-30 17:37:01.743 14149 14149 I GeckoDump: Got payload is null
01-30 17:37:01.743 14149 14149 I GeckoDump: Got bestImage is null
01-30 17:37:01.743 14149 15145 D FrServiceClient:  DEBUG - tiem taken: 33.000000
01-30 17:37:01.743  7854  7854 D MobiFace:  DEBUG - frameParams: 6 640 480 720 270
01-30 17:37:01.753 14149 15145 D FrServiceClient:  DEBUG - mobiFace_pushFrame frame 0xacb72000 460800
01-30 17:37:01.753 14149 15145 D FrServiceClient:  DEBUG - IdemiaFrServiceImpl::StartFaceAnalysis: FrServiceClient 460800
01-30 17:37:01.763   492 15095 E mm-camera: c2d_thread_handle_process_buf_event:190 input buf index 4
01-30 17:37:01.763   492 15095 E mm-camera: c2d_thread_handle_process_buf_event:207 input vaddr b340c000
01-30 17:37:01.763   492 15130 E AEC_PORT: aec_port_save_update:real_gain:1.000000 linecnt:868 exp_idx:229 cur_luma:-536870912 led_est:1079030288
01-30 17:37:01.773  7854  7858 D MobiFace:  DEBUG - pushImage2: 0xb7ae7128 0xb7b7bf38 0xb360c008 460800 1 -1213330272 0x4b6fab3d
01-30 17:37:01.823   492 15095 E mm-camera: c2d_thread_handle_process_buf_event:190 input buf index 5
01-30 17:37:01.823   492 15095 E mm-camera: c2d_thread_handle_process_buf_event:207 input vaddr b339b000
01-30 17:37:01.823   492 15130 E AEC_PORT: aec_port_save_update:real_gain:1.000000 linecnt:868 exp_idx:229 cur_luma:-536870912 led_est:1079030624
01-30 17:37:01.823  7854  7858 D MobiFace:  DEBUG - [event] trackingInfo_cb
01-30 17:37:01.823  7854  7858 D MobiFace:  DEBUG - [event] positionInstruction_cb
01-30 17:37:01.823  7854  7858 D MobiFace:  DEBUG - [event] freeImage_cb
01-30 17:37:01.823  7854  7858 D MobiFace:  DEBUG - pushImage2: 0
01-30 17:37:01.823  7854 14954 D MobiFace:  DEBUG - getPositionInfo
01-30 17:37:01.823  7854 14954 D MobiFace:  DEBUG - getChallenge
01-30 17:37:01.823  7854  7854 D MobiFace:  DEBUG - getChallengeInfo
01-30 17:37:01.823 14149 14149 I GeckoDump: Got analysisResult:0
01-30 17:37:01.823 14149 14149 I GeckoDump: Got analysisInfo:3
01-30 17:37:01.823 14149 14149 I GeckoDump: Got matchScore0
01-30 17:37:01.823 14149 14149 I GeckoDump: Got payload is null
01-30 17:37:01.823 14149 14149 I GeckoDump: Got bestImage is null
01-30 17:37:01.833 14149 15145 D FrServiceClient:  DEBUG - tiem taken: 33.000000
01-30 17:37:01.843  7854  7854 D MobiFace:  DEBUG - frameParams: 6 640 480 720 270
01-30 17:37:01.843 14149 15145 D FrServiceClient:  DEBUG - mobiFace_pushFrame frame 0xacc01000 460800
01-30 17:37:01.843 14149 15145 D FrServiceClient:  DEBUG - IdemiaFrServiceImpl::StartFaceAnalysis: FrServiceClient 460800
01-30 17:37:01.873  7854  7858 D MobiFace:  DEBUG - pushImage2: 0xb7ae7128 0xb7b7bf38 0xb360c008 460800 1 -1213330272 0x4b712cb9
01-30 17:37:01.873   492 15130 E AEC_PORT: aec_port_save_update:real_gain:1.000000 linecnt:868 exp_idx:229 cur_luma:536870912 led_est:1079030451
01-30 17:37:01.873   492 15095 E mm-camera: c2d_thread_handle_process_buf_event:190 input buf index 6
01-30 17:37:01.873   492 15095 E mm-camera: c2d_thread_handle_process_buf_event:207 input vaddr b332a000
01-30 17:37:01.923  7854  7858 D MobiFace:  DEBUG - [event] trackingInfo_cb
01-30 17:37:01.923  7854  7858 D MobiFace:  DEBUG - [event] positionInstruction_cb
01-30 17:37:01.923  7854  7858 D MobiFace:  DEBUG - [event] freeImage_cb
01-30 17:37:01.923  7854  7858 D MobiFace:  DEBUG - pushImage2: 0
01-30 17:37:01.923  7854 14954 D MobiFace:  DEBUG - getPositionInfo
01-30 17:37:01.923  7854  7854 D MobiFace:  DEBUG - getChallenge
01-30 17:37:01.923  7854  7858 D MobiFace:  DEBUG - getChallengeInfo
01-30 17:37:01.923 14149 14149 I GeckoDump: Got analysisResult:0
01-30 17:37:01.923 14149 14149 I GeckoDump: Got analysisInfo:3
01-30 17:37:01.923 14149 14149 I GeckoDump: Got matchScore0
01-30 17:37:01.923 14149 14149 I GeckoDump: Got payload is null
01-30 17:37:01.923 14149 14149 I GeckoDump: Got bestImage is null
01-30 17:37:01.933   492 15095 E mm-camera: c2d_thread_handle_process_buf_event:190 input buf index 4
01-30 17:37:01.933   492 15095 E mm-camera: c2d_thread_handle_process_buf_event:207 input vaddr b340c000
01-30 17:37:01.933   492 15130 E AEC_PORT: aec_port_save_update:real_gain:1.000000 linecnt:868 exp_idx:229 cur_luma:0 led_est:1079030160
01-30 17:37:01.933 14149 15145 D FrServiceClient:  DEBUG - tiem taken: 33.000000
01-30 17:37:01.933  7854  7858 D MobiFace:  DEBUG - frameParams: 6 640 480 720 270
01-30 17:37:01.933 14149 15145 D FrServiceClient:  DEBUG - mobiFace_pushFrame frame 0xacb01000 460800
01-30 17:37:01.933 14149 15145 D FrServiceClient:  DEBUG - IdemiaFrServiceImpl::StartFaceAnalysis: FrServiceClient 460800
01-30 17:37:01.953  7854 14954 D MobiFace:  DEBUG - pushImage2: 0xb7ae7128 0xb7b7bf38 0xb360c008 460800 1 -1213304712 0x4b727fa1
01-30 17:37:01.993   492 15092 E         : dmlroc_entry  entering dmlroc_entry
01-30 17:37:01.993   492 15095 E mm-camera: c2d_thread_handle_process_buf_event:190 input buf index 5
01-30 17:37:01.993   492 15095 E mm-camera: c2d_thread_handle_process_buf_event:207 input vaddr b339b000
01-30 17:37:02.043  7854 14954 D MobiFace:  DEBUG - [event] trackingInfo_cb
01-30 17:37:02.043  7854 14954 D MobiFace:  DEBUG - [event] positionInstruction_cb
01-30 17:37:02.043  7854 14954 D MobiFace:  DEBUG - [event] freeImage_cb
01-30 17:37:02.043  7854 14954 D MobiFace:  DEBUG - pushImage2: 0
01-30 17:37:02.043  7854  7854 D MobiFace:  DEBUG - getPositionInfo
01-30 17:37:02.043  7854  7858 D MobiFace:  DEBUG - getChallenge
01-30 17:37:02.043  7854 14954 D MobiFace:  DEBUG - getChallengeInfo
01-30 17:37:02.043 14149 14149 I GeckoDump: Got analysisResult:0
01-30 17:37:02.043 14149 14149 I GeckoDump: Got analysisInfo:3
01-30 17:37:02.043 14149 14149 I GeckoDump: Got matchScore0
01-30 17:37:02.043 14149 14149 I GeckoDump: Got payload is null
01-30 17:37:02.043 14149 14149 I GeckoDump: Got bestImage is null
01-30 17:37:02.043   492 15095 E mm-camera: c2d_thread_handle_process_buf_event:190 input buf index 6
01-30 17:37:02.043   492 15095 E mm-camera: c2d_thread_handle_process_buf_event:207 input vaddr b332a000
01-30 17:37:02.043   492 15130 E AEC_PORT: aec_port_save_update:real_gain:1.000000 linecnt:868 exp_idx:229 cur_luma:536870912 led_est:1079030671
01-30 17:37:02.053 14149 15145 D FrServiceClient:  DEBUG - tiem taken: 34.000000
01-30 17:37:02.063  7854 14954 D MobiFace:  DEBUG - frameParams: 6 640 480 720 270
01-30 17:37:02.063 14149 15145 D FrServiceClient:  DEBUG - mobiFace_pushFrame frame 0xacb72000 460800
01-30 17:37:02.063 14149 15145 D FrServiceClient:  DEBUG - IdemiaFrServiceImpl::StartFaceAnalysis: FrServiceClient 460800
01-30 17:37:02.083  7854  7854 D MobiFace:  DEBUG - pushImage2: 0xb7ae7128 0xb7b7bf38 0xb360c008 460800 1 -1213331312 0x4b745fc2
01-30 17:37:02.103   492 15130 E AEC_PORT: aec_port_save_update:real_gain:1.000000 linecnt:868 exp_idx:229 cur_luma:-1073741824 led_est:1079031252
01-30 17:37:02.103   492 15095 E mm-camera: c2d_thread_handle_process_buf_event:190 input buf index 4
01-30 17:37:02.103   492 15095 E mm-camera: c2d_thread_handle_process_buf_event:207 input vaddr b340c000
01-30 17:37:02.133  7854  7854 D MobiFace:  DEBUG - [event] trackingInfo_cb
01-30 17:37:02.133  7854  7854 D MobiFace:  DEBUG - [event] positionInstruction_cb
01-30 17:37:02.133  7854  7854 D MobiFace:  DEBUG - [event] freeImage_cb
01-30 17:37:02.133  7854  7854 D MobiFace:  DEBUG - pushImage2: 0
01-30 17:37:02.143  7854  7858 D MobiFace:  DEBUG - getPositionInfo
01-30 17:37:02.143  7854 14954 D MobiFace:  DEBUG - getChallenge
01-30 17:37:02.143  7854  7854 D MobiFace:  DEBUG - getChallengeInfo
01-30 17:37:02.143 14149 14149 I GeckoDump: Got analysisResult:0
01-30 17:37:02.143 14149 14149 I GeckoDump: Got analysisInfo:3
01-30 17:37:02.143 14149 14149 I GeckoDump: Got matchScore0
01-30 17:37:02.143 14149 14149 I GeckoDump: Got payload is null
01-30 17:37:02.143 14149 14149 I GeckoDump: Got bestImage is null
01-30 17:37:02.153 14149 15145 D FrServiceClient:  DEBUG - tiem taken: 34.000000
01-30 17:37:02.153  7854  7854 D MobiFace:  DEBUG - frameParams: 6 640 480 720 270
01-30 17:37:02.153 14149 15145 D FrServiceClient:  DEBUG - mobiFace_pushFrame frame 0xacc01000 460800
01-30 17:37:02.153 14149 15145 D FrServiceClient:  DEBUG - IdemiaFrServiceImpl::StartFaceAnalysis: FrServiceClient 460800
01-30 17:37:02.163   492 15130 E AEC_PORT: aec_port_save_update:real_gain:1.000000 linecnt:868 exp_idx:229 cur_luma:1073741824 led_est:1079031464
01-30 17:37:02.163   492 15095 E mm-camera: c2d_thread_handle_process_buf_event:190 input buf index 5
01-30 17:37:02.163   492 15095 E mm-camera: c2d_thread_handle_process_buf_event:207 input vaddr b339b000
01-30 17:37:02.173  7854  7858 D MobiFace:  DEBUG - pushImage2: 0xb7ae7128 0xb7b7bf38 0xb360c008 460800 1 -1213330272 0x4b75df9a
01-30 17:37:02.213   492 15095 E mm-camera: c2d_thread_handle_process_buf_event:190 input buf index 6
01-30 17:37:02.213   492 15095 E mm-camera: c2d_thread_handle_process_buf_event:207 input vaddr b332a000
01-30 17:37:02.223   492 15130 E AEC_PORT: aec_port_save_update:real_gain:1.000000 linecnt:868 exp_idx:229 cur_luma:-2147483648 led_est:1079031423
01-30 17:37:02.233  7854  7858 D MobiFace:  DEBUG - [event] trackingInfo_cb
01-30 17:37:02.233  7854  7858 D MobiFace:  DEBUG - [event] positionInstruction_cb
01-30 17:37:02.233  7854  7858 D MobiFace:  DEBUG - [event] freeImage_cb
01-30 17:37:02.233  7854  7858 D MobiFace:  DEBUG - pushImage2: 0
01-30 17:37:02.233  7854 14954 D MobiFace:  DEBUG - getPositionInfo
01-30 17:37:02.243  7854  7854 D MobiFace:  DEBUG - getChallenge
01-30 17:37:02.253  7854  7858 D MobiFace:  DEBUG - getChallengeInfo
01-30 17:37:02.253 14149 14149 I GeckoDump: Got analysisResult:0
01-30 17:37:02.253 14149 14149 I GeckoDump: Got analysisInfo:3
01-30 17:37:02.253 14149 14149 I GeckoDump: Got matchScore0
01-30 17:37:02.253 14149 14149 I GeckoDump: Got payload is null
01-30 17:37:02.253 14149 14149 I GeckoDump: Got bestImage is null
01-30 17:37:01.1382   492 15101 I KERNEL  : [ 6567.664254] csi2_src_clk get failed
01-30 17:37:02.253   453   453 I Gecko   : [BrowserElement] event type: keydown, key: Backspace, target: [object HTMLIFrameElement], src: app://2ec57ac3-eee0-41a3-9d3f-e1b3e29e617f/splash.html, id: browser14, class: browser
01-30 17:37:02.253  7854  7858 D MobiFace:  DEBUG - [event] bestImage_cb
01-30 17:37:02.253 14149 14149 D FrServiceClient:  DEBUG - IdemiaFrServiceImpl::StartFaceAnalysis: FrServiceClient term
01-30 17:37:02.253  7854  7854 D MobiFace:  DEBUG - term
01-30 17:37:02.263 14149 15145 D FrServiceClient:  DEBUG - tiem taken: 34.000000
01-30 17:37:02.263   453   453 I GeckoConsole: Content JS LOG: [AppUsage] got an event:  active 
01-30 17:37:02.263   453   453 I GeckoConsole:     at debug (app://system.gaiamobile.org/js/app_usage_metrics.js:141:7)
01-30 17:37:02.273 14149 15145 D FrServiceClient:  DEBUG - mobiFace_getState no capture pending
01-30 17:37:02.273   492 15095 E mm-camera: c2d_thread_handle_process_buf_event:190 input buf index 4
01-30 17:37:02.273   492 15095 E mm-camera: c2d_thread_handle_process_buf_event:207 input vaddr b340c000
01-30 17:37:02.273   492 15130 E AEC_PORT: aec_port_save_update:real_gain:1.000000 linecnt:868 exp_idx:229 cur_luma:536870912 led_est:1079032032
01-30 17:37:02.293 14149 14149 I Gecko   : [BrowserElement] event type: keydown, key: Backspace, target: [object HTMLBodyElement]
01-30 17:37:02.293 14149 14149 I GeckoDump: Got analysisResult:0
01-30 17:37:02.293 14149 14149 I GeckoDump: Got analysisInfo:0
01-30 17:37:02.293 14149 14149 I GeckoDump: Got matchScore0
01-30 17:37:02.293 14149 14149 I GeckoDump: Got payload is null
01-30 17:37:02.293 14149 14149 I GeckoDump: Got bestImage is null
01-30 17:37:02.303 14149 14149 I WakeLock: Release cpu wakelock
01-30 17:37:02.303 14149 14149 I WakeLock: Release screen wakelock
01-30 17:37:02.313   408 15084 D QCamera2HWI: int qcamera::QCamera2HardwareInterface::disableMsgType(int32_t) (0x10) : mMsgEnabled = 0xc0d
01-30 17:37:02.313   408  1557 D QCamera2HWI: [KPI Perf] static void qcamera::QCamera2HardwareInterface::stop_preview(camera_device*): E PROFILE_STOP_PREVIEW
01-30 17:37:02.313   408 15084 D QCamera2HWI: int qcamera::QCamera2HardwareInterface::stopPreview(): E
01-30 17:37:02.313   492 15101 D mm-camera: mct_pipeline_process_set:command=8000009
01-30 17:37:02.313   492 15101 D mm-camera: mct_pipeline_process_set: stream_type = 1
01-30 17:37:02.313   492 15101 E mm-camera: port_isp_mct_ctrl_cmd: E, identity = 0x20002, STREAMOFF
01-30 17:37:02.313   492 15101 D mm-camera: gyro_port_enable_disable_sensor_request: Deinit all sensors
01-30 17:37:02.313   492 15101 E mm-camera: is_port_handle_stream_event: MCT_EVENT_CONTROL_STREAMOFF, identity = 0x20002
01-30 17:37:02.323   492 15130 E mm-camera-CORE: aec_set_fd_roi: invalid CPP width and height (0, 0)!
01-30 17:37:02.323   492 15101 D mm-camera: c2d_module_handle_streamoff_event:1809, info: stream-off done for identity 0x20002
01-30 17:37:02.323   492 15101 E mm-camera: isp_streamoff: E, session_id = 2, stream_id = 2, active_count = 1
01-30 17:37:02.323   492 15093 E mm-camera: isp_proc_streamoff: E,session_id = 2, stream_id= 2, stream_type= 1 meta 0
01-30 17:37:02.323   492 15093 D mm-camera: isp_hw_action: last pix stop, pix_cnt = 1, cnt = 1
01-30 17:37:02.323   492 15125 E mm-camera: isp_thread_proc_cmd: start/stop, thread_data = 0xb393b804, action_code = 2
01-30 17:37:02.323   492 15093 E mm-camera: isp_ch_util_streamoff: session_id = 2, vfe_mask = 0x1, async streamoff, rc = 0
01-30 17:37:02.323   492 15093 D mm-camera: isp_hw_action: hw_thread for ack
01-30 17:37:02.323   492 15125 E mm-camera: isp_axi_util_subscribe_v4l2_event: event_type = 0x8000100, is_subscribe = 0
01-30 17:37:02.323   492 15125 E mm-camera: isp_axi_unreg_buf: session_id = 2, stream_id = 2, buf_handle = 0x10000
01-30 17:37:02.323   492 15125 D mm-camera: linearization_action: action code = 7 is not supported. nop
01-30 17:37:02.323   492 15125 D mm-camera: pca_rolloff_action: action code = 7 is not supported. nop
01-30 17:37:02.323   492 15125 D mm-camera: demux_action: action code = 7 is not supported. nop
01-30 17:37:02.323   492 15125 D mm-camera: demosaic_action: action code = 7 is not supported. nop
01-30 17:37:02.323   492 15125 D mm-camera: bpc_action: action code = 7 is not supported. nop
01-30 17:37:02.323   492 15125 D mm-camera: abf_action: action code = 7 is not supported. nop
01-30 17:37:02.323   492 15125 D mm-camera: asf_action: action code = 7 is not supported. nop
01-30 17:37:02.323   492 15125 D mm-camera: color_conversion_action: action code = 7 is not supported. nop
01-30 17:37:02.323   492 15125 D mm-camera: color_correct_action: action code = 7 is not supported. nop
01-30 17:37:02.323   492 15125 D mm-camera: chroma_subsample_action: action code = 7 is not supported. nop
01-30 17:37:02.323   492 15125 D mm-camera: chroma_suppress_action: action code = 7 is not supported. nop
01-30 17:37:02.323   492 15125 D mm-camera: la_action: action code = 7 is not supported. nop
01-30 17:37:02.323   492 15125 D mm-camera: mce_action: action code = 7 is not supported. nop
01-30 17:37:02.323   492 15125 D mm-camera: sce_action: action code = 7 is not supported. nop
01-30 17:37:02.323   492 15125 D mm-camera: clf_action: action code = 7 is not supported. nop
01-30 17:37:02.323   492 15125 D mm-camera: wb_action: action code = 7 is not supported. nop
01-30 17:37:02.323   492 15125 D mm-camera: gamma_action: action code = 7 is not supported. nop
01-30 17:37:02.323   492 15125 D mm-camera: fov_action: action code = 7 is not supported. nop
01-30 17:37:02.323   492 15125 D mm-camera: scaler_action: action code = 7 is not supported
01-30 17:37:02.323   492 15125 D mm-camera: bcc_action: action code = 7 is not supported. nop
01-30 17:37:02.323   492 15125 D mm-camera: clamp_action: action code = 7 is not supported. nop
01-30 17:37:02.323   492 15125 D mm-camera: stats_action: action code = 7 is not supported. nop
01-30 17:37:02.323   492 15125 E mm-camera: isp_thread_proc_cmd: start/stop ack done, thread_data = 0xb393b804, action_code = 3, rc = 0
01-30 17:37:02.333   492 15093 E mm-camera: isp_ch_util_streamoff: session_id = 2, sync ack done
01-30 17:37:02.333   492 15101 E mm-camera: isp_streamoff: X, session_id = 2, rc = 0
01-30 17:37:02.333   492 15101 E mm-camera: port_isp_mct_ctrl_cmd: X, identity = 0x20002, STREAMOFF, ret = 0
01-30 17:37:02.333   492 15101 D mm-camera: stream id 2, stream num_meta 0
01-30 17:37:02.333   492 15101 D mm-camera: ispif_streamoff: session_id = 2, active_streams = 0
01-30 17:37:02.333   492 15101 E mm-camera-sensor: sensor_pdaf_deinit:3275 failed to open pdaf3 init library function
01-30 17:37:02.333   492 15101 E mm-camera-sensor: module_sensor_module_process_event: Sending stop bus message
01-30 17:37:02.333   492 15101 D mm-camera: stop_sof_check_thread: Stopping SOF timeout thread
01-30 17:37:02.343   492 15101 D mm-camera: mct_pipeline_process_set:command=8000009
01-30 17:37:02.343   492 15101 D mm-camera: mct_pipeline_process_set: stream_type = 7
01-30 17:37:02.343   408 15084 D QCameraHWI_Mem: put buffer 0 successfully
01-30 17:37:02.343   408 15084 D QCameraHWI_Mem: put buffer 1 successfully
01-30 17:37:02.343   408 15084 D QCameraHWI_Mem: put buffer 2 successfully
01-30 17:37:02.343   408 15084 D QCameraHWI_Mem: cancel_buffer: hdl =0xb8c17b88
01-30 17:37:02.343   408 15084 D QCameraHWI_Mem: put buffer 3 successfully
01-30 17:37:02.343   408 15084 D QCameraHWI_Mem: cancel_buffer: hdl =0xb8c36160
01-30 17:37:02.343   408 15084 D QCameraHWI_Mem: put buffer 4 successfully
01-30 17:37:02.343   408 15084 D QCameraHWI_Mem: cancel_buffer: hdl =0xb8c16c00
01-30 17:37:02.343   408 15084 D QCameraHWI_Mem: put buffer 5 successfully
01-30 17:37:02.343   408 15084 D QCameraHWI_Mem: cancel_buffer: hdl =0xb8c24188
01-30 17:37:02.343   408 15084 D QCameraHWI_Mem: put buffer 6 successfully
01-30 17:37:02.343   408 15084 D QCameraHWI_Mem: put buffer 7 successfully
01-30 17:37:02.353   492 15101 D mm-camera: mct_pipeline_process_set:command=800000b
01-30 17:37:02.353   492 15101 D mm-camera: mct_stream_streamoff: Enter
01-30 17:37:02.353   492 15101 D mm-camera: mct_pipeline_process_set:command=800000b
01-30 17:37:02.353   492 15101 D mm-camera: mct_stream_streamoff: Enter
01-30 17:37:02.353   492 15101 D mm-camera: c2d_port_check_caps_unreserve:179, identity=0x20002, unreserved
01-30 17:37:02.353   492 15101 D mm-camera: c2d_port_check_caps_unreserve:179, identity=0x20002, unreserved
01-30 17:37:02.353   492 15101 E mm-camera-img: faceproc_save_album:795] Error No album 
01-30 17:37:02.353   492 15101 E mm-camera-img: faceproc_comp_eng_destroy: Album save failed -1
01-30 17:37:02.353   492 15101 E mm-camera: q3a_thread_aecawb_stop:384 MSG_STOP_THREAD
01-30 17:37:02.353   492 15101 E mm-camera: q3a_thread_af_stop:574 MSG_STOP_THREAD
01-30 17:37:02.353   492 15101 E mm-camera: q3a_thread_divertstats_stop:868 MSG_STOP_THREAD
01-30 17:37:02.353   492 15137 E mm-camera: is_thread_handler: Exiting IS thread handler
01-30 17:37:02.353   492 15101 D mm-camera: gyro_port_event  MCT_EVENT_MODULE_START_STOP_STATS_THREADS start_flag: 0
01-30 17:37:02.353   492 15101 D mm-camera: gyro_port_unlink: Enter
01-30 17:37:02.353   492 15101 D mm-camera: gyro_port_unlink: Exit
01-30 17:37:02.363   408 15084 D QCamera2HWI: int qcamera::QCamera2HardwareInterface::stopPreview(): X
01-30 17:37:01.1443   492 15183 I KERNEL  : [ 6567.725414] msm_isp_close_node: halt timeout rc=0
01-30 17:37:02.363   408  1557 D QCamera2HWI: [KPI Perf] static void qcamera::QCamera2HardwareInterface::stop_preview(camera_device*): X
01-30 17:37:02.363   408 15084 D QCamera2HWI: int qcamera::QCamera2HardwareInterface::disableMsgType(int32_t) (0x10) : mMsgEnabled = 0xc0d
01-30 17:37:02.363   408   408 D QCamera2HWI: [KPI Perf] static void qcamera::QCamera2HardwareInterface::stop_preview(camera_device*): E PROFILE_STOP_PREVIEW
01-30 17:37:02.363   408 15084 D QCameraStateMachine: int32_t qcamera::QCameraStateMachine::procEvtPreviewStoppedState(qcamera::qcamera_sm_evt_enum_t, void*): already in preview stopped state, do nothing
01-30 17:37:01.1450   492 15180 I KERNEL  : [ 6567.732655] msm_camera_config_single_vreg can't disable cam_vio
01-30 17:37:01.1450   492 15180 I KERNEL  : [ 6567.732805] msm_sensor_config:1348 sensor state 0
01-30 17:37:02.363   408   408 D QCamera2HWI: [KPI Perf] static void qcamera::QCamera2HardwareInterface::stop_preview(camera_device*): X
01-30 17:37:02.363   408 15084 D QCamera2HWI: int qcamera::QCamera2HardwareInterface::disableMsgType(int32_t) (0xffff) : mMsgEnabled = 0x0
01-30 17:37:02.363   408  1560 D QCamera2HWI: [KPI Perf] static void qcamera::QCamera2HardwareInterface::stop_preview(camera_device*): E PROFILE_STOP_PREVIEW
01-30 17:37:02.363   408 15084 D QCameraStateMachine: int32_t qcamera::QCameraStateMachine::procEvtPreviewStoppedState(qcamera::qcamera_sm_evt_enum_t, void*): already in preview stopped state, do nothing
01-30 17:37:02.363   408  1560 D QCamera2HWI: [KPI Perf] static void qcamera::QCamera2HardwareInterface::stop_preview(camera_device*): X
01-30 17:37:02.363   408  1560 D QCamera2HWI: [KPI Perf] static int qcamera::QCamera2HardwareInterface::cancel_picture(camera_device*): E PROFILE_CANCEL_PICTURE
01-30 17:37:02.363   408 15084 D QCameraStateMachine: int32_t qcamera::QCameraStateMachine::procEvtPreviewStoppedState(qcamera::qcamera_sm_evt_enum_t, void*): No ops for evt(20) in state(0)
01-30 17:37:02.363   408  1560 D QCamera2HWI: [KPI Perf] static int qcamera::QCamera2HardwareInterface::cancel_picture(camera_device*): X
01-30 17:37:02.363   408  1560 I CameraFlashlight: Destroying camera 1
01-30 17:37:02.363   408  1560 D QCamera2HWI: [KPI Perf] static int qcamera::QCamera2HardwareInterface::close_camera_device(hw_device_t*): E
01-30 17:37:02.363   408  1560 D QCamera2HWI: virtual qcamera::QCamera2HardwareInterface::~QCamera2HardwareInterface(): E
01-30 17:37:02.363   408 15085 D QCamera2HWI: static void* qcamera::QCamera2HardwareInterface::defferedWorkRoutine(void*): stop data proc
01-30 17:37:02.363   408 15084 D QCameraStateMachine: static void* qcamera::QCameraStateMachine::smEvtProcRoutine(void*): X
01-30 17:37:02.363   408  1560 D QCamera2HWI: int qcamera::QCamera2HardwareInterface::closeCamera(): E
01-30 17:37:02.363   408  1560 E qomx_image_core: OMX_Deinit:118] Complete
01-30 17:37:02.363   408  1560 E QCameraPostProc: int32_t qcamera::QCameraPostProcessor::deinit(): Jpeg closed, rc = 0, mJpegClientHandle = d00
01-30 17:37:02.363   408  1560 I Thermal-Lib: Thermal-Lib-Client: Unregisteration is successfull for handle:1
01-30 17:37:02.363   425   602 I ThermalEngine: Thermal-Server: removing client on fd 42
01-30 17:37:02.363   408  1560 I Thermal-Lib: Thermal-Lib-Client: Unregisteration is successfull for handle:2
01-30 17:37:02.363   492 15101 D mm-camera: mct_pipeline_process_set:command=800000b
01-30 17:37:02.363   492   492 I mm-camera-eztune: vendor/qcom/proprietary/mm-camera/mm-camera2/server-tuning/tuning/eztune_interface.cpp(381): "Delete Server : 0xb6fb6f90"
01-30 17:37:02.363   492 15099 W mm-camera-sensor: vendor/qcom/proprietary/mm-camera/mm-camera2/server-tuning/tuning/mmcam_socket_utils.cpp(318): "Received event from non socket fd"
01-30 17:37:02.363   492 15099 W mm-camera-eztune: vendor/qcom/proprietary/mm-camera/mm-camera2/server-tuning/tuning/eztune_interface.cpp(72): "Stop message. Exiting server thread"
01-30 17:37:02.363   492 15099 E mm-camera-eztune: vendor/qcom/proprietary/mm-camera/mm-camera2/server-tuning/tuning/eztune_cam_adapter.cpp(667): "mct_stream_t* eztune::get_mct_stream(mct_pipeline_t*, eztune::mct_pipeline_get_stream_info_t*): no children"
01-30 17:37:02.363   492 15099 W mm-camera-eztune: vendor/qcom/proprietary/mm-camera/mm-camera2/server-tuning/tuning/eztune_cam_adapter.cpp(719): "Message send ignored as stream or stream state not valid"
01-30 17:37:02.363   492 15099 E mm-camera-eztune: vendor/qcom/proprietary/mm-camera/mm-camera2/server-tuning/tuning/eztune_cam_adapter.cpp(667): "mct_stream_t* eztune::get_mct_stream(mct_pipeline_t*, eztune::mct_pipeline_get_stream_info_t*): no children"
01-30 17:37:02.363   492 15099 W mm-camera-eztune: vendor/qcom/proprietary/mm-camera/mm-camera2/server-tuning/tuning/eztune_cam_adapter.cpp(719): "Message send ignored as stream or stream state not valid"
01-30 17:37:02.363   492 15099 E mm-camera-eztune: vendor/qcom/proprietary/mm-camera/mm-camera2/server-tuning/tuning/eztune_cam_adapter.cpp(667): "mct_stream_t* eztune::get_mct_stream(mct_pipeline_t*, eztune::mct_pipeline_get_stream_info_t*): no children"
01-30 17:37:02.363   492 15099 W mm-camera-eztune: vendor/qcom/proprietary/mm-camera/mm-camera2/server-tuning/tuning/eztune_cam_adapter.cpp(719): "Message send ignored as stream or stream state not valid"
01-30 17:37:02.363   492   492 I mm-camera-eztune: vendor/qcom/proprietary/mm-camera/mm-camera2/server-tuning/tuning/eztune_interface.cpp(381): "Delete Server : 0xb6fb88c0"
01-30 17:37:02.363   492 15100 W mm-camera-sensor: vendor/qcom/proprietary/mm-camera/mm-camera2/server-tuning/tuning/mmcam_socket_utils.cpp(318): "Received event from non socket fd"
01-30 17:37:02.363   492 15100 W mm-camera-eztune: vendor/qcom/proprietary/mm-camera/mm-camera2/server-tuning/tuning/eztune_interface.cpp(72): "Stop message. Exiting server thread"
01-30 17:37:02.363   492 15100 E mm-camera-eztune: vendor/qcom/proprietary/mm-camera/mm-camera2/server-tuning/tuning/eztune_process.cpp(445): "Process layer not initialized. just return"
01-30 17:37:02.373   492   492 D mm-camera: mct_pipeline_stop_session - E
01-30 17:37:02.373   408  1560 D QCamera2HWI: int qcamera::QCamera2HardwareInterface::closeCamera(): X
01-30 17:37:02.373   408  1560 D QCamera2HWI: virtual qcamera::QCamera2HardwareInterface::~QCamera2HardwareInterface(): X
01-30 17:37:02.373   408  1560 D QCamera2HWI: [KPI Perf] static int qcamera::QCamera2HardwareInterface::close_camera_device(hw_device_t*): X
01-30 17:37:02.373   408  1560 E         : batterystats service unavailable!
01-30 17:37:02.373   408  1560 I CameraService: onTorchStatusChangedLocked: Torch status changed for cameraId=0, newStatus=1
01-30 17:37:02.373   408  1560 I CameraService: disconnect: Disconnected client for camera 1 for PID 14149
01-30 17:37:02.373   492 15180 D mm-camera: mct_pipeline_stop_session_thread thread_id is 15180
01-30 17:37:02.373   492 15180 D mm-camera: mct_pipeline_stop_session_thread: Stop module name: sensor - E
01-30 17:37:02.373   408  1557 D NuPlayerDriver: reset(0xb8c11628)
01-30 17:37:02.373   408  1557 D NuPlayerDriver: notifyListener_l(0xb8c11628), (8, 0, 0)
01-30 17:37:02.373   408 15078 W AMessage: failed to post message as target looper for handler 0 is gone.
01-30 17:37:02.373   408 15078 D NuPlayerDriver: notifyResetComplete(0xb8c11628)
01-30 17:37:02.373   408  1557 D NuPlayerDriver: reset(0xb8bf8920)
01-30 17:37:02.373   408  1557 D NuPlayerDriver: notifyListener_l(0xb8bf8920), (8, 0, 0)
01-30 17:37:02.373   408 15080 W AMessage: failed to post message as target looper for handler 0 is gone.
01-30 17:37:02.373   408 15080 D NuPlayerDriver: notifyResetComplete(0xb8bf8920)
01-30 17:37:02.373   408  1557 D NuPlayerDriver: reset(0xb8c298c0)
01-30 17:37:02.373   408  1557 D NuPlayerDriver: notifyListener_l(0xb8c298c0), (8, 0, 0)
01-30 17:37:02.373   408 15082 W AMessage: failed to post message as target looper for handler 0 is gone.
01-30 17:37:02.373   408 15082 D NuPlayerDriver: notifyResetComplete(0xb8c298c0)
01-30 17:37:02.383   492 15182 D mm-camera: mct_pipeline_stop_session_thread thread_id is 15182
01-30 17:37:02.383   492 15182 D mm-camera: mct_pipeline_stop_session_thread: Stop module name: iface - E
01-30 17:37:02.383   492 15182 D mm-camera: mct_pipeline_stop_session_thread: Stop module name: iface - X
01-30 17:37:02.383   492 15183 D mm-camera: mct_pipeline_stop_session_thread thread_id is 15183
01-30 17:37:02.383   492 15183 D mm-camera: mct_pipeline_stop_session_thread: Stop module name: isp - E
01-30 17:37:02.393   492 15183 E         : dmlroc_deinit
01-30 17:37:02.393   492 15183 D mm-camera: mct_pipeline_stop_session_thread: Stop module name: isp - X
01-30 17:37:02.393   492 15184 D mm-camera: mct_pipeline_stop_session_thread thread_id is 15184
01-30 17:37:02.393   492 15184 D mm-camera: mct_pipeline_stop_session_thread: Stop module name: stats - E
01-30 17:37:02.403   492 15180 D mm-camera: mct_pipeline_stop_session_thread: Stop module name: sensor - X
01-30 17:37:02.403   492 15098 E mm-camera: Got some events
01-30 17:37:02.403   492 15184 D mm-camera: gyro_port_deinit , Enter 
01-30 17:37:02.403   492 15184 D mm-camera: gyro_port_deinit:Deinit Gyro port
01-30 17:37:02.403   492 15184 E mm-camera: gyro_port_deinit: Error in android Deinit
01-30 17:37:02.403   492 15184 D mm-camera: gyro_port_deinit , EXIT 
01-30 17:37:02.403   492 15184 D mm-camera: mct_pipeline_stop_session_thread: Stop module name: stats - X
01-30 17:37:02.403   492 15185 D mm-camera: mct_pipeline_stop_session_thread thread_id is 15185
01-30 17:37:02.403   492 15185 D mm-camera: mct_pipeline_stop_session_thread: Stop module name: pproc - E
01-30 17:37:02.403   492 15185 D mm-camera: c2d_module_stop_session:444, info: stopping session 2 ...
01-30 17:37:02.403   492 15095 D mm-camera: c2d_thread_process_pipe_message:793, C2D_THREAD_MSG_ABORT: c2d_thread exiting..
01-30 17:37:02.403   492 15185 D mm-camera: c2d_module_stop_session:488, info: session 2 stopped.
01-30 17:37:02.403   492 15185 D mm-camera: mct_pipeline_stop_session_thread: Stop module name: pproc - X
01-30 17:37:02.413   492 15186 D mm-camera: mct_pipeline_stop_session_thread thread_id is 15186
01-30 17:37:02.413   492   492 E mm-camera: mct_pipeline_stop_session: left modules: 5
01-30 17:37:02.413   492   492 E mm-camera: mct_pipeline_stop_session: left modules: 4
01-30 17:37:02.413   492   492 E mm-camera: mct_pipeline_stop_session: left modules: 3
01-30 17:37:02.413   492   492 E mm-camera: mct_pipeline_stop_session: left modules: 2
01-30 17:37:02.413   492   492 E mm-camera: mct_pipeline_stop_session: left modules: 1
01-30 17:37:02.413   492 15186 D mm-camera: mct_pipeline_stop_session_thread: Stop module name: imglib - E
01-30 17:37:02.413   492 15186 D mm-camera: mct_pipeline_stop_session_thread: Stop module name: imglib - X
01-30 17:37:02.413   492   492 E mm-camera: mct_pipeline_stop_session: left modules: 0
01-30 17:37:02.413   492   492 D mm-camera: mct_pipeline_stop_session - X
01-30 17:37:02.413 14149 14149 W MobiFace: [JavaScript Warning: "Expected color but found '#\30 0bcd452'.  Error in parsing value for 'background-color'.  Declaration dropped." {file: "app://2ec57ac3-eee0-41a3-9d3f-e1b3e29e617f/css/index.css" line: 8 column: 22 source: "    background-color: #00bcd452;"}]
01-30 17:37:02.413 14149 14149 W MobiFace: [JavaScript Warning: "Expected end of value but found ':'.  Error in parsing value for 'display'.  Declaration dropped." {file: "app://2ec57ac3-eee0-41a3-9d3f-e1b3e29e617f/css/index.css" line: 53 column: 19 source: "    display: inline: block;"}]
01-30 17:37:02.433   453   453 E GeckoConsole: Content JS ERROR: Unexpected hardware key:  backspace-button-release 
01-30 17:37:02.433   453   453 E GeckoConsole:     at HardwareButtonsBaseState.prototype.process (app://system.gaiamobile.org/js/hardware_buttons.js:17:1)
01-30 17:37:02.433   453   453 E GeckoConsole:     at hb_handleEvent (app://system.gaiamobile.org/js/hardware_buttons.js:11:1)
01-30 17:37:02.453   453   453 I Gecko   : [BrowserElement] event type: keyup, key: Backspace, target: [object HTMLIFrameElement], src: app://2ec57ac3-eee0-41a3-9d3f-e1b3e29e617f/splash.html, id: browser14, class: browser
01-30 17:37:02.663 14149 14149 I Gecko   : [BrowserElement] event type: keyup, key: Backspace, target: [object HTMLBodyElement]
01-30 17:37:02.673 14149 14149 I MobiFace: Content JS LOG: On Load getting called! 
01-30 17:37:02.673 14149 14149 I MobiFace:     at <anonymous> (app://2ec57ac3-eee0-41a3-9d3f-e1b3e29e617f/js/index.js:61:5)
01-30 17:37:02.673   453   453 E GeckoConsole: Content JS ERROR: Unexpected hardware key:  backspace-button-release 
01-30 17:37:02.673   453   453 E GeckoConsole:     at HardwareButtonsBaseState.prototype.process (app://system.gaiamobile.org/js/hardware_buttons.js:17:1)
01-30 17:37:02.673   453   453 E GeckoConsole:     at hb_handleEvent (app://system.gaiamobile.org/js/hardware_buttons.js:11:1)
01-30 17:37:02.703 14149 14149 I FocusManager: -> focus is now on, NULL, tag: , id: , class: 
01-30 17:37:02.733 14149 14149 I FocusManager: << focus() called >>
01-30 17:37:02.733 14149 14149 I FocusManager:    trying to set focus on, tag: BUTTON, id: , class: move
01-30 17:37:02.733 14149 14149 I FocusManager:    current focused element, NULL, tag: , id: , class: 
01-30 17:37:02.733 14149 14149 I FocusManager: <- blur on, NULL, tag: , id: , class: 
01-30 17:37:02.733 14149 14149 I FocusManager: -> focus is now on, tag: BUTTON, id: , class: move
01-30 17:37:02.763 14149 14149 I MobiFace: Content JS LOG: File Exists, Reading the File Now /sdcard/Jio/LogsFile.txt 
01-30 17:37:02.763 14149 14149 I MobiFace:     at readFileFromSDCard/request.onsuccess (app://2ec57ac3-eee0-41a3-9d3f-e1b3e29e617f/js/util.js:65:9)
01-30 17:37:02.773 14149 14149 I MobiFace: Content JS LOG: License File Exists, Reading the File Now /sdcard/Jio/LicenseFile.txt 
01-30 17:37:02.773 14149 14149 I MobiFace:     at checkLicensePresent/request.onsuccess (app://2ec57ac3-eee0-41a3-9d3f-e1b3e29e617f/js/index.js:177:9)
01-30 17:37:02.773  5463  5463 D wpa_supplicant: wlan0: Control interface command 'SIGNAL_POLL'
01-30 17:37:02.783 14149 14149 I MobiFace: Content JS LOG: ContentFromSDCard <br /><br /><br /><br /> 
01-30 17:37:02.783 14149 14149 I MobiFace:     at readFileFromSDCard/request.onsuccess/< (app://2ec57ac3-eee0-41a3-9d3f-e1b3e29e617f/js/util.js:69:13)
01-30 17:37:02.783 14149 14149 I MobiFace: Content JS LOG: finalContentToWrite <br /><br /><br /><br /><br /><br /> 
01-30 17:37:02.783 14149 14149 I MobiFace:     at readFileFromSDCard/request.onsuccess/< (app://2ec57ac3-eee0-41a3-9d3f-e1b3e29e617f/js/util.js:84:17)
01-30 17:37:02.783   453   453 I Gecko   : DSF (parent) mtp-watcher-update: mStorageType 'sdcard' mStorageName 'sdcard' mRootDir '' mPath 'Jio/LogsFile.txt' mFile->GetPath '/data/usbmsc_mnt/Jio/LogsFile.txt'
01-30 17:37:02.783   453   453 I MozMtp  : Observe: mtp-watcher-update: file Jio/LogsFile.txt deleted
01-30 17:37:02.793   453   453 I Gecko   : DSF (parent) mtp-watcher-update: mStorageType 'sdcard' mStorageName 'sdcard' mRootDir '' mPath 'Jio/LogsFile.txt' mFile->GetPath '/data/usbmsc_mnt/Jio/LogsFile.txt'
01-30 17:37:02.793   453   453 I MozMtp  : Observe: mtp-watcher-update: file Jio/LogsFile.txt deleted
01-30 17:37:02.793   453 15193 I MozMtp  : MtpWatcherUpdate: file /data/usbmsc_mnt/Jio/LogsFile.txt deleted
01-30 17:37:02.793   453 15193 I MozMtp  : MtpWatcherUpdate: About to call sendObjectRemoved Handle 0x00000014 file /data/usbmsc_mnt/Jio/LogsFile.txt
01-30 17:37:02.793   453 15194 I MozMtp  : MtpWatcherUpdate: file /data/usbmsc_mnt/Jio/LogsFile.txt deleted
01-30 17:37:02.793  5463  5463 D wpa_supplicant: CTRL-DEBUG: global_ctrl_sock-sendto: sock=11 sndbuf=163840 outq=0 send_len=48
01-30 17:37:02.793 14149 14149 I MobiFace: Content JS LOG: LicenseData isARAITVNDX0NPUkUEA8Rg4AEAJbqqvDGwh+zqSbiDg17muDaCFEMEy3dTqQBsdHidhXyr+MW3x5dYYsIRc+afKcac8TnSd/7mC1oomRx6WBzfK0uOy1PS+iSRuKg8EyFCvZGJjFQUlGLyW1VaD6bbwbwkJWriq5fU2p/7DuFga/BqBZ1h7syKR/dUR89UW6EjDQDnDbTPmV3yhCsOdRlqVF6HJRq+rKiJl19aVh8YTo/pMAuXjsvLtMGIow6uRxxXELzw3wI38I1gX3OFcrMhopxe8L2WRidxyN0CEW778e2q88ezTBiB7UnbMxeXetnr8PFRS6x/B35rgMXuymPr1iD7cuoaGhb3PaDeQ+rFNrQ+LQEUDE1TQ19MSVZFTkVTUwQDxGDgAQCfEJ2CeemJNSi+b93W5/RzHsFRsiGBRKUwPIfEAE/f9r/xT+SPt481+M5BJphprWf65gSL5gijXjwQQF6omHW2FHc20ouRfhrQ9zM4ySAPVZq5NmArZl1b2M4RiSeYTDk84J97SAiwggEqayT8iwG8NaQkh7WdmySZx3jf9ZScIdb4t6l+o67xQB64KoNhK5OoztbOmGw7pejIGD9I+ueht3PE1Bw7wZan0myQI+GMQ5Cp9VsW3kM8vBmKN/t4z/rfhSFnAixkAtszv+xTR+bLZHBdOZJFEZko27lLLsqDAnf0tam3ZYaR2KQ1uvGi0Y6C49ZQsiP3nXK6w+sj+Lu8AQ0FVkVSSUYEA8Rg4AEAJxFBABBn+oPXBNIhT+BnC/3dcuamjdZehysg6zkW9wg6jlPuXbK7Ck5bmlpL/lTcJhyDlsGSfQdzLnOQyGIrYNC1fvLeXqRLnQEmKA7hlwZefkkTjhzEPvt+JEhifuJ/NEeMQ8LcbVZIPJLf37POyOrkGbO53D0f1kHNqJPxw4nZis80xWyj3K1IolRbIuaYbbBS3X+Pn56MELnQOxq241JYPmdwLf11Sbu5BlSmJg2bv
01-30 17:37:02.803 14149 14149 I MobiFace: Content JS LOG: File deleted 
01-30 17:37:02.803 14149 14149 I MobiFace:     at deleteFileFromSDCard/request.onsuccess (app://2ec57ac3-eee0-41a3-9d3f-e1b3e29e617f/js/util.js:14:9)
01-30 17:37:02.803   453   453 I Gecko   : DSF (parent) mtp-watcher-update: mStorageType 'sdcard' mStorageName 'sdcard' mRootDir '' mPath 'Jio/LogsFile.txt' mFile->GetPath '/data/usbmsc_mnt/Jio/LogsFile.txt'
01-30 17:37:02.813   453   453 I MozMtp  : Observe: mtp-watcher-update: file Jio/LogsFile.txt modified
01-30 17:37:02.813   453 15193 I MozMtp  : MtpWatcherUpdate: file /data/usbmsc_mnt/Jio/LogsFile.txt modified
01-30 17:37:02.813   453 15193 I MozMtp  : CreateEntryForFileAndNotify: About to call sendObjectAdded Handle 0x00000015 file /data/usbmsc_mnt/Jio/LogsFile.txt
01-30 17:37:02.813   453   453 I Gecko   : DSF (parent) mtp-watcher-update: mStorageType 'sdcard' mStorageName 'sdcard' mRootDir '' mPath 'Jio/LogsFile.txt' mFile->GetPath '/data/usbmsc_mnt/Jio/LogsFile.txt'
