01-30 17:37:02.813   453   453 I MozMtp  : Observe: mtp-watcher-update: file Jio/LogsFile.txt modified
01-30 17:37:02.813   453 15194 I MozMtp  : MtpWatcherUpdate: file /data/usbmsc_mnt/Jio/LogsFile.txt modified
01-30 17:37:02.813   453 13560 I MozMtp  : getObjectInfo: Handle: 0x00000015 Display:'LogsFile.txt' Object:'LogsFile.txt'
01-30 17:37:02.813   453 13560 I MozMtp  : getObjectInfo: aInfo.mDateCreated = 1580386022 entry->mDateCreated = 1580386022
01-30 17:37:02.813   453 13560 I MozMtp  : getObjectInfo: aInfo.mDateModified = 1580386022 entry->mDateModified = 1580386022
01-30 17:37:02.813   453 13560 I MozMtp  : getSupportedObjectProperties: 
01-30 17:37:02.813 14149 14149 I MobiFace: Content JS LOG: File/sdcard/Jio/LogsFile.txt" successfully wrote on the sdcard storage area 
01-30 17:37:02.813 14149 14149 I MobiFace:     at writeFileToSDCard/request.onsuccess (app://2ec57ac3-eee0-41a3-9d3f-e1b3e29e617f/js/util.js:49:9)
01-30 17:37:02.813   453 13560 I MozMtp  : getObjectPropertyValue: Handle: 0x00000015 'LogsFile.txt' Property: MTP_PROPERTY_OBJECT_SIZE 0x0000dc04
01-30 17:37:03.503  2227  2227 E sdcard  : missing packages.list; retrying
01-30 17:37:03.933   425   558 D ThermalEngine: sensor_wait: case_therm Wait done.
01-30 17:37:03.943   425   558 D ThermalEngine: sensor_monitor: case_therm Reading 33000 .
01-30 17:37:03.943   425   558 I ThermalEngine: Sensor:case_therm:33000 mC
01-30 17:37:03.943   425   558 D ThermalEngine: update_active_thresh: case_therm Active(1), Hi(1) 40000, Lo(0) -2147483648, Interval(1) 5000
01-30 17:37:03.943   425   558 D ThermalEngine: sensor_monitor: case_therm Sensor wait.
01-30 17:37:03.943   425   558 D ThermalEngine: sensor_wait: case_therm Wait start. 5000ms
01-30 17:37:04.873   453   453 I Gecko   : [BrowserElement] event type: keydown, key: Backspace, target: [object HTMLIFrameElement], src: app://2ec57ac3-eee0-41a3-9d3f-e1b3e29e617f/splash.html, id: browser14, class: browser
01-30 17:37:04.873 14149 14149 I Gecko   : [BrowserElement] event type: keydown, key: Backspace, target: [object HTMLButtonElement], class: move
01-30 17:37:05.063   453   453 I Gecko   : [BrowserElement] event type: keyup, key: Backspace, target: [object HTMLIFrameElement], src: app://2ec57ac3-eee0-41a3-9d3f-e1b3e29e617f/splash.html, id: browser14, class: browser
01-30 17:37:05.063 14149 14149 I Gecko   : [BrowserElement] event type: keyup, key: Backspace, target: [object HTMLButtonElement], class: move
01-30 17:37:05.093   453   453 E GeckoConsole: Content JS ERROR: Unexpected hardware key:  backspace-button-release 
01-30 17:37:05.093   453   453 E GeckoConsole:     at HardwareButtonsBaseState.prototype.process (app://system.gaiamobile.org/js/hardware_buttons.js:17:1)
01-30 17:37:05.093   453   453 E GeckoConsole:     at hb_handleEvent (app://system.gaiamobile.org/js/hardware_buttons.js:11:1)
01-30 17:37:05.643 14149 14149 I FocusManager: <- blur on, NULL, tag: , id: , class: 
01-30 17:37:05.693   453   453 I FocusManager: << focus() called >>
01-30 17:37:05.693   453   453 I FocusManager:    trying to set focus on, tag: IFRAME, id: browser0, class: browser
01-30 17:37:05.703   453   453 I FocusManager:    current focused element, NULL, tag: , id: , class: 
01-30 17:37:05.703   453   453 I FocusManager: <- blur on, NULL, tag: , id: , class: 
01-30 17:37:05.703   453   453 I FocusManager: -> focus is now on, tag: IFRAME, id: browser0, class: browser
01-30 17:37:05.703  5027  5027 I FocusManager: * WindowRaised *
01-30 17:37:05.703  5027  5027 I FocusManager: -> focus is now on, tag: DIV, id: , class: app focusable
01-30 17:37:05.733   453   453 I GeckoConsole: Content JS LOG: [AppUsage] got an event:  homescreenopened 
01-30 17:37:05.733   453   453 I GeckoConsole:     at debug (app://system.gaiamobile.org/js/app_usage_metrics.js:141:7)
01-30 17:37:05.763 14149 14149 E MobiFace: [JavaScript Error: "NS_ERROR_ILLEGAL_VALUE: Component returned failure code: 0x80070057 (NS_ERROR_ILLEGAL_VALUE) [nsIMessageSender.sendAsyncMessage]" {file: "chrome://global/content/BrowserElementChildPreload.js" line: 11}]
01-30 17:37:05.773 14149 14149 I Gecko   : 
01-30 17:37:05.773 14149 14149 I Gecko   : ###!!! [Child][OnMaybeDequeueOne] Error: Channel closing: too late to send/recv, messages will be lost
01-30 17:37:05.773 14149 14149 I Gecko   : 
01-30 17:37:05.773 14149 14149 I Gecko   : 
01-30 17:37:05.773 14149 14149 I Gecko   : ###!!! [Child][MessageChannel] Error: (msgtype=0x4800C5,name=PContent::Msg_ScriptError) Channel closing: too late to send/recv, messages will be lost
01-30 17:37:05.773 14149 14149 I Gecko   : 
01-30 17:37:05.783  5463  5463 D wpa_supplicant: wlan0: Control interface command 'SIGNAL_POLL'
01-30 17:37:05.803  5463  5463 D wpa_supplicant: CTRL-DEBUG: global_ctrl_sock-sendto: sock=11 sndbuf=163840 outq=0 send_len=48
01-30 17:37:05.803   453  2749 I Gecko   : 
01-30 17:37:05.803   453  2749 I Gecko   : ###!!! [Child][OnMaybeDequeueOne] Error: Channel error: cannot send/recv
01-30 17:37:05.803   453  2749 I Gecko   : 
01-30 17:37:05.803   453  2749 I Gecko   : 
01-30 17:37:05.803   453  2749 I Gecko   : ###!!! [Child][OnMaybeDequeueOne] Error: Channel error: cannot send/recv
01-30 17:37:05.803   453  2749 I Gecko   : 
01-30 17:37:05.1175     1     1 I KERNEL  : [ 6571.457859] init: Starting service 'updater-daemon'...
01-30 17:37:05.1202     1     1 I KERNEL  : [ 6571.484579] init: Service 'updater-daemon' (pid 15202) exited with status 127
01-30 17:37:05.1202     1     1 I KERNEL  : [ 6571.484661] init: Service 'updater-daemon' (pid 15202) killing any children in process group
01-30 17:37:06.503  2227  2227 E sdcard  : missing packages.list; retrying
01-30 17:37:08.783  5463  5463 D wpa_supplicant: wlan0: Control interface command 'SIGNAL_POLL'
01-30 17:37:08.813  5463  5463 D wpa_supplicant: CTRL-DEBUG: global_ctrl_sock-sendto: sock=11 sndbuf=163840 outq=0 send_len=48
01-30 17:37:08.943   425   558 D ThermalEngine: sensor_wait: case_therm Wait done.
01-30 17:37:08.943   425   558 D ThermalEngine: sensor_monitor: case_therm Reading 33000 .
01-30 17:37:08.943   425   558 I ThermalEngine: Sensor:case_therm:33000 mC
01-30 17:37:08.943   425   558 D ThermalEngine: update_active_thresh: case_therm Active(1), Hi(1) 40000, Lo(0) -2147483648, Interval(1) 5000
01-30 17:37:08.943   425   558 D ThermalEngine: sensor_monitor: case_therm Sensor wait.
01-30 17:37:08.943   425   558 D ThermalEngine: sensor_wait: case_therm Wait start. 5000ms
01-30 17:37:09.503  2227  2227 E sdcard  : missing packages.list; retrying
01-30 17:37:10.003   453   453 I GeckoConsole: Content JS LOG: [AppUsage] got an event:  idle 
01-30 17:37:10.003   453   453 I GeckoConsole:     at debug (app://system.gaiamobile.org/js/app_usage_metrics.js:141:7)
01-30 17:37:10.1209     1     1 I KERNEL  : [ 6576.491263] init: Starting service 'updater-daemon'...
01-30 17:37:10.1234     1     1 I KERNEL  : [ 6576.516307] init: Service 'updater-daemon' (pid 15216) exited with status 127
01-30 17:37:10.1234     1     1 I KERNEL  : [ 6576.516392] init: Service 'updater-daemon' (pid 15216) killing any children in process group
01-30 17:37:11.783  5463  5463 D wpa_supplicant: wlan0: Control interface command 'SIGNAL_POLL'
01-30 17:37:11.813  5463  5463 D wpa_supplicant: CTRL-DEBUG: global_ctrl_sock-sendto: sock=11 sndbuf=163840 outq=0 send_len=48
01-30 17:37:12.503  2227  2227 E sdcard  : missing packages.list; retrying
01-30 17:37:13.943   425   558 D ThermalEngine: sensor_wait: case_therm Wait done.
01-30 17:37:13.943   425   558 D ThermalEngine: sensor_monitor: case_therm Reading 32000 .
01-30 17:37:13.943   425   558 I ThermalEngine: Sensor:case_therm:32000 mC
01-30 17:37:13.943   425   558 D ThermalEngine: update_active_thresh: case_therm Active(1), Hi(1) 40000, Lo(0) -2147483648, Interval(1) 5000
01-30 17:37:13.943   425   558 D ThermalEngine: sensor_monitor: case_therm Sensor wait.
01-30 17:37:13.943   425   558 D ThermalEngine: sensor_wait: case_therm Wait start. 5000ms
01-30 17:37:14.793  5463  5463 D wpa_supplicant: wlan0: Control interface command 'SIGNAL_POLL'
01-30 17:37:14.813  5463  5463 D wpa_supplicant: CTRL-DEBUG: global_ctrl_sock-sendto: sock=11 sndbuf=163840 outq=0 send_len=48
01-30 17:37:15.503  2227  2227 E sdcard  : missing packages.list; retrying
01-30 17:37:15.1240     1     1 I KERNEL  : [ 6581.522822] init: Starting service 'updater-daemon'...
01-30 17:37:15.1261     1     1 I KERNEL  : [ 6581.543857] init: Service 'updater-daemon' (pid 15232) exited with status 127
01-30 17:37:15.1261     1     1 I KERNEL  : [ 6581.543991] init: Service 'updater-daemon' (pid 15232) killing any children in process group
01-30 17:37:17.793  5463  5463 D wpa_supplicant: wlan0: Control interface command 'SIGNAL_POLL'
01-30 17:37:17.823  5463  5463 D wpa_supplicant: CTRL-DEBUG: global_ctrl_sock-sendto: sock=11 sndbuf=163840 outq=0 send_len=48
01-30 17:37:18.503  2227  2227 E sdcard  : missing packages.list; retrying
01-30 17:37:18.943   425   558 D ThermalEngine: sensor_wait: case_therm Wait done.
01-30 17:37:18.943   425   558 D ThermalEngine: sensor_monitor: case_therm Reading 32000 .
01-30 17:37:18.943   425   558 I ThermalEngine: Sensor:case_therm:32000 mC
01-30 17:37:18.943   425   558 D ThermalEngine: update_active_thresh: case_therm Active(1), Hi(1) 40000, Lo(0) -2147483648, Interval(1) 5000
01-30 17:37:18.943   425   558 D ThermalEngine: sensor_monitor: case_therm Sensor wait.
01-30 17:37:18.943   425   558 D ThermalEngine: sensor_wait: case_therm Wait start. 5000ms
01-30 17:37:20.793  5463  5463 D wpa_supplicant: wlan0: Control interface command 'SIGNAL_POLL'
01-30 17:37:20.823  5463  5463 D wpa_supplicant: CTRL-DEBUG: global_ctrl_sock-sendto: sock=11 sndbuf=163840 outq=0 send_len=48
01-30 17:37:20.1268     1     1 I KERNEL  : [ 6586.550691] init: Starting service 'updater-daemon'...
01-30 17:37:20.1287     1     1 I KERNEL  : [ 6586.569460] init: Service 'updater-daemon' (pid 15245) exited with status 127
01-30 17:37:20.1287     1     1 I KERNEL  : [ 6586.569531] init: Service 'updater-daemon' (pid 15245) killing any children in process group
01-30 17:37:21.503  2227  2227 E sdcard  : missing packages.list; retrying
01-30 17:37:22.063   453 13560 I MozMtp  : getObjectList: StorageID: 0x00010001 Format: 0x0000 Parent: 0xffffffff
01-30 17:37:22.063   453 13560 I MozMtp  : getObjectList:   returning 3 items
01-30 17:37:22.063   453 13560 I MozMtp  : getSupportedObjectProperties: 
01-30 17:37:22.063   453 13560 I MozMtp  : getObjectPropertyValue: Handle: 0x00000001 'lost+found' Property: MTP_PROPERTY_OBJECT_SIZE 0x0000dc04
01-30 17:37:22.063   453 13560 I MozMtp  : getSupportedObjectProperties: 
01-30 17:37:22.073   453 13560 I MozMtp  : getObjectPropertyValue: Handle: 0x00000002 'DCIM' Property: MTP_PROPERTY_OBJECT_SIZE 0x0000dc04
01-30 17:37:22.073   453 13560 I MozMtp  : getSupportedObjectProperties: 
01-30 17:37:22.073   453 13560 I MozMtp  : getObjectPropertyValue: Handle: 0x0000000f 'Jio' Property: MTP_PROPERTY_OBJECT_SIZE 0x0000dc04
01-30 17:37:23.793  5463  5463 D wpa_supplicant: wlan0: Control interface command 'SIGNAL_POLL'
01-30 17:37:23.823  5463  5463 D wpa_supplicant: CTRL-DEBUG: global_ctrl_sock-sendto: sock=11 sndbuf=163840 outq=0 send_len=48
01-30 17:37:23.873   453 13560 I MozMtp  : getSupportedObjectProperties: 
01-30 17:37:23.873   453 13560 I MozMtp  : getObjectPropertyValue: Handle: 0x0000000f 'Jio' Property: MTP_PROPERTY_OBJECT_SIZE 0x0000dc04
01-30 17:37:23.953   425   558 D ThermalEngine: sensor_wait: case_therm Wait done.
01-30 17:37:23.953   425   558 D ThermalEngine: sensor_monitor: case_therm Reading 32000 .
01-30 17:37:23.953   425   558 I ThermalEngine: Sensor:case_therm:32000 mC
01-30 17:37:23.953   425   558 D ThermalEngine: update_active_thresh: case_therm Active(1), Hi(1) 40000, Lo(0) -2147483648, Interval(1) 5000
01-30 17:37:23.953   425   558 D ThermalEngine: sensor_monitor: case_therm Sensor wait.
01-30 17:37:23.953   425   558 D ThermalEngine: sensor_wait: case_therm Wait start. 5000ms
01-30 17:37:24.283   453 13560 I MozMtp  : getSupportedObjectProperties: 
01-30 17:37:24.283   453 13560 I MozMtp  : getObjectPropertyValue: Handle: 0x0000000f 'Jio' Property: MTP_PROPERTY_OBJECT_SIZE 0x0000dc04
01-30 17:37:24.283   453 13560 I MozMtp  : getObjectList: StorageID: 0x00010001 Format: 0x0000 Parent: 0x0000000f
01-30 17:37:24.283   453 13560 I MozMtp  : getObjectList:   returning 3 items
01-30 17:37:24.283   453 13560 I MozMtp  : getSupportedObjectProperties: 
01-30 17:37:24.283   453 13560 I MozMtp  : getObjectPropertyValue: Handle: 0x00000012 'LicenseFile.txt' Property: MTP_PROPERTY_OBJECT_SIZE 0x0000dc04
01-30 17:37:24.283   453 13560 I MozMtp  : getSupportedObjectProperties: 
01-30 17:37:24.283   453 13560 I MozMtp  : getObjectPropertyValue: Handle: 0x00000013 'BestImage.bmp' Property: MTP_PROPERTY_OBJECT_SIZE 0x0000dc04
01-30 17:37:24.293   453 13560 I MozMtp  : getSupportedObjectProperties: 
01-30 17:37:24.293   453 13560 I MozMtp  : getObjectPropertyValue: Handle: 0x00000015 'LogsFile.txt' Property: MTP_PROPERTY_OBJECT_SIZE 0x0000dc04
01-30 17:37:24.293   453 13560 I MozMtp  : getSupportedObjectProperties: 
01-30 17:37:24.293   453 13560 I MozMtp  : getObjectPropertyValue: Handle: 0x0000000f 'Jio' Property: MTP_PROPERTY_OBJECT_SIZE 0x0000dc04
01-30 17:37:24.293   453 13560 I MozMtp  : getObjectList: StorageID: 0x00010001 Format: 0x0000 Parent: 0x0000000f
01-30 17:37:24.293   453 13560 I MozMtp  : getObjectList:   returning 3 items
01-30 17:37:24.293   453 13560 I MozMtp  : getSupportedObjectProperties: 
01-30 17:37:24.293   453 13560 I MozMtp  : getObjectPropertyValue: Handle: 0x00000012 'LicenseFile.txt' Property: MTP_PROPERTY_OBJECT_SIZE 0x0000dc04
01-30 17:37:24.293   453 13560 I MozMtp  : getSupportedObjectProperties: 
01-30 17:37:24.293   453 13560 I MozMtp  : getObjectPropertyValue: Handle: 0x00000013 'BestImage.bmp' Property: MTP_PROPERTY_OBJECT_SIZE 0x0000dc04
01-30 17:37:24.293   453 13560 I MozMtp  : getSupportedObjectProperties: 
01-30 17:37:24.293   453 13560 I MozMtp  : getObjectPropertyValue: Handle: 0x00000015 'LogsFile.txt' Property: MTP_PROPERTY_OBJECT_SIZE 0x0000dc04
01-30 17:37:24.293   453 13560 I MozMtp  : getObjectList: StorageID: 0x00010001 Format: 0x0000 Parent: 0x0000000f
01-30 17:37:24.293   453 13560 I MozMtp  : getObjectList:   returning 3 items
01-30 17:37:24.293   453 13560 I MozMtp  : getSupportedObjectProperties: 
01-30 17:37:24.293   453 13560 I MozMtp  : getObjectPropertyValue: Handle: 0x00000012 'LicenseFile.txt' Property: MTP_PROPERTY_OBJECT_SIZE 0x0000dc04
01-30 17:37:24.293   453 13560 I MozMtp  : getSupportedObjectProperties: 
01-30 17:37:24.293   453 13560 I MozMtp  : getObjectPropertyValue: Handle: 0x00000013 'BestImage.bmp' Property: MTP_PROPERTY_OBJECT_SIZE 0x0000dc04
01-30 17:37:24.303   453 13560 I MozMtp  : getSupportedObjectProperties: 
01-30 17:37:24.303   453 13560 I MozMtp  : getObjectPropertyValue: Handle: 0x00000015 'LogsFile.txt' Property: MTP_PROPERTY_OBJECT_SIZE 0x0000dc04
01-30 17:37:24.303   453 13560 I MozMtp  : getSupportedObjectProperties: 
01-30 17:37:24.303   453 13560 I MozMtp  : getObjectPropertyValue: Handle: 0x00000012 'LicenseFile.txt' Property: MTP_PROPERTY_OBJECT_SIZE 0x0000dc04
01-30 17:37:24.303   453 13560 I MozMtp  : getObjectFilePath: Handle: 0x00000012 FilePath: '/data/usbmsc_mnt/Jio/LicenseFile.txt'
01-30 17:37:24.303   453 13560 I MozMtp  : deleteFile: Handle: 0x00000012 '/data/usbmsc_mnt/Jio/LicenseFile.txt'
01-30 17:37:24.303   453 13560 I MozMtp  : getSupportedObjectProperties: 
01-30 17:37:24.303   453 13560 I MozMtp  : getObjectPropertyValue: Handle: 0x00000013 'BestImage.bmp' Property: MTP_PROPERTY_OBJECT_SIZE 0x0000dc04
01-30 17:37:24.303   453 13560 I MozMtp  : getObjectFilePath: Handle: 0x00000013 FilePath: '/data/usbmsc_mnt/Jio/BestImage.bmp'
01-30 17:37:24.303   453 13560 I MozMtp  : deleteFile: Handle: 0x00000013 '/data/usbmsc_mnt/Jio/BestImage.bmp'
01-30 17:37:24.313   453 13560 I MozMtp  : getSupportedObjectProperties: 
01-30 17:37:24.313   453 13560 I MozMtp  : getObjectPropertyValue: Handle: 0x00000015 'LogsFile.txt' Property: MTP_PROPERTY_OBJECT_SIZE 0x0000dc04
01-30 17:37:24.313   453 13560 I MozMtp  : getObjectFilePath: Handle: 0x00000015 FilePath: '/data/usbmsc_mnt/Jio/LogsFile.txt'
01-30 17:37:24.313   453 13560 I MozMtp  : deleteFile: Handle: 0x00000015 '/data/usbmsc_mnt/Jio/LogsFile.txt'
01-30 17:37:24.313   453 13560 I MozMtp  : getSupportedObjectProperties: 
01-30 17:37:24.313   453 13560 I MozMtp  : getObjectPropertyValue: Handle: 0x0000000f 'Jio' Property: MTP_PROPERTY_OBJECT_SIZE 0x0000dc04
01-30 17:37:24.313   453 13560 I MozMtp  : getObjectList: StorageID: 0x00010001 Format: 0x0000 Parent: 0x0000000f
01-30 17:37:24.313   453 13560 I MozMtp  : getObjectList:   returning 0 items
01-30 17:37:24.313   453 13560 I MozMtp  : getObjectFilePath: Handle: 0x0000000f FilePath: '/data/usbmsc_mnt/Jio'
01-30 17:37:24.313   453 13560 I MozMtp  : deleteFile: Handle: 0x0000000f '/data/usbmsc_mnt/Jio'
01-30 17:37:24.503  2227  2227 E sdcard  : missing packages.list; retrying
01-30 17:37:25.1293     1     1 I KERNEL  : [ 6591.576031] init: Starting service 'updater-daemon'...
01-30 17:37:25.1315     1     1 I KERNEL  : [ 6591.597474] init: Service 'updater-daemon' (pid 15258) exited with status 127
01-30 17:37:25.1315     1     1 I KERNEL  : [ 6591.597558] init: Service 'updater-daemon' (pid 15258) killing any children in process group
01-30 17:37:26.803  5463  5463 D wpa_supplicant: wlan0: Control interface command 'SIGNAL_POLL'
01-30 17:37:26.833  5463  5463 D wpa_supplicant: CTRL-DEBUG: global_ctrl_sock-sendto: sock=11 sndbuf=163840 outq=0 send_len=48
01-30 17:37:27.503  2227  2227 E sdcard  : missing packages.list; retrying
01-30 17:37:28.943   425   558 D ThermalEngine: sensor_wait: case_therm Wait done.
01-30 17:37:28.943   425   558 D ThermalEngine: sensor_monitor: case_therm Reading 32000 .
01-30 17:37:28.943   425   558 I ThermalEngine: Sensor:case_therm:32000 mC
01-30 17:37:28.943   425   558 D ThermalEngine: update_active_thresh: case_therm Active(1), Hi(1) 40000, Lo(0) -2147483648, Interval(1) 5000
01-30 17:37:28.943   425   558 D ThermalEngine: sensor_monitor: case_therm Sensor wait.
01-30 17:37:28.943   425   558 D ThermalEngine: sensor_wait: case_therm Wait start. 5000ms
01-30 17:37:29.803  5463  5463 D wpa_supplicant: wlan0: Control interface command 'SIGNAL_POLL'
01-30 17:37:29.823  5463  5463 D wpa_supplicant: CTRL-DEBUG: global_ctrl_sock-sendto: sock=11 sndbuf=163840 outq=0 send_len=48
01-30 17:37:30.503  2227  2227 E sdcard  : missing packages.list; retrying
01-30 17:37:30.1322     1     1 I KERNEL  : [ 6596.604050] init: Starting service 'updater-daemon'...
01-30 17:37:30.1342     1     1 I KERNEL  : [ 6596.624847] init: Service 'updater-daemon' (pid 15272) exited with status 127
01-30 17:37:30.1342     1     1 I KERNEL  : [ 6596.624928] init: Service 'updater-daemon' (pid 15272) killing any children in process group
01-30 17:37:31.913   726   726 D VM_BMS  : wake_lock acquired
01-30 17:37:31.913   726   726 D VM_BMS  : New BMS data - Size=56
01-30 17:37:31.913   726   726 D VM_BMS  : Start process_bms_data
01-30 17:37:31.913   726   726 D VM_BMS  : For batt_temp=299 fcc_mah=2075
01-30 17:37:31.913   726   726 D VM_BMS  : For ocv=4136773 batt_temp=299 soc=98
01-30 17:37:31.913   726   726 D VM_BMS  : fifo_count=5 acc_count=0
01-30 17:37:31.913   726   726 D VM_BMS  : INIT: ocv=4136773 last_ocv=4136773 batt_temp=299 soc=98
01-30 17:37:31.913   726   726 D VM_BMS  : For soc=98 batt_temp=299 slope=15400
01-30 17:37:31.913   726   726 D VM_BMS  : For soc=98 batt_temp=299 rbatt_sf=96
01-30 17:37:31.913   726   726 D VM_BMS  : rbatt_mohm_default=138, rbatt_mohm=132, sf=96 batt_temp=299
01-30 17:37:31.913   726   726 D VM_BMS  : For ocv=4137011 batt_temp=299 soc=98
01-30 17:37:31.913   726   726 D VM_BMS  : FIFO=0 fifo_avg=4.160394 rbatt=0.182000 slope=1.540000 ibatt=-0.129131 ocv=4.137012 soc=98 fcc_ah=2.075000 sample_count=128 sample_interval=70 seq_num=136
01-30 17:37:31.913   726   726 D VM_BMS  : For soc=98 batt_temp=299 slope=15400
01-30 17:37:31.913   726   726 D VM_BMS  : For soc=98 batt_temp=299 rbatt_sf=96
01-30 17:37:31.913   726   726 D VM_BMS  : rbatt_mohm_default=138, rbatt_mohm=132, sf=96 batt_temp=299
01-30 17:37:31.913   726   726 D VM_BMS  : For ocv=4137259 batt_temp=299 soc=98
01-30 17:37:31.913   726   726 D VM_BMS  : FIFO=1 fifo_avg=4.161582 rbatt=0.182000 slope=1.540000 ibatt=-0.134324 ocv=4.137259 soc=98 fcc_ah=2.075000 sample_count=128 sample_interval=70 seq_num=136
01-30 17:37:31.913   726   726 D VM_BMS  : For soc=98 batt_temp=299 slope=15400
01-30 17:37:31.913   726   726 D VM_BMS  : For soc=98 batt_temp=299 rbatt_sf=96
01-30 17:37:31.913   726   726 D VM_BMS  : rbatt_mohm_default=138, rbatt_mohm=132, sf=96 batt_temp=299
01-30 17:37:31.913   726   726 D VM_BMS  : For ocv=4137766 batt_temp=299 soc=98
01-30 17:37:31.913   726   726 D VM_BMS  : FIFO=2 fifo_avg=4.187489 rbatt=0.182000 slope=1.540000 ibatt=-0.274596 ocv=4.137766 soc=98 fcc_ah=2.075000 sample_count=128 sample_interval=70 seq_num=136
01-30 17:37:31.913   726   726 D VM_BMS  : For soc=98 batt_temp=299 slope=15400
01-30 17:37:31.913   726   726 D VM_BMS  : For soc=98 batt_temp=299 rbatt_sf=96
01-30 17:37:31.913   726   726 D VM_BMS  : rbatt_mohm_default=138, rbatt_mohm=132, sf=96 batt_temp=299
01-30 17:37:31.913   726   726 D VM_BMS  : For ocv=4138327 batt_temp=299 soc=98
01-30 17:37:31.913   726   726 D VM_BMS  : FIFO=3 fifo_avg=4.193364 rbatt=0.182000 slope=1.540000 ibatt=-0.303943 ocv=4.138327 soc=98 fcc_ah=2.075000 sample_count=128 sample_interval=70 seq_num=136
01-30 17:37:31.913   726   726 D VM_BMS  : For soc=98 batt_temp=299 slope=15400
01-30 17:37:31.913   726   726 D VM_BMS  : For soc=98 batt_temp=299 rbatt_sf=96
01-30 17:37:31.913   726   726 D VM_BMS  : rbatt_mohm_default=138, rbatt_mohm=132, sf=96 batt_temp=299
01-30 17:37:31.913   726   726 D VM_BMS  : For ocv=4138877 batt_temp=299 soc=98
01-30 17:37:31.913   726   726 D VM_BMS  : FIFO=4 fifo_avg=4.192777 rbatt=0.182000 slope=1.540000 ibatt=-0.297665 ocv=4.138877 soc=98 fcc_ah=2.075000 sample_count=128 sample_interval=70 seq_num=136
01-30 17:37:31.913   726   726 I VM_BMS  : power_supply_update: ocv_uv=4138877 ibatt=-297665 soc=98 seq_num=136
01-30 17:37:31.913   726   726 D VM_BMS  : End process_bms_data
01-30 17:37:31.913   726   726 D VM_BMS  : wake_lock released
01-30 17:37:32.813  5463  5463 D wpa_supplicant: wlan0: Control interface command 'SIGNAL_POLL'
01-30 17:37:32.833  5463  5463 D wpa_supplicant: CTRL-DEBUG: global_ctrl_sock-sendto: sock=11 sndbuf=163840 outq=0 send_len=48
01-30 17:37:33.503  2227  2227 E sdcard  : missing packages.list; retrying
01-30 17:37:33.953   425   558 D ThermalEngine: sensor_wait: case_therm Wait done.
01-30 17:37:33.953   425   558 D ThermalEngine: sensor_monitor: case_therm Reading 32000 .
01-30 17:37:33.953   425   558 I ThermalEngine: Sensor:case_therm:32000 mC
01-30 17:37:33.953   425   558 D ThermalEngine: update_active_thresh: case_therm Active(1), Hi(1) 40000, Lo(0) -2147483648, Interval(1) 5000
01-30 17:37:33.953   425   558 D ThermalEngine: sensor_monitor: case_therm Sensor wait.
01-30 17:37:33.953   425   558 D ThermalEngine: sensor_wait: case_therm Wait start. 5000ms
01-30 17:37:35.813  5463  5463 D wpa_supplicant: wlan0: Control interface command 'SIGNAL_POLL'
01-30 17:37:35.843  5463  5463 D wpa_supplicant: CTRL-DEBUG: global_ctrl_sock-sendto: sock=11 sndbuf=163840 outq=0 send_len=48
01-30 17:37:35.943  5463  5463 D wpa_supplicant: wlan0: BSS: Remove id 133 BSSID 02:e1:8c:d0:9a:67 SSID 'DIRECT-gMNDANB00000851msMU' due to wpa_bss_flush_by_age
01-30 17:37:35.943  5463  5463 D wpa_supplicant: CTRL-DEBUG: ctrl_sock-sendmsg: sock=11 sndbuf=163840 outq=0 send_len=44
01-30 17:37:35.943  5463  5463 D wpa_supplicant: CTRL_IFACE monitor sent successfully to /data/misc/wifi/sockets/wpa_ctrl_417-6\x00
01-30 17:37:35.943  5463  5463 D wpa_supplicant: CTRL-DEBUG: ctrl_sock-sendmsg: sock=11 sndbuf=163840 outq=448 send_len=44
01-30 17:37:35.943  5463  5463 D wpa_supplicant: CTRL_IFACE monitor sent successfully to /data/misc/wifi/sockets/wpa_ctrl_453-2\x00
01-30 17:37:36.213   453   453 I Gecko   : [BrowserElement] event type: keydown, key: Enter, target: [object HTMLIFrameElement], src: app://launcher.gaiamobile.org/index.html, id: browser0, class: browser
01-30 17:37:36.223   453   453 I GeckoConsole: Content JS LOG: [AppUsage] got an event:  active 
01-30 17:37:36.223   453   453 I GeckoConsole:     at debug (app://system.gaiamobile.org/js/app_usage_metrics.js:141:7)
01-30 17:37:36.243  5027  5027 I Gecko   : [BrowserElement] Pause painting on app://launcher.gaiamobile.org/manifest.webapp
01-30 17:37:36.243  5027  5027 I Gecko   : [BrowserElement] event type: keydown, key: Enter, target: [object HTMLDivElement], class: app focusable
01-30 17:37:36.253   453   453 I Gecko   : XXX FIXME : Dispatch a webapps-launch: undefined
01-30 17:37:35.1349     1     1 I KERNEL  : [ 6601.631409] init: Starting service 'updater-daemon'...
01-30 17:37:36.303 15052 15052 I Gecko   : ######################## extensions.js loaded
01-30 17:37:35.1386     1     1 I KERNEL  : [ 6601.668231] init: Service 'updater-daemon' (pid 15293) exited with status 127
01-30 17:37:35.1386     1     1 I KERNEL  : [ 6601.668307] init: Service 'updater-daemon' (pid 15293) killing any children in process group
01-30 17:37:36.353 15052 15052 W MobiFace: [JavaScript Warning: "Use of nsIFile in content process is deprecated." {file: "jar:file:///system/b2g/omni.ja!/components/DirectoryProvider.js" line: 9}]
01-30 17:37:36.383   408   408 W CameraService: doUserSwitch: Received notification of user switch with no updated user IDs.
01-30 17:37:36.383   453   453 I Gecko   : [BrowserElement] event type: keyup, key: Enter, target: [object HTMLIFrameElement], src: app://launcher.gaiamobile.org/index.html, id: browser0, class: browser
01-30 17:37:36.403  5027  5027 I Gecko   : [BrowserElement] event type: keyup, key: Enter, target: [object HTMLDivElement], class: app focusable
01-30 17:37:36.453   408   408 I CameraService: CameraService::connect call (PID 15052 "gonk.camera", camera ID 0) for HAL version default and Camera API version 1
01-30 17:37:36.453   408   408 I CameraService: onTorchStatusChangedLocked: Torch status changed for cameraId=0, newStatus=0
01-30 17:37:36.453   408   408 W AudioFlinger: acquireAudioSessionId() unknown client 15052 for session 44
01-30 17:37:36.463   408 15303 E FileSource: Failed to open file '/system/media/audio/ui/camera_click.ogg'. (No such file or directory)
01-30 17:37:36.463   408 15303 E GenericSource: Failed to create data source!
01-30 17:37:36.463   408 15301 D NuPlayerDriver: notifyListener_l(0xb8c25170), (100, 1, -2147483648)
01-30 17:37:36.463   408 15301 E MediaPlayer: error (1, -2147483648)
01-30 17:37:36.463   408   408 W AudioFlinger: acquireAudioSessionId() unknown client 15052 for session 45
01-30 17:37:36.463   408 15305 E FileSource: Failed to open file '/system/media/audio/ui/VideoRecord.ogg'. (No such file or directory)
01-30 17:37:36.463   408 15305 E GenericSource: Failed to create data source!
01-30 17:37:36.463   408 15304 D NuPlayerDriver: notifyListener_l(0xb8c1e0a0), (100, 1, -2147483648)
01-30 17:37:36.463   408 15304 E MediaPlayer: error (1, -2147483648)
01-30 17:37:36.463   408   408 W AudioFlinger: acquireAudioSessionId() unknown client 15052 for session 46
01-30 17:37:36.463   408 15307 E FileSource: Failed to open file '/system/media/audio/ui/VideoStop.ogg'. (No such file or directory)
01-30 17:37:36.463   408 15307 E GenericSource: Failed to create data source!
01-30 17:37:36.463   408 15306 D NuPlayerDriver: notifyListener_l(0xb8bf8738), (100, 1, -2147483648)
01-30 17:37:36.463   408 15306 E MediaPlayer: error (1, -2147483648)
01-30 17:37:36.463   408   408 I CameraClient: Opening camera 0
01-30 17:37:36.463   408   408 I QCamera2HWI: static void qcamera::QCamera2HardwareInterface::getLogLevel() gCamHalLogLevel=1
01-30 17:37:36.463   408   408 D QCamera2HWI: [KPI Perf] int qcamera::QCamera2HardwareInterface::openCamera(hw_device_t**): E PROFILE_OPEN_CAMERA camera id 0
01-30 17:37:36.463   408   408 E mm-camera-intf: mm_camera_open: dev name = /dev/video1, cam_idx = 1
01-30 17:37:35.1521   408   408 I KERNEL  : 
01-30 17:37:35.1521   408   408 I KERNEL  : [ 6601.803703] msm_pm_qos_update_request: update request 100
01-30 17:37:36.473   492   492 E mm-camera: isp_util_gen_hws_caps: integrating kernel vfe is pending
01-30 17:37:35.1524   492   492 I KERNEL  : [ 6601.806509] msm_isp_close_node: halt timeout rc=0
01-30 17:37:36.473   492   492 E mm-camera: isp_tintless_create: using BG stats for tintless!, isp version = 20
01-30 17:37:36.473   492   492 D mm-camera: isp_tintless_open_version: E: 32
01-30 17:37:36.473   492   492 E mm-camera: c2d_module_init:33 name=c2d
01-30 17:37:36.473   492   492 D mm-camera: c2d_module_init:74: info: C2D module_init successful
01-30 17:37:36.473   492   492 E mm-camera-img: module_imglib_create_topology:649] Can not init the module imglib_chroma_flash
01-30 17:37:36.473   492   492 E mm-camera-img: module_imglib_create_topology:649] Can not init the module imglib_optizoom
01-30 17:37:36.473   492   492 E mm-camera-img: module_imglib_create_topology:649] Can not init the module imglib_ubifocus
01-30 17:37:36.473   492   492 E mm-camera-img: module_imglib_create_topology:649] Can not init the module imglib_trueportrait
01-30 17:37:36.473   492   492 E mm-camera-img: module_imglib_create_topology:649] Can not init the module imglib_fssr
01-30 17:37:36.473   492   492 E mm-camera-img: module_imglib_create_topology:649] Can not init the module imglib_multitouchfocus
01-30 17:37:36.483   408 15309 D QCamera2HWI: static void* qcamera::QCamera2HardwareInterface::defferedWorkRoutine(void*): start data proc
01-30 17:37:36.483   408 15308 D QCameraStateMachine: static void* qcamera::QCameraStateMachine::smEvtProcRoutine(void*): E
01-30 17:37:36.483   492   492 E mm-camera-img: frameproc_comp_load:831] Error opening frameproc library libmmcamera_ubifocus_lib.so
01-30 17:37:36.483   492   492 E mm-camera: module_imgbase_init_imglib_refocus:1442] Error rc -6
01-30 17:37:36.483   492   492 E mm-camera-img: module_imglib_create_topology:649] Can not init the module imglib_refocus
01-30 17:37:36.493   492 15310 D mm-camera: mct_pipeline_start_session_thread thread_id is 15310
01-30 17:37:35.1543   492 15310 I KERNEL  : [ 6601.825314] msm_csid_init: CSID_VERSION = 0x30010000
01-30 17:37:36.493   492 15311 D mm-camera: mct_pipeline_start_session_thread thread_id is 15311
01-30 17:37:35.1544   492 15310 I KERNEL  : [ 6601.826971]  msm_csid_init: Failed in getting TOP gdscr regulator handle
01-30 17:37:36.493   492 15312 D mm-camera: mct_pipeline_start_session_thread thread_id is 15312
01-30 17:37:36.503   492 15310 E         : _spsensor_sdcard:593 open file1 error
01-30 17:37:36.503   492 15310 E         : 
01-30 17:37:35.1553   492 15310 I KERNEL  : 
01-30 17:37:35.1553   492 15310 I KERNEL  : [ 6601.836039] ------------[ cut here ]------------
01-30 17:37:35.1554   492 15310 I KERNEL  : [ 6601.836084] WARNING: at /home/mars/workspace/crm/bb/msm8905/LINUX/android/kernel/fs/sysfs/dir.c:530 sysfs_add_one+0x7c/0x9c()
01-30 17:37:35.1554   492 15310 I KERNEL  : [ 6601.836095] sysfs: cannot create duplicate filename '/devices/soc.0/qcom,rpm-smd.37/rpm-regulator-ldoa6.84/regulator-l6.108/regulator/regulator.13/3-0002-cam_vio'
01-30 17:37:35.1554   492 15310 I KERNEL  : [ 6601.836104] Modules linked in:
01-30 17:37:35.1554   492 15310 I KERNEL  :  wlan(O)
01-30 17:37:35.1554   492 15310 I KERNEL  :  core_ctl(PO)
01-30 17:37:35.1554   492 15310 I KERNEL  : 
01-30 17:37:35.1554   492 15310 I KERNEL  : [ 6601.836130] CPU: 0 PID: 15310 Comm: mct_pipe_start Tainted: P        W  O 3.10.49 #1
01-30 17:37:35.1554   492 15310 I KERNEL  : [ 6601.836156] [<c0013460>] (unwind_backtrace+0x0/0xe0) from [<c00111b8>] (show_stack+0x10/0x14)
01-30 17:37:35.1554   492 15310 I KERNEL  : [ 6601.836178] [<c00111b8>] (show_stack+0x10/0x14) from [<c0020ce0>] (warn_slowpath_common+0x4c/0x6c)
01-30 17:37:35.1554   492 15310 I KERNEL  : [ 6601.836197] [<c0020ce0>] (warn_slowpath_common+0x4c/0x6c) from [<c0020d2c>] (warn_slowpath_fmt+0x2c/0x3c)
01-30 17:37:35.1554   492 15310 I KERNEL  : [ 6601.836215] [<c0020d2c>] (warn_slowpath_fmt+0x2c/0x3c) from [<c014ac90>] (sysfs_add_one+0x7c/0x9c)
01-30 17:37:35.1554   492 15310 I KERNEL  : [ 6601.836235] [<c014ac90>] (sysfs_add_one+0x7c/0x9c) from [<c014b574>] (sysfs_do_create_link_sd+0xfc/0x1cc)
01-30 17:37:35.1554   492 15310 I KERNEL  : [ 6601.836256] [<c014b574>] (sysfs_do_create_link_sd+0xfc/0x1cc) from [<c02f4728>] (create_regulator+0xb8/0x210)
01-30 17:37:35.1554   492 15310 I KERNEL  : [ 6601.836277] [<c02f4728>] (create_regulator+0xb8/0x210) from [<c02f4948>] (_regulator_get+0xc8/0x13c)
01-30 17:37:35.1554   492 15310 I KERNEL  : [ 6601.836298] [<c02f4948>] (_regulator_get+0xc8/0x13c) from [<c04dbaf8>] (msm_camera_config_single_vreg+0x74/0x20c)
01-30 17:37:35.1554   492 15310 I KERNEL  : [ 6601.836319] [<c04dbaf8>] (msm_camera_config_single_vreg+0x74/0x20c) from [<c04e044c>] (msm_camera_power_up+0x290/0x5c8)
01-30 17:37:35.1554   492 15310 I KERNEL  : [ 6601.836339] [<c04e044c>] (msm_camera_power_up+0x290/0x5c8) from [<c04ed294>] (msm_sensor_power_up+0x120/0x14c)
01-30 17:37:35.1554   492 15310 I KERNEL  : [ 6601.836357] [<c04ed294>] (msm_sensor_power_up+0x120/0x14c) from [<c04ecdec>] (msm_sensor_config+0x670/0x8cc)
01-30 17:37:35.1554   492 15310 I KERNEL  : [ 6601.836375] [<c04ecdec>] (msm_sensor_config+0x670/0x8cc) from [<c04ec688>] (msm_sensor_subdev_ioctl+0x88/0xfc)
01-30 17:37:35.1554   492 15310 I KERNEL  : [ 6601.836394] [<c04ec688>] (msm_sensor_subdev_ioctl+0x88/0xfc) from [<c04904bc>] (subdev_do_ioctl+0x6c8/0x72c)
01-30 17:37:35.1554   492 15310 I KERNEL  : [ 6601.836413] [<c04904bc>] (subdev_do_ioctl+0x6c8/0x72c) from [<c048980c>] (video_usercopy+0x2b8/0x40c)
01-30 17:37:35.1554   492 15310 I KERNEL  : [ 6601.836433] [<c048980c>] (video_usercopy+0x2b8/0x40c) from [<c04852e8>] (v4l2_ioctl+0x60/0x124)
01-30 17:37:35.1554   492 15310 I KERNEL  : [ 6601.836453] [<c04852e8>] (v4l2_ioctl+0x60/0x124) from [<c010509c>] (vfs_ioctl+0x28/0x3c)
01-30 17:37:35.1554   492 15310 I KERNEL  : [ 6601.836472] [<c010509c>] (vfs_ioctl+0x28/0x3c) from [<c0105b18>] (do_vfs_ioctl+0x4c0/0x570)
01-30 17:37:35.1554   492 15310 I KERNEL  : [ 6601.836490] [<c0105b18>] (do_vfs_ioctl+0x4c0/0x570) from [<c0105c14>] (SyS_ioctl+0x4c/0x78)
01-30 17:37:35.1554   492 15310 I KERNEL  : [ 6601.836509] [<c0105c14>] (SyS_ioctl+0x4c/0x78) from [<c000d7a0>] (ret_fast_syscall+0x0/0x30)
01-30 17:37:35.1554   492 15310 I KERNEL  : [ 6601.836519] ---[ end trace da227214a82491d9 ]---
01-30 17:37:35.1554   492 15310 I KERNEL  : [ 6601.836535] pm8909_l6: could not add device link 3-0002 err -17
01-30 17:37:35.1554   492 15310 I KERNEL  : [ 6601.836554] pm8909_l6: Failed to create debugfs directory
01-30 17:37:36.503  2227  2227 E sdcard  : missing packages.list; retrying
01-30 17:37:36.503   492 15312 D mm-camera: isp_tintless_open: E: b6e4ff85
01-30 17:37:36.503   492 15312 E         : dmlroc_get_version
01-30 17:37:36.503   492 15312 E mm-camera: isp_tintless_bg_pca_get_version: lib returned version 2.53 err=0
01-30 17:37:36.513   492 15315 D mm-camera: isp_thread_session_task thread_id is 15315
01-30 17:37:36.513   492 15314 D mm-camera: isp_tintless_main_loop thread_id is 15314
01-30 17:37:36.513   492 15313 D mm-camera: mct_pipeline_start_session_thread thread_id is 15313
01-30 17:37:36.523   492 15313 E mm-camera-CORE: af_init: updated HAF func table
01-30 17:37:36.523   492 15313 D mm-camera: gyro_port_init , Enter 
01-30 17:37:36.523   492 15313 D mm-camera: gyro_port_init , EXIT 
01-30 17:37:36.523   492 15316 D mm-camera: mct_pipeline_start_session_thread thread_id is 15316
01-30 17:37:36.523   492 15316 D mm-camera: c2d_module_start_session:350, info: starting session 1
01-30 17:37:36.523   492 15318 D mm-camera: mct_pipeline_start_session_thread thread_id is 15318
01-30 17:37:36.523   492 15318 E mm-camera-img: module_imglib_start_session:1446 ###Img_Loglevel 0
01-30 17:37:36.523   492 15316 D mm-camera: c2d_module_start_session:428, info: session 1 started.
01-30 17:37:36.523   492 15317 D mm-camera: c2d_thread_func:45: c2d_thread entering the polling loop... thread_id is 15317
01-30 17:37:35.1598   492 15310 I KERNEL  : [ 6601.880672] msm_sensor_config:1321 sensor state 1
01-30 17:37:36.593   492   492 I mm-camera-eztune: vendor/qcom/proprietary/mm-camera/mm-camera2/server-tuning/tuning/eztune_interface.cpp(367): "Create Server : 0xb70f23d8"
01-30 17:37:36.593   492   492 I mm-camera-eztune: vendor/qcom/proprietary/mm-camera/mm-camera2/server-tuning/tuning/eztune_interface.cpp(367): "Create Server : 0xb70f3d08"
01-30 17:37:36.593   492 15324 D mm-camera: mct_controller_thread_run thread_id is 15324
01-30 17:37:36.593   408   408 E mm-camera-intf: mm_camera_open:  opened, break out while loop
01-30 17:37:35.1647   408   408 I KERNEL  : [ 6601.929117] msm_pm_qos_update_request: update request -1
01-30 17:37:36.603   492 15323 I mm-camera-eztune: vendor/qcom/proprietary/mm-camera/mm-camera2/server-tuning/tuning/eztune_interface.cpp(62): "Server: Waiting on new connection...\n"
01-30 17:37:36.603   408   408 D QCamera2HWI: int qcamera::QCamera2HardwareInterface::openCamera(): enable_4k2k is 0
01-30 17:37:36.603   408   408 D mm-jpeg-intf: jpeg_open gMmCameraJpegLogLevel=1
01-30 17:37:36.613   408   408 E qomx_image_core: OMX_Init:94] Complete 2
01-30 17:37:36.613   492 15322 I mm-camera-eztune: vendor/qcom/proprietary/mm-camera/mm-camera2/server-tuning/tuning/eztune_process.cpp(300): "int eztune::ProcessLayer::GetItemBinarySize() Item Binary Size: 0"
01-30 17:37:36.613   492 15322 W mm-camera-eztune: vendor/qcom/proprietary/mm-camera/mm-camera2/server-tuning/tuning/eztune_process.cpp(388): "No dump file present"
01-30 17:37:36.613   408   408 D QCameraHWI_Mem: void qcamera::QCameraMemory::traceLogAllocStart(size_t, int, const char*) : alloc E count=1 size=1048576
01-30 17:37:36.613   408   408 E QCameraHWI_Mem: void qcamera::QCameraMemory::traceLogAllocStart(size_t, int, const char*):HeapMemsize 1048576
01-30 17:37:36.613   408   408 D QCameraHWI_Mem: void qcamera::QCameraMemory::traceLogAllocStart(size_t, int, const char*) : alloc E count=1 size=1048576
01-30 17:37:36.613   408   408 E QCameraHWI_Mem: void qcamera::QCameraMemory::traceLogAllocStart(size_t, int, const char*):Memsize 1048576
01-30 17:37:36.613   408   408 D QCameraHWI_Mem: int qcamera::QCameraMemory::alloc(int, size_t, unsigned int) : No memory pool available and So allocate new buffer
01-30 17:37:36.613   408   408 D QCameraHWI_Mem: static int qcamera::QCameraMemory::allocOneBuffer(qcamera::QCameraMemory::QCameraMemInfo&, unsigned int, size_t, bool) : ION buffer 1 with size 1048576 allocated
01-30 17:37:36.613   408   408 D QCameraHWI_Mem:  void qcamera::QCameraMemory::traceLogAllocEnd(size_t) : X
01-30 17:37:36.613   408   408 E QCameraHWI_Mem: void qcamera::QCameraMemory::traceLogAllocEnd(size_t) 1048576
01-30 17:37:36.613   408   408 D QCameraHWI_Mem:  void qcamera::QCameraMemory::traceLogAllocEnd(size_t) : X
01-30 17:37:36.623   408   408 E QCameraHWI_Mem: void qcamera::QCameraMemory::traceLogAllocEnd(size_t) 1048576
01-30 17:37:36.623   408   408 D QCameraParameters: int32_t qcamera::QCameraParameters::initDefaultParameters(): supported preview sizes: 1280x960,1280x720,864x480,800x480,768x432,720x480,640x480,480x640,576x432,480x360,384x288,352x288,320x240,240x320,240x160,176x144,144x176,160x120
01-30 17:37:36.623   408   408 D QCameraParameters: int32_t qcamera::QCameraParameters::initDefaultParameters(): supported video sizes: 1280x960,1280x720,864x480,800x480,720x480,640x480,480x640,480x360,352x288,320x240,240x320,176x144,144x176,160x120
01-30 17:37:36.623   408   408 D QCameraParameters: int32_t qcamera::QCameraParameters::initDefaultParameters(): supported pic sizes: 1600x1200,1280x960,1280x768,1280x720,1024x768,800x600,800x480,720x480,640x480,352x288,320x240,176x144,160x120
01-30 17:37:36.623   408   408 D QCameraParameters: int32_t qcamera::QCameraParameters::initDefaultParameters(): supported fps ranges: (15000,15000),(24000,24000),(7500,30000),(30000,30000)
01-30 17:37:36.623   408   408 D QCameraParameters: int32_t qcamera::QCameraParameters::setPreviewFpsRange(int, int, int, int): Updated: minFps = 7500, maxFps = 30000 , vid minFps = 7500, vid maxFps = 30000
01-30 17:37:36.623   408   408 D QCamera2HWI: int qcamera::QCamera2HardwareInterface::calcThermalLevel(qcamera::qcamera_thermal_level_enum_t, int, int, cam_fps_range_t&, msm_vfe_frame_skip_pattern&): level: 0, preview minfps 7500.000000, preview maxfpS 30000.000000, video minfps 7500.000000, video maxfpS 30000.000000
01-30 17:37:36.623   408   408 D QCamera2HWI: int qcamera::QCamera2HardwareInterface::calcThermalLevel(qcamera::qcamera_thermal_level_enum_t, int, int, cam_fps_range_t&, msm_vfe_frame_skip_pattern&): Thermal level 0, FPS [7.50,30.00, 7.50,30.00], frameskip 0
01-30 17:37:36.623   408   408 D QCameraParameters: int32_t qcamera::QCameraParameters::setPreviewFpsRange(int, int, int, int): Thermal adjusted Preview fps range 7.50,30.00, 7.50, 30.00
01-30 17:37:36.623   408   408 D QCameraParameters: int32_t qcamera::QCameraParameters::initDefaultParameters(): supported fps rates: 8,9,10,11,12,13,14,15,16,17,18,19,20,21,22,23,24,25,26,27,28,29,30
01-30 17:37:36.623   408   408 D QCameraParameters: int32_t qcamera::QCameraParameters::setFocusMode(const char*): Setting focus mode fixed
01-30 17:37:36.633   408   408 D QCameraParameters: int32_t qcamera::QCameraParameters::setWhiteBalance(const char*): Setting WhiteBalance value auto
01-30 17:37:36.633   408   408 D QCameraParameters: int32_t qcamera::QCameraParameters::setFlash(const char*): Setting Flash value off
01-30 17:37:36.633   408   408 D QCameraParameters: int32_t qcamera::QCameraParameters::setSceneMode(const char*): Setting SceneMode auto
01-30 17:37:36.633   408   408 D QCameraParameters: int32_t qcamera::QCameraParameters::setISOValue(const char*): Setting ISO value auto
01-30 17:37:36.633   408   408 D QCameraParameters: int32_t qcamera::QCameraParameters::initDefaultParameters(), Exposure time min 0.000000 ms, max 0.000000 ms
01-30 17:37:36.633   408   408 D QCameraParameters: int32_t qcamera::QCameraParameters::initDefaultParameters(), ISO min 0, max 0
01-30 17:37:36.633   408   408 D QCameraParameters: int32_t qcamera::QCameraParameters::setAEBracket(const char*), EXP_BRACKETING_OFF
01-30 17:37:36.633   408   408 D QCameraParameters: int32_t qcamera::QCameraParameters::setDISValue(const char*): Setting DIS value disable
01-30 17:37:36.633   408   408 D QCameraParameters: int32_t qcamera::QCameraParameters::initDefaultParameters(): totalram = 425230336, freeram = 83611648 
01-30 17:37:36.643   408   408 D QCameraParameters: int32_t qcamera::QCameraParameters::setLowPowerMode(const char*): Setting normal Power mode
01-30 17:37:36.643   492 15324 D mm-camera: mct_pipeline_process_set:command=800000e
01-30 17:37:36.643   408   408 D QCameraParameters: int32_t qcamera::QCameraParameters::setNumOfSnapshot(): nBurstNum = 1, nExpnum = 1
01-30 17:37:36.643   408   408 I Thermal-Lib: Thermal-Lib-Client: Registraion successful for camera with handle:1
01-30 17:37:36.643   408   408 I Thermal-Lib: Thermal-Lib-Client: Registraion successful for camcorder with handle:2
01-30 17:37:36.643   408 15308 D QCamera2HWI: int qcamera::QCamera2HardwareInterface::enableMsgType(int32_t) (0xc0d) : mMsgEnabled = 0xc0d
01-30 17:37:36.643   425   602 I ThermalEngine: Thermal-Server: Adding thermal event listener on fd 42
01-30 17:37:36.653   408   408 E         : batterystats service unavailable!
01-30 17:37:36.653   408 15331 I Thermal-Lib: Thermal-Lib-Client: Client received msg camera 0
01-30 17:37:36.653   408 15308 D QCamera2HWI: int qcamera::QCamera2HardwareInterface::calcThermalLevel(qcamera::qcamera_thermal_level_enum_t, int, int, cam_fps_range_t&, msm_vfe_frame_skip_pattern&): level: 0, preview minfps 7500.000000, preview maxfpS 30000.000000, video minfps 7500.000000, video maxfpS 30000.000000
01-30 17:37:36.653   408 15308 D QCamera2HWI: int qcamera::QCamera2HardwareInterface::calcThermalLevel(qcamera::qcamera_thermal_level_enum_t, int, int, cam_fps_range_t&, msm_vfe_frame_skip_pattern&): Thermal level 0, FPS [7.50,30.00, 7.50,30.00], frameskip 0
01-30 17:37:36.653   492 15324 D mm-camera: mct_pipeline_process_set:command=800000e
01-30 17:37:36.653 15052 15297 D GonkNativeWindow: setNewFrameCallback
01-30 17:37:36.653   408 15331 I Thermal-Lib: Thermal-Lib-Client: Client received msg camcorder 0
01-30 17:37:36.653   408 15308 D QCamera2HWI: int qcamera::QCamera2HardwareInterface::calcThermalLevel(qcamera::qcamera_thermal_level_enum_t, int, int, cam_fps_range_t&, msm_vfe_frame_skip_pattern&): level: 0, preview minfps 7500.000000, preview maxfpS 30000.000000, video minfps 7500.000000, video maxfpS 30000.000000
01-30 17:37:36.653   408 15308 D QCamera2HWI: int qcamera::QCamera2HardwareInterface::calcThermalLevel(qcamera::qcamera_thermal_level_enum_t, int, int, cam_fps_range_t&, msm_vfe_frame_skip_pattern&): Thermal level 0, FPS [7.50,30.00, 7.50,30.00], frameskip 0
01-30 17:37:36.653   492 15324 D mm-camera: mct_pipeline_process_set:command=800000e
01-30 17:37:36.663   408 15308 D QCameraParameters: int32_t qcamera::QCameraParameters::setPreviewSize(const qcamera::QCameraParameters&): Requested preview size 1280 x 960
01-30 17:37:36.663   408 15308 D QCameraParameters: int32_t qcamera::QCameraParameters::setVideoSize(const qcamera::QCameraParameters&): Requested video size 1280 x 960
01-30 17:37:36.663   408 15308 D QCameraParameters: int32_t qcamera::QCameraParameters::setPictureSize(const qcamera::QCameraParameters&): Requested picture size 160 x 120
01-30 17:37:36.663   408 15308 D QCameraParameters: void qcamera::QCameraParameters::updateViewAngles(): Final horizViewAngle 54.799999, vertViewAngle 42.500000
01-30 17:37:36.663   408 15308 D QCameraParameters: Param m_bNoDisplayMode = 0
01-30 17:37:36.663   408 15308 D QCameraParameters: int32_t qcamera::QCameraParameters::setPreviewFpsRange(const qcamera::QCameraParameters&): FpsRange Values:(7500, 30000)
01-30 17:37:36.663   408 15308 D QCameraParameters: int32_t qcamera::QCameraParameters::setPreviewFpsRange(const qcamera::QCameraParameters&): Requested FpsRange Values:(7500, 30000)
01-30 17:37:36.663   408 15308 D QCameraParameters: HFR mode is OFF
01-30 17:37:36.663   408 15308 D QCameraParameters: int32_t qcamera::QCameraParameters::setFssr(const qcamera::QCameraParameters&): FSSR is not supported
01-30 17:37:36.663   408 15308 D QCameraParameters: int32_t qcamera::QCameraParameters::setMultiTouchFocus(const qcamera::QCameraParameters&): multi-touch focus is not supported
01-30 17:37:36.663   492 15324 D mm-camera: mct_pipeline_process_set:command=800000e
01-30 17:37:36.673   408 15308 D QCameraParameters: int32_t qcamera::QCameraParameters::setNumOfSnapshot(): nBurstNum = 1, nExpnum = 1
01-30 17:37:36.673   408 15308 D QCameraParameters: int32_t qcamera::QCameraParameters::setPreviewSize(const qcamera::QCameraParameters&): Requested preview size 1280 x 960
01-30 17:37:36.673   408 15308 D QCameraParameters: int32_t qcamera::QCameraParameters::setVideoSize(const qcamera::QCameraParameters&): Requested video size 1280 x 960
01-30 17:37:36.673   408 15308 D QCameraParameters: int32_t qcamera::QCameraParameters::setPictureSize(const qcamera::QCameraParameters&): Requested picture size 160 x 120
01-30 17:37:36.673   408 15308 D QCameraParameters: void qcamera::QCameraParameters::updateViewAngles(): Final horizViewAngle 54.799999, vertViewAngle 42.500000
01-30 17:37:36.673   408 15308 D QCameraParameters: Param m_bNoDisplayMode = 0
01-30 17:37:36.673   408 15308 D QCameraParameters: int32_t qcamera::QCameraParameters::setPreviewFpsRange(const qcamera::QCameraParameters&): FpsRange Values:(7500, 30000)
01-30 17:37:36.673   408 15308 D QCameraParameters: int32_t qcamera::QCameraParameters::setPreviewFpsRange(const qcamera::QCameraParameters&): Requested FpsRange Values:(7500, 30000)
01-30 17:37:36.673   408 15308 D QCameraParameters: HFR mode is OFF
01-30 17:37:36.673   408 15308 D QCameraParameters: int32_t qcamera::QCameraParameters::setFssr(const qcamera::QCameraParameters&): FSSR is not supported
01-30 17:37:36.673   408 15308 D QCameraParameters: int32_t qcamera::QCameraParameters::setMultiTouchFocus(const qcamera::QCameraParameters&): multi-touch focus is not supported
01-30 17:37:36.673   492 15324 D mm-camera: mct_pipeline_process_set:command=800000e
01-30 17:37:36.673   408 15308 D QCameraParameters: int32_t qcamera::QCameraParameters::setNumOfSnapshot(): nBurstNum = 1, nExpnum = 1
01-30 17:37:36.753 15052 15068 E linker  : readlink('/proc/self/fd/36') failed: Invalid argument [fd=36]
01-30 17:37:36.753 15052 15068 E linker  : warning: unable to get realpath for the library "/system/lib/hw/gralloc.msm8909.so". Will use given name.
01-30 17:37:36.763 15052 15068 E linker  : readlink('/proc/self/fd/36') failed: Invalid argument [fd=36]
01-30 17:37:36.763 15052 15068 E linker  : warning: unable to get realpath for the library "libmemalloc.so". Will use given name.
01-30 17:37:36.763 15052 15068 E linker  : readlink('/proc/self/fd/36') failed: Invalid argument [fd=36]
01-30 17:37:36.763 15052 15068 E linker  : warning: unable to get realpath for the library "libqdMetaData.so". Will use given name.
01-30 17:37:36.763 15052 15068 E linker  : readlink('/proc/self/fd/36') failed: Invalid argument [fd=36]
01-30 17:37:36.763 15052 15068 E linker  : warning: unable to get realpath for the library "libqdutils.so". Will use given name.
