01-30 17:37:36.763 15052 15068 E linker  : readlink('/proc/self/fd/36') failed: Invalid argument [fd=36]
01-30 17:37:36.763 15052 15068 E linker  : warning: unable to get realpath for the library "libGLESv1_CM.so". Will use given name.
01-30 17:37:36.773 15052 15068 E linker  : readlink('/proc/self/fd/36') failed: Invalid argument [fd=36]
01-30 17:37:36.773 15052 15068 E linker  : warning: unable to get realpath for the library "libqservice.so". Will use given name.
01-30 17:37:36.783   453   453 I FocusManager: << focus() called >>
01-30 17:37:36.783   453   453 I FocusManager:    trying to set focus on, tag: IFRAME, id: browser17, class: browser
01-30 17:37:36.803   453   453 I FocusManager:    current focused element, tag: IFRAME, id: browser0, class: browser
01-30 17:37:36.803   453   453 I FocusManager: <- blur on, tag: IFRAME, id: browser0, class: browser
01-30 17:37:36.803  5027  5027 I FocusManager: <- blur on, tag: DIV, id: , class: app focusable
01-30 17:37:36.803   453   453 I FocusManager: -> focus is now on, tag: IFRAME, id: browser17, class: browser
01-30 17:37:36.823 15052 15052 I FocusManager: * WindowRaised *
01-30 17:37:36.823 15052 15052 I FocusManager: -> focus is now on, NULL, tag: , id: , class: 
01-30 17:37:36.833   453   453 I GeckoConsole: Content JS LOG: [AppUsage] got an event:  appopened 
01-30 17:37:36.833   453   453 I GeckoConsole:     at debug (app://system.gaiamobile.org/js/app_usage_metrics.js:141:7)
01-30 17:37:37.023 15052 15052 W MobiFace: [JavaScript Warning: "Expected color but found '#\30 0bcd452'.  Error in parsing value for 'background-color'.  Declaration dropped." {file: "app://2ec57ac3-eee0-41a3-9d3f-e1b3e29e617f/css/index.css" line: 8 column: 22 source: "    background-color: #00bcd452;"}]
01-30 17:37:37.023 15052 15052 W MobiFace: [JavaScript Warning: "Expected end of value but found ':'.  Error in parsing value for 'display'.  Declaration dropped." {file: "app://2ec57ac3-eee0-41a3-9d3f-e1b3e29e617f/css/index.css" line: 53 column: 19 source: "    display: inline: block;"}]
01-30 17:37:37.253  5027  5027 I FocusManager: << focus() called >>
01-30 17:37:37.253  5027  5027 I FocusManager:    trying to set focus on, tag: DIV, id: , class: app focusable
01-30 17:37:37.253  5027  5027 I FocusManager:    current focused element, NULL, tag: , id: , class: 
01-30 17:37:37.283  5027  5027 I FocusManager: << focus() called >>
01-30 17:37:37.283  5027  5027 I FocusManager:    trying to set focus on, tag: DIV, id: , class: app focusable
01-30 17:37:37.283  5027  5027 I FocusManager:    current focused element, NULL, tag: , id: , class: 
01-30 17:37:37.323 15052 15052 I MobiFace: Content JS LOG: On Load getting called! 
01-30 17:37:37.323 15052 15052 I MobiFace:     at <anonymous> (app://2ec57ac3-eee0-41a3-9d3f-e1b3e29e617f/js/index.js:61:5)
01-30 17:37:37.403 15052 15052 I FocusManager: -> focus is now on, NULL, tag: , id: , class: 
01-30 17:37:37.443 15052 15052 I FocusManager: << focus() called >>
01-30 17:37:37.443 15052 15052 I FocusManager:    trying to set focus on, tag: BUTTON, id: , class: move
01-30 17:37:37.443 15052 15052 I FocusManager:    current focused element, NULL, tag: , id: , class: 
01-30 17:37:37.443 15052 15052 I FocusManager: <- blur on, NULL, tag: , id: , class: 
01-30 17:37:37.443 15052 15052 I FocusManager: -> focus is now on, tag: BUTTON, id: , class: move
01-30 17:37:37.463 15052 15052 W MobiFace: Content JS WARN: NotFoundError 
01-30 17:37:37.463 15052 15052 W MobiFace:     at readFileFromSDCard/request.onerror (app://2ec57ac3-eee0-41a3-9d3f-e1b3e29e617f/js/util.js:92:13)
01-30 17:37:37.463 15052 15052 I MobiFace: Content JS LOG: getLicenseFromServer!!!!!!!!!!!!!!!!!!!!!!!!!!!!!!!!!!! 
01-30 17:37:37.463 15052 15052 I MobiFace:     at checkLicensePresent/request.onerror (app://2ec57ac3-eee0-41a3-9d3f-e1b3e29e617f/js/index.js:187:9)
01-30 17:37:37.483   453   453 I Gecko   : DSF (parent) mtp-watcher-update: mStorageType 'sdcard' mStorageName 'sdcard' mRootDir '' mPath 'Jio/LogsFile.txt' mFile->GetPath '/data/usbmsc_mnt/Jio/LogsFile.txt'
01-30 17:37:37.483   453   453 I MozMtp  : Observe: mtp-watcher-update: file Jio/LogsFile.txt modified
01-30 17:37:37.483   453   453 I Gecko   : DSF (parent) mtp-watcher-update: mStorageType 'sdcard' mStorageName 'sdcard' mRootDir '' mPath 'Jio/LogsFile.txt' mFile->GetPath '/data/usbmsc_mnt/Jio/LogsFile.txt'
01-30 17:37:37.483   453   453 I MozMtp  : Observe: mtp-watcher-update: file Jio/LogsFile.txt modified
01-30 17:37:37.493 15052 15052 I MobiFace: Content JS LOG: File/sdcard/Jio/LogsFile.txt" successfully wrote on the sdcard storage area 
01-30 17:37:37.493 15052 15052 I MobiFace:     at writeFileToSDCard/request.onsuccess (app://2ec57ac3-eee0-41a3-9d3f-e1b3e29e617f/js/util.js:49:9)
01-30 17:37:37.493   453 15338 I MozMtp  : MtpWatcherUpdate: file /data/usbmsc_mnt/Jio/LogsFile.txt modified
01-30 17:37:37.493   453 15338 I MozMtp  : CreateEntryForFileAndNotify: About to call sendObjectAdded Handle 0x00000016 file /data/usbmsc_mnt/Jio
01-30 17:37:37.493   453 15338 I MozMtp  : CreateEntryForFileAndNotify: About to call sendObjectAdded Handle 0x00000017 file /data/usbmsc_mnt/Jio/LogsFile.txt
01-30 17:37:37.493   453 15339 I MozMtp  : MtpWatcherUpdate: file /data/usbmsc_mnt/Jio/LogsFile.txt modified
01-30 17:37:37.493   453 13560 I MozMtp  : getObjectInfo: Handle: 0x00000016 Display:'Jio' Object:'Jio'
01-30 17:37:37.493   453 13560 I MozMtp  : getObjectInfo: aInfo.mDateCreated = 1580386057 entry->mDateCreated = 1580386057
01-30 17:37:37.493   453 13560 I MozMtp  : getObjectInfo: aInfo.mDateModified = 1580386057 entry->mDateModified = 1580386057
01-30 17:37:37.493   453 13560 I MozMtp  : getSupportedObjectProperties: 
01-30 17:37:37.493   453 13560 I MozMtp  : getObjectPropertyValue: Handle: 0x00000016 'Jio' Property: MTP_PROPERTY_OBJECT_SIZE 0x0000dc04
01-30 17:37:37.503   453 13560 I MozMtp  : getObjectInfo: Handle: 0x00000017 Display:'LogsFile.txt' Object:'LogsFile.txt'
01-30 17:37:37.503   453 13560 I MozMtp  : getObjectInfo: aInfo.mDateCreated = 1580386057 entry->mDateCreated = 1580386057
01-30 17:37:37.503   453 13560 I MozMtp  : getObjectInfo: aInfo.mDateModified = 1580386057 entry->mDateModified = 1580386057
01-30 17:37:37.503   453 13560 I MozMtp  : getSupportedObjectProperties: 
01-30 17:37:37.503   453 13560 I MozMtp  : getObjectPropertyValue: Handle: 0x00000017 'LogsFile.txt' Property: MTP_PROPERTY_OBJECT_SIZE 0x0000dc04
01-30 17:37:37.503   453 13560 I MozMtp  : getSupportedObjectProperties: 
01-30 17:37:37.503   453 13560 I MozMtp  : getObjectPropertyValue: Handle: 0x00000016 'Jio' Property: MTP_PROPERTY_OBJECT_SIZE 0x0000dc04
01-30 17:37:37.503 15052 15052 I MobiFace: Content JS LOG: deviceID!!!!!!!!!!!!!!!!!!!!!!!!!!!!!!!!!!!ee473cb24e6c3af9 
01-30 17:37:37.503 15052 15052 I MobiFace:     at getLicenseFromServer/req_device.onsuccess (app://2ec57ac3-eee0-41a3-9d3f-e1b3e29e617f/js/index.js:141:9)
01-30 17:37:37.613   492 15322 E mm-camera-eztune: vendor/qcom/proprietary/mm-camera/mm-camera2/server-tuning/tuning/eztune_cam_adapter.cpp(667): "mct_stream_t* eztune::get_mct_stream(mct_pipeline_t*, eztune::mct_pipeline_get_stream_info_t*): no children"
01-30 17:37:37.613   492 15322 W mm-camera-eztune: vendor/qcom/proprietary/mm-camera/mm-camera2/server-tuning/tuning/eztune_cam_adapter.cpp(719): "Message send ignored as stream or stream state not valid"
01-30 17:37:37.613   492 15322 E mm-camera-eztune: vendor/qcom/proprietary/mm-camera/mm-camera2/server-tuning/tuning/eztune_cam_adapter.cpp(667): "mct_stream_t* eztune::get_mct_stream(mct_pipeline_t*, eztune::mct_pipeline_get_stream_info_t*): no children"
01-30 17:37:37.613   492 15322 W mm-camera-eztune: vendor/qcom/proprietary/mm-camera/mm-camera2/server-tuning/tuning/eztune_cam_adapter.cpp(719): "Message send ignored as stream or stream state not valid"
01-30 17:37:37.613   492 15322 E mm-camera-eztune: vendor/qcom/proprietary/mm-camera/mm-camera2/server-tuning/tuning/eztune_cam_adapter.cpp(667): "mct_stream_t* eztune::get_mct_stream(mct_pipeline_t*, eztune::mct_pipeline_get_stream_info_t*): no children"
01-30 17:37:37.613   492 15322 W mm-camera-eztune: vendor/qcom/proprietary/mm-camera/mm-camera2/server-tuning/tuning/eztune_cam_adapter.cpp(719): "Message send ignored as stream or stream state not valid"
01-30 17:37:37.613   492 15322 E mm-camera-eztune: vendor/qcom/proprietary/mm-camera/mm-camera2/server-tuning/tuning/eztune_cam_adapter.cpp(667): "mct_stream_t* eztune::get_mct_stream(mct_pipeline_t*, eztune::mct_pipeline_get_stream_info_t*): no children"
01-30 17:37:37.613   492 15322 W mm-camera-eztune: vendor/qcom/proprietary/mm-camera/mm-camera2/server-tuning/tuning/eztune_cam_adapter.cpp(719): "Message send ignored as stream or stream state not valid"
01-30 17:37:37.613   492 15322 E mm-camera-eztune: vendor/qcom/proprietary/mm-camera/mm-camera2/server-tuning/tuning/eztune_cam_adapter.cpp(667): "mct_stream_t* eztune::get_mct_stream(mct_pipeline_t*, eztune::mct_pipeline_get_stream_info_t*): no children"
01-30 17:37:37.613   492 15322 W mm-camera-eztune: vendor/qcom/proprietary/mm-camera/mm-camera2/server-tuning/tuning/eztune_cam_adapter.cpp(719): "Message send ignored as stream or stream state not valid"
01-30 17:37:37.613   492 15322 I mm-camera-eztune: vendor/qcom/proprietary/mm-camera/mm-camera2/server-tuning/tuning/eztune_process.cpp(405): "bool eztune::ProcessLayer::Init(eztune_server_t, int):Control Mode Init"
01-30 17:37:37.613   492 15322 I mm-camera-eztune: vendor/qcom/proprietary/mm-camera/mm-camera2/server-tuning/tuning/eztune_interface.cpp(62): "Server: Waiting on new connection...\n"
01-30 17:37:38.093 15052 15052 I MobiFace: Content JS LOG: License Data !!!!!!!!!!!!!!! ARAITVNDX0NPUkUEA8Rg4AEAJbqqvDGwh+zqSbiDg17muDaCFEMEy3dTqQBsdHidhXyr+MW3x5dYYsIRc+afKcac8TnSd/7mC1oomRx6WBzfK0uOy1PS+iSRuKg8EyFCvZGJjFQUlGLyW1VaD6bbwbwkJWriq5fU2p/7DuFga/BqBZ1h7syKR/dUR89UW6EjDQDnDbTPmV3yhCsOdRlqVF6HJRq+rKiJl19aVh8YTo/pMAuXjsvLtMGIow6uRxxXELzw3wI38I1gX3OFcrMhopxe8L2WRidxyN0CEW778e2q88ezTBiB7UnbMxeXetnr8PFRS6x/B35rgMXuymPr1iD7cuoaGhb3PaDeQ+rFNrQ+LQEUDE1TQ19MSVZFTkVTUwQDxGDgAQCfEJ2CeemJNSi+b93W5/RzHsFRsiGBRKUwPIfEAE/f9r/xT+SPt481+M5BJphprWf65gSL5gijXjwQQF6omHW2FHc20ouRfhrQ9zM4ySAPVZq5NmArZl1b2M4RiSeYTDk84J97SAiwggEqayT8iwG8NaQkh7WdmySZx3jf9ZScIdb4t6l+o67xQB64KoNhK5OoztbOmGw7pejIGD9I+ueht3PE1Bw7wZan0myQI+GMQ5Cp9VsW3kM8vBmKN/t4z/rfhSFnAixkAtszv+xTR+bLZHBdOZJFEZko27lLLsqDAnf0tam3ZYaR2KQ1uvGi0Y6C49ZQsiP3nXK6w+sj+Lu8AQ0FVkVSSUYEA8Rg4AEAJxFBABBn+oPXBNIhT+BnC/3dcuamjdZehysg6zkW9wg6jlPuXbK7Ck5bmlpL/lTcJhyDlsGSfQdzLnOQyGIrYNC1fvLeXqRLnQEmKA7hlwZefkkTjhzEPvt+JEhifuJ/NEeMQ8LcbVZIPJLf37POyOrkGbO53D0f1kHNqJPxw4nZis80xWyj3K1IolRbIuaYbbBS3X+Pn56MELnQOxq241JYPmdwLf
01-30 17:37:38.113 15052 15052 W MobiFace: Content JS WARN: NotFoundError 
01-30 17:37:38.113 15052 15052 W MobiFace:     at createLicenseFileOnSDCard/request.onerror (app://2ec57ac3-eee0-41a3-9d3f-e1b3e29e617f/js/util.js:114:13)
01-30 17:37:38.133   453   453 I FocusManager: << focus() called >>
01-30 17:37:38.133   453   453 I FocusManager:    trying to set focus on, tag: DIV, id: , class: content p-ul
01-30 17:37:38.153   453   453 I FocusManager:    current focused element, tag: IFRAME, id: browser17, class: browser
01-30 17:37:38.153   453   453 I FocusManager: <- blur on, tag: IFRAME, id: browser17, class: browser
01-30 17:37:38.153 15052 15052 I FocusManager: <- blur on, tag: BUTTON, id: , class: move
01-30 17:37:38.153   453   453 I FocusManager: -> focus is now on, tag: DIV, id: , class: content p-ul
01-30 17:37:38.213   453   453 I Gecko   : DSF (parent) mtp-watcher-update: mStorageType 'sdcard' mStorageName 'sdcard' mRootDir '' mPath 'Jio/LicenseFile.txt' mFile->GetPath '/data/usbmsc_mnt/Jio/LicenseFile.txt'
01-30 17:37:38.213   453   453 I MozMtp  : Observe: mtp-watcher-update: file Jio/LicenseFile.txt modified
01-30 17:37:38.213   453 15338 I MozMtp  : MtpWatcherUpdate: file /data/usbmsc_mnt/Jio/LicenseFile.txt modified
01-30 17:37:38.213   453 15338 I MozMtp  : CreateEntryForFileAndNotify: About to call sendObjectAdded Handle 0x00000018 file /data/usbmsc_mnt/Jio/LicenseFile.txt
01-30 17:37:38.213   453   453 I Gecko   : DSF (parent) mtp-watcher-update: mStorageType 'sdcard' mStorageName 'sdcard' mRootDir '' mPath 'Jio/LicenseFile.txt' mFile->GetPath '/data/usbmsc_mnt/Jio/LicenseFile.txt'
01-30 17:37:38.213   453   453 I MozMtp  : Observe: mtp-watcher-update: file Jio/LicenseFile.txt modified
01-30 17:37:38.213   453 15339 I MozMtp  : MtpWatcherUpdate: file /data/usbmsc_mnt/Jio/LicenseFile.txt modified
01-30 17:37:38.213   453 13560 I MozMtp  : getObjectInfo: Handle: 0x00000018 Display:'LicenseFile.txt' Object:'LicenseFile.txt'
01-30 17:37:38.213   453 13560 I MozMtp  : getObjectInfo: aInfo.mDateCreated = 1580386058 entry->mDateCreated = 1580386058
01-30 17:37:38.213   453 13560 I MozMtp  : getObjectInfo: aInfo.mDateModified = 1580386058 entry->mDateModified = 1580386058
01-30 17:37:38.213 15052 15052 I MobiFace: Content JS LOG: License File/sdcard/Jio/LicenseFile.txt" successfully wrote on the sdcard storage area 
01-30 17:37:38.213 15052 15052 I MobiFace:     at writeLicenseDataToFile/request.onsuccess (app://2ec57ac3-eee0-41a3-9d3f-e1b3e29e617f/js/util.js:131:9)
01-30 17:37:38.213   453 13560 I MozMtp  : getSupportedObjectProperties: 
01-30 17:37:38.213   453 13560 I MozMtp  : getObjectPropertyValue: Handle: 0x00000018 'LicenseFile.txt' Property: MTP_PROPERTY_OBJECT_SIZE 0x0000dc04
01-30 17:37:38.813  5463  5463 D wpa_supplicant: wlan0: Control interface command 'SIGNAL_POLL'
01-30 17:37:38.833  5463  5463 D wpa_supplicant: CTRL-DEBUG: global_ctrl_sock-sendto: sock=11 sndbuf=163840 outq=0 send_len=48
01-30 17:37:38.953   425   558 D ThermalEngine: sensor_wait: case_therm Wait done.
01-30 17:37:38.953   425   558 D ThermalEngine: sensor_monitor: case_therm Reading 32000 .
01-30 17:37:38.953   425   558 I ThermalEngine: Sensor:case_therm:32000 mC
01-30 17:37:38.953   425   558 D ThermalEngine: update_active_thresh: case_therm Active(1), Hi(1) 40000, Lo(0) -2147483648, Interval(1) 5000
01-30 17:37:38.953   425   558 D ThermalEngine: sensor_monitor: case_therm Sensor wait.
01-30 17:37:38.953   425   558 D ThermalEngine: sensor_wait: case_therm Wait start. 5000ms
01-30 17:37:39.243  5027  5027 I Gecko   : [BrowserElement] Resume painting on app://launcher.gaiamobile.org/manifest.webapp
01-30 17:37:39.503  2227  2227 E sdcard  : missing packages.list; retrying
01-30 17:37:39.863   453   453 I FocusManager: << focus() called >>
01-30 17:37:39.863   453   453 I FocusManager:    trying to set focus on, tag: IFRAME, id: browser17, class: browser
01-30 17:37:39.863   453   453 I FocusManager:    current focused element, tag: DIV, id: , class: content p-ul
01-30 17:37:39.863   453   453 I FocusManager: <- blur on, tag: DIV, id: , class: content p-ul
01-30 17:37:39.873   408 15308 D QCamera2HWI: int qcamera::QCamera2HardwareInterface::disableMsgType(int32_t) (0x10) : mMsgEnabled = 0xc0d
01-30 17:37:39.873   408  1557 D QCamera2HWI: [KPI Perf] static void qcamera::QCamera2HardwareInterface::stop_preview(camera_device*): E PROFILE_STOP_PREVIEW
01-30 17:37:39.873   408 15308 D QCameraStateMachine: int32_t qcamera::QCameraStateMachine::procEvtPreviewStoppedState(qcamera::qcamera_sm_evt_enum_t, void*): already in preview stopped state, do nothing
01-30 17:37:39.873   408  1557 D QCamera2HWI: [KPI Perf] static void qcamera::QCamera2HardwareInterface::stop_preview(camera_device*): X
01-30 17:37:39.873   408 15308 D QCamera2HWI: int qcamera::QCamera2HardwareInterface::disableMsgType(int32_t) (0x10) : mMsgEnabled = 0xc0d
01-30 17:37:39.873   408   408 D QCamera2HWI: [KPI Perf] static void qcamera::QCamera2HardwareInterface::stop_preview(camera_device*): E PROFILE_STOP_PREVIEW
01-30 17:37:39.873   408 15308 D QCameraStateMachine: int32_t qcamera::QCameraStateMachine::procEvtPreviewStoppedState(qcamera::qcamera_sm_evt_enum_t, void*): already in preview stopped state, do nothing
01-30 17:37:39.873   408   408 D QCamera2HWI: [KPI Perf] static void qcamera::QCamera2HardwareInterface::stop_preview(camera_device*): X
01-30 17:37:39.873   408 15308 D QCamera2HWI: int qcamera::QCamera2HardwareInterface::disableMsgType(int32_t) (0xffff) : mMsgEnabled = 0x0
01-30 17:37:39.873   408  1560 D QCamera2HWI: [KPI Perf] static void qcamera::QCamera2HardwareInterface::stop_preview(camera_device*): E PROFILE_STOP_PREVIEW
01-30 17:37:39.873   408 15308 D QCameraStateMachine: int32_t qcamera::QCameraStateMachine::procEvtPreviewStoppedState(qcamera::qcamera_sm_evt_enum_t, void*): already in preview stopped state, do nothing
01-30 17:37:39.873   408  1560 D QCamera2HWI: [KPI Perf] static void qcamera::QCamera2HardwareInterface::stop_preview(camera_device*): X
01-30 17:37:39.873   408  1560 D QCamera2HWI: [KPI Perf] static int qcamera::QCamera2HardwareInterface::cancel_picture(camera_device*): E PROFILE_CANCEL_PICTURE
01-30 17:37:39.873   408 15308 D QCameraStateMachine: int32_t qcamera::QCameraStateMachine::procEvtPreviewStoppedState(qcamera::qcamera_sm_evt_enum_t, void*): No ops for evt(20) in state(0)
01-30 17:37:39.873   408  1560 D QCamera2HWI: [KPI Perf] static int qcamera::QCamera2HardwareInterface::cancel_picture(camera_device*): X
01-30 17:37:39.873   408  1560 I CameraFlashlight: Destroying camera 0
01-30 17:37:39.873   408  1560 D QCamera2HWI: [KPI Perf] static int qcamera::QCamera2HardwareInterface::close_camera_device(hw_device_t*): E
01-30 17:37:39.873   408  1560 D QCamera2HWI: virtual qcamera::QCamera2HardwareInterface::~QCamera2HardwareInterface(): E
01-30 17:37:39.873   408 15309 D QCamera2HWI: static void* qcamera::QCamera2HardwareInterface::defferedWorkRoutine(void*): stop data proc
01-30 17:37:39.873   453   453 I FocusManager: -> focus is now on, tag: IFRAME, id: browser17, class: browser
01-30 17:37:39.873   408 15308 D QCameraStateMachine: static void* qcamera::QCameraStateMachine::smEvtProcRoutine(void*): X
01-30 17:37:39.873   408  1560 D QCamera2HWI: int qcamera::QCamera2HardwareInterface::closeCamera(): E
01-30 17:37:39.883   408  1560 E qomx_image_core: OMX_Deinit:118] Complete
01-30 17:37:39.883   408  1560 E QCameraPostProc: int32_t qcamera::QCameraPostProcessor::deinit(): Jpeg closed, rc = 0, mJpegClientHandle = e00
01-30 17:37:39.883   408  1560 I Thermal-Lib: Thermal-Lib-Client: Unregisteration is successfull for handle:1
01-30 17:37:39.883   425   602 I ThermalEngine: Thermal-Server: removing client on fd 42
01-30 17:37:39.883   408  1560 I Thermal-Lib: Thermal-Lib-Client: Unregisteration is successfull for handle:2
01-30 17:37:39.883   492 15324 D mm-camera: mct_pipeline_process_set:command=800000b
01-30 17:37:39.883   492   492 I mm-camera-eztune: vendor/qcom/proprietary/mm-camera/mm-camera2/server-tuning/tuning/eztune_interface.cpp(381): "Delete Server : 0xb70f23d8"
01-30 17:37:39.883   492 15322 W mm-camera-sensor: vendor/qcom/proprietary/mm-camera/mm-camera2/server-tuning/tuning/mmcam_socket_utils.cpp(318): "Received event from non socket fd"
01-30 17:37:39.883   492 15322 W mm-camera-eztune: vendor/qcom/proprietary/mm-camera/mm-camera2/server-tuning/tuning/eztune_interface.cpp(72): "Stop message. Exiting server thread"
01-30 17:37:39.883   492 15322 E mm-camera-eztune: vendor/qcom/proprietary/mm-camera/mm-camera2/server-tuning/tuning/eztune_cam_adapter.cpp(667): "mct_stream_t* eztune::get_mct_stream(mct_pipeline_t*, eztune::mct_pipeline_get_stream_info_t*): no children"
01-30 17:37:39.883   492 15322 W mm-camera-eztune: vendor/qcom/proprietary/mm-camera/mm-camera2/server-tuning/tuning/eztune_cam_adapter.cpp(719): "Message send ignored as stream or stream state not valid"
01-30 17:37:39.883   492 15322 E mm-camera-eztune: vendor/qcom/proprietary/mm-camera/mm-camera2/server-tuning/tuning/eztune_cam_adapter.cpp(667): "mct_stream_t* eztune::get_mct_stream(mct_pipeline_t*, eztune::mct_pipeline_get_stream_info_t*): no children"
01-30 17:37:39.883   492 15322 W mm-camera-eztune: vendor/qcom/proprietary/mm-camera/mm-camera2/server-tuning/tuning/eztune_cam_adapter.cpp(719): "Message send ignored as stream or stream state not valid"
01-30 17:37:39.883   492 15322 E mm-camera-eztune: vendor/qcom/proprietary/mm-camera/mm-camera2/server-tuning/tuning/eztune_cam_adapter.cpp(667): "mct_stream_t* eztune::get_mct_stream(mct_pipeline_t*, eztune::mct_pipeline_get_stream_info_t*): no children"
01-30 17:37:39.883   492 15322 W mm-camera-eztune: vendor/qcom/proprietary/mm-camera/mm-camera2/server-tuning/tuning/eztune_cam_adapter.cpp(719): "Message send ignored as stream or stream state not valid"
01-30 17:37:39.883   492   492 I mm-camera-eztune: vendor/qcom/proprietary/mm-camera/mm-camera2/server-tuning/tuning/eztune_interface.cpp(381): "Delete Server : 0xb70f3d08"
01-30 17:37:39.883   492 15323 W mm-camera-sensor: vendor/qcom/proprietary/mm-camera/mm-camera2/server-tuning/tuning/mmcam_socket_utils.cpp(318): "Received event from non socket fd"
01-30 17:37:39.883   492 15323 W mm-camera-eztune: vendor/qcom/proprietary/mm-camera/mm-camera2/server-tuning/tuning/eztune_interface.cpp(72): "Stop message. Exiting server thread"
01-30 17:37:39.883   492 15323 E mm-camera-eztune: vendor/qcom/proprietary/mm-camera/mm-camera2/server-tuning/tuning/eztune_process.cpp(445): "Process layer not initialized. just return"
01-30 17:37:39.883   492   492 D mm-camera: mct_pipeline_stop_session - E
01-30 17:37:39.883   408  1560 D QCamera2HWI: int qcamera::QCamera2HardwareInterface::closeCamera(): X
01-30 17:37:39.883   408  1560 D QCamera2HWI: virtual qcamera::QCamera2HardwareInterface::~QCamera2HardwareInterface(): X
01-30 17:37:39.893   408  1560 D QCamera2HWI: [KPI Perf] static int qcamera::QCamera2HardwareInterface::close_camera_device(hw_device_t*): X
01-30 17:37:39.893   408  1560 E         : batterystats service unavailable!
01-30 17:37:39.893   408  1560 I CameraService: onTorchStatusChangedLocked: Torch status changed for cameraId=0, newStatus=1
01-30 17:37:39.893   408  1560 I CameraService: onTorchStatusChangedLocked: Torch status changed for cameraId=0, newStatus=1
01-30 17:37:39.893   408  1560 I CameraService: disconnect: Disconnected client for camera 0 for PID 15052
01-30 17:37:39.893 15052 15052 I FocusManager: * WindowRaised *
01-30 17:37:39.893 15052 15052 I FocusManager: -> focus is now on, tag: BUTTON, id: , class: move
01-30 17:37:39.893   453   453 I Gecko   : [BrowserElement] event type: keydown, key: Enter, target: [object HTMLDivElement], class: content p-ul
01-30 17:37:39.893   492 15348 D mm-camera: mct_pipeline_stop_session_thread thread_id is 15348
01-30 17:37:39.893   492 15348 D mm-camera: mct_pipeline_stop_session_thread: Stop module name: sensor - E
01-30 17:37:39.893   408   408 D NuPlayerDriver: reset(0xb8c25170)
01-30 17:37:39.893   408   408 D NuPlayerDriver: notifyListener_l(0xb8c25170), (8, 0, 0)
01-30 17:37:39.893   408 15301 W AMessage: failed to post message as target looper for handler 0 is gone.
01-30 17:37:39.893   408 15301 D NuPlayerDriver: notifyResetComplete(0xb8c25170)
01-30 17:37:39.893   408   408 D NuPlayerDriver: reset(0xb8c1e0a0)
01-30 17:37:39.893   408   408 D NuPlayerDriver: notifyListener_l(0xb8c1e0a0), (8, 0, 0)
01-30 17:37:39.893   408 15304 W AMessage: failed to post message as target looper for handler 0 is gone.
01-30 17:37:39.893   408 15304 D NuPlayerDriver: notifyResetComplete(0xb8c1e0a0)
01-30 17:37:39.893   408   408 D NuPlayerDriver: reset(0xb8bf8738)
01-30 17:37:39.893   408   408 D NuPlayerDriver: notifyListener_l(0xb8bf8738), (8, 0, 0)
01-30 17:37:39.893   408 15306 W AMessage: failed to post message as target looper for handler 0 is gone.
01-30 17:37:39.893   408 15306 D NuPlayerDriver: notifyResetComplete(0xb8bf8738)
01-30 17:37:39.913   492 15349 D mm-camera: mct_pipeline_stop_session_thread thread_id is 15349
01-30 17:37:39.913   492 15349 D mm-camera: mct_pipeline_stop_session_thread: Stop module name: iface - E
01-30 17:37:39.913   492 15349 D mm-camera: mct_pipeline_stop_session_thread: Stop module name: iface - X
01-30 17:37:39.913   492 15350 D mm-camera: mct_pipeline_stop_session_thread thread_id is 15350
01-30 17:37:39.913   492 15350 D mm-camera: mct_pipeline_stop_session_thread: Stop module name: isp - E
01-30 17:37:39.913   492 15350 E         : dmlroc_deinit
01-30 17:37:39.923   492 15350 D mm-camera: mct_pipeline_stop_session_thread: Stop module name: isp - X
01-30 17:37:39.923   492 15351 D mm-camera: mct_pipeline_stop_session_thread thread_id is 15351
01-30 17:37:39.923   492 15351 D mm-camera: mct_pipeline_stop_session_thread: Stop module name: stats - E
01-30 17:37:39.923   492 15351 D mm-camera: gyro_port_deinit , Enter 
01-30 17:37:39.923   492 15351 D mm-camera: gyro_port_deinit:Deinit Gyro port
01-30 17:37:39.923   492 15351 E mm-camera: gyro_port_deinit: Error in android Deinit
01-30 17:37:39.923   492 15351 D mm-camera: gyro_port_deinit , EXIT 
01-30 17:37:39.923   492 15351 D mm-camera: mct_pipeline_stop_session_thread: Stop module name: stats - X
01-30 17:37:39.923   492 15352 D mm-camera: mct_pipeline_stop_session_thread thread_id is 15352
01-30 17:37:39.923   492 15352 D mm-camera: mct_pipeline_stop_session_thread: Stop module name: pproc - E
01-30 17:37:39.923   492 15352 D mm-camera: c2d_module_stop_session:444, info: stopping session 1 ...
01-30 17:37:39.923   492 15317 D mm-camera: c2d_thread_process_pipe_message:793, C2D_THREAD_MSG_ABORT: c2d_thread exiting..
01-30 17:37:39.933   492 15352 D mm-camera: c2d_module_stop_session:488, info: session 1 stopped.
01-30 17:37:39.933   492 15352 D mm-camera: mct_pipeline_stop_session_thread: Stop module name: pproc - X
01-30 17:37:39.933   492 15353 D mm-camera: mct_pipeline_stop_session_thread thread_id is 15353
01-30 17:37:39.933   492 15348 D mm-camera: mct_pipeline_stop_session_thread: Stop module name: sensor - X
01-30 17:37:39.933   492 15321 E mm-camera: Got some events
01-30 17:37:39.988   492 15348 I KERNEL  : [ 6605.270278] msm_camera_config_single_vreg can't disable cam_vio
01-30 17:37:39.988   492 15348 I KERNEL  : [ 6605.270375] msm_sensor_config:1348 sensor state 0
01-30 17:37:39.953   492   492 E mm-camera: mct_pipeline_stop_session: left modules: 5
01-30 17:37:39.953   492   492 E mm-camera: mct_pipeline_stop_session: left modules: 4
01-30 17:37:39.953   492   492 E mm-camera: mct_pipeline_stop_session: left modules: 3
01-30 17:37:39.953   492   492 E mm-camera: mct_pipeline_stop_session: left modules: 2
01-30 17:37:39.953   492   492 E mm-camera: mct_pipeline_stop_session: left modules: 1
01-30 17:37:39.953   492 15353 D mm-camera: mct_pipeline_stop_session_thread: Stop module name: imglib - E
01-30 17:37:39.953   492 15353 D mm-camera: mct_pipeline_stop_session_thread: Stop module name: imglib - X
01-30 17:37:39.953   492   492 E mm-camera: mct_pipeline_stop_session: left modules: 0
01-30 17:37:39.953   492   492 D mm-camera: mct_pipeline_stop_session - X
01-30 17:37:39.983   453   453 I Gecko   : [BrowserElement] event type: keyup, key: Enter, target: [object HTMLIFrameElement], src: app://2ec57ac3-eee0-41a3-9d3f-e1b3e29e617f/splash.html, id: browser17, class: browser
01-30 17:37:40.003 15052 15052 I Gecko   : [BrowserElement] event type: keyup, key: Enter, target: [object HTMLButtonElement], class: move
