01-30 17:42:48.853 15728 15728 I MobiFace:     at readFileFromSDCard/request.onsuccess (app://2ec57ac3-eee0-41a3-9d3f-e1b3e29e617f/js/util.js:65:9)
01-30 17:42:48.893   453   453 I FocusManager: << focus() called >>
01-30 17:42:48.893   453   453 I FocusManager:    trying to set focus on, tag: DIV, id: , class: content p-ul
01-30 17:42:48.913   453   453 I FocusManager:    current focused element, tag: IFRAME, id: browser20, class: browser
01-30 17:42:48.913   453   453 I FocusManager: <- blur on, tag: IFRAME, id: browser20, class: browser
01-30 17:42:48.913 15728 15728 I FocusManager: <- blur on, NULL, tag: , id: , class: 
01-30 17:42:48.923   453   453 I FocusManager: -> focus is now on, tag: DIV, id: , class: content p-ul
01-30 17:42:48.973 15728 15728 I MobiFace: Content JS LOG: ContentFromSDCard 2020-1-30 17:42:48<br />Request: https://frdevicessit.jio.com:443/token-app/v1/authentication</br><br />2020-1-30 17:42:48<br />Response: OK<br />2020-1-30 17:42:46<br />Request: https://frdevicessit.jio.com:443/bioserver-app/v2/monitor<br /><br /><br /><br /><br /><br /><br /><br /><br /><br /><br /><br /><br /><br /><br /><br /><br /><br /><br /><br /> 
01-30 17:42:48.973 15728 15728 I MobiFace:     at readFileFromSDCard/request.onsuccess/< (app://2ec57ac3-eee0-41a3-9d3f-e1b3e29e617f/js/util.js:69:13)
01-30 17:42:48.983   453   453 I Gecko   : DSF (parent) mtp-watcher-update: mStorageType 'sdcard' mStorageName 'sdcard' mRootDir '' mPath 'Jio/LogsFile.txt' mFile->GetPath '/data/usbmsc_mnt/Jio/LogsFile.txt'
01-30 17:42:48.983   453   453 I MozMtp  : Observe: mtp-watcher-update: file Jio/LogsFile.txt deleted
01-30 17:42:48.983   453   453 I Gecko   : DSF (parent) mtp-watcher-update: mStorageType 'sdcard' mStorageName 'sdcard' mRootDir '' mPath 'Jio/LogsFile.txt' mFile->GetPath '/data/usbmsc_mnt/Jio/LogsFile.txt'
01-30 17:42:48.983   453   453 I MozMtp  : Observe: mtp-watcher-update: file Jio/LogsFile.txt deleted
01-30 17:42:48.983 15728 15728 I MobiFace: Content JS LOG: finalContentToWrite 2020-1-30 17:42:48<br />Request: https://frdevicessit.jio.com:443/bioserver-app/v2/match/images</br><br />2020-1-30 17:42:48<br />Request: https://frdevicessit.jio.com:443/token-app/v1/authentication</br><br />2020-1-30 17:42:48<br />Response: OK<br />2020-1-30 17:42:46<br />Request: https://frdevicessit.jio.com:443/bioserver-app/v2/monitor<br /><br /><br /><br /><br /><br /><br /><br /><br /><br /><br /><br /><br /><br /><br /><br /><br /><br /><br /><br /><br /> 
01-30 17:42:48.983 15728 15728 I MobiFace:     at readFileFromSDCard/request.onsuccess/< (app://2ec57ac3-eee0-41a3-9d3f-e1b3e29e617f/js/util.js:84:17)
01-30 17:42:48.983   453 17264 I MozMtp  : MtpWatcherUpdate: file /data/usbmsc_mnt/Jio/LogsFile.txt deleted
01-30 17:42:48.983   453 17264 I MozMtp  : MtpWatcherUpdate: About to call sendObjectRemoved Handle 0x00000035 file /data/usbmsc_mnt/Jio/LogsFile.txt
01-30 17:42:48.983   453 17265 I MozMtp  : MtpWatcherUpdate: file /data/usbmsc_mnt/Jio/LogsFile.txt deleted
01-30 17:42:48.993   453   453 I Gecko   : DSF (parent) mtp-watcher-update: mStorageType 'sdcard' mStorageName 'sdcard' mRootDir '' mPath 'Jio/LogsFile.txt' mFile->GetPath '/data/usbmsc_mnt/Jio/LogsFile.txt'
01-30 17:42:48.993   453   453 I MozMtp  : Observe: mtp-watcher-update: file Jio/LogsFile.txt modified
01-30 17:42:48.993   453 17264 I MozMtp  : MtpWatcherUpdate: file /data/usbmsc_mnt/Jio/LogsFile.txt modified
01-30 17:42:48.993   453   453 I Gecko   : DSF (parent) mtp-watcher-update: mStorageType 'sdcard' mStorageName 'sdcard' mRootDir '' mPath 'Jio/LogsFile.txt' mFile->GetPath '/data/usbmsc_mnt/Jio/LogsFile.txt'
01-30 17:42:48.993   453 17264 I MozMtp  : CreateEntryForFileAndNotify: About to call sendObjectAdded Handle 0x00000036 file /data/usbmsc_mnt/Jio/LogsFile.txt
01-30 17:42:48.993   453   453 I MozMtp  : Observe: mtp-watcher-update: file Jio/LogsFile.txt modified
01-30 17:42:48.993   453 17265 I MozMtp  : MtpWatcherUpdate: file /data/usbmsc_mnt/Jio/LogsFile.txt modified
01-30 17:42:48.993   453 13560 I MozMtp  : getObjectInfo: Handle: 0x00000036 Display:'LogsFile.txt' Object:'LogsFile.txt'
01-30 17:42:48.993   453 13560 I MozMtp  : getObjectInfo: aInfo.mDateCreated = 1580386368 entry->mDateCreated = 1580386368
01-30 17:42:48.993   453 13560 I MozMtp  : getObjectInfo: aInfo.mDateModified = 1580386368 entry->mDateModified = 1580386368
01-30 17:42:48.993   453 13560 I MozMtp  : getSupportedObjectProperties: 
01-30 17:42:48.993   453 13560 I MozMtp  : getObjectPropertyValue: Handle: 0x00000036 'LogsFile.txt' Property: MTP_PROPERTY_OBJECT_SIZE 0x0000dc04
01-30 17:42:48.993 15728 15728 I MobiFace: Content JS LOG: ContentFromSDCard 2020-1-30 17:42:48<br />Request: https://frdevicessit.jio.com:443/token-app/v1/authentication</br><br />2020-1-30 17:42:48<br />Response: OK<br />2020-1-30 17:42:46<br />Request: https://frdevicessit.jio.com:443/bioserver-app/v2/monitor<br /><br /><br /><br /><br /><br /><br /><br /><br /><br /><br /><br /><br /><br /><br /><br /><br /><br /><br /><br /> 
01-30 17:42:48.993 15728 15728 I MobiFace:     at readFileFromSDCard/request.onsuccess/< (app://2ec57ac3-eee0-41a3-9d3f-e1b3e29e617f/js/util.js:69:13)
01-30 17:42:49.003   453   453 I Gecko   : DSF (parent) mtp-watcher-update: mStorageType 'sdcard' mStorageName 'sdcard' mRootDir '' mPath 'Jio/LogsFile.txt' mFile->GetPath '/data/usbmsc_mnt/Jio/LogsFile.txt'
01-30 17:42:49.003   453   453 I MozMtp  : Observe: mtp-watcher-update: file Jio/LogsFile.txt deleted
01-30 17:42:49.003   453   453 I Gecko   : DSF (parent) mtp-watcher-update: mStorageType 'sdcard' mStorageName 'sdcard' mRootDir '' mPath 'Jio/LogsFile.txt' mFile->GetPath '/data/usbmsc_mnt/Jio/LogsFile.txt'
01-30 17:42:49.003   453 17264 I MozMtp  : MtpWatcherUpdate: file /data/usbmsc_mnt/Jio/LogsFile.txt deleted
01-30 17:42:49.003   453   453 I MozMtp  : Observe: mtp-watcher-update: file Jio/LogsFile.txt deleted
01-30 17:42:49.003   453 17264 I MozMtp  : MtpWatcherUpdate: About to call sendObjectRemoved Handle 0x00000036 file /data/usbmsc_mnt/Jio/LogsFile.txt
01-30 17:42:49.003   453 17265 I MozMtp  : MtpWatcherUpdate: file /data/usbmsc_mnt/Jio/LogsFile.txt deleted
01-30 17:42:49.003 15728 15728 I MobiFace: Content JS LOG: finalContentToWrite 2020-1-30 17:42:49<br />Response: Server Down<br />2020-1-30 17:42:48<br />Request: https://frdevicessit.jio.com:443/token-app/v1/authentication</br><br />2020-1-30 17:42:48<br />Response: OK<br />2020-1-30 17:42:46<br />Request: https://frdevicessit.jio.com:443/bioserver-app/v2/monitor<br /><br /><br /><br /><br /><br /><br /><br /><br /><br /><br /><br /><br /><br /><br /><br /><br /><br /><br /><br /><br /> 
01-30 17:42:49.003 15728 15728 I MobiFace:     at readFileFromSDCard/request.onsuccess/< (app://2ec57ac3-eee0-41a3-9d3f-e1b3e29e617f/js/util.js:84:17)
01-30 17:42:49.003   453   453 I Gecko   : DSF (parent) mtp-watcher-update: mStorageType 'sdcard' mStorageName 'sdcard' mRootDir '' mPath 'Jio/LogsFile.txt' mFile->GetPath '/data/usbmsc_mnt/Jio/LogsFile.txt'
01-30 17:42:49.003   453   453 I MozMtp  : Observe: mtp-watcher-update: file Jio/LogsFile.txt modified
01-30 17:42:49.003   453   453 I Gecko   : DSF (parent) mtp-watcher-update: mStorageType 'sdcard' mStorageName 'sdcard' mRootDir '' mPath 'Jio/LogsFile.txt' mFile->GetPath '/data/usbmsc_mnt/Jio/LogsFile.txt'
01-30 17:42:49.003   453 17264 I MozMtp  : MtpWatcherUpdate: file /data/usbmsc_mnt/Jio/LogsFile.txt modified
01-30 17:42:49.003   453   453 I MozMtp  : Observe: mtp-watcher-update: file Jio/LogsFile.txt modified
01-30 17:42:49.003   453 17264 I MozMtp  : CreateEntryForFileAndNotify: About to call sendObjectAdded Handle 0x00000037 file /data/usbmsc_mnt/Jio/LogsFile.txt
01-30 17:42:49.003   453 17265 I MozMtp  : MtpWatcherUpdate: file /data/usbmsc_mnt/Jio/LogsFile.txt modified
01-30 17:42:49.003   453 13560 I MozMtp  : getObjectInfo: Handle: 0x00000037 Display:'LogsFile.txt' Object:'LogsFile.txt'
01-30 17:42:49.003   453 13560 I MozMtp  : getObjectInfo: aInfo.mDateCreated = 1580386369 entry->mDateCreated = 1580386369
01-30 17:42:49.003   453 13560 I MozMtp  : getObjectInfo: aInfo.mDateModified = 1580386369 entry->mDateModified = 1580386369
01-30 17:42:49.003   453 13560 I MozMtp  : getSupportedObjectProperties: 
01-30 17:42:49.003 15728 15728 I MobiFace: Content JS LOG: File deleted 
01-30 17:42:49.003 15728 15728 I MobiFace:     at deleteFileFromSDCard/request.onsuccess (app://2ec57ac3-eee0-41a3-9d3f-e1b3e29e617f/js/util.js:14:9)
01-30 17:42:49.003   453 13560 I MozMtp  : getObjectPropertyValue: Handle: 0x00000037 'LogsFile.txt' Property: MTP_PROPERTY_OBJECT_SIZE 0x0000dc04
01-30 17:42:49.013 15728 15728 I MobiFace: Content JS LOG: File/sdcard/Jio/LogsFile.txt" successfully wrote on the sdcard storage area 
01-30 17:42:49.013 15728 15728 I MobiFace:     at writeFileToSDCard/request.onsuccess (app://2ec57ac3-eee0-41a3-9d3f-e1b3e29e617f/js/util.js:49:9)
01-30 17:42:49.013 15728 15728 I MobiFace: Content JS LOG: File deleted 
01-30 17:42:49.013 15728 15728 I MobiFace:     at deleteFileFromSDCard/request.onsuccess (app://2ec57ac3-eee0-41a3-9d3f-e1b3e29e617f/js/util.js:14:9)
01-30 17:42:49.013 15728 15728 I MobiFace: Content JS LOG: File/sdcard/Jio/LogsFile.txt" successfully wrote on the sdcard storage area 
01-30 17:42:49.013 15728 15728 I MobiFace:     at writeFileToSDCard/request.onsuccess (app://2ec57ac3-eee0-41a3-9d3f-e1b3e29e617f/js/util.js:49:9)
01-30 17:42:49.063   425   558 D ThermalEngine: sensor_wait: case_therm Wait done.
01-30 17:42:49.063   425   558 D ThermalEngine: sensor_monitor: case_therm Reading 35000 .
01-30 17:42:49.063   425   558 I ThermalEngine: Sensor:case_therm:35000 mC
01-30 17:42:49.063   425   558 D ThermalEngine: update_active_thresh: case_therm Active(1), Hi(1) 40000, Lo(0) -2147483648, Interval(1) 5000
01-30 17:42:49.063   425   558 D ThermalEngine: sensor_monitor: case_therm Sensor wait.
01-30 17:42:49.063   425   558 D ThermalEngine: sensor_wait: case_therm Wait start. 5000ms
01-30 17:42:49.853   453   453 I GeckoConsole: Content JS LOG: [AppUsage] got an event:  idle 
01-30 17:42:49.853   453   453 I GeckoConsole:     at debug (app://system.gaiamobile.org/js/app_usage_metrics.js:141:7)
01-30 17:42:50.543 15728 15728 I MobiFace: Content JS LOG: error TypeError: NetworkError when attempting to fetch resource. 
01-30 17:42:50.543 15728 15728 I MobiFace:     at hitDirectMatchImagesService/< (app://2ec57ac3-eee0-41a3-9d3f-e1b3e29e617f/js/matchresultusingtoken.js:188:13)
01-30 17:42:50.563   453   453 I FocusManager: << focus() called >>
01-30 17:42:50.563   453   453 I FocusManager:    trying to set focus on, tag: IFRAME, id: browser20, class: browser
01-30 17:42:50.563   453   453 I FocusManager:    current focused element, tag: DIV, id: , class: content p-ul
01-30 17:42:50.573   453   453 I FocusManager: <- blur on, tag: DIV, id: , class: content p-ul
01-30 17:42:50.573   453   453 I FocusManager: -> focus is now on, tag: IFRAME, id: browser20, class: browser
01-30 17:42:50.573 15728 15728 I FocusManager: * WindowRaised *
01-30 17:42:50.573 15728 15728 I FocusManager: -> focus is now on, NULL, tag: , id: , class: 
01-30 17:42:50.583   453   453 I Gecko   : [BrowserElement] event type: keydown, key: Enter, target: [object HTMLDivElement], class: content p-ul
01-30 17:42:50.603   453   453 I GeckoConsole: Content JS LOG: [AppUsage] got an event:  active 
01-30 17:42:50.603   453   453 I GeckoConsole:     at debug (app://system.gaiamobile.org/js/app_usage_metrics.js:141:7)
01-30 17:42:50.703   453   453 I Gecko   : [BrowserElement] event type: keyup, key: Enter, target: [object HTMLIFrameElement], src: app://2ec57ac3-eee0-41a3-9d3f-e1b3e29e617f/splash.html, id: browser20, class: browser
01-30 17:42:50.713 15728 15728 I Gecko   : [BrowserElement] event type: keyup, key: Enter, target: [object HTMLBodyElement]
01-30 17:42:51.533  2227  2227 E sdcard  : missing packages.list; retrying
01-30 17:42:50.1692     1     1 I KERNEL  : [ 6916.974348] init: Starting service 'updater-daemon'...
01-30 17:42:51.653  5463  5463 D wpa_supplicant: wlan0: Control interface command 'SIGNAL_POLL'
01-30 17:42:51.721     1     1 I KERNEL  : [ 6917.003777] init: Service 'updater-daemon' (pid 17588) exited with status 127
01-30 17:42:51.721     1     1 I KERNEL  : [ 6917.003855] init: Service 'updater-daemon' (pid 17588) killing any children in process group
01-30 17:42:51.673  5463  5463 D wpa_supplicant: CTRL-DEBUG: global_ctrl_sock-sendto: sock=11 sndbuf=163840 outq=0 send_len=48
