01-30 17:42:19.753   492 17154 E mm-camera-eztune: vendor/qcom/proprietary/mm-camera/mm-camera2/server-tuning/tuning/eztune_cam_adapter.cpp(667): "mct_stream_t* eztune::get_mct_stream(mct_pipeline_t*, eztune::mct_pipeline_get_stream_info_t*): no children"
01-30 17:42:19.753   492 17154 W mm-camera-eztune: vendor/qcom/proprietary/mm-camera/mm-camera2/server-tuning/tuning/eztune_cam_adapter.cpp(719): "Message send ignored as stream or stream state not valid"
01-30 17:42:19.753   408   408 D QCamera2HWI: [KPI Perf] static int qcamera::QCamera2HardwareInterface::close_camera_device(hw_device_t*): X
01-30 17:42:19.753   492 17154 E mm-camera-eztune: vendor/qcom/proprietary/mm-camera/mm-camera2/server-tuning/tuning/eztune_cam_adapter.cpp(667): "mct_stream_t* eztune::get_mct_stream(mct_pipeline_t*, eztune::mct_pipeline_get_stream_info_t*): no children"
01-30 17:42:19.753   492 17154 W mm-camera-eztune: vendor/qcom/proprietary/mm-camera/mm-camera2/server-tuning/tuning/eztune_cam_adapter.cpp(719): "Message send ignored as stream or stream state not valid"
01-30 17:42:19.753   408   408 E         : batterystats service unavailable!
01-30 17:42:19.753   408   408 I CameraService: onTorchStatusChangedLocked: Torch status changed for cameraId=0, newStatus=1
01-30 17:42:19.753   408   408 I CameraService: disconnect: Disconnected client for camera 1 for PID 15728
01-30 17:42:19.753   492   492 I mm-camera-eztune: vendor/qcom/proprietary/mm-camera/mm-camera2/server-tuning/tuning/eztune_interface.cpp(381): "Delete Server : 0xb6fbde08"
01-30 17:42:19.753   492 17155 W mm-camera-sensor: vendor/qcom/proprietary/mm-camera/mm-camera2/server-tuning/tuning/mmcam_socket_utils.cpp(318): "Received event from non socket fd"
01-30 17:42:19.753   492 17155 W mm-camera-eztune: vendor/qcom/proprietary/mm-camera/mm-camera2/server-tuning/tuning/eztune_interface.cpp(72): "Stop message. Exiting server thread"
01-30 17:42:19.753   492 17155 E mm-camera-eztune: vendor/qcom/proprietary/mm-camera/mm-camera2/server-tuning/tuning/eztune_process.cpp(445): "Process layer not initialized. just return"
01-30 17:42:19.753   492   492 D mm-camera: mct_pipeline_stop_session - E
01-30 17:42:19.763   408  1560 D NuPlayerDriver: reset(0xb8c163c0)
01-30 17:42:19.763   408  1560 D NuPlayerDriver: notifyListener_l(0xb8c163c0), (8, 0, 0)
01-30 17:42:19.763   408 17133 W AMessage: failed to post message as target looper for handler 0 is gone.
01-30 17:42:19.763   408 17133 D NuPlayerDriver: notifyResetComplete(0xb8c163c0)
01-30 17:42:19.763   408  1560 D NuPlayerDriver: reset(0xb8c12968)
01-30 17:42:19.763   408  1560 D NuPlayerDriver: notifyListener_l(0xb8c12968), (8, 0, 0)
01-30 17:42:19.763   408 17135 W AMessage: failed to post message as target looper for handler 0 is gone.
01-30 17:42:19.763   408 17135 D NuPlayerDriver: notifyResetComplete(0xb8c12968)
01-30 17:42:19.763   408  1560 D NuPlayerDriver: reset(0xb8c28540)
01-30 17:42:19.763   408  1560 D NuPlayerDriver: notifyListener_l(0xb8c28540), (8, 0, 0)
01-30 17:42:19.763   408 17137 W AMessage: failed to post message as target looper for handler 0 is gone.
01-30 17:42:19.763   408 17137 D NuPlayerDriver: notifyResetComplete(0xb8c28540)
01-30 17:42:19.767   492 17156 I KERNEL  : [ 6885.049342] csi2_src_clk get failed
01-30 17:42:19.773   492 17281 D mm-camera: mct_pipeline_stop_session_thread thread_id is 17281
01-30 17:42:19.773   492 17281 D mm-camera: mct_pipeline_stop_session_thread: Stop module name: sensor - E
01-30 17:42:19.783   492 17282 D mm-camera: mct_pipeline_stop_session_thread thread_id is 17282
01-30 17:42:19.783   492 17282 D mm-camera: mct_pipeline_stop_session_thread: Stop module name: iface - E
01-30 17:42:19.783   492 17282 D mm-camera: mct_pipeline_stop_session_thread: Stop module name: iface - X
01-30 17:42:19.783   492 17283 D mm-camera: mct_pipeline_stop_session_thread thread_id is 17283
01-30 17:42:19.783   492 17283 D mm-camera: mct_pipeline_stop_session_thread: Stop module name: isp - E
01-30 17:42:19.793   492 17283 E         : dmlroc_deinit
01-30 17:42:19.793   492 17284 D mm-camera: mct_pipeline_stop_session_thread thread_id is 17284
01-30 17:42:19.793   492 17283 D mm-camera: mct_pipeline_stop_session_thread: Stop module name: isp - X
01-30 17:42:19.793   492 17284 D mm-camera: mct_pipeline_stop_session_thread: Stop module name: stats - E
01-30 17:42:19.793   492 17281 D mm-camera: mct_pipeline_stop_session_thread: Stop module name: sensor - X
01-30 17:42:19.793   492 17153 E mm-camera: Got some events
01-30 17:42:19.793   492 17284 D mm-camera: gyro_port_deinit , Enter 
01-30 17:42:19.793   492 17284 D mm-camera: gyro_port_deinit:Deinit Gyro port
01-30 17:42:19.793   492 17284 E mm-camera: gyro_port_deinit: Error in android Deinit
01-30 17:42:19.793   492 17284 D mm-camera: gyro_port_deinit , EXIT 
01-30 17:42:19.793   492 17284 D mm-camera: mct_pipeline_stop_session_thread: Stop module name: stats - X
01-30 17:42:19.793   492 17285 D mm-camera: mct_pipeline_stop_session_thread thread_id is 17285
01-30 17:42:19.803   492 17285 D mm-camera: mct_pipeline_stop_session_thread: Stop module name: pproc - E
01-30 17:42:19.803   492 17285 D mm-camera: c2d_module_stop_session:444, info: stopping session 2 ...
01-30 17:42:19.803   492 17150 D mm-camera: c2d_thread_process_pipe_message:793, C2D_THREAD_MSG_ABORT: c2d_thread exiting..
01-30 17:42:19.803   492 17285 D mm-camera: c2d_module_stop_session:488, info: session 2 stopped.
01-30 17:42:19.803   492 17285 D mm-camera: mct_pipeline_stop_session_thread: Stop module name: pproc - X
01-30 17:42:19.803   492 17286 D mm-camera: mct_pipeline_stop_session_thread thread_id is 17286
01-30 17:42:19.803   492   492 E mm-camera: mct_pipeline_stop_session: left modules: 5
01-30 17:42:19.803   492   492 E mm-camera: mct_pipeline_stop_session: left modules: 4
01-30 17:42:19.803   492   492 E mm-camera: mct_pipeline_stop_session: left modules: 3
01-30 17:42:19.803   492   492 E mm-camera: mct_pipeline_stop_session: left modules: 2
01-30 17:42:19.803   492   492 E mm-camera: mct_pipeline_stop_session: left modules: 1
01-30 17:42:19.813   492 17286 D mm-camera: mct_pipeline_stop_session_thread: Stop module name: imglib - E
01-30 17:42:19.813   492 17286 D mm-camera: mct_pipeline_stop_session_thread: Stop module name: imglib - X
01-30 17:42:19.813   492   492 E mm-camera: mct_pipeline_stop_session: left modules: 0
01-30 17:42:19.813   492   492 D mm-camera: mct_pipeline_stop_session - X
01-30 17:42:19.838   492 17283 I KERNEL  : [ 6885.120750] msm_isp_close_node: halt timeout rc=0
01-30 17:42:19.844   492 17281 I KERNEL  : [ 6885.126978] msm_camera_config_single_vreg can't disable cam_vio
01-30 17:42:19.844   492 17281 I KERNEL  : [ 6885.127067] msm_sensor_config:1348 sensor state 0
01-30 17:42:19.983 15728 15728 W MobiFace: [JavaScript Warning: "Expected color but found '#\30 0bcd452'.  Error in parsing value for 'background-color'.  Declaration dropped." {file: "app://2ec57ac3-eee0-41a3-9d3f-e1b3e29e617f/css/matchresult.css" line: 61 column: 22 source: "    background-color: #00bcd452;"}]
01-30 17:42:20.193 15728 15728 I MobiFace: Content JS LOG: On Load getting called for matchresult! 
01-30 17:42:20.193 15728 15728 I MobiFace:     at <anonymous> (app://2ec57ac3-eee0-41a3-9d3f-e1b3e29e617f/js/matchresultusingtoken.js:24:5)
01-30 17:42:20.223 15728 15728 I FocusManager: -> focus is now on, NULL, tag: , id: , class: 
01-30 17:42:20.773   726   726 D VM_BMS  : wake_lock acquired
01-30 17:42:20.773   726   726 D VM_BMS  : New BMS data - Size=56
01-30 17:42:20.773   726   726 D VM_BMS  : Start process_bms_data
01-30 17:42:20.773   726   726 D VM_BMS  : For batt_temp=320 fcc_mah=2075
01-30 17:42:20.773   726   726 D VM_BMS  : For ocv=4148079 batt_temp=320 soc=98
01-30 17:42:20.773   726   726 D VM_BMS  : fifo_count=5 acc_count=0
01-30 17:42:20.773   726   726 D VM_BMS  : INIT: ocv=4148079 last_ocv=4148079 batt_temp=320 soc=98
01-30 17:42:20.773   726   726 D VM_BMS  : For soc=98 batt_temp=320 slope=15400
01-30 17:42:20.773   726   726 D VM_BMS  : For soc=98 batt_temp=320 rbatt_sf=94
01-30 17:42:20.773   726   726 D VM_BMS  : rbatt_mohm_default=138, rbatt_mohm=129, sf=94 batt_temp=320
01-30 17:42:20.773   726   726 D VM_BMS  : For ocv=4148484 batt_temp=320 soc=98
01-30 17:42:20.773   726   726 D VM_BMS  : FIFO=0 fifo_avg=4.187542 rbatt=0.179000 slope=1.540000 ibatt=-0.219332 ocv=4.148484 soc=98 fcc_ah=2.075000 sample_count=128 sample_interval=70 seq_num=142
01-30 17:42:20.773   726   726 D VM_BMS  : For soc=98 batt_temp=320 slope=15400
01-30 17:42:20.773   726   726 D VM_BMS  : For soc=98 batt_temp=320 rbatt_sf=94
01-30 17:42:20.773   726   726 D VM_BMS  : rbatt_mohm_default=138, rbatt_mohm=129, sf=94 batt_temp=320
01-30 17:42:20.773   726   726 D VM_BMS  : For ocv=4148685 batt_temp=320 soc=98
01-30 17:42:20.773   726   726 D VM_BMS  : FIFO=1 fifo_avg=4.168102 rbatt=0.179000 slope=1.540000 ibatt=-0.109033 ocv=4.148685 soc=98 fcc_ah=2.075000 sample_count=128 sample_interval=70 seq_num=142
01-30 17:42:20.773   726   726 D VM_BMS  : For soc=98 batt_temp=320 slope=15400
01-30 17:42:20.773   726   726 D VM_BMS  : For soc=98 batt_temp=320 rbatt_sf=94
01-30 17:42:20.773   726   726 D VM_BMS  : rbatt_mohm_default=138, rbatt_mohm=129, sf=94 batt_temp=320
01-30 17:42:20.773   726   726 D VM_BMS  : For ocv=4148884 batt_temp=320 soc=98
01-30 17:42:20.773   726   726 D VM_BMS  : FIFO=2 fifo_avg=4.168123 rbatt=0.179000 slope=1.540000 ibatt=-0.108034 ocv=4.148885 soc=98 fcc_ah=2.075000 sample_count=128 sample_interval=70 seq_num=142
01-30 17:42:20.773   726   726 D VM_BMS  : For soc=98 batt_temp=320 slope=15400
01-30 17:42:20.773   726   726 D VM_BMS  : For soc=98 batt_temp=320 rbatt_sf=94
01-30 17:42:20.773   726   726 D VM_BMS  : rbatt_mohm_default=138, rbatt_mohm=129, sf=94 batt_temp=320
01-30 17:42:20.773   726   726 D VM_BMS  : For ocv=4149081 batt_temp=320 soc=98
01-30 17:42:20.773   726   726 D VM_BMS  : FIFO=3 fifo_avg=4.168123 rbatt=0.179000 slope=1.540000 ibatt=-0.106928 ocv=4.149081 soc=98 fcc_ah=2.075000 sample_count=128 sample_interval=70 seq_num=142
01-30 17:42:20.773   726   726 D VM_BMS  : For soc=98 batt_temp=320 slope=15400
01-30 17:42:20.773   726   726 D VM_BMS  : For soc=98 batt_temp=320 rbatt_sf=94
01-30 17:42:20.773   726   726 D VM_BMS  : rbatt_mohm_default=138, rbatt_mohm=129, sf=94 batt_temp=320
01-30 17:42:20.773   726   726 D VM_BMS  : For ocv=4149285 batt_temp=320 soc=98
01-30 17:42:20.773   726   726 D VM_BMS  : FIFO=4 fifo_avg=4.168995 rbatt=0.179000 slope=1.540000 ibatt=-0.110679 ocv=4.149286 soc=98 fcc_ah=2.075000 sample_count=128 sample_interval=70 seq_num=142
01-30 17:42:20.773   726   726 I VM_BMS  : power_supply_update: ocv_uv=4149285 ibatt=-110678 soc=98 seq_num=142
01-30 17:42:20.773   726   726 D VM_BMS  : End process_bms_data
01-30 17:42:20.773   726   726 D VM_BMS  : wake_lock released
01-30 17:42:20.1508     1     1 I KERNEL  : [ 6886.790692] init: Starting service 'updater-daemon'...
01-30 17:42:20.1525     1     1 I KERNEL  : [ 6886.807947] init: Service 'updater-daemon' (pid 17298) exited with status 127
01-30 17:42:20.1525     1     1 I KERNEL  : [ 6886.808032] init: Service 'updater-daemon' (pid 17298) killing any children in process group
01-30 17:42:21.533  2227  2227 E sdcard  : missing packages.list; retrying
01-30 17:42:21.623  5463  5463 D wpa_supplicant: wlan0: Control interface command 'SIGNAL_POLL'
01-30 17:42:21.643  5463  5463 D wpa_supplicant: CTRL-DEBUG: global_ctrl_sock-sendto: sock=11 sndbuf=163840 outq=0 send_len=48
01-30 17:42:24.053   425   558 D ThermalEngine: sensor_wait: case_therm Wait done.
01-30 17:42:24.053   425   558 D ThermalEngine: sensor_monitor: case_therm Reading 36000 .
01-30 17:42:24.053   425   558 I ThermalEngine: Sensor:case_therm:36000 mC
01-30 17:42:24.053   425   558 D ThermalEngine: update_active_thresh: case_therm Active(1), Hi(1) 40000, Lo(0) -2147483648, Interval(1) 5000
01-30 17:42:24.053   425   558 D ThermalEngine: sensor_monitor: case_therm Sensor wait.
01-30 17:42:24.053   425   558 D ThermalEngine: sensor_wait: case_therm Wait start. 5000ms
01-30 17:42:24.073   453   453 I Gecko   : [BrowserElement] event type: keydown, key: Backspace, target: [object HTMLIFrameElement], src: app://2ec57ac3-eee0-41a3-9d3f-e1b3e29e617f/splash.html, id: browser20, class: browser
01-30 17:42:24.083 15728 15728 I Gecko   : [BrowserElement] event type: keydown, key: Backspace, target: [object HTMLBodyElement]
01-30 17:42:24.083   453   453 I GeckoConsole: Content JS LOG: [AppUsage] got an event:  active 
01-30 17:42:24.083   453   453 I GeckoConsole:     at debug (app://system.gaiamobile.org/js/app_usage_metrics.js:141:7)
01-30 17:42:24.123 15728 15728 W MobiFace: [JavaScript Warning: "Expected color but found '#\30 0bcd452'.  Error in parsing value for 'background-color'.  Declaration dropped." {file: "app://2ec57ac3-eee0-41a3-9d3f-e1b3e29e617f/css/index.css" line: 8 column: 22 source: "    background-color: #00bcd452;"}]
01-30 17:42:24.123 15728 15728 W MobiFace: [JavaScript Warning: "Expected end of value but found ':'.  Error in parsing value for 'display'.  Declaration dropped." {file: "app://2ec57ac3-eee0-41a3-9d3f-e1b3e29e617f/css/index.css" line: 53 column: 19 source: "    display: inline: block;"}]
01-30 17:42:24.203   453   453 E GeckoConsole: Content JS ERROR: Unexpected hardware key:  backspace-button-release 
01-30 17:42:24.203   453   453 E GeckoConsole:     at HardwareButtonsBaseState.prototype.process (app://system.gaiamobile.org/js/hardware_buttons.js:17:1)
01-30 17:42:24.203   453   453 E GeckoConsole:     at hb_handleEvent (app://system.gaiamobile.org/js/hardware_buttons.js:11:1)
01-30 17:42:24.213   453   453 I Gecko   : [BrowserElement] event type: keyup, key: Backspace, target: [object HTMLIFrameElement], src: app://2ec57ac3-eee0-41a3-9d3f-e1b3e29e617f/splash.html, id: browser20, class: browser
01-30 17:42:24.323 15728 15728 I Gecko   : [BrowserElement] event type: keyup, key: Backspace, target: [object HTMLBodyElement]
01-30 17:42:24.343   453   453 E GeckoConsole: Content JS ERROR: Unexpected hardware key:  backspace-button-release 
01-30 17:42:24.343   453   453 E GeckoConsole:     at HardwareButtonsBaseState.prototype.process (app://system.gaiamobile.org/js/hardware_buttons.js:17:1)
01-30 17:42:24.343   453   453 E GeckoConsole:     at hb_handleEvent (app://system.gaiamobile.org/js/hardware_buttons.js:11:1)
01-30 17:42:24.343 15728 15728 I MobiFace: Content JS LOG: On Load getting called! 
01-30 17:42:24.343 15728 15728 I MobiFace:     at <anonymous> (app://2ec57ac3-eee0-41a3-9d3f-e1b3e29e617f/js/index.js:61:5)
01-30 17:42:24.363 15728 15728 I FocusManager: -> focus is now on, NULL, tag: , id: , class: 
01-30 17:42:24.373 15728 15728 I FocusManager: << focus() called >>
01-30 17:42:24.373 15728 15728 I FocusManager:    trying to set focus on, tag: BUTTON, id: , class: move
01-30 17:42:24.373 15728 15728 I FocusManager:    current focused element, NULL, tag: , id: , class: 
01-30 17:42:24.373 15728 15728 I FocusManager: <- blur on, NULL, tag: , id: , class: 
01-30 17:42:24.373 15728 15728 I FocusManager: -> focus is now on, tag: BUTTON, id: , class: move
01-30 17:42:24.423 15728 15728 I MobiFace: Content JS LOG: File Exists, Reading the File Now /sdcard/Jio/LogsFile.txt 
01-30 17:42:24.423 15728 15728 I MobiFace:     at readFileFromSDCard/request.onsuccess (app://2ec57ac3-eee0-41a3-9d3f-e1b3e29e617f/js/util.js:65:9)
01-30 17:42:24.423 15728 15728 I MobiFace: Content JS LOG: License File Exists, Reading the File Now /sdcard/Jio/LicenseFile.txt 
01-30 17:42:24.423 15728 15728 I MobiFace:     at checkLicensePresent/request.onsuccess (app://2ec57ac3-eee0-41a3-9d3f-e1b3e29e617f/js/index.js:177:9)
01-30 17:42:24.433 15728 15728 I MobiFace: Content JS LOG: ContentFromSDCard <br /><br /><br /><br /><br /><br /><br /><br /><br /><br /><br /><br /><br /><br /> 
01-30 17:42:24.433 15728 15728 I MobiFace:     at readFileFromSDCard/request.onsuccess/< (app://2ec57ac3-eee0-41a3-9d3f-e1b3e29e617f/js/util.js:69:13)
01-30 17:42:24.433   453   453 I Gecko   : DSF (parent) mtp-watcher-update: mStorageType 'sdcard' mStorageName 'sdcard' mRootDir '' mPath 'Jio/LogsFile.txt' mFile->GetPath '/data/usbmsc_mnt/Jio/LogsFile.txt'
01-30 17:42:24.433   453   453 I MozMtp  : Observe: mtp-watcher-update: file Jio/LogsFile.txt deleted
01-30 17:42:24.433   453   453 I Gecko   : DSF (parent) mtp-watcher-update: mStorageType 'sdcard' mStorageName 'sdcard' mRootDir '' mPath 'Jio/LogsFile.txt' mFile->GetPath '/data/usbmsc_mnt/Jio/LogsFile.txt'
01-30 17:42:24.433   453 17264 I MozMtp  : MtpWatcherUpdate: file /data/usbmsc_mnt/Jio/LogsFile.txt deleted
01-30 17:42:24.433   453   453 I MozMtp  : Observe: mtp-watcher-update: file Jio/LogsFile.txt deleted
01-30 17:42:24.433   453 17264 I MozMtp  : MtpWatcherUpdate: About to call sendObjectRemoved Handle 0x0000002a file /data/usbmsc_mnt/Jio/LogsFile.txt
01-30 17:42:24.433   453 17265 I MozMtp  : MtpWatcherUpdate: file /data/usbmsc_mnt/Jio/LogsFile.txt deleted
01-30 17:42:24.433 15728 15728 I MobiFace: Content JS LOG: finalContentToWrite <br /><br /><br /><br /><br /><br /><br /><br /><br /><br /><br /><br /><br /><br /><br /><br /> 
01-30 17:42:24.433 15728 15728 I MobiFace:     at readFileFromSDCard/request.onsuccess/< (app://2ec57ac3-eee0-41a3-9d3f-e1b3e29e617f/js/util.js:84:17)
01-30 17:42:24.443 15728 15728 I MobiFace: Content JS LOG: File deleted 
01-30 17:42:24.443 15728 15728 I MobiFace:     at deleteFileFromSDCard/request.onsuccess (app://2ec57ac3-eee0-41a3-9d3f-e1b3e29e617f/js/util.js:14:9)
01-30 17:42:24.443 15728 15728 I MobiFace: Content JS LOG: LicenseData isARAITVNDX0NPUkUEA8Rg4AEAJbqqvDGwh+zqSbiDg17muDaCFEMEy3dTqQBsdHidhXyr+MW3x5dYYsIRc+afKcac8TnSd/7mC1oomRx6WBzfK0uOy1PS+iSRuKg8EyFCvZGJjFQUlGLyW1VaD6bbwbwkJWriq5fU2p/7DuFga/BqBZ1h7syKR/dUR89UW6EjDQDnDbTPmV3yhCsOdRlqVF6HJRq+rKiJl19aVh8YTo/pMAuXjsvLtMGIow6uRxxXELzw3wI38I1gX3OFcrMhopxe8L2WRidxyN0CEW778e2q88ezTBiB7UnbMxeXetnr8PFRS6x/B35rgMXuymPr1iD7cuoaGhb3PaDeQ+rFNrQ+LQEUDE1TQ19MSVZFTkVTUwQDxGDgAQCfEJ2CeemJNSi+b93W5/RzHsFRsiGBRKUwPIfEAE/f9r/xT+SPt481+M5BJphprWf65gSL5gijXjwQQF6omHW2FHc20ouRfhrQ9zM4ySAPVZq5NmArZl1b2M4RiSeYTDk84J97SAiwggEqayT8iwG8NaQkh7WdmySZx3jf9ZScIdb4t6l+o67xQB64KoNhK5OoztbOmGw7pejIGD9I+ueht3PE1Bw7wZan0myQI+GMQ5Cp9VsW3kM8vBmKN/t4z/rfhSFnAixkAtszv+xTR+bLZHBdOZJFEZko27lLLsqDAnf0tam3ZYaR2KQ1uvGi0Y6C49ZQsiP3nXK6w+sj+Lu8AQ0FVkVSSUYEA8Rg4AEAJxFBABBn+oPXBNIhT+BnC/3dcuamjdZehysg6zkW9wg6jlPuXbK7Ck5bmlpL/lTcJhyDlsGSfQdzLnOQyGIrYNC1fvLeXqRLnQEmKA7hlwZefkkTjhzEPvt+JEhifuJ/NEeMQ8LcbVZIPJLf37POyOrkGbO53D0f1kHNqJPxw4nZis80xWyj3K1IolRbIuaYbbBS3X+Pn56MELnQOxq241JYPmdwLf11Sbu5BlSmJg2bv
01-30 17:42:24.453   453   453 I Gecko   : DSF (parent) mtp-watcher-update: mStorageType 'sdcard' mStorageName 'sdcard' mRootDir '' mPath 'Jio/LogsFile.txt' mFile->GetPath '/data/usbmsc_mnt/Jio/LogsFile.txt'
01-30 17:42:24.453   453   453 I MozMtp  : Observe: mtp-watcher-update: file Jio/LogsFile.txt modified
01-30 17:42:24.453   453 17264 I MozMtp  : MtpWatcherUpdate: file /data/usbmsc_mnt/Jio/LogsFile.txt modified
01-30 17:42:24.453   453   453 I Gecko   : DSF (parent) mtp-watcher-update: mStorageType 'sdcard' mStorageName 'sdcard' mRootDir '' mPath 'Jio/LogsFile.txt' mFile->GetPath '/data/usbmsc_mnt/Jio/LogsFile.txt'
01-30 17:42:24.453   453   453 I MozMtp  : Observe: mtp-watcher-update: file Jio/LogsFile.txt modified
01-30 17:42:24.453   453 17264 I MozMtp  : CreateEntryForFileAndNotify: About to call sendObjectAdded Handle 0x00000031 file /data/usbmsc_mnt/Jio/LogsFile.txt
01-30 17:42:24.453   453 17265 I MozMtp  : MtpWatcherUpdate: file /data/usbmsc_mnt/Jio/LogsFile.txt modified
01-30 17:42:24.453   453 13560 I MozMtp  : getObjectInfo: Handle: 0x00000031 Display:'LogsFile.txt' Object:'LogsFile.txt'
01-30 17:42:24.453   453 13560 I MozMtp  : getObjectInfo: aInfo.mDateCreated = 1580386344 entry->mDateCreated = 1580386344
01-30 17:42:24.453   453 13560 I MozMtp  : getObjectInfo: aInfo.mDateModified = 1580386344 entry->mDateModified = 1580386344
01-30 17:42:24.453   453 13560 I MozMtp  : getSupportedObjectProperties: 
01-30 17:42:24.453 15728 15728 I MobiFace: Content JS LOG: File/sdcard/Jio/LogsFile.txt" successfully wrote on the sdcard storage area 
01-30 17:42:24.453 15728 15728 I MobiFace:     at writeFileToSDCard/request.onsuccess (app://2ec57ac3-eee0-41a3-9d3f-e1b3e29e617f/js/util.js:49:9)
01-30 17:42:24.453   453 13560 I MozMtp  : getObjectPropertyValue: Handle: 0x00000031 'LogsFile.txt' Property: MTP_PROPERTY_OBJECT_SIZE 0x0000dc04
01-30 17:42:24.533  2227  2227 E sdcard  : missing packages.list; retrying
01-30 17:42:24.633  5463  5463 D wpa_supplicant: wlan0: Control interface command 'SIGNAL_POLL'
01-30 17:42:24.663  5463  5463 D wpa_supplicant: CTRL-DEBUG: global_ctrl_sock-sendto: sock=11 sndbuf=163840 outq=0 send_len=48
01-30 17:42:25.1532     1     1 I KERNEL  : [ 6891.814443] init: Starting service 'updater-daemon'...
01-30 17:42:25.1553     1     1 I KERNEL  : [ 6891.835828] init: Service 'updater-daemon' (pid 17317) exited with status 127
01-30 17:42:25.1553     1     1 I KERNEL  : [ 6891.835901] init: Service 'updater-daemon' (pid 17317) killing any children in process group
01-30 17:42:27.533  2227  2227 E sdcard  : missing packages.list; retrying
01-30 17:42:27.643  5463  5463 D wpa_supplicant: wlan0: Control interface command 'SIGNAL_POLL'
01-30 17:42:27.663  5463  5463 D wpa_supplicant: CTRL-DEBUG: global_ctrl_sock-sendto: sock=11 sndbuf=163840 outq=0 send_len=48
01-30 17:42:29.063   425   558 D ThermalEngine: sensor_wait: case_therm Wait done.
01-30 17:42:29.063   425   558 D ThermalEngine: sensor_monitor: case_therm Reading 36000 .
01-30 17:42:29.063   425   558 I ThermalEngine: Sensor:case_therm:36000 mC
01-30 17:42:29.063   425   558 D ThermalEngine: update_active_thresh: case_therm Active(1), Hi(1) 40000, Lo(0) -2147483648, Interval(1) 5000
01-30 17:42:29.063   425   558 D ThermalEngine: sensor_monitor: case_therm Sensor wait.
01-30 17:42:29.063   425   558 D ThermalEngine: sensor_wait: case_therm Wait start. 5000ms
01-30 17:42:29.203   453   453 I GeckoConsole: Content JS LOG: [AppUsage] got an event:  idle 
01-30 17:42:29.203   453   453 I GeckoConsole:     at debug (app://system.gaiamobile.org/js/app_usage_metrics.js:141:7)
01-30 17:42:30.533  2227  2227 E sdcard  : missing packages.list; retrying
01-30 17:42:30.643  5463  5463 D wpa_supplicant: wlan0: Control interface command 'SIGNAL_POLL'
01-30 17:42:30.673  5463  5463 D wpa_supplicant: CTRL-DEBUG: global_ctrl_sock-sendto: sock=11 sndbuf=163840 outq=0 send_len=48
01-30 17:42:30.1560     1     1 I KERNEL  : [ 6896.842322] init: Starting service 'updater-daemon'...
01-30 17:42:30.1578     1     1 I KERNEL  : [ 6896.860257] init: Service 'updater-daemon' (pid 17332) exited with status 127
01-30 17:42:30.1578     1     1 I KERNEL  : [ 6896.860332] init: Service 'updater-daemon' (pid 17332) killing any children in process group
01-30 17:42:33.533  2227  2227 E sdcard  : missing packages.list; retrying
01-30 17:42:33.643  5463  5463 D wpa_supplicant: wlan0: Control interface command 'SIGNAL_POLL'
01-30 17:42:33.673  5463  5463 D wpa_supplicant: CTRL-DEBUG: global_ctrl_sock-sendto: sock=11 sndbuf=163840 outq=0 send_len=48
01-30 17:42:34.063   425   558 D ThermalEngine: sensor_wait: case_therm Wait done.
01-30 17:42:34.063   425   558 D ThermalEngine: sensor_monitor: case_therm Reading 35000 .
01-30 17:42:34.063   425   558 I ThermalEngine: Sensor:case_therm:35000 mC
01-30 17:42:34.063   425   558 D ThermalEngine: update_active_thresh: case_therm Active(1), Hi(1) 40000, Lo(0) -2147483648, Interval(1) 5000
01-30 17:42:34.063   425   558 D ThermalEngine: sensor_monitor: case_therm Sensor wait.
01-30 17:42:34.063   425   558 D ThermalEngine: sensor_wait: case_therm Wait start. 5000ms
01-30 17:42:35.1584     1     1 I KERNEL  : [ 6901.866772] init: Starting service 'updater-daemon'...
01-30 17:42:36.533  2227  2227 E sdcard  : missing packages.list; retrying
01-30 17:42:35.1606     1     1 I KERNEL  : [ 6901.888911] init: Service 'updater-daemon' (pid 17352) exited with status 127
01-30 17:42:35.1606     1     1 I KERNEL  : [ 6901.888986] init: Service 'updater-daemon' (pid 17352) killing any children in process group
01-30 17:42:36.643  5463  5463 D wpa_supplicant: wlan0: Control interface command 'SIGNAL_POLL'
01-30 17:42:36.673  5463  5463 D wpa_supplicant: CTRL-DEBUG: global_ctrl_sock-sendto: sock=11 sndbuf=163840 outq=0 send_len=48
01-30 17:42:37.163   453   453 I Gecko   : [BrowserElement] event type: keydown, key: Enter, target: [object HTMLIFrameElement], src: app://2ec57ac3-eee0-41a3-9d3f-e1b3e29e617f/splash.html, id: browser20, class: browser
01-30 17:42:37.173   453   453 I GeckoConsole: Content JS LOG: [AppUsage] got an event:  active 
01-30 17:42:37.173   453   453 I GeckoConsole:     at debug (app://system.gaiamobile.org/js/app_usage_metrics.js:141:7)
01-30 17:42:37.193 15728 15728 I Gecko   : [BrowserElement] event type: keydown, key: Enter, target: [object HTMLButtonElement], class: move
01-30 17:42:37.223   453   453 I Gecko   : XXX FIXME : Dispatch a mozChromeEvent: activity-choice
01-30 17:42:37.293   453   453 I FocusManager: << focus() called >>
01-30 17:42:37.293   453   453 I FocusManager:    trying to set focus on, tag: DIV, id: , class: option-menu-container
01-30 17:42:37.313   453   453 I FocusManager:    current focused element, tag: IFRAME, id: browser20, class: browser
01-30 17:42:37.313   453   453 I FocusManager: <- blur on, tag: IFRAME, id: browser20, class: browser
01-30 17:42:37.313 15728 15728 I FocusManager: <- blur on, tag: BUTTON, id: , class: move
01-30 17:42:37.313   453   453 I FocusManager: -> focus is now on, tag: DIV, id: , class: option-menu-container
01-30 17:42:37.323   453   453 I FocusManager: << focus() called >>
01-30 17:42:37.323   453   453 I FocusManager:    trying to set focus on, tag: DIV, id: , class: menu-item p-pri
01-30 17:42:37.323   453   453 I FocusManager: Warning: element is not focusable.
01-30 17:42:37.353   453   453 I FocusManager: << focus() called >>
01-30 17:42:37.353   453   453 I FocusManager:    trying to set focus on, tag: DIV, id: , class: option-menu-container
01-30 17:42:37.363   453   453 I FocusManager: Warning: element is already focused.
01-30 17:42:37.383   453   453 I FocusManager: << focus() called >>
01-30 17:42:37.383   453   453 I FocusManager:    trying to set focus on, tag: DIV, id: , class: menu-item p-pri
01-30 17:42:37.383   453   453 I FocusManager:    current focused element, tag: DIV, id: , class: option-menu-container
01-30 17:42:37.383   453   453 I FocusManager: <- blur on, tag: DIV, id: , class: option-menu-container
01-30 17:42:37.383   453   453 I FocusManager: -> focus is now on, tag: DIV, id: , class: menu-item p-pri
01-30 17:42:37.413   453   453 I Gecko   : [BrowserElement] event type: keyup, key: Enter, target: [object HTMLDivElement], class: menu-item p-pri
01-30 17:42:37.683   453   453 I FocusManager: << focus() called >>
01-30 17:42:37.683   453   453 I FocusManager:    trying to set focus on, tag: DIV, id: , class: menu-item p-pri
01-30 17:42:37.683   453   453 I FocusManager:    current focused element, tag: DIV, id: , class: menu-item p-pri
01-30 17:42:37.683   453   453 I FocusManager: <- blur on, tag: DIV, id: , class: menu-item p-pri
01-30 17:42:37.683   453   453 I FocusManager: -> focus is now on, tag: DIV, id: , class: menu-item p-pri
01-30 17:42:37.713   453   453 I Gecko   : [BrowserElement] event type: keydown, key: ArrowDown, target: [object HTMLDivElement], class: menu-item p-pri
01-30 17:42:37.813   453   453 I Gecko   : [BrowserElement] event type: keyup, key: ArrowDown, target: [object HTMLDivElement], class: menu-item p-pri
01-30 17:42:37.993   453   453 I GeckoDump: XXX FIXME : Got a mozContentEvent: activity-choice
01-30 17:42:38.023   453   453 I FocusManager: << focus() called >>
01-30 17:42:38.023   453   453 I FocusManager:    trying to set focus on, tag: IFRAME, id: browser20, class: browser
01-30 17:42:38.033   453   453 I FocusManager:    current focused element, tag: DIV, id: , class: menu-item p-pri
01-30 17:42:38.033   453   453 I FocusManager: <- blur on, tag: DIV, id: , class: menu-item p-pri
01-30 17:42:38.033   453   453 I FocusManager: -> focus is now on, tag: IFRAME, id: browser20, class: browser
01-30 17:42:38.033 15728 15728 I FocusManager: * WindowRaised *
01-30 17:42:38.033 15728 15728 I FocusManager: -> focus is now on, tag: BUTTON, id: , class: move
01-30 17:42:38.063   453   453 I Gecko   : [BrowserElement] event type: keydown, key: Enter, target: [object HTMLDivElement], class: menu-item p-pri
01-30 17:42:38.093   453   453 I WakeLock: Acquire cpu wakelock
01-30 17:42:38.093   453   453 I Gecko   : XXX FIXME : Dispatch a open-app: undefined
01-30 17:42:38.143 17183 17183 I Gecko   : ######################## extensions.js loaded
01-30 17:42:38.163   453   453 I GeckoConsole: Content JS LOG: [AppUsage] got an event:  activitycreated 
01-30 17:42:38.163   453   453 I GeckoConsole:     at debug (app://system.gaiamobile.org/js/app_usage_metrics.js:141:7)
01-30 17:42:38.183 17183 17183 W Gallery : [JavaScript Warning: "Use of nsIFile in content process is deprecated." {file: "jar:file:///system/b2g/omni.ja!/components/DirectoryProvider.js" line: 9}]
01-30 17:42:38.183   453   453 I Gecko   : [BrowserElement] event type: keyup, key: Enter, target: [object HTMLIFrameElement], src: app://2ec57ac3-eee0-41a3-9d3f-e1b3e29e617f/splash.html, id: browser20, class: browser
01-30 17:42:38.193 15728 15728 I Gecko   : [BrowserElement] event type: keyup, key: Enter, target: [object HTMLButtonElement], class: move
01-30 17:42:38.343 17183 17183 W Gallery : [JavaScript Warning: "Error in parsing value for 'float'.  Declaration dropped." {file: "app://gallery.gaiamobile.org/style/gallery_thumbnail.css" line: 30 column: 9 source: "  float: bottom;"}]
01-30 17:42:38.543   453   453 I FocusManager: << focus() called >>
01-30 17:42:38.543   453   453 I FocusManager:    trying to set focus on, tag: IFRAME, id: browser26, class: browser
01-30 17:42:38.563   453   453 I FocusManager:    current focused element, tag: IFRAME, id: browser20, class: browser
01-30 17:42:38.563   453   453 I FocusManager: <- blur on, tag: IFRAME, id: browser20, class: browser
01-30 17:42:38.563   453   453 I FocusManager: -> focus is now on, tag: IFRAME, id: browser26, class: browser
01-30 17:42:38.563 15728 15728 I FocusManager: <- blur on, tag: BUTTON, id: , class: move
01-30 17:42:39.063   425   558 D ThermalEngine: sensor_wait: case_therm Wait done.
01-30 17:42:39.063   425   558 D ThermalEngine: sensor_monitor: case_therm Reading 35000 .
01-30 17:42:39.063   425   558 I ThermalEngine: Sensor:case_therm:35000 mC
01-30 17:42:39.063   425   558 D ThermalEngine: update_active_thresh: case_therm Active(1), Hi(1) 40000, Lo(0) -2147483648, Interval(1) 5000
01-30 17:42:39.063   425   558 D ThermalEngine: sensor_monitor: case_therm Sensor wait.
01-30 17:42:39.063   425   558 D ThermalEngine: sensor_wait: case_therm Wait start. 5000ms
01-30 17:42:39.113 17183 17183 I FocusManager: * WindowRaised *
01-30 17:42:39.113 17183 17183 I FocusManager: -> focus is now on, NULL, tag: , id: , class: 
01-30 17:42:39.143 17183 17183 I Gallery : Content JS LOG: NavigationMap init 
01-30 17:42:39.143 17183 17183 I Gallery :     at window.debug (app://gallery.gaiamobile.org/js/utils.js:3:1)
01-30 17:42:39.203 17183 17183 I Gallery : Content JS LOG: App init 
01-30 17:42:39.203 17183 17183 I Gallery :     at window.debug (app://gallery.gaiamobile.org/js/utils.js:3:1)
01-30 17:42:39.203 17183 17183 I Gallery : Content JS LOG: SoftkeyManager init 
01-30 17:42:39.203 17183 17183 I Gallery :     at window.debug (app://gallery.gaiamobile.org/js/utils.js:3:1)
01-30 17:42:39.213 17183 17183 I Gallery : Content JS LOG: SoftkeyManager init done 
01-30 17:42:39.213 17183 17183 I Gallery :     at window.debug (app://gallery.gaiamobile.org/js/utils.js:3:1)
01-30 17:42:39.213 17183 17183 I Gallery : Content JS LOG: Pick init 
01-30 17:42:39.213 17183 17183 I Gallery :     at window.debug (app://gallery.gaiamobile.org/js/utils.js:3:1)
01-30 17:42:39.223 17183 17183 I Gallery : Content JS LOG: Pick init done 
01-30 17:42:39.223 17183 17183 I Gallery :     at window.debug (app://gallery.gaiamobile.org/js/utils.js:3:1)
01-30 17:42:39.283 17183 17183 I Gallery : Content JS LOG: ViewHelper resetView pickView 
01-30 17:42:39.283 17183 17183 I Gallery :     at window.debug (app://gallery.gaiamobile.org/js/utils.js:3:1)
01-30 17:42:39.313   453   453 I WakeLock: Release cpu wakelock
01-30 17:42:39.313 17183 17213 E linker  : readlink('/proc/self/fd/40') failed: Invalid argument [fd=40]
01-30 17:42:39.313 17183 17213 E linker  : warning: unable to get realpath for the library "/system/lib/hw/gralloc.msm8909.so". Will use given name.
01-30 17:42:39.323 17183 17213 E linker  : readlink('/proc/self/fd/40') failed: Invalid argument [fd=40]
01-30 17:42:39.323 17183 17213 E linker  : warning: unable to get realpath for the library "libmemalloc.so". Will use given name.
01-30 17:42:39.323 17183 17213 E linker  : readlink('/proc/self/fd/40') failed: Invalid argument [fd=40]
01-30 17:42:39.323 17183 17213 E linker  : warning: unable to get realpath for the library "libqdMetaData.so". Will use given name.
01-30 17:42:39.323 17183 17213 E linker  : readlink('/proc/self/fd/40') failed: Invalid argument [fd=40]
01-30 17:42:39.323 17183 17213 E linker  : warning: unable to get realpath for the library "libqdutils.so". Will use given name.
01-30 17:42:39.323 17183 17213 E linker  : readlink('/proc/self/fd/40') failed: Invalid argument [fd=40]
01-30 17:42:39.323 17183 17213 E linker  : warning: unable to get realpath for the library "libGLESv1_CM.so". Will use given name.
01-30 17:42:39.323 17183 17213 E linker  : readlink('/proc/self/fd/40') failed: Invalid argument [fd=40]
01-30 17:42:39.323 17183 17213 E linker  : warning: unable to get realpath for the library "libqservice.so". Will use given name.
01-30 17:42:39.343 17183 17183 I Gallery : Content JS LOG: NavigationMap ## reset ## 2 
01-30 17:42:39.343 17183 17183 I Gallery :     at window.debug (app://gallery.gaiamobile.org/js/utils.js:3:1)
01-30 17:42:39.353 17183 17183 I Gallery : Content JS LOG: SoftkeyManager setSkMenu: pickView 
01-30 17:42:39.353 17183 17183 I Gallery :     at window.debug (app://gallery.gaiamobile.org/js/utils.js:3:1)
01-30 17:42:39.353 17183 17183 I Gallery : Content JS LOG: SoftkeyManager create [object Object],[object Object] 
01-30 17:42:39.353 17183 17183 I Gallery :     at window.debug (app://gallery.gaiamobile.org/js/utils.js:3:1)
01-30 17:42:39.353 17183 17183 I FocusManager: << focus() called >>
01-30 17:42:39.353 17183 17183 I FocusManager:    trying to set focus on, tag: FORM, id: softkeyPanel, class: skbar none-paddings visible focused
01-30 17:42:39.373 17183 17183 I FocusManager: Warning: element is not focusable.
01-30 17:42:39.433 17183 17183 I WakeLock: Acquire screen wakelock
01-30 17:42:39.513 17183 17183 I Gallery : Content JS LOG: NavigationMap ## reset ## 2 
01-30 17:42:39.513 17183 17183 I Gallery :     at window.debug (app://gallery.gaiamobile.org/js/utils.js:3:1)
01-30 17:42:39.523 17183 17183 I FocusManager: << focus() called >>
01-30 17:42:39.523 17183 17183 I FocusManager:    trying to set focus on, tag: DIV, id: , class: thumbnail focus
01-30 17:42:39.523 17183 17183 I FocusManager:    current focused element, NULL, tag: , id: , class: 
01-30 17:42:39.523 17183 17183 I FocusManager: <- blur on, NULL, tag: , id: , class: 
01-30 17:42:39.523 17183 17183 I FocusManager: -> focus is now on, tag: DIV, id: , class: thumbnail focus
01-30 17:42:39.533 17183 17183 I Gallery : Content JS LOG: App setCurrentFileIndexByElement:currentFileIndex: 0 
01-30 17:42:39.533 17183 17183 I Gallery :     at window.debug (app://gallery.gaiamobile.org/js/utils.js:3:1)
01-30 17:42:39.533 17183 17183 I Gallery : Content JS LOG: SoftkeyManager setSkMenu: pickView 
01-30 17:42:39.533 17183 17183 I Gallery :     at window.debug (app://gallery.gaiamobile.org/js/utils.js:3:1)
01-30 17:42:39.533 17183 17183 I Gallery : Content JS LOG: SoftkeyManager create [object Object],[object Object] 
01-30 17:42:39.533 17183 17183 I Gallery :     at window.debug (app://gallery.gaiamobile.org/js/utils.js:3:1)
01-30 17:42:39.533  2227  2227 E sdcard  : missing packages.list; retrying
01-30 17:42:39.533 17183 17183 I FocusManager: << focus() called >>
01-30 17:42:39.533 17183 17183 I FocusManager:    trying to set focus on, tag: FORM, id: softkeyPanel, class: skbar none-paddings visible focused
01-30 17:42:39.543 17183 17183 I FocusManager: Warning: element is not focusable.
01-30 17:42:39.643  5463  5463 D wpa_supplicant: wlan0: Control interface command 'SIGNAL_POLL'
01-30 17:42:39.673  5463  5463 D wpa_supplicant: CTRL-DEBUG: global_ctrl_sock-sendto: sock=11 sndbuf=163840 outq=0 send_len=48
01-30 17:42:39.813 17183 17183 I Gallery : Content JS LOG: updateFocusThumbnail:currentFileIndex:0 
01-30 17:42:39.813 17183 17183 I Gallery :     at window.debug (app://gallery.gaiamobile.org/js/utils.js:3:1)
01-30 17:42:39.893 17183 17183 I Gallery : Content JS LOG: NavigationMap ## reset ## 2 
01-30 17:42:39.893 17183 17183 I Gallery :     at window.debug (app://gallery.gaiamobile.org/js/utils.js:3:1)
01-30 17:42:39.893 17183 17183 I FocusManager: << focus() called >>
01-30 17:42:39.903 17183 17183 I FocusManager:    trying to set focus on, tag: DIV, id: , class: thumbnail focus
01-30 17:42:39.903 17183 17183 I FocusManager:    current focused element, NULL, tag: , id: , class: 
01-30 17:42:39.903 17183 17183 I FocusManager: <- blur on, NULL, tag: , id: , class: 
01-30 17:42:39.903 17183 17183 I FocusManager: -> focus is now on, tag: DIV, id: , class: thumbnail focus
01-30 17:42:39.903 17183 17183 I Gallery : Content JS LOG: App setCurrentFileIndexByElement:currentFileIndex: 11 
01-30 17:42:39.903 17183 17183 I Gallery :     at window.debug (app://gallery.gaiamobile.org/js/utils.js:3:1)
01-30 17:42:39.913 17183 17183 I Gallery : Content JS LOG: SoftkeyManager setSkMenu: pickView 
01-30 17:42:39.913 17183 17183 I Gallery :     at window.debug (app://gallery.gaiamobile.org/js/utils.js:3:1)
01-30 17:42:39.913 17183 17183 I Gallery : Content JS LOG: SoftkeyManager create [object Object],[object Object] 
01-30 17:42:39.913 17183 17183 I Gallery :     at window.debug (app://gallery.gaiamobile.org/js/utils.js:3:1)
01-30 17:42:39.913 17183 17183 I FocusManager: << focus() called >>
01-30 17:42:39.913 17183 17183 I FocusManager:    trying to set focus on, tag: FORM, id: softkeyPanel, class: skbar none-paddings visible focused
01-30 17:42:39.913 17183 17183 I FocusManager: Warning: element is not focusable.
01-30 17:42:39.923 17183 17183 I Gallery : Content JS LOG: NavigationMap ## reset ## 2 
01-30 17:42:39.923 17183 17183 I Gallery :     at window.debug (app://gallery.gaiamobile.org/js/utils.js:3:1)
01-30 17:42:39.933 17183 17183 I FocusManager: << focus() called >>
01-30 17:42:39.933 17183 17183 I FocusManager:    trying to set focus on, tag: DIV, id: , class: thumbnail focus
01-30 17:42:39.933 17183 17183 I FocusManager: Warning: element is already focused.
01-30 17:42:39.933 17183 17183 I Gallery : Content JS LOG: App setCurrentFileIndexByElement:currentFileIndex: 11 
01-30 17:42:39.933 17183 17183 I Gallery :     at window.debug (app://gallery.gaiamobile.org/js/utils.js:3:1)
01-30 17:42:39.943 17183 17183 I Gallery : Content JS LOG: SoftkeyManager setSkMenu: pickView 
01-30 17:42:39.943 17183 17183 I Gallery :     at window.debug (app://gallery.gaiamobile.org/js/utils.js:3:1)
01-30 17:42:39.943 17183 17183 I Gallery : Content JS LOG: SoftkeyManager create [object Object],[object Object] 
01-30 17:42:39.943 17183 17183 I Gallery :     at window.debug (app://gallery.gaiamobile.org/js/utils.js:3:1)
01-30 17:42:39.943 17183 17183 I FocusManager: << focus() called >>
01-30 17:42:39.943 17183 17183 I FocusManager:    trying to set focus on, tag: FORM, id: softkeyPanel, class: skbar none-paddings visible focused
01-30 17:42:39.943 17183 17183 I FocusManager: Warning: element is not focusable.
01-30 17:42:39.993 17183 17183 I WakeLock: Release screen wakelock
01-30 17:42:40.063 17183 17183 I Gallery : Content JS LOG: NavigationMap ## reset ## 2 
01-30 17:42:40.063 17183 17183 I Gallery :     at window.debug (app://gallery.gaiamobile.org/js/utils.js:3:1)
01-30 17:42:40.063 17183 17183 I FocusManager: << focus() called >>
01-30 17:42:40.063 17183 17183 I FocusManager:    trying to set focus on, tag: DIV, id: , class: thumbnail focus
01-30 17:42:40.073 17183 17183 I FocusManager: Warning: element is already focused.
01-30 17:42:40.073 17183 17183 I Gallery : Content JS LOG: App setCurrentFileIndexByElement:currentFileIndex: 11 
01-30 17:42:40.073 17183 17183 I Gallery :     at window.debug (app://gallery.gaiamobile.org/js/utils.js:3:1)
01-30 17:42:40.073 17183 17183 I Gallery : Content JS LOG: SoftkeyManager setSkMenu: pickView 
01-30 17:42:40.073 17183 17183 I Gallery :     at window.debug (app://gallery.gaiamobile.org/js/utils.js:3:1)
01-30 17:42:40.073 17183 17183 I Gallery : Content JS LOG: SoftkeyManager create [object Object],[object Object] 
01-30 17:42:40.073 17183 17183 I Gallery :     at window.debug (app://gallery.gaiamobile.org/js/utils.js:3:1)
01-30 17:42:40.083 17183 17183 I FocusManager: << focus() called >>
01-30 17:42:40.083 17183 17183 I FocusManager:    trying to set focus on, tag: FORM, id: softkeyPanel, class: skbar none-paddings visible focused
01-30 17:42:40.083 17183 17183 I FocusManager: Warning: element is not focusable.
01-30 17:42:40.673   453   453 I Gecko   : [BrowserElement] event type: keydown, key: Enter, target: [object HTMLIFrameElement], src: app://gallery.gaiamobile.org/index.html#pick, id: browser26, class: browser
01-30 17:42:40.693 17183 17183 I FocusManager: << focus() called >>
01-30 17:42:40.693 17183 17183 I FocusManager:    trying to set focus on, tag: DIV, id: , class: thumbnail focus
01-30 17:42:40.693 17183 17183 I FocusManager: Warning: element is already focused.
01-30 17:42:40.693 17183 17183 I Gallery : Content JS LOG: ViewHelper resetView cropView 
01-30 17:42:40.693 17183 17183 I Gallery :     at window.debug (app://gallery.gaiamobile.org/js/utils.js:3:1)
01-30 17:42:40.703 17183 17183 I FocusManager: << focus() called >>
01-30 17:42:40.703 17183 17183 I FocusManager:    trying to set focus on, tag: SECTION, id: crop-view, class: skin-dark
01-30 17:42:40.703 17183 17183 I FocusManager:    current focused element, tag: DIV, id: , class: thumbnail focus
01-30 17:42:40.713 17183 17183 I FocusManager: <- blur on, tag: DIV, id: , class: thumbnail focus
01-30 17:42:40.713 17183 17183 I FocusManager: -> focus is now on, tag: SECTION, id: crop-view, class: skin-dark
01-30 17:42:40.723 17183 17183 I Gallery : Content JS LOG: NavigationMap keydown: Enter 
01-30 17:42:40.723 17183 17183 I Gallery :     at window.debug (app://gallery.gaiamobile.org/js/utils.js:3:1)
01-30 17:42:40.723 17183 17183 I Gecko   : [BrowserElement] event type: keydown, key: Enter, target: [object HTMLDivElement], class: thumbnail focus
01-30 17:42:40.783 17183 17183 I Gallery : Content JS LOG: NavigationMap ## reset ## 2 
01-30 17:42:40.783 17183 17183 I Gallery :     at window.debug (app://gallery.gaiamobile.org/js/utils.js:3:1)
01-30 17:42:40.783 17183 17183 I Gallery : Content JS LOG: SoftkeyManager setSkMenu: cropView.pickImage 
01-30 17:42:40.783 17183 17183 I Gallery :     at window.debug (app://gallery.gaiamobile.org/js/utils.js:3:1)
01-30 17:42:40.783 17183 17183 I Gallery : Content JS LOG: SoftkeyManager create [object Object],[object Object] 
01-30 17:42:40.783 17183 17183 I Gallery :     at window.debug (app://gallery.gaiamobile.org/js/utils.js:3:1)
01-30 17:42:40.793 17183 17183 I FocusManager: << focus() called >>
01-30 17:42:40.793 17183 17183 I FocusManager:    trying to set focus on, tag: FORM, id: softkeyPanel, class: skbar none-paddings visible focused
01-30 17:42:40.793 17183 17183 I FocusManager: Warning: element is not focusable.
01-30 17:42:40.803   453   453 I Gecko   : [BrowserElement] event type: keyup, key: Enter, target: [object HTMLIFrameElement], src: app://gallery.gaiamobile.org/index.html#pick, id: browser26, class: browser
01-30 17:42:40.813 17183 17183 I Gallery : Content JS LOG: SoftkeyManager setSkMenu: cropView.pickImage 
01-30 17:42:40.813 17183 17183 I Gallery :     at window.debug (app://gallery.gaiamobile.org/js/utils.js:3:1)
01-30 17:42:40.813 17183 17183 I Gallery : Content JS LOG: SoftkeyManager create [object Object],[object Object] 
01-30 17:42:40.813 17183 17183 I Gallery :     at window.debug (app://gallery.gaiamobile.org/js/utils.js:3:1)
01-30 17:42:40.813 17183 17183 I FocusManager: << focus() called >>
01-30 17:42:40.813 17183 17183 I FocusManager:    trying to set focus on, tag: FORM, id: softkeyPanel, class: skbar none-paddings visible focused
01-30 17:42:40.823 17183 17183 I FocusManager: Warning: element is not focusable.
01-30 17:42:40.833 17183 17183 I Gecko   : [BrowserElement] event type: keyup, key: Enter, target: [object HTMLElement], id: crop-view, class: skin-dark
01-30 17:42:41.153   453   453 I Gecko   : [BrowserElement] event type: keydown, key: SoftRight, target: [object HTMLIFrameElement], src: app://gallery.gaiamobile.org/index.html#pick, id: browser26, class: browser
01-30 17:42:41.163 15728 15728 I MobiFace: Content JS LOG: testing=[object File] 
01-30 17:42:41.163 15728 15728 I MobiFace:     at openCamera/activity.onsuccess (app://2ec57ac3-eee0-41a3-9d3f-e1b3e29e617f/js/index.js:89:9)
01-30 17:42:41.173 17183 17183 I Gecko   : [BrowserElement] event type: keydown, key: SoftRight, target: [object HTMLElement], id: crop-view, class: skin-dark
01-30 17:42:41.253   453   453 I Gecko   : [BrowserElement] event type: keyup, key: SoftRight, target: [object HTMLIFrameElement], src: app://gallery.gaiamobile.org/index.html#pick, id: browser26, class: browser
01-30 17:42:41.253 17183 17183 I Gecko   : [BrowserElement] event type: keyup, key: SoftRight, target: [object HTMLElement], id: crop-view, class: skin-dark
01-30 17:42:41.533   453   453 I FocusManager: << focus() called >>
01-30 17:42:41.533   453   453 I FocusManager:    trying to set focus on, tag: IFRAME, id: browser20, class: browser
01-30 17:42:41.543   453   453 I FocusManager:    current focused element, tag: IFRAME, id: browser26, class: browser
01-30 17:42:41.543   453   453 I FocusManager: <- blur on, tag: IFRAME, id: browser26, class: browser
01-30 17:42:41.553   453   453 I FocusManager: -> focus is now on, tag: IFRAME, id: browser20, class: browser
01-30 17:42:41.553 15728 15728 I FocusManager: * WindowRaised *
01-30 17:42:41.553 15728 15728 I FocusManager: -> focus is now on, tag: BUTTON, id: , class: move
01-30 17:42:40.1612     1     1 I KERNEL  : [ 6906.894872] init: Starting service 'updater-daemon'...
01-30 17:42:40.1644     1     1 I KERNEL  : [ 6906.926615] init: Service 'updater-daemon' (pid 17420) exited with status 127
01-30 17:42:40.1644     1     1 I KERNEL  : [ 6906.926691] init: Service 'updater-daemon' (pid 17420) killing any children in process group
01-30 17:42:41.633   453   453 I Gecko   : [BrowserElement] event type: keydown, key: ArrowDown, target: [object HTMLIFrameElement], src: app://2ec57ac3-eee0-41a3-9d3f-e1b3e29e617f/splash.html, id: browser20, class: browser
01-30 17:42:41.643 15728 15728 I FocusManager: << focus() called >>
01-30 17:42:41.643 15728 15728 I FocusManager:    trying to set focus on, tag: BUTTON, id: , class: move
01-30 17:42:41.643 15728 15728 I FocusManager:    current focused element, tag: BUTTON, id: , class: move
01-30 17:42:41.643 15728 15728 I FocusManager: <- blur on, tag: BUTTON, id: , class: move
01-30 17:42:41.643 15728 15728 I FocusManager: -> focus is now on, tag: BUTTON, id: , class: move
01-30 17:42:41.663 15728 15728 I Gecko   : [BrowserElement] event type: keydown, key: ArrowDown, target: [object HTMLButtonElement], class: move
01-30 17:42:41.673 17183 17183 I FocusManager: <- blur on, tag: SECTION, id: crop-view, class: skin-dark
01-30 17:42:41.693   453   453 I Gecko   : XXX FIXME : Dispatch a mozChromeEvent: default-volume-channel-changed
01-30 17:42:41.723   453   453 I Gecko   : [BrowserElement] event type: keyup, key: ArrowDown, target: [object HTMLIFrameElement], src: app://2ec57ac3-eee0-41a3-9d3f-e1b3e29e617f/splash.html, id: browser20, class: browser
01-30 17:42:41.723 15728 15728 I Gecko   : [BrowserElement] event type: keyup, key: ArrowDown, target: [object HTMLButtonElement], class: move
01-30 17:42:41.743   453  1067 I Gecko   : [Parent 453] WARNING: pipe error (365): Connection reset by peer: file /home/leo/Weekly_release_automation/workspace/quoin/src/gecko/ipc/chromium/src/chrome/common/ipc_channel_posix.cc, line 316
01-30 17:42:41.743   453   453 I Gecko   : XXX FIXME : Dispatch a mozChromeEvent: default-volume-channel-changed
01-30 17:42:41.753   453  1067 I Gecko   : [Parent 453] WARNING: pipe error (368): Connection reset by peer: file /home/leo/Weekly_release_automation/workspace/quoin/src/gecko/ipc/chromium/src/chrome/common/ipc_channel_posix.cc, line 316
01-30 17:42:42.033   453   453 I Gecko   : [BrowserElement] event type: keydown, key: Enter, target: [object HTMLIFrameElement], src: app://2ec57ac3-eee0-41a3-9d3f-e1b3e29e617f/splash.html, id: browser20, class: browser
01-30 17:42:42.053 15728 15728 I Gecko   : [BrowserElement] event type: keydown, key: Enter, target: [object HTMLButtonElement], class: move
01-30 17:42:42.173   453   453 I Gecko   : [BrowserElement] event type: keyup, key: Enter, target: [object HTMLIFrameElement], src: app://2ec57ac3-eee0-41a3-9d3f-e1b3e29e617f/splash.html, id: browser20, class: browser
01-30 17:42:42.303 15728 15728 I Gecko   : [BrowserElement] event type: keyup, key: Enter, target: [object HTMLBodyElement]
