01-30 17:42:45.063   492 17449 D mm-camera: mct_pipeline_process_set:command=8000013
01-30 17:42:45.063   492 17449 D mm-camera: pproc_module_handle_reprocess_offline:1618 input buf fd 54 type 4 size 462848
01-30 17:42:45.063   408 17525 D mm-camera-intf: mm_stream_read_msm_frame: Stoping poll on stream 0xb8c2b3c8 type: 9
01-30 17:42:45.063   408 17525 D mm-camera-intf: mm_stream_read_msm_frame: Stopped poll on stream 0xb8c2b3c8 type: 9
01-30 17:42:45.063   408 17432 E mm-camera-intf: mm_camera_poll_thread_del_poll_fd: invalid handler 29954 (2)
01-30 17:42:45.063   492 17449 D mm-camera: mct_pipeline_process_set:command=8000009
01-30 17:42:45.063   492 17449 D mm-camera: mct_pipeline_process_set: stream_type = 3
01-30 17:42:45.063   492 17449 E mm-camera: port_isp_mct_ctrl_cmd: E, identity = 0x20005, STREAMOFF
01-30 17:42:45.063   492 17449 E mm-camera: is_port_handle_stream_event: MCT_EVENT_CONTROL_STREAMOFF, identity = 0x20005
01-30 17:42:45.063   492 17449 E mm-camera: isp_streamoff: E, session_id = 2, stream_id = 5, active_count = 2
01-30 17:42:45.063   492 17445 E mm-camera: isp_proc_streamoff: E,session_id = 2, stream_id= 5, stream_type= 3 meta 0
01-30 17:42:45.063   492 17445 D mm-camera: isp_hw_action: last pix stop, pix_cnt = 2, cnt = 2
01-30 17:42:45.073   492 17472 E mm-camera: isp_thread_proc_cmd: start/stop, thread_data = 0xb62dc804, action_code = 2
01-30 17:42:45.073   492 17445 E mm-camera: isp_ch_util_streamoff: session_id = 2, vfe_mask = 0x1, async streamoff, rc = 0
01-30 17:42:45.073   492 17445 D mm-camera: isp_hw_action: hw_thread for ack
01-30 17:42:45.073   492 17472 E mm-camera: isp_axi_util_subscribe_v4l2_event: event_type = 0x8000101, is_subscribe = 0
01-30 17:42:45.073   492 17472 E mm-camera: isp_axi_unreg_buf: session_id = 2, stream_id = 4, buf_handle = 0x10000
01-30 17:42:45.073   492 17472 E mm-camera: isp_axi_unreg_buf: session_id = 2, stream_id = 5, buf_handle = 0x20001
01-30 17:42:45.073   492 17472 D mm-camera: linearization_action: action code = 7 is not supported. nop
01-30 17:42:45.073   492 17472 D mm-camera: pca_rolloff_action: action code = 7 is not supported. nop
01-30 17:42:45.073   492 17472 D mm-camera: demux_action: action code = 7 is not supported. nop
01-30 17:42:45.073   492 17472 D mm-camera: demosaic_action: action code = 7 is not supported. nop
01-30 17:42:45.073   492 17472 D mm-camera: bpc_action: action code = 7 is not supported. nop
01-30 17:42:45.073   492 17472 D mm-camera: abf_action: action code = 7 is not supported. nop
01-30 17:42:45.073   492 17472 D mm-camera: asf_action: action code = 7 is not supported. nop
01-30 17:42:45.073   492 17472 D mm-camera: color_conversion_action: action code = 7 is not supported. nop
01-30 17:42:45.073   492 17472 D mm-camera: color_correct_action: action code = 7 is not supported. nop
01-30 17:42:45.073   492 17472 D mm-camera: chroma_subsample_action: action code = 7 is not supported. nop
01-30 17:42:45.073   492 17472 D mm-camera: chroma_suppress_action: action code = 7 is not supported. nop
01-30 17:42:45.073   492 17472 D mm-camera: la_action: action code = 7 is not supported. nop
01-30 17:42:45.073   492 17472 D mm-camera: mce_action: action code = 7 is not supported. nop
01-30 17:42:45.073   492 17472 D mm-camera: sce_action: action code = 7 is not supported. nop
01-30 17:42:45.073   492 17472 D mm-camera: clf_action: action code = 7 is not supported. nop
01-30 17:42:45.073   492 17472 D mm-camera: wb_action: action code = 7 is not supported. nop
01-30 17:42:45.073   492 17472 D mm-camera: gamma_action: action code = 7 is not supported. nop
01-30 17:42:45.073   492 17472 D mm-camera: fov_action: action code = 7 is not supported. nop
01-30 17:42:45.073   492 17472 D mm-camera: scaler_action: action code = 7 is not supported
01-30 17:42:45.073   492 17472 D mm-camera: bcc_action: action code = 7 is not supported. nop
01-30 17:42:45.073   492 17472 D mm-camera: clamp_action: action code = 7 is not supported. nop
01-30 17:42:45.073   492 17472 D mm-camera: stats_action: action code = 7 is not supported. nop
01-30 17:42:45.073   492 17445 E mm-camera: isp_ch_util_streamoff: session_id = 2, sync ack done
01-30 17:42:45.073   492 17472 E mm-camera: isp_thread_proc_cmd: start/stop ack done, thread_data = 0xb62dc804, action_code = 3, rc = 0
01-30 17:42:45.073   492 17449 E mm-camera: isp_streamoff: X, session_id = 2, rc = 0
01-30 17:42:45.073   492 17449 E mm-camera: port_isp_mct_ctrl_cmd: X, identity = 0x20005, STREAMOFF, ret = 0
01-30 17:42:45.073   492 17449 D mm-camera: stream id 5, stream num_meta 0
01-30 17:42:44.1125   492 17449 I KERNEL  : [ 6910.407336] csi2_src_clk get failed
01-30 17:42:45.073   408 17525 D mm-camera-intf: mm_stream_read_msm_frame: Stoping poll on stream 0xb8c2b5b0 type: 9
01-30 17:42:45.073   408 17525 D mm-camera-intf: mm_stream_read_msm_frame: Stopped poll on stream 0xb8c2b5b0 type: 9
01-30 17:42:45.073   408 17537 D QCamera2HWI: [KPI Perf] static void qcamera::QCamera2HardwareInterface::postproc_channel_cb_routine(mm_camera_super_buf_t*, void*): E
01-30 17:42:45.073   408 17537 E QCameraPostProc: QCameraPostProcessor::processPPData
01-30 17:42:45.073   408 17537 D QCameraPostProc: int32_t qcamera::QCameraPostProcessor::processPPData(mm_camera_super_buf_t*) pReprocFrame == NULL || isFaceDetectionEnabled = 0
01-30 17:42:45.073   408 17537 D QCameraPostProc: int32_t qcamera::QCameraPostProcessor::processPPData(mm_camera_super_buf_t*): 1071] 
01-30 17:42:45.073   408 17537 D QCamera2HWI: [KPI Perf] static void qcamera::QCamera2HardwareInterface::postproc_channel_cb_routine(mm_camera_super_buf_t*, void*): X
01-30 17:42:45.073   492 17449 D mm-camera: ispif_streamoff: session_id = 2, active_streams = 0
01-30 17:42:45.073   408 17454 D QCameraPostProc: int32_t qcamera::QCameraPostProcessor::encodeData(qcamera::qcamera_jpeg_data_t*, uint8_t&):1762] Crop needed 0
01-30 17:42:45.073   492 17449 D mm-camera: mct_pipeline_process_set:command=8000009
01-30 17:42:45.073   492 17449 D mm-camera: mct_pipeline_process_set: stream_type = 2
01-30 17:42:45.073   492 17449 E mm-camera: port_isp_mct_ctrl_cmd: E, identity = 0x20004, STREAMOFF
01-30 17:42:45.073   492 17449 D mm-camera: gyro_port_enable_disable_sensor_request: Deinit all sensors
01-30 17:42:45.073   492 17449 E mm-camera: is_port_handle_stream_event: MCT_EVENT_CONTROL_STREAMOFF, identity = 0x20004
01-30 17:42:45.073   492 17449 D mm-camera: c2d_module_handle_streamoff_event:1809, info: stream-off done for identity 0x20004
01-30 17:42:45.073   492 17449 E mm-camera: isp_streamoff: E, session_id = 2, stream_id = 4, active_count = 0
01-30 17:42:45.073   492 17445 E mm-camera: isp_proc_streamoff: E,session_id = 2, stream_id= 4, stream_type= 2 meta 0
01-30 17:42:45.073   492 17449 E mm-camera: isp_streamoff: X, session_id = 2, rc = 0
01-30 17:42:45.073   492 17449 E mm-camera: port_isp_mct_ctrl_cmd: X, identity = 0x20004, STREAMOFF, ret = 0
01-30 17:42:45.073   492 17449 E mm-camera-sensor: sensor_pdaf_deinit:3275 failed to open pdaf3 init library function
01-30 17:42:45.073   492 17449 E mm-camera-sensor: module_sensor_module_process_event: Sending stop bus message
01-30 17:42:45.073   492 17449 D mm-camera: stop_sof_check_thread: Stopping SOF timeout thread
01-30 17:42:45.073   408 17454 E QCamera2HWI: qcamera::QCameraExif* qcamera::QCamera2HardwareInterface::getExifData(): getExifGpsDataTimeStamp failed
01-30 17:42:45.073   408 17454 D QCamera2HWI: bool qcamera::QCamera2HardwareInterface::needRotationReprocess(): need to do reprocess for rotation=270
01-30 17:42:45.073   408 17454 D QCameraPostProc: int32_t qcamera::QCameraPostProcessor::encodeData(qcamera::qcamera_jpeg_data_t*, uint8_t&): jpeg rotation is set to 0
01-30 17:42:45.073   408 17454 D QCamera2HWI: bool qcamera::QCamera2HardwareInterface::needRotationReprocess(): need to do reprocess for rotation=270
01-30 17:42:45.073   408 17454 D QCameraPostProc: int32_t qcamera::QCameraPostProcessor::encodeData(qcamera::qcamera_jpeg_data_t*, uint8_t&), thumbnail src w/h (240x320), dst w/h (240x320)
01-30 17:42:45.083   408 17454 D QCameraPostProc: [KPI Perf] int32_t qcamera::QCameraPostProcessor::encodeData(qcamera::qcamera_jpeg_data_t*, uint8_t&) : PROFILE_JPEG_JOB_START
01-30 17:42:45.083   408 17454 D mm-jpeg-intf: mm_jpeg_start_job:1943] session_idx 0 client idx 0
01-30 17:42:45.083   408 17454 D mm-jpeg-intf: mm_jpeg_start_job:1986] HAL passed the work buffer of size = 462848
01-30 17:42:45.083   408 17454 D mm-jpeg-intf: mm_jpeg_start_job:1989] Additional work buffers needed = 0
01-30 17:42:45.083   408 17454 D mm-jpeg-intf: mm_jpeg_start_job:2011] >>>> Work bufs need 0, 0
01-30 17:42:45.083   408 17454 E mm-jpeg-intf: mm_jpeg_start_job:2070] X
01-30 17:42:45.083   408 17453 D mm-jpeg-intf: mm_jpeg_process_encoding_job:1473] before dequeue session 0
01-30 17:42:45.083   408 17453 E mm-jpeg-intf: process_3a_data:435] exp_time 0.110145, iso_value 114 exp idx: 280, lc: 1672, gain: 2.285156
01-30 17:42:45.083   408 17453 D mm-jpeg-intf: process_3a_data: numer 1 denom 9
01-30 17:42:45.083   408 17453 D mm-jpeg-intf: process_3a_data: numer 280 denom 1
01-30 17:42:45.083   408 17453 D mm-jpeg-intf: process_sensor_data:312] From metadata aperture = 2.800000 
01-30 17:42:45.083   408 17453 D mm-jpeg-intf: process_sensor_data 366: flash_tag: 0x20
01-30 17:42:45.083   408 17453 D mm-jpeg-intf: mm_jpeg_session_config_thumbnail:844] encode_thumbnail 1
01-30 17:42:45.083   408 17453 E mm-jpeg-intf: mm_jpeg_configure_job_params:1281] Work buffer 85 0xb20f4000 WorkBufSize: 462848
01-30 17:42:45.083   408 17453 E mm-jpeg-intf: buffer_invalidate: Cache Invalidate failed: Not a typewriter
01-30 17:42:45.083   408 17453 E mm-jpeg-intf: mm_jpeg_configure_job_params: config makernote data failed
01-30 17:42:45.083   408 17542 E mm-still: virtual OMX_ERRORTYPE OMXJpegEncoder::configureEncodedata():52] size 480x640 pad 480x640 subsampling 0 format 0
01-30 17:42:45.083   408 17542 E mm-still: virtual OMX_ERRORTYPE OMXJpegEncoder::configureEncodedata():59] ImageSize 460800 307200
01-30 17:42:45.083   408 17542 E mm-still: virtual OMX_ERRORTYPE OMXJpegEncoder::configureEncodedata():88] Scaling not enabled width: 480 height:640
01-30 17:42:45.083   408 17542 E mm-still: virtual OMX_ERRORTYPE OMXJpegEncoder::configureBuffers(OMX_BUFFERHEADERTYPE*, OMX_BUFFERHEADERTYPE*):158] MAIN buf=0xb2176000, fd=107, offset=0 filled=0
01-30 17:42:45.083   408 17542 E mm-still: OMX_ERRORTYPE OMXJpegEncoder::configureTmbBuffer(OMX_BUFFERHEADERTYPE*):193] TMB buf=0xb21e7000, fd=104, offset=0, filled=0
01-30 17:42:45.083   408 17542 E mm-still: OMX_ERRORTYPE OMXJpegEncoder::configureThumbnailData():806] size 240x320 pad 256x320 subsampling 0
01-30 17:42:45.083   408 17542 E mm-still: OMX_ERRORTYPE OMXJpegEncoder::configureThumbnailData():835] Thumbnail Scaling enabled o/p width: 240 o/p height:320
01-30 17:42:45.083   408 17542 E mm-still: virtual int QImageHybridEncoder::setEncodeParams(QIEncodeParams&):596] Rotation 0 Quality 85
01-30 17:42:45.083   408 17542 E mm-still: void QImageHybridEncoder::ConfigureDimensions():625] dim pad 480x640 orig 480x640
01-30 17:42:45.083   408 17542 E mm-still: void QImageHybridEncoder::ConfigureDimensions():702] Crop enabled so disabling multi threaded FastCV
01-30 17:42:45.083   408 17542 E mm-still: virtual int QImageHybridEncoder::addInputImage(QImage&):901] Y addr 0xb2176000 len 307200 fd 107
01-30 17:42:45.083   408 17542 E mm-still: virtual int QImageHybridEncoder::addInputImage(QImage&):919] CbCr addr 0xb21c1000 len 153600 fd 107
01-30 17:42:45.083   408 17542 E mm-still: virtual OMX_ERRORTYPE OMXJpegEncoder::startEncode():401] startEncode()
01-30 17:42:45.083   408 17542 E mm-still: virtual int QImageHybridEncoder::setEncodeParams(QIEncodeParams&):596] Rotation 0 Quality 75
01-30 17:42:45.083   408 17542 E mm-still: void QImageHybridEncoder::ConfigureDimensions():625] dim pad 256x320 orig 240x320
01-30 17:42:45.083   408 17542 E mm-still: virtual int QImageHybridEncoder::addInputImage(QImage&):901] Y addr 0xb21e7000 len 81920 fd 104
01-30 17:42:45.083   408 17542 E mm-still: virtual int QImageHybridEncoder::addInputImage(QImage&):919] CbCr addr 0xb21fb000 len 40960 fd 104
01-30 17:42:45.083   408 17542 E mm-still: OMX_ERRORTYPE OMXJpegEncoder::startThumbnailEncode():966] startThumbnailEncode()
01-30 17:42:45.093   408 17542 E mm-still: OMX_ERRORTYPE OMXJpegEncoder::startThumbnailEncode():975] Started Thumbnail encoding
01-30 17:42:45.103   492 17449 D mm-camera: mct_pipeline_process_set:command=8000009
01-30 17:42:45.103   492 17449 D mm-camera: mct_pipeline_process_set: stream_type = 7
01-30 17:42:45.103   408 17545 E mm-still: int encoder_output_handler(void*, void*, jpeg_buffer_t, uint8_t):1720] encoder_output_handler:       received last output buffer
01-30 17:42:45.103   408 17545 I mm-still: jpege_engine_hybrid_event_handler: job done
01-30 17:42:45.113   408 17543 E mm-still: void QImageHybridEncoder::Encode():1455] Encode done : output_size 36605
01-30 17:42:45.113   408 17543 E mm-still: virtual int OMXJpegEncoder::EncodeComplete(QImage*):668] MainImage Encoding complete. Filled Length = 36605 m_thumbEncodingComplete 0
01-30 17:42:45.113   408 17551 E mm-still: int encoder_output_handler(void*, void*, jpeg_buffer_t, uint8_t):1720] encoder_output_handler:       received last output buffer
01-30 17:42:45.113   408 17551 I mm-still: jpege_engine_hybrid_event_handler: job done
01-30 17:42:45.113   408 17544 E mm-still: void QImageHybridEncoder::Encode():1455] Encode done : output_size 7410
01-30 17:42:45.113   408 17544 E mm-still: virtual int OMXJpegEncoder::EncodeComplete(QImage*):618] Thumbnail Encoding complete.
01-30 17:42:45.113   408 17544 D QCameraPostProc: static int qcamera::QCameraPostProcessor::getJpegMemory(omx_jpeg_ouput_buf_t*): Allocating jpeg out buffer of size: 46019
01-30 17:42:45.113   408 17544 E mm-still: int OMXJpegEncoder::CompleteMainImage():557] Encoded image length 46019
01-30 17:42:45.113   408 17542 E mm-still: virtual int QImageHybridEncoder::Stop():1109] Stop 
01-30 17:42:45.113   408 17542 E mm-still: virtual int QImageHybridEncoder::Stop():1109] Stop 
01-30 17:42:45.113   408 17542 D mm-jpeg-intf: [KPI Perf] : PROFILE_JPEG_FBD
01-30 17:42:45.113   408 17542 E mm-jpeg-intf: mm_jpegenc_destroy_job:2351] Exif entry count 10 17
01-30 17:42:45.113   408 17542 E mm-jpeg-intf: mm_jpeg_queue_remove_job_by_job_id:2853] found matching job id
01-30 17:42:45.113   408 17432 D mm-camera-intf: mm_stream_qbuf: Starting poll on stream 0xb8c2b3c8 type: 9
01-30 17:42:45.113   408 17432 D mm-camera-intf: mm_stream_qbuf: Started poll on stream 0xb8c2b3c8 type: 9
01-30 17:42:45.113   408 17432 D mm-camera-intf: mm_stream_qbuf: Starting poll on stream 0xb8c2b5b0 type: 9
01-30 17:42:45.113   408 17432 D mm-camera-intf: mm_stream_qbuf: Started poll on stream 0xb8c2b5b0 type: 9
01-30 17:42:45.113   408 17432 D QCameraPostProc: static void qcamera::QCameraPostProcessor::releaseJpegData(void*, void*) : Rleased job ID 16777216
01-30 17:42:45.113   408 17432 D QCameraPostProc: [KPI Perf] int32_t qcamera::QCameraPostProcessor::processJpegEvt(qcamera::qcamera_jpeg_evt_payload_t*) : jpeg job 16777216
01-30 17:42:45.113   408 17432 D QCameraPostProc: int32_t qcamera::QCameraPostProcessor::processJpegEvt(qcamera::qcamera_jpeg_evt_payload_t*) : Calling upperlayer callback to store JPEG image
01-30 17:42:45.113   408 17432 D QCameraPostProc: [KPI Perf] int32_t qcamera::QCameraPostProcessor::processJpegEvt(qcamera::qcamera_jpeg_evt_payload_t*): PROFILE_JPEG_CB 
01-30 17:42:45.113   408 17432 D QCamera2HWI: int qcamera::QCamera2HardwareInterface::cancelPicture():3183] 
01-30 17:42:45.113   408 17542 E mm-still: virtual void QOMXImageCodec::changeState(OMX_STATETYPE):186] From Current State: 3 To New state: 2
01-30 17:42:45.113   408 17542 E mm-still: virtual int QImageHybridEncoder::Stop():1109] Stop 
01-30 17:42:45.113   408 17542 E mm-still: virtual void QOMXImageCodec::changeState(OMX_STATETYPE): 299] State change from OMX_StateExecuting to OMX_StateIdle
01-30 17:42:45.113   408 17542 E mm-still: virtual void QOMXImageCodec::changeState(OMX_STATETYPE):186] From Current State: 2 To New state: 1
01-30 17:42:45.113   408 17542 E mm-still: virtual void QOMXImageCodec::changeState(OMX_STATETYPE):219] State change from OMX_StateIdle to OMX_StateLoaded Pending
01-30 17:42:45.113   408 17454 E mm-still: virtual OMX_ERRORTYPE OMXJpegEncoder::releaseCodecLibs():1248] E
01-30 17:42:45.113   408 17454 E mm-still: virtual int QImageHybridEncoder::Stop():1109] Stop 
01-30 17:42:45.113   408 17454 E mm-still: virtual OMX_ERRORTYPE OMXJpegEncoder::releaseCodecLibs():1259] X
01-30 17:42:45.113   408 17454 E mm-still: virtual OMX_ERRORTYPE OMXImageEncoder::omx_component_free_buffer(OMX_HANDLETYPE, OMX_U32, OMX_BUFFERHEADERTYPE*):1972: Free Buffer complete: State change fromOMX_StateLoadedPending to OMX_StateLoaded
01-30 17:42:45.113   408 17454 E qomx_image_core: OMX_FreeHandle:331] 
01-30 17:42:45.113   408 17454 E qomx_image_core: get_idx_from_handle:290] comp_idx 0 inst_idx 0
01-30 17:42:45.113   408 17454 E mm-still: OMX_ERRORTYPE qomx_component_deinit(OMX_HANDLETYPE) 206: Component State: 1 Calling Deinit
01-30 17:42:45.113   408 17454 E qomx_image_core: OMX_FreeHandle:366] Success
01-30 17:42:45.113   492 17449 D mm-camera: mct_pipeline_process_set:command=8000009
01-30 17:42:45.113   492 17449 D mm-camera: mct_pipeline_process_set: stream_type = 9
01-30 17:42:45.113   492 17449 D mm-camera: c2d_module_handle_streamoff_event:1809, info: stream-off done for identity 0x20002
01-30 17:42:45.113   492 17449 D mm-camera: mct_pipeline_process_set:command=8000009
01-30 17:42:45.113   492 17449 D mm-camera: mct_pipeline_process_set: stream_type = 9
01-30 17:42:45.113   492 17449 D mm-camera: c2d_module_handle_streamoff_event:1809, info: stream-off done for identity 0x20001
01-30 17:42:45.123   492 17449 D mm-camera: mct_pipeline_process_set:command=800000b
01-30 17:42:45.123   492 17449 D mm-camera: mct_stream_streamoff: Enter
01-30 17:42:45.123   492 17449 D mm-camera: mct_del_offline_stream: Enter
01-30 17:42:45.123   492 17449 D mm-camera: c2d_port_check_caps_unreserve:179, identity=0x20001, unreserved
01-30 17:42:45.123   492 17449 D mm-camera: mct_pipeline_process_set:command=800000b
01-30 17:42:45.123   492 17449 D mm-camera: mct_stream_streamoff: Enter
01-30 17:42:45.123   492 17449 D mm-camera: mct_del_offline_stream: Enter
01-30 17:42:45.123   492 17449 D mm-camera: c2d_port_check_caps_unreserve:179, identity=0x20002, unreserved
01-30 17:42:45.123   408 17432 E mm-camera-intf: mm_channel_fsm_fn_stopped: invalid state (1) for evt (6)
01-30 17:42:45.123   492 17449 D mm-camera: mct_pipeline_process_set:command=800000b
01-30 17:42:45.123   492 17449 D mm-camera: mct_stream_streamoff: Enter
01-30 17:42:45.123   408 17432 D QCameraHWI_Mem: put buffer 0 successfully
01-30 17:42:45.123   408 17432 D QCameraHWI_Mem: put buffer 1 successfully
01-30 17:42:45.123   408 17432 D QCameraHWI_Mem: put buffer 2 successfully
01-30 17:42:45.123   408 17432 D QCameraHWI_Mem: put buffer 3 successfully
01-30 17:42:45.123   408 17432 D QCameraHWI_Mem: cancel_buffer: hdl =0xb8c14688
01-30 17:42:45.123   408 17432 D QCameraHWI_Mem: put buffer 4 successfully
01-30 17:42:45.133   408 17432 D QCameraHWI_Mem: cancel_buffer: hdl =0xb8c36b80
01-30 17:42:45.133   408 17432 D QCameraHWI_Mem: put buffer 5 successfully
01-30 17:42:45.133   492 17449 D mm-camera: mct_pipeline_process_set:command=800000b
01-30 17:42:45.133   492 17449 D mm-camera: mct_stream_streamoff: Enter
01-30 17:42:45.133   492 17449 D mm-camera: mct_stream_streamoff: Enter
01-30 17:42:45.133   492 17449 D mm-camera: c2d_port_check_caps_unreserve:179, identity=0x20004, unreserved
01-30 17:42:45.133   492 17449 D mm-camera: gyro_port_unlink: Enter
01-30 17:42:45.133   492 17449 D mm-camera: gyro_port_unlink: Exit
01-30 17:42:45.133   492 17449 D mm-camera: mct_pipeline_process_set:command=800000b
01-30 17:42:45.133   492 17449 D mm-camera: mct_stream_streamoff: Enter
01-30 17:42:45.133   492 17449 E mm-camera: q3a_thread_aecawb_stop:384 MSG_STOP_THREAD
01-30 17:42:45.133   492 17449 E mm-camera: q3a_thread_af_stop:574 MSG_STOP_THREAD
01-30 17:42:45.133   492 17449 E mm-camera: q3a_thread_divertstats_stop:868 MSG_STOP_THREAD
01-30 17:42:45.143   492 17524 E mm-camera: is_thread_handler: Exiting IS thread handler
01-30 17:42:45.143   492 17449 D mm-camera: gyro_port_event  MCT_EVENT_MODULE_START_STOP_STATS_THREADS start_flag: 0
01-30 17:42:45.143   492 17449 D mm-camera: gyro_port_unlink: Enter
01-30 17:42:45.143   492 17449 D mm-camera: gyro_port_unlink: Exit
01-30 17:42:45.143   408 17432 D QCamera2HWI: int qcamera::QCamera2HardwareInterface::disableMsgType(int32_t) (0x100) : mMsgEnabled = 0xc0d
01-30 17:42:45.143 15728 15728 I MobiFace: Content JS LOG: 1580386365151 
01-30 17:42:45.143 15728 15728 I MobiFace:     at onPictureTaken (app://2ec57ac3-eee0-41a3-9d3f-e1b3e29e617f/js/cameracapture.js:117:21)
01-30 17:42:45.153   453   453 I Gecko   : DSF (parent) mtp-watcher-update: mStorageType 'pictures' mStorageName 'sdcard' mRootDir '' mPath 'Jio/1580386365151.jpg' mFile->GetPath '/data/usbmsc_mnt/Jio/1580386365151.jpg'
01-30 17:42:45.153   453   453 I MozMtp  : Observe: mtp-watcher-update: file Jio/1580386365151.jpg modified
01-30 17:42:45.153   453 17264 I MozMtp  : MtpWatcherUpdate: file /data/usbmsc_mnt/Jio/1580386365151.jpg modified
01-30 17:42:45.153   453 17264 I MozMtp  : CreateEntryForFileAndNotify: About to call sendObjectAdded Handle 0x00000032 file /data/usbmsc_mnt/Jio/1580386365151.jpg
01-30 17:42:45.153   453   453 I Gecko   : DSF (parent) mtp-watcher-update: mStorageType 'pictures' mStorageName 'sdcard' mRootDir '' mPath 'Jio/1580386365151.jpg' mFile->GetPath '/data/usbmsc_mnt/Jio/1580386365151.jpg'
01-30 17:42:45.153   453   453 I MozMtp  : Observe: mtp-watcher-update: file Jio/1580386365151.jpg modified
01-30 17:42:45.153   453 17265 I MozMtp  : MtpWatcherUpdate: file /data/usbmsc_mnt/Jio/1580386365151.jpg modified
01-30 17:42:45.163   453 13560 I MozMtp  : getObjectInfo: Handle: 0x00000032 Display:'1580386365151.jpg' Object:'1580386365151.jpg'
01-30 17:42:45.163   453 13560 I MozMtp  : getObjectInfo: aInfo.mDateCreated = 1580386365 entry->mDateCreated = 1580386365
01-30 17:42:45.163   453 13560 I MozMtp  : getObjectInfo: aInfo.mDateModified = 1580386365 entry->mDateModified = 1580386365
01-30 17:42:45.163   453 13560 I MozMtp  : getSupportedObjectProperties: 
01-30 17:42:45.163   453 13560 I MozMtp  : getObjectPropertyValue: Handle: 0x00000032 '1580386365151.jpg' Property: MTP_PROPERTY_OBJECT_SIZE 0x0000dc04
01-30 17:42:45.543  2227  2227 E sdcard  : missing packages.list; retrying
01-30 17:42:45.643  5463  5463 D wpa_supplicant: wlan0: Control interface command 'SIGNAL_POLL'
01-30 17:42:45.673  5463  5463 D wpa_supplicant: CTRL-DEBUG: global_ctrl_sock-sendto: sock=11 sndbuf=163840 outq=0 send_len=48
01-30 17:42:46.153 15728 15728 I WakeLock: Release cpu wakelock
01-30 17:42:46.153 15728 15728 I WakeLock: Release screen wakelock
01-30 17:42:46.163   408 17432 D QCamera2HWI: int qcamera::QCamera2HardwareInterface::disableMsgType(int32_t) (0x10) : mMsgEnabled = 0xc0d
01-30 17:42:46.163   408   408 D QCamera2HWI: [KPI Perf] static void qcamera::QCamera2HardwareInterface::stop_preview(camera_device*): E PROFILE_STOP_PREVIEW
01-30 17:42:46.163   408 17432 D QCameraStateMachine: int32_t qcamera::QCameraStateMachine::procEvtPreviewStoppedState(qcamera::qcamera_sm_evt_enum_t, void*): already in preview stopped state, do nothing
01-30 17:42:46.163   408   408 D QCamera2HWI: [KPI Perf] static void qcamera::QCamera2HardwareInterface::stop_preview(camera_device*): X
01-30 17:42:46.163   408 17432 D QCamera2HWI: int qcamera::QCamera2HardwareInterface::disableMsgType(int32_t) (0x10) : mMsgEnabled = 0xc0d
01-30 17:42:46.163   408  1557 D QCamera2HWI: [KPI Perf] static void qcamera::QCamera2HardwareInterface::stop_preview(camera_device*): E PROFILE_STOP_PREVIEW
01-30 17:42:46.163   408 17432 D QCameraStateMachine: int32_t qcamera::QCameraStateMachine::procEvtPreviewStoppedState(qcamera::qcamera_sm_evt_enum_t, void*): already in preview stopped state, do nothing
01-30 17:42:46.163   408  1557 D QCamera2HWI: [KPI Perf] static void qcamera::QCamera2HardwareInterface::stop_preview(camera_device*): X
01-30 17:42:46.163   408 17432 D QCamera2HWI: int qcamera::QCamera2HardwareInterface::disableMsgType(int32_t) (0xffff) : mMsgEnabled = 0x0
01-30 17:42:46.163   408  1560 D QCamera2HWI: [KPI Perf] static void qcamera::QCamera2HardwareInterface::stop_preview(camera_device*): E PROFILE_STOP_PREVIEW
01-30 17:42:46.163   408 17432 D QCameraStateMachine: int32_t qcamera::QCameraStateMachine::procEvtPreviewStoppedState(qcamera::qcamera_sm_evt_enum_t, void*): already in preview stopped state, do nothing
01-30 17:42:46.163   408  1560 D QCamera2HWI: [KPI Perf] static void qcamera::QCamera2HardwareInterface::stop_preview(camera_device*): X
01-30 17:42:46.163   408  1560 D QCamera2HWI: [KPI Perf] static int qcamera::QCamera2HardwareInterface::cancel_picture(camera_device*): E PROFILE_CANCEL_PICTURE
01-30 17:42:46.163   408 17432 D QCameraStateMachine: int32_t qcamera::QCameraStateMachine::procEvtPreviewStoppedState(qcamera::qcamera_sm_evt_enum_t, void*): No ops for evt(20) in state(0)
01-30 17:42:46.163   408  1560 D QCamera2HWI: [KPI Perf] static int qcamera::QCamera2HardwareInterface::cancel_picture(camera_device*): X
01-30 17:42:46.173   408  1560 I CameraFlashlight: Destroying camera 1
01-30 17:42:46.173   408  1560 D QCamera2HWI: [KPI Perf] static int qcamera::QCamera2HardwareInterface::close_camera_device(hw_device_t*): E
01-30 17:42:46.173   408  1560 D QCamera2HWI: virtual qcamera::QCamera2HardwareInterface::~QCamera2HardwareInterface(): E
01-30 17:42:46.173   408 17433 D QCamera2HWI: static void* qcamera::QCamera2HardwareInterface::defferedWorkRoutine(void*): stop data proc
01-30 17:42:46.173   408 17432 D QCameraStateMachine: static void* qcamera::QCameraStateMachine::smEvtProcRoutine(void*): X
01-30 17:42:46.173   408  1560 D QCamera2HWI: int qcamera::QCamera2HardwareInterface::closeCamera(): E
01-30 17:42:46.173   408  1560 E qomx_image_core: OMX_Deinit:118] Complete
01-30 17:42:46.173   408  1560 E QCameraPostProc: int32_t qcamera::QCameraPostProcessor::deinit(): Jpeg closed, rc = 0, mJpegClientHandle = 1700
01-30 17:42:46.173   408  1560 I Thermal-Lib: Thermal-Lib-Client: Unregisteration is successfull for handle:1
01-30 17:42:46.173   425   602 I ThermalEngine: Thermal-Server: removing client on fd 42
01-30 17:42:46.173   408  1560 I Thermal-Lib: Thermal-Lib-Client: Unregisteration is successfull for handle:2
01-30 17:42:46.183   492 17449 D mm-camera: mct_pipeline_process_set:command=800000b
01-30 17:42:46.183   492   492 I mm-camera-eztune: vendor/qcom/proprietary/mm-camera/mm-camera2/server-tuning/tuning/eztune_interface.cpp(381): "Delete Server : 0xb70fa7d8"
01-30 17:42:46.183   492 17447 W mm-camera-sensor: vendor/qcom/proprietary/mm-camera/mm-camera2/server-tuning/tuning/mmcam_socket_utils.cpp(318): "Received event from non socket fd"
01-30 17:42:46.183   492 17447 W mm-camera-eztune: vendor/qcom/proprietary/mm-camera/mm-camera2/server-tuning/tuning/eztune_interface.cpp(72): "Stop message. Exiting server thread"
01-30 17:42:46.183   492 17447 E mm-camera-eztune: vendor/qcom/proprietary/mm-camera/mm-camera2/server-tuning/tuning/eztune_cam_adapter.cpp(667): "mct_stream_t* eztune::get_mct_stream(mct_pipeline_t*, eztune::mct_pipeline_get_stream_info_t*): no children"
01-30 17:42:46.183   492 17447 W mm-camera-eztune: vendor/qcom/proprietary/mm-camera/mm-camera2/server-tuning/tuning/eztune_cam_adapter.cpp(719): "Message send ignored as stream or stream state not valid"
01-30 17:42:46.183   492 17447 E mm-camera-eztune: vendor/qcom/proprietary/mm-camera/mm-camera2/server-tuning/tuning/eztune_cam_adapter.cpp(667): "mct_stream_t* eztune::get_mct_stream(mct_pipeline_t*, eztune::mct_pipeline_get_stream_info_t*): no children"
01-30 17:42:46.183   492 17447 W mm-camera-eztune: vendor/qcom/proprietary/mm-camera/mm-camera2/server-tuning/tuning/eztune_cam_adapter.cpp(719): "Message send ignored as stream or stream state not valid"
01-30 17:42:46.183   492 17447 E mm-camera-eztune: vendor/qcom/proprietary/mm-camera/mm-camera2/server-tuning/tuning/eztune_cam_adapter.cpp(667): "mct_stream_t* eztune::get_mct_stream(mct_pipeline_t*, eztune::mct_pipeline_get_stream_info_t*): no children"
01-30 17:42:46.183   492 17447 W mm-camera-eztune: vendor/qcom/proprietary/mm-camera/mm-camera2/server-tuning/tuning/eztune_cam_adapter.cpp(719): "Message send ignored as stream or stream state not valid"
01-30 17:42:46.183   492   492 I mm-camera-eztune: vendor/qcom/proprietary/mm-camera/mm-camera2/server-tuning/tuning/eztune_interface.cpp(381): "Delete Server : 0xb70fc108"
01-30 17:42:46.183   492 17448 W mm-camera-sensor: vendor/qcom/proprietary/mm-camera/mm-camera2/server-tuning/tuning/mmcam_socket_utils.cpp(318): "Received event from non socket fd"
01-30 17:42:46.183   492 17448 W mm-camera-eztune: vendor/qcom/proprietary/mm-camera/mm-camera2/server-tuning/tuning/eztune_interface.cpp(72): "Stop message. Exiting server thread"
01-30 17:42:46.183   492 17448 E mm-camera-eztune: vendor/qcom/proprietary/mm-camera/mm-camera2/server-tuning/tuning/eztune_process.cpp(445): "Process layer not initialized. just return"
01-30 17:42:46.183   492   492 D mm-camera: mct_pipeline_stop_session - E
01-30 17:42:46.183   408  1560 D QCamera2HWI: int qcamera::QCamera2HardwareInterface::closeCamera(): X
01-30 17:42:46.183   408  1560 D QCamera2HWI: virtual qcamera::QCamera2HardwareInterface::~QCamera2HardwareInterface(): X
01-30 17:42:46.183   408  1560 D QCamera2HWI: [KPI Perf] static int qcamera::QCamera2HardwareInterface::close_camera_device(hw_device_t*): X
01-30 17:42:46.183   408  1560 E         : batterystats service unavailable!
01-30 17:42:46.183   408  1560 I CameraService: onTorchStatusChangedLocked: Torch status changed for cameraId=0, newStatus=1
01-30 17:42:46.183   408  1560 I CameraService: disconnect: Disconnected client for camera 1 for PID 15728
01-30 17:42:46.183   408  1557 D NuPlayerDriver: reset(0xb8c163c0)
01-30 17:42:46.183   408  1557 D NuPlayerDriver: notifyListener_l(0xb8c163c0), (8, 0, 0)
01-30 17:42:46.183   408 17426 W AMessage: failed to post message as target looper for handler 0 is gone.
01-30 17:42:46.183   408 17426 D NuPlayerDriver: notifyResetComplete(0xb8c163c0)
01-30 17:42:46.183   408  1557 D NuPlayerDriver: reset(0xb8c1f078)
01-30 17:42:46.183   408  1557 D NuPlayerDriver: notifyListener_l(0xb8c1f078), (8, 0, 0)
01-30 17:42:46.183   408 17428 W AMessage: failed to post message as target looper for handler 0 is gone.
01-30 17:42:46.193   408 17428 D NuPlayerDriver: notifyResetComplete(0xb8c1f078)
01-30 17:42:46.193   408  1557 D NuPlayerDriver: reset(0xb8c26d78)
01-30 17:42:46.193   408  1557 D NuPlayerDriver: notifyListener_l(0xb8c26d78), (8, 0, 0)
01-30 17:42:46.193   408 17430 W AMessage: failed to post message as target looper for handler 0 is gone.
01-30 17:42:46.193   408 17430 D NuPlayerDriver: notifyResetComplete(0xb8c26d78)
01-30 17:42:46.203   492 17556 D mm-camera: mct_pipeline_stop_session_thread thread_id is 17556
01-30 17:42:46.203   492 17556 D mm-camera: mct_pipeline_stop_session_thread: Stop module name: sensor - E
01-30 17:42:46.203   492 17557 D mm-camera: mct_pipeline_stop_session_thread thread_id is 17557
01-30 17:42:46.203   492 17557 D mm-camera: mct_pipeline_stop_session_thread: Stop module name: iface - E
01-30 17:42:46.203   492 17557 D mm-camera: mct_pipeline_stop_session_thread: Stop module name: iface - X
01-30 17:42:46.203   492 17558 D mm-camera: mct_pipeline_stop_session_thread thread_id is 17558
01-30 17:42:46.203   492 17558 D mm-camera: mct_pipeline_stop_session_thread: Stop module name: isp - E
01-30 17:42:45.1255   492 17558 I KERNEL  : [ 6911.537057] msm_isp_close_node: halt timeout rc=0
01-30 17:42:46.203   492 17559 D mm-camera: mct_pipeline_stop_session_thread thread_id is 17559
01-30 17:42:46.203   492 17558 E         : dmlroc_deinit
01-30 17:42:46.203   492 17558 D mm-camera: mct_pipeline_stop_session_thread: Stop module name: isp - X
01-30 17:42:46.203   492 17559 D mm-camera: mct_pipeline_stop_session_thread: Stop module name: stats - E
01-30 17:42:46.203   492 17559 D mm-camera: gyro_port_deinit , Enter 
01-30 17:42:46.203   492 17559 D mm-camera: gyro_port_deinit:Deinit Gyro port
01-30 17:42:46.203   492 17559 E mm-camera: gyro_port_deinit: Error in android Deinit
01-30 17:42:46.203   492 17559 D mm-camera: gyro_port_deinit , EXIT 
01-30 17:42:46.203   492 17559 D mm-camera: mct_pipeline_stop_session_thread: Stop module name: stats - X
01-30 17:42:46.203   492 17560 D mm-camera: mct_pipeline_stop_session_thread thread_id is 17560
01-30 17:42:46.203   492 17560 D mm-camera: mct_pipeline_stop_session_thread: Stop module name: pproc - E
01-30 17:42:46.203   492 17560 D mm-camera: c2d_module_stop_session:444, info: stopping session 2 ...
01-30 17:42:46.203   492 17439 D mm-camera: c2d_thread_process_pipe_message:793, C2D_THREAD_MSG_ABORT: c2d_thread exiting..
01-30 17:42:46.203   492 17560 D mm-camera: c2d_module_stop_session:488, info: session 2 stopped.
01-30 17:42:46.203   492 17560 D mm-camera: mct_pipeline_stop_session_thread: Stop module name: pproc - X
01-30 17:42:46.203   492 17561 D mm-camera: mct_pipeline_stop_session_thread thread_id is 17561
01-30 17:42:46.203   492   492 E mm-camera: mct_pipeline_stop_session: left modules: 5
01-30 17:42:46.203   492   492 E mm-camera: mct_pipeline_stop_session: left modules: 4
01-30 17:42:46.203   492   492 E mm-camera: mct_pipeline_stop_session: left modules: 3
01-30 17:42:46.203   492   492 E mm-camera: mct_pipeline_stop_session: left modules: 2
01-30 17:42:46.203   492 17561 D mm-camera: mct_pipeline_stop_session_thread: Stop module name: imglib - E
01-30 17:42:46.203   492 17561 D mm-camera: mct_pipeline_stop_session_thread: Stop module name: imglib - X
01-30 17:42:46.203   492   492 E mm-camera: mct_pipeline_stop_session: left modules: 1
01-30 17:42:46.213   492 17556 D mm-camera: mct_pipeline_stop_session_thread: Stop module name: sensor - X
01-30 17:42:46.213   492 17446 E mm-camera: Got some events
01-30 17:42:45.1265   492 17556 I KERNEL  : [ 6911.547381] msm_camera_config_single_vreg can't disable cam_vio
01-30 17:42:45.1265   492 17556 I KERNEL  : [ 6911.547474] msm_sensor_config:1348 sensor state 0
01-30 17:42:46.213   492   492 E mm-camera: mct_pipeline_stop_session: left modules: 0
01-30 17:42:46.213   492   492 D mm-camera: mct_pipeline_stop_session - X
01-30 17:42:46.273 15728 15728 W MobiFace: [JavaScript Warning: "Expected color but found '#\30 0bcd452'.  Error in parsing value for 'background-color'.  Declaration dropped." {file: "app://2ec57ac3-eee0-41a3-9d3f-e1b3e29e617f/css/matchresult.css" line: 61 column: 22 source: "    background-color: #00bcd452;"}]
01-30 17:42:46.533 15728 15728 I MobiFace: Content JS LOG: On Load getting called for matchresult! 
01-30 17:42:46.533 15728 15728 I MobiFace:     at <anonymous> (app://2ec57ac3-eee0-41a3-9d3f-e1b3e29e617f/js/matchresultusingtoken.js:24:5)
01-30 17:42:46.563 15728 15728 I FocusManager: -> focus is now on, NULL, tag: , id: , class: 
01-30 17:42:45.1650     1     1 I KERNEL  : [ 6911.932880] init: Starting service 'updater-daemon'...
01-30 17:42:45.1685     1     1 I KERNEL  : [ 6911.967864] init: Service 'updater-daemon' (pid 17563) exited with status 127
01-30 17:42:45.1685     1     1 I KERNEL  : [ 6911.967939] init: Service 'updater-daemon' (pid 17563) killing any children in process group
01-30 17:42:46.753 15728 15728 I MobiFace: Content JS LOG: File Exists, Reading the File Now /sdcard/Jio/LogsFile.txt 
01-30 17:42:46.753 15728 15728 I MobiFace:     at readFileFromSDCard/request.onsuccess (app://2ec57ac3-eee0-41a3-9d3f-e1b3e29e617f/js/util.js:65:9)
01-30 17:42:46.773 15728 15728 I MobiFace: Content JS LOG: ContentFromSDCard <br /><br /><br /><br /><br /><br /><br /><br /><br /><br /><br /><br /><br /><br /><br /><br /> 
01-30 17:42:46.773 15728 15728 I MobiFace:     at readFileFromSDCard/request.onsuccess/< (app://2ec57ac3-eee0-41a3-9d3f-e1b3e29e617f/js/util.js:69:13)
01-30 17:42:46.793   453   453 I Gecko   : DSF (parent) mtp-watcher-update: mStorageType 'sdcard' mStorageName 'sdcard' mRootDir '' mPath 'Jio/LogsFile.txt' mFile->GetPath '/data/usbmsc_mnt/Jio/LogsFile.txt'
01-30 17:42:46.793   453   453 I MozMtp  : Observe: mtp-watcher-update: file Jio/LogsFile.txt deleted
01-30 17:42:46.793   453   453 I Gecko   : DSF (parent) mtp-watcher-update: mStorageType 'sdcard' mStorageName 'sdcard' mRootDir '' mPath 'Jio/LogsFile.txt' mFile->GetPath '/data/usbmsc_mnt/Jio/LogsFile.txt'
01-30 17:42:46.793   453   453 I MozMtp  : Observe: mtp-watcher-update: file Jio/LogsFile.txt deleted
01-30 17:42:46.793 15728 15728 I MobiFace: Content JS LOG: finalContentToWrite 2020-1-30 17:42:46<br />Request: https://frdevicessit.jio.com:443/bioserver-app/v2/monitor<br /><br /><br /><br /><br /><br /><br /><br /><br /><br /><br /><br /><br /><br /><br /><br /><br /><br /> 
01-30 17:42:46.793 15728 15728 I MobiFace:     at readFileFromSDCard/request.onsuccess/< (app://2ec57ac3-eee0-41a3-9d3f-e1b3e29e617f/js/util.js:84:17)
01-30 17:42:46.793   453 17264 I MozMtp  : MtpWatcherUpdate: file /data/usbmsc_mnt/Jio/LogsFile.txt deleted
01-30 17:42:46.793   453 17264 I MozMtp  : MtpWatcherUpdate: About to call sendObjectRemoved Handle 0x00000031 file /data/usbmsc_mnt/Jio/LogsFile.txt
01-30 17:42:46.793   453 17265 I MozMtp  : MtpWatcherUpdate: file /data/usbmsc_mnt/Jio/LogsFile.txt deleted
01-30 17:42:46.793 15728 15728 I MobiFace: Content JS LOG: File deleted 
01-30 17:42:46.793 15728 15728 I MobiFace:     at deleteFileFromSDCard/request.onsuccess (app://2ec57ac3-eee0-41a3-9d3f-e1b3e29e617f/js/util.js:14:9)
01-30 17:42:46.803   453   453 I Gecko   : DSF (parent) mtp-watcher-update: mStorageType 'sdcard' mStorageName 'sdcard' mRootDir '' mPath 'Jio/LogsFile.txt' mFile->GetPath '/data/usbmsc_mnt/Jio/LogsFile.txt'
01-30 17:42:46.803   453   453 I MozMtp  : Observe: mtp-watcher-update: file Jio/LogsFile.txt modified
01-30 17:42:46.803   453   453 I Gecko   : DSF (parent) mtp-watcher-update: mStorageType 'sdcard' mStorageName 'sdcard' mRootDir '' mPath 'Jio/LogsFile.txt' mFile->GetPath '/data/usbmsc_mnt/Jio/LogsFile.txt'
01-30 17:42:46.803   453   453 I MozMtp  : Observe: mtp-watcher-update: file Jio/LogsFile.txt modified
01-30 17:42:46.803   453 17264 I MozMtp  : MtpWatcherUpdate: file /data/usbmsc_mnt/Jio/LogsFile.txt modified
01-30 17:42:46.803   453 17264 I MozMtp  : CreateEntryForFileAndNotify: About to call sendObjectAdded Handle 0x00000033 file /data/usbmsc_mnt/Jio/LogsFile.txt
01-30 17:42:46.803   453 17265 I MozMtp  : MtpWatcherUpdate: file /data/usbmsc_mnt/Jio/LogsFile.txt modified
01-30 17:42:46.813   453 13560 I MozMtp  : getObjectInfo: Handle: 0x00000033 Display:'LogsFile.txt' Object:'LogsFile.txt'
01-30 17:42:46.813   453 13560 I MozMtp  : getObjectInfo: aInfo.mDateCreated = 1580386366 entry->mDateCreated = 1580386366
01-30 17:42:46.813   453 13560 I MozMtp  : getObjectInfo: aInfo.mDateModified = 1580386366 entry->mDateModified = 1580386366
01-30 17:42:46.813   453 13560 I MozMtp  : getSupportedObjectProperties: 
01-30 17:42:46.813   453 13560 I MozMtp  : getObjectPropertyValue: Handle: 0x00000033 'LogsFile.txt' Property: MTP_PROPERTY_OBJECT_SIZE 0x0000dc04
01-30 17:42:46.813 15728 15728 I MobiFace: Content JS LOG: File/sdcard/Jio/LogsFile.txt" successfully wrote on the sdcard storage area 
01-30 17:42:46.813 15728 15728 I MobiFace:     at writeFileToSDCard/request.onsuccess (app://2ec57ac3-eee0-41a3-9d3f-e1b3e29e617f/js/util.js:49:9)
01-30 17:42:48.453 15728 15728 I MobiFace: Content JS LOG: [object Object] 
01-30 17:42:48.453 15728 15728 I MobiFace:     at hitMonitorService/< (app://2ec57ac3-eee0-41a3-9d3f-e1b3e29e617f/js/matchresultusingtoken.js:106:13)
01-30 17:42:48.463 15728 15728 I MobiFace: Content JS LOG: File Exists, Reading the File Now /sdcard/Jio/LogsFile.txt 
01-30 17:42:48.463 15728 15728 I MobiFace:     at readFileFromSDCard/request.onsuccess (app://2ec57ac3-eee0-41a3-9d3f-e1b3e29e617f/js/util.js:65:9)
01-30 17:42:48.473 15728 15728 I MobiFace: Content JS LOG: ContentFromSDCard 2020-1-30 17:42:46<br />Request: https://frdevicessit.jio.com:443/bioserver-app/v2/monitor<br /><br /><br /><br /><br /><br /><br /><br /><br /><br /><br /><br /><br /><br /><br /><br /><br /><br /> 
01-30 17:42:48.473 15728 15728 I MobiFace:     at readFileFromSDCard/request.onsuccess/< (app://2ec57ac3-eee0-41a3-9d3f-e1b3e29e617f/js/util.js:69:13)
01-30 17:42:48.473   453   453 I Gecko   : DSF (parent) mtp-watcher-update: mStorageType 'sdcard' mStorageName 'sdcard' mRootDir '' mPath 'Jio/LogsFile.txt' mFile->GetPath '/data/usbmsc_mnt/Jio/LogsFile.txt'
01-30 17:42:48.473   453   453 I MozMtp  : Observe: mtp-watcher-update: file Jio/LogsFile.txt deleted
01-30 17:42:48.473   453   453 I Gecko   : DSF (parent) mtp-watcher-update: mStorageType 'sdcard' mStorageName 'sdcard' mRootDir '' mPath 'Jio/LogsFile.txt' mFile->GetPath '/data/usbmsc_mnt/Jio/LogsFile.txt'
01-30 17:42:48.473   453   453 I MozMtp  : Observe: mtp-watcher-update: file Jio/LogsFile.txt deleted
01-30 17:42:48.473   453 17264 I MozMtp  : MtpWatcherUpdate: file /data/usbmsc_mnt/Jio/LogsFile.txt deleted
01-30 17:42:48.473   453 17264 I MozMtp  : MtpWatcherUpdate: About to call sendObjectRemoved Handle 0x00000033 file /data/usbmsc_mnt/Jio/LogsFile.txt
01-30 17:42:48.473   453 17265 I MozMtp  : MtpWatcherUpdate: file /data/usbmsc_mnt/Jio/LogsFile.txt deleted
01-30 17:42:48.473 15728 15728 I MobiFace: Content JS LOG: finalContentToWrite 2020-1-30 17:42:48<br />Response: OK<br />2020-1-30 17:42:46<br />Request: https://frdevicessit.jio.com:443/bioserver-app/v2/monitor<br /><br /><br /><br /><br /><br /><br /><br /><br /><br /><br /><br /><br /><br /><br /><br /><br /><br /><br /> 
01-30 17:42:48.473 15728 15728 I MobiFace:     at readFileFromSDCard/request.onsuccess/< (app://2ec57ac3-eee0-41a3-9d3f-e1b3e29e617f/js/util.js:84:17)
01-30 17:42:48.483   453   453 I Gecko   : DSF (parent) mtp-watcher-update: mStorageType 'sdcard' mStorageName 'sdcard' mRootDir '' mPath 'Jio/LogsFile.txt' mFile->GetPath '/data/usbmsc_mnt/Jio/LogsFile.txt'
01-30 17:42:48.483   453   453 I MozMtp  : Observe: mtp-watcher-update: file Jio/LogsFile.txt modified
01-30 17:42:48.483   453 17264 I MozMtp  : MtpWatcherUpdate: file /data/usbmsc_mnt/Jio/LogsFile.txt modified
01-30 17:42:48.483   453   453 I Gecko   : DSF (parent) mtp-watcher-update: mStorageType 'sdcard' mStorageName 'sdcard' mRootDir '' mPath 'Jio/LogsFile.txt' mFile->GetPath '/data/usbmsc_mnt/Jio/LogsFile.txt'
01-30 17:42:48.483   453   453 I MozMtp  : Observe: mtp-watcher-update: file Jio/LogsFile.txt modified
01-30 17:42:48.483   453 17264 I MozMtp  : CreateEntryForFileAndNotify: About to call sendObjectAdded Handle 0x00000034 file /data/usbmsc_mnt/Jio/LogsFile.txt
01-30 17:42:48.483   453 17265 I MozMtp  : MtpWatcherUpdate: file /data/usbmsc_mnt/Jio/LogsFile.txt modified
01-30 17:42:48.483   453 13560 I MozMtp  : getObjectInfo: Handle: 0x00000034 Display:'LogsFile.txt' Object:'LogsFile.txt'
01-30 17:42:48.483   453 13560 I MozMtp  : getObjectInfo: aInfo.mDateCreated = 1580386368 entry->mDateCreated = 1580386368
01-30 17:42:48.483   453 13560 I MozMtp  : getObjectInfo: aInfo.mDateModified = 1580386368 entry->mDateModified = 1580386368
01-30 17:42:48.483   453 13560 I MozMtp  : getSupportedObjectProperties: 
01-30 17:42:48.483   453 13560 I MozMtp  : getObjectPropertyValue: Handle: 0x00000034 'LogsFile.txt' Property: MTP_PROPERTY_OBJECT_SIZE 0x0000dc04
01-30 17:42:48.483 15728 15728 I MobiFace: Content JS LOG: File deleted 
01-30 17:42:48.483 15728 15728 I MobiFace:     at deleteFileFromSDCard/request.onsuccess (app://2ec57ac3-eee0-41a3-9d3f-e1b3e29e617f/js/util.js:14:9)
01-30 17:42:48.493 15728 15728 I MobiFace: Content JS LOG: File/sdcard/Jio/LogsFile.txt" successfully wrote on the sdcard storage area 
01-30 17:42:48.493 15728 15728 I MobiFace:     at writeFileToSDCard/request.onsuccess (app://2ec57ac3-eee0-41a3-9d3f-e1b3e29e617f/js/util.js:49:9)
01-30 17:42:48.543  2227  2227 E sdcard  : missing packages.list; retrying
01-30 17:42:48.553 15728 15728 I MobiFace: Content JS LOG: File Exists, Reading the File Now /sdcard/Jio/LogsFile.txt 
01-30 17:42:48.553 15728 15728 I MobiFace:     at readFileFromSDCard/request.onsuccess (app://2ec57ac3-eee0-41a3-9d3f-e1b3e29e617f/js/util.js:65:9)
01-30 17:42:48.563 15728 15728 I MobiFace: Content JS LOG: ContentFromSDCard 2020-1-30 17:42:48<br />Response: OK<br />2020-1-30 17:42:46<br />Request: https://frdevicessit.jio.com:443/bioserver-app/v2/monitor<br /><br /><br /><br /><br /><br /><br /><br /><br /><br /><br /><br /><br /><br /><br /><br /><br /><br /><br /> 
01-30 17:42:48.563 15728 15728 I MobiFace:     at readFileFromSDCard/request.onsuccess/< (app://2ec57ac3-eee0-41a3-9d3f-e1b3e29e617f/js/util.js:69:13)
01-30 17:42:48.573 15728 15728 I MobiFace: Content JS LOG: finalContentToWrite 2020-1-30 17:42:48<br />Request: https://frdevicessit.jio.com:443/token-app/v1/authentication</br><br />2020-1-30 17:42:48<br />Response: OK<br />2020-1-30 17:42:46<br />Request: https://frdevicessit.jio.com:443/bioserver-app/v2/monitor<br /><br /><br /><br /><br /><br /><br /><br /><br /><br /><br /><br /><br /><br /><br /><br /><br /><br /><br /><br /> 
01-30 17:42:48.573 15728 15728 I MobiFace:     at readFileFromSDCard/request.onsuccess/< (app://2ec57ac3-eee0-41a3-9d3f-e1b3e29e617f/js/util.js:84:17)
01-30 17:42:48.573   453   453 I Gecko   : DSF (parent) mtp-watcher-update: mStorageType 'sdcard' mStorageName 'sdcard' mRootDir '' mPath 'Jio/LogsFile.txt' mFile->GetPath '/data/usbmsc_mnt/Jio/LogsFile.txt'
01-30 17:42:48.573   453   453 I MozMtp  : Observe: mtp-watcher-update: file Jio/LogsFile.txt deleted
01-30 17:42:48.573   453 17264 I MozMtp  : MtpWatcherUpdate: file /data/usbmsc_mnt/Jio/LogsFile.txt deleted
01-30 17:42:48.573   453 17264 I MozMtp  : MtpWatcherUpdate: About to call sendObjectRemoved Handle 0x00000034 file /data/usbmsc_mnt/Jio/LogsFile.txt
01-30 17:42:48.583   453   453 I Gecko   : DSF (parent) mtp-watcher-update: mStorageType 'sdcard' mStorageName 'sdcard' mRootDir '' mPath 'Jio/LogsFile.txt' mFile->GetPath '/data/usbmsc_mnt/Jio/LogsFile.txt'
01-30 17:42:48.583   453   453 I MozMtp  : Observe: mtp-watcher-update: file Jio/LogsFile.txt deleted
01-30 17:42:48.583   453 17265 I MozMtp  : MtpWatcherUpdate: file /data/usbmsc_mnt/Jio/LogsFile.txt deleted
01-30 17:42:48.583   453   453 I Gecko   : DSF (parent) mtp-watcher-update: mStorageType 'sdcard' mStorageName 'sdcard' mRootDir '' mPath 'Jio/LogsFile.txt' mFile->GetPath '/data/usbmsc_mnt/Jio/LogsFile.txt'
01-30 17:42:48.583   453   453 I MozMtp  : Observe: mtp-watcher-update: file Jio/LogsFile.txt modified
01-30 17:42:48.583   453   453 I Gecko   : DSF (parent) mtp-watcher-update: mStorageType 'sdcard' mStorageName 'sdcard' mRootDir '' mPath 'Jio/LogsFile.txt' mFile->GetPath '/data/usbmsc_mnt/Jio/LogsFile.txt'
01-30 17:42:48.583   453   453 I MozMtp  : Observe: mtp-watcher-update: file Jio/LogsFile.txt modified
01-30 17:42:48.583   453 17264 I MozMtp  : MtpWatcherUpdate: file /data/usbmsc_mnt/Jio/LogsFile.txt modified
01-30 17:42:48.583   453 17264 I MozMtp  : CreateEntryForFileAndNotify: About to call sendObjectAdded Handle 0x00000035 file /data/usbmsc_mnt/Jio/LogsFile.txt
01-30 17:42:48.583   453 17265 I MozMtp  : MtpWatcherUpdate: file /data/usbmsc_mnt/Jio/LogsFile.txt modified
01-30 17:42:48.583 15728 15728 I MobiFace: Content JS LOG: File deleted 
01-30 17:42:48.583 15728 15728 I MobiFace:     at deleteFileFromSDCard/request.onsuccess (app://2ec57ac3-eee0-41a3-9d3f-e1b3e29e617f/js/util.js:14:9)
01-30 17:42:48.583   453 13560 I MozMtp  : getObjectInfo: Handle: 0x00000035 Display:'LogsFile.txt' Object:'LogsFile.txt'
01-30 17:42:48.583   453 13560 I MozMtp  : getObjectInfo: aInfo.mDateCreated = 1580386368 entry->mDateCreated = 1580386368
01-30 17:42:48.583   453 13560 I MozMtp  : getObjectInfo: aInfo.mDateModified = 1580386368 entry->mDateModified = 1580386368
01-30 17:42:48.583   453 13560 I MozMtp  : getSupportedObjectProperties: 
01-30 17:42:48.583   453 13560 I MozMtp  : getObjectPropertyValue: Handle: 0x00000035 'LogsFile.txt' Property: MTP_PROPERTY_OBJECT_SIZE 0x0000dc04
01-30 17:42:48.593 15728 15728 I MobiFace: Content JS LOG: File/sdcard/Jio/LogsFile.txt" successfully wrote on the sdcard storage area 
01-30 17:42:48.593 15728 15728 I MobiFace:     at writeFileToSDCard/request.onsuccess (app://2ec57ac3-eee0-41a3-9d3f-e1b3e29e617f/js/util.js:49:9)
01-30 17:42:48.653  5463  5463 D wpa_supplicant: wlan0: Control interface command 'SIGNAL_POLL'
01-30 17:42:47.1711  5453  5453 I KERNEL  : [ 6913.993877] [17:42:48.668263] [0000001EEB77E79D] [VosWD]  wlan: [E :VOS] VosWDThread: Waiting for active entry points to exit
01-30 17:42:48.663  5463  5463 D wpa_supplicant: CTRL-DEBUG: global_ctrl_sock-sendto: sock=11 sndbuf=163840 outq=0 send_len=48
01-30 17:42:48.723 15728 15728 I MobiFace: Content JS LOG: responseJson [object Object] 
01-30 17:42:48.723 15728 15728 I MobiFace:     at hitTokenService/< (app://2ec57ac3-eee0-41a3-9d3f-e1b3e29e617f/js/matchresultusingtoken.js:142:13)
01-30 17:42:48.853 15728 15728 I MobiFace: Content JS LOG: File Exists, Reading the File Now /sdcard/Jio/LogsFile.txt 
01-30 17:42:48.853 15728 15728 I MobiFace:     at readFileFromSDCard/request.onsuccess (app://2ec57ac3-eee0-41a3-9d3f-e1b3e29e617f/js/util.js:65:9)
01-30 17:42:48.853 15728 15728 I MobiFace: Content JS LOG: File Exists, Reading the File Now /sdcard/Jio/LogsFile.txt 
