--------- beginning of system
01-11 10:40:01.999   225   225 I vold    : Vold 3.0 (the awakening) firing up
01-11 10:40:02.009   225   225 V vold    : Detected support for: ext4 vfat
01-11 10:40:04.519   418   418 I irsc_util: Starting irsc tool
01-11 10:40:04.589   418   418 I irsc_util: Num of entries:284
01-11 10:40:04.639   418   418 I irsc_util: Ending irsc tool
01-11 10:40:13.519   225   235 V vold    : Waiting for FUSE to spin up...
01-11 10:40:13.569   225   235 V vold    : Waiting for FUSE to spin up...
01-11 10:40:13.619   225   235 V vold    : Waiting for FUSE to spin up...
01-11 10:40:13.669   225   235 D vold    : Linking /storage/emulated/0 to /mnt/user/0/primary
01-11 10:40:15.399   453   453 I Gecko   : ============ KaiOS device information ============
01-11 10:40:15.399   453   453 I Gecko   : Build UID         = 
01-11 10:40:15.399   453   453 I Gecko   : Build Description = msm8909_512-userdebug 6.0.1 MMB29M eng.mars.20191213.155739 dev-keys
01-11 10:40:15.399   453   453 I Gecko   : Bootloader        = unknown
01-11 10:40:15.399   453   453 I Gecko   : OS Version        = KaiOS 2.5
01-11 10:40:15.399   453   453 I Gecko   : ==================================================
01-30 15:48:34.867  2080  5008 E NetlinkEvent: Unknown ifindex 24 in RTM_DELADDR
01-30 17:32:12.473  2080  5008 E NetlinkEvent: Unknown ifindex 25 in RTM_DELADDR
--------- beginning of main
01-30 17:42:18.743 15728 17234 D FrServiceClient:  DEBUG - mobiFace_getState no capture pending
01-30 17:42:18.743 15728 15728 I GeckoDump: Got analysisResult:0
01-30 17:42:18.743 15728 15728 I GeckoDump: Got analysisInfo:0
01-30 17:42:18.743 15728 15728 I GeckoDump: Got matchScore0
01-30 17:42:18.743 15728 15728 I GeckoDump: Got payload is null
01-30 17:42:18.743 15728 15728 I GeckoDump: Got faceanalysisresults!288
01-30 17:42:18.743 15728 15728 I GeckoDump: Got faceanalysisresults!352
01-30 17:42:18.743 15728 15728 I GeckoDump: Got faceanalysisresults!4
01-30 17:42:18.743 15728 15728 I GeckoDump: Got faceanalysisresults![object Blob]
01-30 17:42:18.743 15728 15728 I GeckoDump: Got analysisResult:0
01-30 17:42:18.753 15728 15728 I GeckoDump: Got analysisInfo:0
01-30 17:42:18.753 15728 15728 I GeckoDump: Got matchScore0
01-30 17:42:18.753 15728 15728 I GeckoDump: Got payload is null
01-30 17:42:18.753 15728 15728 I GeckoDump: Got faceanalysisresults!288
01-30 17:42:18.753 15728 15728 I GeckoDump: Got faceanalysisresults!352
01-30 17:42:18.753 15728 15728 I GeckoDump: Got faceanalysisresults!4
01-30 17:42:18.753 15728 15728 I GeckoDump: Got faceanalysisresults![object Blob]
01-30 17:42:18.753 15728 15728 I MobiFace: Content JS LOG: File/sdcard/Jio/BestImage.bmp" successfully wrote on the sdcard storage area 
01-30 17:42:18.753 15728 15728 I MobiFace:     at startFaceRecognition/</</</requestDelete.onsuccess/request.onsuccess (app://2ec57ac3-eee0-41a3-9d3f-e1b3e29e617f/js/livenesschallenge.js:203:49)
01-30 17:42:18.753 15728 15728 I MobiFace: Content JS LOG: Best Image Deleted 
01-30 17:42:18.753 15728 15728 I MobiFace:     at startFaceRecognition/</</</requestDelete.onsuccess (app://2ec57ac3-eee0-41a3-9d3f-e1b3e29e617f/js/livenesschallenge.js:192:45)
01-30 17:42:18.753 15728 15728 I GeckoDump: BestImage length = 921654
01-30 17:42:18.753 15728 15728 I GeckoDump: BestImage:
01-30 17:42:18.763   492 17150 E mm-camera: c2d_thread_handle_process_buf_event:190 input buf index 6
01-30 17:42:18.763   492 17150 E mm-camera: c2d_thread_handle_process_buf_event:207 input vaddr b3406000
01-30 17:42:18.773   492 17188 E AEC_PORT: aec_port_save_update:real_gain:1.000000 linecnt:730 exp_idx:223 cur_luma:0 led_est:1079033429
01-30 17:42:18.773 15728 17234 D FrServiceClient:  DEBUG - tiem taken: 36.000000
01-30 17:42:18.773 15728 17234 D FrServiceClient:  DEBUG - IdemiaFrServiceImpl::StartFaceAnalysis: FrServiceClient term
01-30 17:42:18.773 15728 17234 D FrServiceClient:  DEBUG - mobiFace_getState no capture pending
01-30 17:42:18.793 15728 15728 I MobiFace: Content JS LOG: Best Image Deleted 
01-30 17:42:18.793 15728 15728 I MobiFace:     at startFaceRecognition/</</</requestDelete.onsuccess (app://2ec57ac3-eee0-41a3-9d3f-e1b3e29e617f/js/livenesschallenge.js:192:45)
01-30 17:42:18.793 15728 15728 I GeckoDump: BestImage length = 921654
01-30 17:42:18.793 15728 15728 I GeckoDump: BestImage:
01-30 17:42:18.803   492 17150 E mm-camera: c2d_thread_handle_process_buf_event:190 input buf index 4
01-30 17:42:18.803   492 17150 E mm-camera: c2d_thread_handle_process_buf_event:207 input vaddr b34e8000
01-30 17:42:18.813   492 17146 E         : dmlroc_entry  entering dmlroc_entry
01-30 17:42:18.823 15728 15728 I GeckoDump: Got analysisResult:0
01-30 17:42:18.823 15728 15728 I GeckoDump: Got analysisInfo:0
01-30 17:42:18.823 15728 15728 I GeckoDump: Got matchScore0
01-30 17:42:18.823 15728 15728 I GeckoDump: Got payload is null
01-30 17:42:18.823 15728 15728 I GeckoDump: Got faceanalysisresults!288
01-30 17:42:18.823 15728 15728 I GeckoDump: Got faceanalysisresults!352
01-30 17:42:18.823 15728 15728 I GeckoDump: Got faceanalysisresults!4
01-30 17:42:18.823 15728 15728 I GeckoDump: Got faceanalysisresults![object Blob]
01-30 17:42:18.843 15728 17234 D FrServiceClient:  DEBUG - tiem taken: 36.000000
01-30 17:42:18.843 15728 17234 D FrServiceClient:  DEBUG - IdemiaFrServiceImpl::StartFaceAnalysis: FrServiceClient term
01-30 17:42:18.843 15728 17234 D FrServiceClient:  DEBUG - mobiFace_getState no capture pending
01-30 17:42:18.853   492 17188 E AEC_PORT: aec_port_save_update:real_gain:1.000000 linecnt:730 exp_idx:223 cur_luma:1610612736 led_est:1079033688
01-30 17:42:18.853   492 17150 E mm-camera: c2d_thread_handle_process_buf_event:190 input buf index 5
01-30 17:42:18.853   492 17150 E mm-camera: c2d_thread_handle_process_buf_event:207 input vaddr b3477000
01-30 17:42:18.863   453   453 I Gecko   : DSF (parent) mtp-watcher-update: mStorageType 'pictures' mStorageName 'sdcard' mRootDir '' mPath 'Jio/BestImage.bmp' mFile->GetPath '/data/usbmsc_mnt/Jio/BestImage.bmp'
01-30 17:42:18.863   453   453 I MozMtp  : Observe: mtp-watcher-update: file Jio/BestImage.bmp modified
01-30 17:42:18.863   453   453 I Gecko   : DSF (parent) mtp-watcher-update: mStorageType 'pictures' mStorageName 'sdcard' mRootDir '' mPath 'Jio/BestImage.bmp' mFile->GetPath '/data/usbmsc_mnt/Jio/BestImage.bmp'
01-30 17:42:18.863   453   453 I MozMtp  : Observe: mtp-watcher-update: file Jio/BestImage.bmp modified
01-30 17:42:18.863   453 17264 I MozMtp  : MtpWatcherUpdate: file /data/usbmsc_mnt/Jio/BestImage.bmp modified
01-30 17:42:18.863   453 17265 I MozMtp  : MtpWatcherUpdate: file /data/usbmsc_mnt/Jio/BestImage.bmp modified
01-30 17:42:18.863   453 17264 I MozMtp  : CreateEntryForFileAndNotify: About to call sendObjectAdded Handle 0x0000002d file /data/usbmsc_mnt/Jio/BestImage.bmp
01-30 17:42:18.863   453 13560 I MozMtp  : getObjectInfo: Handle: 0x0000002d Display:'BestImage.bmp' Object:'BestImage.bmp'
01-30 17:42:18.863   453 13560 I MozMtp  : getObjectInfo: aInfo.mDateCreated = 1580386338 entry->mDateCreated = 1580386338
01-30 17:42:18.863   453 13560 I MozMtp  : getObjectInfo: aInfo.mDateModified = 1580386338 entry->mDateModified = 1580386338
01-30 17:42:18.863   453 13560 I MozMtp  : getSupportedObjectProperties: 
01-30 17:42:18.863   453 13560 I MozMtp  : getObjectPropertyValue: Handle: 0x0000002d 'BestImage.bmp' Property: MTP_PROPERTY_OBJECT_SIZE 0x0000dc04
01-30 17:42:18.883 15728 17234 D FrServiceClient:  DEBUG - tiem taken: 36.000000
01-30 17:42:18.883 15728 17234 D FrServiceClient:  DEBUG - IdemiaFrServiceImpl::StartFaceAnalysis: FrServiceClient term
01-30 17:42:18.883 15728 17234 D FrServiceClient:  DEBUG - mobiFace_getState no capture pending
01-30 17:42:18.903   492 17188 E AEC_PORT: aec_port_save_update:real_gain:1.000000 linecnt:730 exp_idx:223 cur_luma:-536870912 led_est:1079037478
01-30 17:42:18.903   492 17150 E mm-camera: c2d_thread_handle_process_buf_event:190 input buf index 6
01-30 17:42:18.903   492 17150 E mm-camera: c2d_thread_handle_process_buf_event:207 input vaddr b3406000
01-30 17:42:18.923 15728 17234 D FrServiceClient:  DEBUG - tiem taken: 36.000000
01-30 17:42:18.923 15728 17234 D FrServiceClient:  DEBUG - IdemiaFrServiceImpl::StartFaceAnalysis: FrServiceClient term
01-30 17:42:18.923 15728 17234 D FrServiceClient:  DEBUG - mobiFace_getState no capture pending
01-30 17:42:18.953   492 17188 E AEC_PORT: aec_port_save_update:real_gain:1.000000 linecnt:730 exp_idx:223 cur_luma:-536870912 led_est:1079037230
01-30 17:42:18.953   492 17150 E mm-camera: c2d_thread_handle_process_buf_event:190 input buf index 4
01-30 17:42:18.953   492 17150 E mm-camera: c2d_thread_handle_process_buf_event:207 input vaddr b34e8000
01-30 17:42:18.973 15728 17234 D FrServiceClient:  DEBUG - tiem taken: 36.000000
01-30 17:42:18.973 15728 17234 D FrServiceClient:  DEBUG - IdemiaFrServiceImpl::StartFaceAnalysis: FrServiceClient term
01-30 17:42:18.973 15728 17234 D FrServiceClient:  DEBUG - mobiFace_getState no capture pending
01-30 17:42:19.003   492 17150 E mm-camera: c2d_thread_handle_process_buf_event:190 input buf index 5
01-30 17:42:19.003   492 17150 E mm-camera: c2d_thread_handle_process_buf_event:207 input vaddr b3477000
01-30 17:42:19.003   492 17188 E AEC_PORT: aec_port_save_update:real_gain:1.000000 linecnt:730 exp_idx:223 cur_luma:0 led_est:1079037729
01-30 17:42:19.013   453   453 I Gecko   : DSF (parent) mtp-watcher-update: mStorageType 'sdcard' mStorageName 'sdcard' mRootDir '' mPath 'Jio/BestImage.bmp' mFile->GetPath '/data/usbmsc_mnt/Jio/BestImage.bmp'
01-30 17:42:19.013   453   453 I MozMtp  : Observe: mtp-watcher-update: file Jio/BestImage.bmp deleted
01-30 17:42:19.013   453 17264 I MozMtp  : MtpWatcherUpdate: file /data/usbmsc_mnt/Jio/BestImage.bmp deleted
01-30 17:42:19.013   453 17264 I MozMtp  : MtpWatcherUpdate: About to call sendObjectRemoved Handle 0x0000002d file /data/usbmsc_mnt/Jio/BestImage.bmp
01-30 17:42:19.013   453   453 I Gecko   : DSF (parent) mtp-watcher-update: mStorageType 'sdcard' mStorageName 'sdcard' mRootDir '' mPath 'Jio/BestImage.bmp' mFile->GetPath '/data/usbmsc_mnt/Jio/BestImage.bmp'
01-30 17:42:19.013   453   453 I MozMtp  : Observe: mtp-watcher-update: file Jio/BestImage.bmp deleted
01-30 17:42:19.013   453 17265 I MozMtp  : MtpWatcherUpdate: file /data/usbmsc_mnt/Jio/BestImage.bmp deleted
01-30 17:42:19.033 15728 15728 W MobiFace: Content JS WARN: Unable to write the file: {"isTrusted":true} 
01-30 17:42:19.033 15728 15728 W MobiFace:     at startFaceRecognition/</</</requestDelete.onsuccess/request.onerror (app://2ec57ac3-eee0-41a3-9d3f-e1b3e29e617f/js/livenesschallenge.js:214:49)
01-30 17:42:19.033 15728 15728 I GeckoDump: Got analysisResult:0
01-30 17:42:19.033 15728 15728 I GeckoDump: Got analysisInfo:0
01-30 17:42:19.033 15728 15728 I GeckoDump: Got matchScore0
01-30 17:42:19.033 15728 15728 I GeckoDump: Got payload is null
01-30 17:42:19.033 15728 15728 I GeckoDump: Got faceanalysisresults!288
01-30 17:42:19.033 15728 15728 I GeckoDump: Got faceanalysisresults!352
01-30 17:42:19.033 15728 15728 I GeckoDump: Got faceanalysisresults!4
01-30 17:42:19.033 15728 15728 I GeckoDump: Got faceanalysisresults![object Blob]
01-30 17:42:19.043 15728 15728 I GeckoDump: Got analysisResult:0
01-30 17:42:19.043 15728 15728 I GeckoDump: Got analysisInfo:0
01-30 17:42:19.043 15728 15728 I GeckoDump: Got matchScore0
01-30 17:42:19.043 15728 15728 I GeckoDump: Got payload is null
01-30 17:42:19.043 15728 15728 I GeckoDump: Got faceanalysisresults!288
01-30 17:42:19.043 15728 15728 I GeckoDump: Got faceanalysisresults!352
01-30 17:42:19.043 15728 15728 I GeckoDump: Got faceanalysisresults!4
01-30 17:42:19.043 15728 15728 I GeckoDump: Got faceanalysisresults![object Blob]
01-30 17:42:19.053   492 17188 E AEC_PORT: aec_port_save_update:real_gain:1.000000 linecnt:730 exp_idx:223 cur_luma:0 led_est:1079037577
01-30 17:42:19.053   492 17150 E mm-camera: c2d_thread_handle_process_buf_event:190 input buf index 6
01-30 17:42:19.053   492 17150 E mm-camera: c2d_thread_handle_process_buf_event:207 input vaddr b3406000
01-30 17:42:19.053   425   558 D ThermalEngine: sensor_wait: case_therm Wait done.
01-30 17:42:19.053   425   558 D ThermalEngine: sensor_monitor: case_therm Reading 36000 .
01-30 17:42:19.053   425   558 I ThermalEngine: Sensor:case_therm:36000 mC
01-30 17:42:19.053   425   558 D ThermalEngine: update_active_thresh: case_therm Active(1), Hi(1) 40000, Lo(0) -2147483648, Interval(1) 5000
01-30 17:42:19.053   425   558 D ThermalEngine: sensor_monitor: case_therm Sensor wait.
01-30 17:42:19.053   425   558 D ThermalEngine: sensor_wait: case_therm Wait start. 5000ms
01-30 17:42:19.063 15728 15728 I MobiFace: Content JS LOG: File/sdcard/Jio/BestImage.bmp" successfully wrote on the sdcard storage area 
01-30 17:42:19.063 15728 15728 I MobiFace:     at startFaceRecognition/</</</requestDelete.onsuccess/request.onsuccess (app://2ec57ac3-eee0-41a3-9d3f-e1b3e29e617f/js/livenesschallenge.js:203:49)
01-30 17:42:19.073 15728 17234 D FrServiceClient:  DEBUG - tiem taken: 37.000000
01-30 17:42:19.073 15728 17234 D FrServiceClient:  DEBUG - IdemiaFrServiceImpl::StartFaceAnalysis: FrServiceClient term
01-30 17:42:19.073 15728 17234 D FrServiceClient:  DEBUG - mobiFace_getState no capture pending
01-30 17:42:19.073 15728 15728 I GeckoDump: Got analysisResult:0
01-30 17:42:19.073 15728 15728 I GeckoDump: Got analysisInfo:0
01-30 17:42:19.073 15728 15728 I GeckoDump: Got matchScore0
01-30 17:42:19.073 15728 15728 I GeckoDump: Got payload is null
01-30 17:42:19.073 15728 15728 I GeckoDump: Got faceanalysisresults!288
01-30 17:42:19.073 15728 15728 I GeckoDump: Got faceanalysisresults!352
01-30 17:42:19.073 15728 15728 I GeckoDump: Got faceanalysisresults!4
01-30 17:42:19.073 15728 15728 I GeckoDump: Got faceanalysisresults![object Blob]
01-30 17:42:19.073 15728 15728 I GeckoDump: Got analysisResult:0
01-30 17:42:19.073 15728 15728 I GeckoDump: Got analysisInfo:0
01-30 17:42:19.073 15728 15728 I GeckoDump: Got matchScore0
01-30 17:42:19.073 15728 15728 I GeckoDump: Got payload is null
01-30 17:42:19.073 15728 15728 I GeckoDump: Got faceanalysisresults!288
01-30 17:42:19.073 15728 15728 I GeckoDump: Got faceanalysisresults!352
01-30 17:42:19.073 15728 15728 I GeckoDump: Got faceanalysisresults!4
01-30 17:42:19.073 15728 15728 I GeckoDump: Got faceanalysisresults![object Blob]
01-30 17:42:19.083 15728 15728 I GeckoDump: Got analysisResult:0
01-30 17:42:19.083 15728 15728 I GeckoDump: Got analysisInfo:0
01-30 17:42:19.083 15728 15728 I GeckoDump: Got matchScore0
01-30 17:42:19.083 15728 15728 I GeckoDump: Got payload is null
01-30 17:42:19.083 15728 15728 I GeckoDump: Got faceanalysisresults!288
01-30 17:42:19.083 15728 15728 I GeckoDump: Got faceanalysisresults!352
01-30 17:42:19.083 15728 15728 I GeckoDump: Got faceanalysisresults!4
01-30 17:42:19.083 15728 15728 I GeckoDump: Got faceanalysisresults![object Blob]
01-30 17:42:19.093 15728 15728 I MobiFace: Content JS LOG: Best Image Deleted 
01-30 17:42:19.093 15728 15728 I MobiFace:     at startFaceRecognition/</</</requestDelete.onsuccess (app://2ec57ac3-eee0-41a3-9d3f-e1b3e29e617f/js/livenesschallenge.js:192:45)
01-30 17:42:19.093 15728 15728 I GeckoDump: BestImage length = 921654
01-30 17:42:19.093 15728 15728 I GeckoDump: BestImage:
01-30 17:42:19.093   492 17150 E mm-camera: c2d_thread_handle_process_buf_event:190 input buf index 4
01-30 17:42:19.093   492 17150 E mm-camera: c2d_thread_handle_process_buf_event:207 input vaddr b34e8000
01-30 17:42:19.093   492 17188 E AEC_PORT: aec_port_save_update:real_gain:1.000000 linecnt:730 exp_idx:223 cur_luma:536870912 led_est:1079036937
01-30 17:42:19.113 15728 15728 W MobiFace: Content JS WARN: Unable to write the file: {"isTrusted":true} 
01-30 17:42:19.113 15728 15728 W MobiFace:     at startFaceRecognition/</</</requestDelete.onsuccess/request.onerror (app://2ec57ac3-eee0-41a3-9d3f-e1b3e29e617f/js/livenesschallenge.js:214:49)
01-30 17:42:19.113 15728 17234 D FrServiceClient:  DEBUG - tiem taken: 37.000000
01-30 17:42:19.113 15728 17234 D FrServiceClient:  DEBUG - IdemiaFrServiceImpl::StartFaceAnalysis: FrServiceClient term
01-30 17:42:19.113 15728 17234 D FrServiceClient:  DEBUG - mobiFace_getState no capture pending
01-30 17:42:19.113 15728 15728 I GeckoDump: Got analysisResult:0
01-30 17:42:19.113 15728 15728 I GeckoDump: Got analysisInfo:0
01-30 17:42:19.113 15728 15728 I GeckoDump: Got matchScore0
01-30 17:42:19.113 15728 15728 I GeckoDump: Got payload is null
01-30 17:42:19.113 15728 15728 I GeckoDump: Got faceanalysisresults!288
01-30 17:42:19.113 15728 15728 I GeckoDump: Got faceanalysisresults!352
01-30 17:42:19.113 15728 15728 I GeckoDump: Got faceanalysisresults!4
01-30 17:42:19.113 15728 15728 I GeckoDump: Got faceanalysisresults![object Blob]
01-30 17:42:19.133 15728 15728 I MobiFace: Content JS LOG: Best Image Deleted 
01-30 17:42:19.133 15728 15728 I MobiFace:     at startFaceRecognition/</</</requestDelete.onsuccess (app://2ec57ac3-eee0-41a3-9d3f-e1b3e29e617f/js/livenesschallenge.js:192:45)
01-30 17:42:19.133 15728 15728 I GeckoDump: BestImage length = 921654
01-30 17:42:19.133 15728 15728 I GeckoDump: BestImage:
01-30 17:42:19.143   492 17188 E AEC_PORT: aec_port_save_update:real_gain:1.000000 linecnt:730 exp_idx:223 cur_luma:-1610612736 led_est:1079037214
01-30 17:42:19.143   492 17150 E mm-camera: c2d_thread_handle_process_buf_event:190 input buf index 5
01-30 17:42:19.143   492 17150 E mm-camera: c2d_thread_handle_process_buf_event:207 input vaddr b3477000
01-30 17:42:19.153 15728 15728 I GeckoDump: Got analysisResult:0
01-30 17:42:19.153 15728 15728 I GeckoDump: Got analysisInfo:0
01-30 17:42:19.153 15728 15728 I GeckoDump: Got matchScore0
01-30 17:42:19.153 15728 15728 I GeckoDump: Got payload is null
01-30 17:42:19.153 15728 15728 I GeckoDump: Got faceanalysisresults!288
01-30 17:42:19.153 15728 15728 I GeckoDump: Got faceanalysisresults!352
01-30 17:42:19.153 15728 15728 I GeckoDump: Got faceanalysisresults!4
01-30 17:42:19.153 15728 15728 I GeckoDump: Got faceanalysisresults![object Blob]
01-30 17:42:19.163 15728 17234 D FrServiceClient:  DEBUG - tiem taken: 37.000000
01-30 17:42:19.163 15728 17234 D FrServiceClient:  DEBUG - IdemiaFrServiceImpl::StartFaceAnalysis: FrServiceClient term
01-30 17:42:19.163 15728 17234 D FrServiceClient:  DEBUG - mobiFace_getState no capture pending
01-30 17:42:19.193   492 17150 E mm-camera: c2d_thread_handle_process_buf_event:190 input buf index 6
01-30 17:42:19.193   492 17150 E mm-camera: c2d_thread_handle_process_buf_event:207 input vaddr b3406000
01-30 17:42:19.193   492 17188 E AEC_PORT: aec_port_save_update:real_gain:1.000000 linecnt:730 exp_idx:223 cur_luma:536870912 led_est:1079037456
01-30 17:42:19.193 15728 15728 I GeckoDump: Got analysisResult:0
01-30 17:42:19.193 15728 15728 I GeckoDump: Got analysisInfo:0
01-30 17:42:19.193 15728 15728 I GeckoDump: Got matchScore0
01-30 17:42:19.193 15728 15728 I GeckoDump: Got payload is null
01-30 17:42:19.193 15728 15728 I GeckoDump: Got faceanalysisresults!288
01-30 17:42:19.193 15728 15728 I GeckoDump: Got faceanalysisresults!352
01-30 17:42:19.193 15728 15728 I GeckoDump: Got faceanalysisresults!4
01-30 17:42:19.193 15728 15728 I GeckoDump: Got faceanalysisresults![object Blob]
01-30 17:42:19.213 15728 17234 D FrServiceClient:  DEBUG - tiem taken: 37.000000
01-30 17:42:19.213 15728 17234 D FrServiceClient:  DEBUG - IdemiaFrServiceImpl::StartFaceAnalysis: FrServiceClient term
01-30 17:42:19.213 15728 17234 D FrServiceClient:  DEBUG - mobiFace_getState no capture pending
01-30 17:42:19.233 15728 15728 I MobiFace: Content JS LOG: Best Image Deleted 
01-30 17:42:19.233 15728 15728 I MobiFace:     at startFaceRecognition/</</</requestDelete.onsuccess (app://2ec57ac3-eee0-41a3-9d3f-e1b3e29e617f/js/livenesschallenge.js:192:45)
01-30 17:42:19.233 15728 15728 I GeckoDump: BestImage length = 921654
01-30 17:42:19.233 15728 15728 I GeckoDump: BestImage:
01-30 17:42:19.243   492 17150 E mm-camera: c2d_thread_handle_process_buf_event:190 input buf index 4
01-30 17:42:19.243   492 17150 E mm-camera: c2d_thread_handle_process_buf_event:207 input vaddr b34e8000
01-30 17:42:19.243   492 17188 E AEC_PORT: aec_port_save_update:real_gain:1.000000 linecnt:730 exp_idx:223 cur_luma:0 led_est:1079038082
01-30 17:42:19.263 15728 15728 I MobiFace: Content JS LOG: Best Image Deleted 
01-30 17:42:19.263 15728 15728 I MobiFace:     at startFaceRecognition/</</</requestDelete.onsuccess (app://2ec57ac3-eee0-41a3-9d3f-e1b3e29e617f/js/livenesschallenge.js:192:45)
01-30 17:42:19.263 15728 15728 I GeckoDump: BestImage length = 921654
01-30 17:42:19.263 15728 15728 I GeckoDump: BestImage:
01-30 17:42:19.273 15728 17234 D FrServiceClient:  DEBUG - tiem taken: 37.000000
01-30 17:42:19.273 15728 17234 D FrServiceClient:  DEBUG - IdemiaFrServiceImpl::StartFaceAnalysis: FrServiceClient term
01-30 17:42:19.273 15728 17234 D FrServiceClient:  DEBUG - mobiFace_getState no capture pending
01-30 17:42:19.283   492 17150 E mm-camera: c2d_thread_handle_process_buf_event:190 input buf index 5
01-30 17:42:19.283   492 17150 E mm-camera: c2d_thread_handle_process_buf_event:207 input vaddr b3477000
01-30 17:42:19.283   492 17146 E         : dmlroc_entry  entering dmlroc_entry
01-30 17:42:19.313 15728 17234 D FrServiceClient:  DEBUG - tiem taken: 37.000000
01-30 17:42:19.313 15728 17234 D FrServiceClient:  DEBUG - IdemiaFrServiceImpl::StartFaceAnalysis: FrServiceClient term
01-30 17:42:19.313 15728 17234 D FrServiceClient:  DEBUG - mobiFace_getState no capture pending
01-30 17:42:19.323   453   453 I Gecko   : DSF (parent) mtp-watcher-update: mStorageType 'pictures' mStorageName 'sdcard' mRootDir '' mPath 'Jio/BestImage.bmp' mFile->GetPath '/data/usbmsc_mnt/Jio/BestImage.bmp'
01-30 17:42:19.323   453   453 I MozMtp  : Observe: mtp-watcher-update: file Jio/BestImage.bmp modified
01-30 17:42:19.323   453   453 I Gecko   : DSF (parent) mtp-watcher-update: mStorageType 'pictures' mStorageName 'sdcard' mRootDir '' mPath 'Jio/BestImage.bmp' mFile->GetPath '/data/usbmsc_mnt/Jio/BestImage.bmp'
01-30 17:42:19.323   453   453 I MozMtp  : Observe: mtp-watcher-update: file Jio/BestImage.bmp modified
01-30 17:42:19.323   453 17264 I MozMtp  : MtpWatcherUpdate: file /data/usbmsc_mnt/Jio/BestImage.bmp modified
01-30 17:42:19.323   453 17265 I MozMtp  : MtpWatcherUpdate: file /data/usbmsc_mnt/Jio/BestImage.bmp modified
01-30 17:42:19.323   453 17264 I MozMtp  : CreateEntryForFileAndNotify: About to call sendObjectAdded Handle 0x0000002e file /data/usbmsc_mnt/Jio/BestImage.bmp
01-30 17:42:19.323   453 13560 I MozMtp  : getObjectInfo: Handle: 0x0000002e Display:'BestImage.bmp' Object:'BestImage.bmp'
01-30 17:42:19.323   453 13560 I MozMtp  : getObjectInfo: aInfo.mDateCreated = 1580386339 entry->mDateCreated = 1580386339
01-30 17:42:19.323   453 13560 I MozMtp  : getObjectInfo: aInfo.mDateModified = 1580386339 entry->mDateModified = 1580386339
01-30 17:42:19.323   453 13560 I MozMtp  : getSupportedObjectProperties: 
01-30 17:42:19.323   453 13560 I MozMtp  : getObjectPropertyValue: Handle: 0x0000002e 'BestImage.bmp' Property: MTP_PROPERTY_OBJECT_SIZE 0x0000dc04
01-30 17:42:19.333   492 17150 E mm-camera: c2d_thread_handle_process_buf_event:190 input buf index 6
01-30 17:42:19.333   492 17150 E mm-camera: c2d_thread_handle_process_buf_event:207 input vaddr b3406000
01-30 17:42:19.343   492 17188 E AEC_PORT: aec_port_save_update:real_gain:1.000000 linecnt:730 exp_idx:223 cur_luma:0 led_est:1079037899
01-30 17:42:19.363 15728 17234 D FrServiceClient:  DEBUG - tiem taken: 37.000000
01-30 17:42:19.363 15728 17234 D FrServiceClient:  DEBUG - IdemiaFrServiceImpl::StartFaceAnalysis: FrServiceClient term
01-30 17:42:19.373 15728 17234 D FrServiceClient:  DEBUG - mobiFace_getState no capture pending
01-30 17:42:19.373   453   453 I Gecko   : DSF (parent) mtp-watcher-update: mStorageType 'sdcard' mStorageName 'sdcard' mRootDir '' mPath 'Jio/BestImage.bmp' mFile->GetPath '/data/usbmsc_mnt/Jio/BestImage.bmp'
01-30 17:42:19.373   453   453 I MozMtp  : Observe: mtp-watcher-update: file Jio/BestImage.bmp deleted
01-30 17:42:19.373   453   453 I Gecko   : DSF (parent) mtp-watcher-update: mStorageType 'sdcard' mStorageName 'sdcard' mRootDir '' mPath 'Jio/BestImage.bmp' mFile->GetPath '/data/usbmsc_mnt/Jio/BestImage.bmp'
01-30 17:42:19.373   453   453 I MozMtp  : Observe: mtp-watcher-update: file Jio/BestImage.bmp deleted
01-30 17:42:19.373   453 17265 I MozMtp  : MtpWatcherUpdate: file /data/usbmsc_mnt/Jio/BestImage.bmp deleted
01-30 17:42:19.373   453 17264 I MozMtp  : MtpWatcherUpdate: file /data/usbmsc_mnt/Jio/BestImage.bmp deleted
01-30 17:42:19.373   453 17264 I MozMtp  : MtpWatcherUpdate: About to call sendObjectRemoved Handle 0x0000002e file /data/usbmsc_mnt/Jio/BestImage.bmp
01-30 17:42:19.383   492 17188 E AEC_PORT: aec_port_save_update:real_gain:1.000000 linecnt:730 exp_idx:223 cur_luma:0 led_est:1079033717
01-30 17:42:19.393   492 17150 E mm-camera: c2d_thread_handle_process_buf_event:190 input buf index 4
01-30 17:42:19.393   492 17150 E mm-camera: c2d_thread_handle_process_buf_event:207 input vaddr b34e8000
01-30 17:42:19.393 15728 15728 I GeckoDump: Got analysisResult:0
01-30 17:42:19.393 15728 15728 I GeckoDump: Got analysisInfo:0
01-30 17:42:19.393 15728 15728 I GeckoDump: Got matchScore0
01-30 17:42:19.393 15728 15728 I GeckoDump: Got payload is null
01-30 17:42:19.393 15728 15728 I GeckoDump: Got faceanalysisresults!288
01-30 17:42:19.393 15728 15728 I GeckoDump: Got faceanalysisresults!352
01-30 17:42:19.393 15728 15728 I GeckoDump: Got faceanalysisresults!4
01-30 17:42:19.393 15728 15728 I GeckoDump: Got faceanalysisresults![object Blob]
01-30 17:42:19.403 15728 15728 I MobiFace: Content JS LOG: Best Image Deleted 
01-30 17:42:19.403 15728 15728 I MobiFace:     at startFaceRecognition/</</</requestDelete.onsuccess (app://2ec57ac3-eee0-41a3-9d3f-e1b3e29e617f/js/livenesschallenge.js:192:45)
01-30 17:42:19.403 15728 15728 I GeckoDump: BestImage length = 921654
01-30 17:42:19.403 15728 15728 I GeckoDump: BestImage:
01-30 17:42:19.423 15728 17234 D FrServiceClient:  DEBUG - tiem taken: 37.000000
01-30 17:42:19.433 15728 17234 D FrServiceClient:  DEBUG - IdemiaFrServiceImpl::StartFaceAnalysis: FrServiceClient term
01-30 17:42:19.433 15728 17234 D FrServiceClient:  DEBUG - mobiFace_getState no capture pending
01-30 17:42:19.433   492 17150 E mm-camera: c2d_thread_handle_process_buf_event:190 input buf index 5
01-30 17:42:19.433   492 17150 E mm-camera: c2d_thread_handle_process_buf_event:207 input vaddr b3477000
01-30 17:42:19.433   492 17150 E mm-camera: c2d_thread_handle_process_buf_event:239 failed: pp_buf_mgr_get_buf() for frame_id:753 identity:0x20002,stream type: 1
01-30 17:42:19.433   492 17188 E AEC_PORT: aec_port_save_update:real_gain:1.000000 linecnt:730 exp_idx:223 cur_luma:-1610612736 led_est:1079033736
01-30 17:42:19.463   453   453 I Gecko   : DSF (parent) mtp-watcher-update: mStorageType 'pictures' mStorageName 'sdcard' mRootDir '' mPath 'Jio/BestImage.bmp' mFile->GetPath '/data/usbmsc_mnt/Jio/BestImage.bmp'
01-30 17:42:19.463   453   453 I MozMtp  : Observe: mtp-watcher-update: file Jio/BestImage.bmp modified
01-30 17:42:19.463   453 17264 I MozMtp  : MtpWatcherUpdate: file /data/usbmsc_mnt/Jio/BestImage.bmp modified
01-30 17:42:19.463   453 17264 I MozMtp  : CreateEntryForFileAndNotify: About to call sendObjectAdded Handle 0x0000002f file /data/usbmsc_mnt/Jio/BestImage.bmp
01-30 17:42:19.463   453   453 I Gecko   : DSF (parent) mtp-watcher-update: mStorageType 'pictures' mStorageName 'sdcard' mRootDir '' mPath 'Jio/BestImage.bmp' mFile->GetPath '/data/usbmsc_mnt/Jio/BestImage.bmp'
01-30 17:42:19.463   453 13560 I MozMtp  : getObjectInfo: Handle: 0x0000002f Display:'BestImage.bmp' Object:'BestImage.bmp'
01-30 17:42:19.463   453 13560 I MozMtp  : getObjectInfo: aInfo.mDateCreated = 1580386339 entry->mDateCreated = 1580386339
01-30 17:42:19.463   453 13560 I MozMtp  : getObjectInfo: aInfo.mDateModified = 1580386339 entry->mDateModified = 1580386339
01-30 17:42:19.463   453 13560 I MozMtp  : getSupportedObjectProperties: 
01-30 17:42:19.463   453 13560 I MozMtp  : getObjectPropertyValue: Handle: 0x0000002f 'BestImage.bmp' Property: MTP_PROPERTY_OBJECT_SIZE 0x0000dc04
01-30 17:42:19.463   453   453 I MozMtp  : Observe: mtp-watcher-update: file Jio/BestImage.bmp modified
01-30 17:42:19.463   453 17265 I MozMtp  : MtpWatcherUpdate: file /data/usbmsc_mnt/Jio/BestImage.bmp modified
01-30 17:42:19.473 15728 15728 I GeckoDump: Got analysisResult:0
01-30 17:42:19.473 15728 15728 I GeckoDump: Got analysisInfo:0
01-30 17:42:19.473 15728 15728 I GeckoDump: Got matchScore0
01-30 17:42:19.473 15728 15728 I GeckoDump: Got payload is null
01-30 17:42:19.473 15728 15728 I GeckoDump: Got faceanalysisresults!288
01-30 17:42:19.473 15728 15728 I GeckoDump: Got faceanalysisresults!352
01-30 17:42:19.473 15728 15728 I GeckoDump: Got faceanalysisresults!4
01-30 17:42:19.473 15728 15728 I GeckoDump: Got faceanalysisresults![object Blob]
01-30 17:42:19.483   492 17150 E mm-camera: c2d_thread_handle_process_buf_event:190 input buf index 6
01-30 17:42:19.483   492 17150 E mm-camera: c2d_thread_handle_process_buf_event:207 input vaddr b3406000
01-30 17:42:19.483   492 17188 E AEC_PORT: aec_port_save_update:real_gain:1.000000 linecnt:730 exp_idx:223 cur_luma:1073741824 led_est:1079033951
01-30 17:42:19.483 15728 15728 I GeckoDump: Got analysisResult:0
01-30 17:42:19.483 15728 15728 I GeckoDump: Got analysisInfo:0
01-30 17:42:19.483 15728 15728 I GeckoDump: Got matchScore0
01-30 17:42:19.483 15728 15728 I GeckoDump: Got payload is null
01-30 17:42:19.483 15728 15728 I GeckoDump: Got faceanalysisresults!288
01-30 17:42:19.483 15728 15728 I GeckoDump: Got faceanalysisresults!352
01-30 17:42:19.483 15728 15728 I GeckoDump: Got faceanalysisresults!4
01-30 17:42:19.483 15728 15728 I GeckoDump: Got faceanalysisresults![object Blob]
01-30 17:42:19.483 15728 15728 I MobiFace: Content JS LOG: File/sdcard/Jio/BestImage.bmp" successfully wrote on the sdcard storage area 
01-30 17:42:19.483 15728 15728 I MobiFace:     at startFaceRecognition/</</</requestDelete.onsuccess/request.onsuccess (app://2ec57ac3-eee0-41a3-9d3f-e1b3e29e617f/js/livenesschallenge.js:203:49)
01-30 17:42:19.503 15728 17234 D FrServiceClient:  DEBUG - tiem taken: 37.000000
01-30 17:42:19.503 15728 17234 D FrServiceClient:  DEBUG - IdemiaFrServiceImpl::StartFaceAnalysis: FrServiceClient term
01-30 17:42:19.503 15728 17234 D FrServiceClient:  DEBUG - mobiFace_getState no capture pending
01-30 17:42:19.503 15728 15728 I GeckoDump: Got analysisResult:0
01-30 17:42:19.503 15728 15728 I GeckoDump: Got analysisInfo:0
01-30 17:42:19.503 15728 15728 I GeckoDump: Got matchScore0
01-30 17:42:19.503 15728 15728 I GeckoDump: Got payload is null
01-30 17:42:19.503 15728 15728 I GeckoDump: Got faceanalysisresults!288
01-30 17:42:19.503 15728 15728 I GeckoDump: Got faceanalysisresults!352
01-30 17:42:19.503 15728 15728 I GeckoDump: Got faceanalysisresults!4
01-30 17:42:19.503 15728 15728 I GeckoDump: Got faceanalysisresults![object Blob]
01-30 17:42:19.513 15728 15728 I MobiFace: Content JS LOG: Best Image Deleted 
01-30 17:42:19.513 15728 15728 I MobiFace:     at startFaceRecognition/</</</requestDelete.onsuccess (app://2ec57ac3-eee0-41a3-9d3f-e1b3e29e617f/js/livenesschallenge.js:192:45)
01-30 17:42:19.513 15728 15728 I GeckoDump: BestImage length = 921654
01-30 17:42:19.513 15728 15728 I GeckoDump: BestImage:
01-30 17:42:19.523   492 17150 E mm-camera: c2d_thread_handle_process_buf_event:190 input buf index 4
01-30 17:42:19.523   492 17150 E mm-camera: c2d_thread_handle_process_buf_event:207 input vaddr b34e8000
01-30 17:42:19.533   492 17188 E AEC_PORT: aec_port_save_update:real_gain:1.000000 linecnt:730 exp_idx:223 cur_luma:1073741824 led_est:1079033829
01-30 17:42:19.553 15728 17234 D FrServiceClient:  DEBUG - tiem taken: 37.000000
01-30 17:42:19.553 15728 17234 D FrServiceClient:  DEBUG - IdemiaFrServiceImpl::StartFaceAnalysis: FrServiceClient term
01-30 17:42:19.553 15728 17234 D FrServiceClient:  DEBUG - mobiFace_getState no capture pending
01-30 17:42:19.563   453   453 I Gecko   : DSF (parent) mtp-watcher-update: mStorageType 'sdcard' mStorageName 'sdcard' mRootDir '' mPath 'Jio/BestImage.bmp' mFile->GetPath '/data/usbmsc_mnt/Jio/BestImage.bmp'
01-30 17:42:19.563   453   453 I MozMtp  : Observe: mtp-watcher-update: file Jio/BestImage.bmp deleted
01-30 17:42:19.563   453   453 I Gecko   : DSF (parent) mtp-watcher-update: mStorageType 'sdcard' mStorageName 'sdcard' mRootDir '' mPath 'Jio/BestImage.bmp' mFile->GetPath '/data/usbmsc_mnt/Jio/BestImage.bmp'
01-30 17:42:19.563   453   453 I MozMtp  : Observe: mtp-watcher-update: file Jio/BestImage.bmp deleted
01-30 17:42:19.563   453 17264 I MozMtp  : MtpWatcherUpdate: file /data/usbmsc_mnt/Jio/BestImage.bmp deleted
01-30 17:42:19.563   453 17264 I MozMtp  : MtpWatcherUpdate: About to call sendObjectRemoved Handle 0x0000002f file /data/usbmsc_mnt/Jio/BestImage.bmp
01-30 17:42:19.563   453 17265 I MozMtp  : MtpWatcherUpdate: file /data/usbmsc_mnt/Jio/BestImage.bmp deleted
01-30 17:42:19.573 15728 15728 I MobiFace: Content JS LOG: Best Image Deleted 
01-30 17:42:19.573 15728 15728 I MobiFace:     at startFaceRecognition/</</</requestDelete.onsuccess (app://2ec57ac3-eee0-41a3-9d3f-e1b3e29e617f/js/livenesschallenge.js:192:45)
01-30 17:42:19.573 15728 15728 I GeckoDump: BestImage length = 921654
01-30 17:42:19.573 15728 15728 I GeckoDump: BestImage:
01-30 17:42:19.573   492 17188 E AEC_PORT: aec_port_save_update:real_gain:1.000000 linecnt:730 exp_idx:223 cur_luma:-2147483648 led_est:1079033685
01-30 17:42:19.573   492 17150 E mm-camera: c2d_thread_handle_process_buf_event:190 input buf index 5
01-30 17:42:19.573   492 17150 E mm-camera: c2d_thread_handle_process_buf_event:207 input vaddr b3477000
01-30 17:42:19.603 15728 17234 D FrServiceClient:  DEBUG - tiem taken: 37.000000
01-30 17:42:19.603 15728 17234 D FrServiceClient:  DEBUG - IdemiaFrServiceImpl::StartFaceAnalysis: FrServiceClient term
01-30 17:42:19.603 15728 17234 D FrServiceClient:  DEBUG - mobiFace_getState no capture pending
01-30 17:42:19.623   492 17150 E mm-camera: c2d_thread_handle_process_buf_event:190 input buf index 6
01-30 17:42:19.623   492 17150 E mm-camera: c2d_thread_handle_process_buf_event:207 input vaddr b3406000
01-30 17:42:19.623   492 17188 E AEC_PORT: aec_port_save_update:real_gain:1.000000 linecnt:730 exp_idx:223 cur_luma:-1073741824 led_est:1079033397
01-30 17:42:19.633 15728 17234 D FrServiceClient:  DEBUG - tiem taken: 37.000000
01-30 17:42:19.643 15728 17234 D FrServiceClient:  DEBUG - IdemiaFrServiceImpl::StartFaceAnalysis: FrServiceClient term
01-30 17:42:19.643 15728 17234 D FrServiceClient:  DEBUG - mobiFace_getState no capture pending
01-30 17:42:19.643   453   453 I Gecko   : DSF (parent) mtp-watcher-update: mStorageType 'pictures' mStorageName 'sdcard' mRootDir '' mPath 'Jio/BestImage.bmp' mFile->GetPath '/data/usbmsc_mnt/Jio/BestImage.bmp'
01-30 17:42:19.643   453   453 I MozMtp  : Observe: mtp-watcher-update: file Jio/BestImage.bmp modified
01-30 17:42:19.643   453 17264 I MozMtp  : MtpWatcherUpdate: file /data/usbmsc_mnt/Jio/BestImage.bmp modified
01-30 17:42:19.643   453 17264 I MozMtp  : CreateEntryForFileAndNotify: About to call sendObjectAdded Handle 0x00000030 file /data/usbmsc_mnt/Jio/BestImage.bmp
01-30 17:42:19.653   453   453 I Gecko   : DSF (parent) mtp-watcher-update: mStorageType 'pictures' mStorageName 'sdcard' mRootDir '' mPath 'Jio/BestImage.bmp' mFile->GetPath '/data/usbmsc_mnt/Jio/BestImage.bmp'
01-30 17:42:19.653   453   453 I MozMtp  : Observe: mtp-watcher-update: file Jio/BestImage.bmp modified
01-30 17:42:19.653   453 13560 I MozMtp  : getObjectInfo: Handle: 0x00000030 Display:'BestImage.bmp' Object:'BestImage.bmp'
01-30 17:42:19.653   453 17265 I MozMtp  : MtpWatcherUpdate: file /data/usbmsc_mnt/Jio/BestImage.bmp modified
01-30 17:42:19.653   453 13560 I MozMtp  : getObjectInfo: aInfo.mDateCreated = 1580386339 entry->mDateCreated = 1580386339
01-30 17:42:19.653   453 13560 I MozMtp  : getObjectInfo: aInfo.mDateModified = 1580386339 entry->mDateModified = 1580386339
01-30 17:42:19.653   453 13560 I MozMtp  : getSupportedObjectProperties: 
01-30 17:42:19.653   453 13560 I MozMtp  : getObjectPropertyValue: Handle: 0x00000030 'BestImage.bmp' Property: MTP_PROPERTY_OBJECT_SIZE 0x0000dc04
01-30 17:42:19.653 15728 15728 I GeckoDump: Got analysisResult:0
01-30 17:42:19.653 15728 15728 I GeckoDump: Got analysisInfo:0
01-30 17:42:19.653 15728 15728 I GeckoDump: Got matchScore0
01-30 17:42:19.653 15728 15728 I GeckoDump: Got payload is null
01-30 17:42:19.653 15728 15728 I GeckoDump: Got faceanalysisresults!288
01-30 17:42:19.653 15728 15728 I GeckoDump: Got faceanalysisresults!352
01-30 17:42:19.653 15728 15728 I GeckoDump: Got faceanalysisresults!4
01-30 17:42:19.653 15728 15728 I GeckoDump: Got faceanalysisresults![object Blob]
01-30 17:42:19.673   492 17150 E mm-camera: c2d_thread_handle_process_buf_event:190 input buf index 4
01-30 17:42:19.673   492 17150 E mm-camera: c2d_thread_handle_process_buf_event:207 input vaddr b34e8000
01-30 17:42:19.673 15728 15728 I WakeLock: Release cpu wakelock
01-30 17:42:19.673 15728 15728 I WakeLock: Release screen wakelock
01-30 17:42:19.673   492 17188 E AEC_PORT: aec_port_save_update:real_gain:1.000000 linecnt:730 exp_idx:223 cur_luma:-1073741824 led_est:1079033503
01-30 17:42:19.683   408 17139 D QCamera2HWI: int qcamera::QCamera2HardwareInterface::disableMsgType(int32_t) (0x10) : mMsgEnabled = 0xc0d
01-30 17:42:19.683   408  1560 D QCamera2HWI: [KPI Perf] static void qcamera::QCamera2HardwareInterface::stop_preview(camera_device*): E PROFILE_STOP_PREVIEW
01-30 17:42:19.683   408 17139 D QCamera2HWI: int qcamera::QCamera2HardwareInterface::stopPreview(): E
01-30 17:42:19.683 15728 17234 D FrServiceClient:  DEBUG - tiem taken: 37.000000
01-30 17:42:19.683 15728 17234 D FrServiceClient:  DEBUG - IdemiaFrServiceImpl::StartFaceAnalysis: FrServiceClient term
01-30 17:42:19.683 15728 17234 D FrServiceClient:  DEBUG - mobiFace_getState no capture pending
01-30 17:42:19.693   492 17156 D mm-camera: mct_pipeline_process_set:command=8000009
01-30 17:42:19.693   492 17156 D mm-camera: mct_pipeline_process_set: stream_type = 1
01-30 17:42:19.693   492 17156 E mm-camera: port_isp_mct_ctrl_cmd: E, identity = 0x20002, STREAMOFF
01-30 17:42:19.693   492 17156 D mm-camera: gyro_port_enable_disable_sensor_request: Deinit all sensors
01-30 17:42:19.693   492 17156 E mm-camera: is_port_handle_stream_event: MCT_EVENT_CONTROL_STREAMOFF, identity = 0x20002
01-30 17:42:19.703   492 17188 E mm-camera-CORE: aec_set_fd_roi: invalid CPP width and height (0, 0)!
01-30 17:42:19.703   492 17156 D mm-camera: c2d_module_handle_streamoff_event:1809, info: stream-off done for identity 0x20002
01-30 17:42:19.703   492 17156 E mm-camera: isp_streamoff: E, session_id = 2, stream_id = 2, active_count = 1
01-30 17:42:19.703   492 17147 E mm-camera: isp_proc_streamoff: E,session_id = 2, stream_id= 2, stream_type= 1 meta 0
01-30 17:42:19.703   492 17147 D mm-camera: isp_hw_action: last pix stop, pix_cnt = 1, cnt = 1
01-30 17:42:19.703   492 17180 E mm-camera: isp_thread_proc_cmd: start/stop, thread_data = 0xb3a20804, action_code = 2
01-30 17:42:19.703   492 17147 E mm-camera: isp_ch_util_streamoff: session_id = 2, vfe_mask = 0x1, async streamoff, rc = 0
01-30 17:42:19.703   492 17147 D mm-camera: isp_hw_action: hw_thread for ack
01-30 17:42:19.703   492 17180 E mm-camera: isp_axi_util_subscribe_v4l2_event: event_type = 0x8000100, is_subscribe = 0
01-30 17:42:19.703   492 17180 E mm-camera: isp_axi_unreg_buf: session_id = 2, stream_id = 2, buf_handle = 0x10000
01-30 17:42:19.703   492 17180 D mm-camera: linearization_action: action code = 7 is not supported. nop
01-30 17:42:19.703   492 17180 D mm-camera: pca_rolloff_action: action code = 7 is not supported. nop
01-30 17:42:19.703   492 17180 D mm-camera: demux_action: action code = 7 is not supported. nop
01-30 17:42:19.703   492 17180 D mm-camera: demosaic_action: action code = 7 is not supported. nop
01-30 17:42:19.703   492 17180 D mm-camera: bpc_action: action code = 7 is not supported. nop
01-30 17:42:19.703   492 17180 D mm-camera: abf_action: action code = 7 is not supported. nop
01-30 17:42:19.703   492 17180 D mm-camera: asf_action: action code = 7 is not supported. nop
01-30 17:42:19.703   492 17180 D mm-camera: color_conversion_action: action code = 7 is not supported. nop
01-30 17:42:19.703   492 17180 D mm-camera: color_correct_action: action code = 7 is not supported. nop
01-30 17:42:19.703   492 17180 D mm-camera: chroma_subsample_action: action code = 7 is not supported. nop
01-30 17:42:19.703   492 17180 D mm-camera: chroma_suppress_action: action code = 7 is not supported. nop
01-30 17:42:19.703   492 17180 D mm-camera: la_action: action code = 7 is not supported. nop
01-30 17:42:19.703   492 17180 D mm-camera: mce_action: action code = 7 is not supported. nop
01-30 17:42:19.703   492 17180 D mm-camera: sce_action: action code = 7 is not supported. nop
01-30 17:42:19.703   492 17180 D mm-camera: clf_action: action code = 7 is not supported. nop
01-30 17:42:19.703   492 17180 D mm-camera: wb_action: action code = 7 is not supported. nop
01-30 17:42:19.713   492 17180 D mm-camera: gamma_action: action code = 7 is not supported. nop
01-30 17:42:19.713   492 17180 D mm-camera: fov_action: action code = 7 is not supported. nop
01-30 17:42:19.713   492 17180 D mm-camera: scaler_action: action code = 7 is not supported
01-30 17:42:19.713   492 17180 D mm-camera: bcc_action: action code = 7 is not supported. nop
01-30 17:42:19.713   492 17180 D mm-camera: clamp_action: action code = 7 is not supported. nop
01-30 17:42:19.713   492 17180 D mm-camera: stats_action: action code = 7 is not supported. nop
01-30 17:42:19.713   492 17180 E mm-camera: isp_thread_proc_cmd: start/stop ack done, thread_data = 0xb3a20804, action_code = 3, rc = 0
01-30 17:42:19.713   492 17147 E mm-camera: isp_ch_util_streamoff: session_id = 2, sync ack done
01-30 17:42:19.713   492 17156 E mm-camera: isp_streamoff: X, session_id = 2, rc = 0
01-30 17:42:19.713   492 17156 E mm-camera: port_isp_mct_ctrl_cmd: X, identity = 0x20002, STREAMOFF, ret = 0
01-30 17:42:19.713   492 17156 D mm-camera: stream id 2, stream num_meta 0
01-30 17:42:19.713   492 17156 D mm-camera: ispif_streamoff: session_id = 2, active_streams = 0
01-30 17:42:19.713   492 17156 E mm-camera-sensor: sensor_pdaf_deinit:3275 failed to open pdaf3 init library function
01-30 17:42:19.713   492 17156 E mm-camera-sensor: module_sensor_module_process_event: Sending stop bus message
01-30 17:42:19.713   492 17156 D mm-camera: stop_sof_check_thread: Stopping SOF timeout thread
01-30 17:42:19.733   492 17156 D mm-camera: mct_pipeline_process_set:command=8000009
01-30 17:42:19.733   492 17156 D mm-camera: mct_pipeline_process_set: stream_type = 7
01-30 17:42:19.733   408 17139 D QCameraHWI_Mem: cancel_buffer: hdl =0xb8c21f98
01-30 17:42:19.733   408 17139 D QCameraHWI_Mem: put buffer 0 successfully
01-30 17:42:19.733   408 17139 D QCameraHWI_Mem: put buffer 1 successfully
01-30 17:42:19.733   408 17139 D QCameraHWI_Mem: put buffer 2 successfully
01-30 17:42:19.733   408 17139 D QCameraHWI_Mem: put buffer 3 successfully
01-30 17:42:19.733   408 17139 D QCameraHWI_Mem: cancel_buffer: hdl =0xb8c28db8
01-30 17:42:19.733   408 17139 D QCameraHWI_Mem: put buffer 4 successfully
01-30 17:42:19.733   408 17139 D QCameraHWI_Mem: cancel_buffer: hdl =0xb8c171f8
01-30 17:42:19.733   408 17139 D QCameraHWI_Mem: put buffer 5 successfully
01-30 17:42:19.733   408 17139 D QCameraHWI_Mem: cancel_buffer: hdl =0xb8c35220
01-30 17:42:19.733   408 17139 D QCameraHWI_Mem: put buffer 6 successfully
01-30 17:42:19.733   408 17139 D QCameraHWI_Mem: put buffer 7 successfully
01-30 17:42:19.743   492 17156 D mm-camera: mct_pipeline_process_set:command=800000b
01-30 17:42:19.743   492 17156 D mm-camera: mct_stream_streamoff: Enter
01-30 17:42:19.743   492 17156 D mm-camera: mct_pipeline_process_set:command=800000b
01-30 17:42:19.743   492 17156 D mm-camera: mct_stream_streamoff: Enter
01-30 17:42:19.743   492 17156 D mm-camera: c2d_port_check_caps_unreserve:179, identity=0x20002, unreserved
01-30 17:42:19.743   492 17156 D mm-camera: c2d_port_check_caps_unreserve:179, identity=0x20002, unreserved
01-30 17:42:19.743   492 17156 E mm-camera-img: faceproc_save_album:795] Error No album 
01-30 17:42:19.743   492 17156 E mm-camera-img: faceproc_comp_eng_destroy: Album save failed -1
01-30 17:42:19.743   492 17156 E mm-camera: q3a_thread_aecawb_stop:384 MSG_STOP_THREAD
01-30 17:42:19.743   492 17156 E mm-camera: q3a_thread_af_stop:574 MSG_STOP_THREAD
01-30 17:42:19.743   492 17156 E mm-camera: q3a_thread_divertstats_stop:868 MSG_STOP_THREAD
01-30 17:42:19.743   492 17195 E mm-camera: is_thread_handler: Exiting IS thread handler
01-30 17:42:19.743   492 17156 D mm-camera: gyro_port_event  MCT_EVENT_MODULE_START_STOP_STATS_THREADS start_flag: 0
01-30 17:42:19.743   492 17156 D mm-camera: gyro_port_unlink: Enter
01-30 17:42:19.743   492 17156 D mm-camera: gyro_port_unlink: Exit
01-30 17:42:19.743   408 17139 D QCamera2HWI: int qcamera::QCamera2HardwareInterface::stopPreview(): X
01-30 17:42:19.743   408  1560 D QCamera2HWI: [KPI Perf] static void qcamera::QCamera2HardwareInterface::stop_preview(camera_device*): X
01-30 17:42:19.743   408 17139 D QCamera2HWI: int qcamera::QCamera2HardwareInterface::disableMsgType(int32_t) (0x10) : mMsgEnabled = 0xc0d
01-30 17:42:19.743   408  1557 D QCamera2HWI: [KPI Perf] static void qcamera::QCamera2HardwareInterface::stop_preview(camera_device*): E PROFILE_STOP_PREVIEW
01-30 17:42:19.743   408 17139 D QCameraStateMachine: int32_t qcamera::QCameraStateMachine::procEvtPreviewStoppedState(qcamera::qcamera_sm_evt_enum_t, void*): already in preview stopped state, do nothing
01-30 17:42:19.743   408  1557 D QCamera2HWI: [KPI Perf] static void qcamera::QCamera2HardwareInterface::stop_preview(camera_device*): X
01-30 17:42:19.743   408 17139 D QCamera2HWI: int qcamera::QCamera2HardwareInterface::disableMsgType(int32_t) (0xffff) : mMsgEnabled = 0x0
01-30 17:42:19.743   408   408 D QCamera2HWI: [KPI Perf] static void qcamera::QCamera2HardwareInterface::stop_preview(camera_device*): E PROFILE_STOP_PREVIEW
01-30 17:42:19.743   408 17139 D QCameraStateMachine: int32_t qcamera::QCameraStateMachine::procEvtPreviewStoppedState(qcamera::qcamera_sm_evt_enum_t, void*): already in preview stopped state, do nothing
01-30 17:42:19.743   408   408 D QCamera2HWI: [KPI Perf] static void qcamera::QCamera2HardwareInterface::stop_preview(camera_device*): X
01-30 17:42:19.743   408   408 D QCamera2HWI: [KPI Perf] static int qcamera::QCamera2HardwareInterface::cancel_picture(camera_device*): E PROFILE_CANCEL_PICTURE
01-30 17:42:19.743   408 17139 D QCameraStateMachine: int32_t qcamera::QCameraStateMachine::procEvtPreviewStoppedState(qcamera::qcamera_sm_evt_enum_t, void*): No ops for evt(20) in state(0)
01-30 17:42:19.743   408   408 D QCamera2HWI: [KPI Perf] static int qcamera::QCamera2HardwareInterface::cancel_picture(camera_device*): X
01-30 17:42:19.753   408   408 I CameraFlashlight: Destroying camera 1
01-30 17:42:19.753   408   408 D QCamera2HWI: [KPI Perf] static int qcamera::QCamera2HardwareInterface::close_camera_device(hw_device_t*): E
01-30 17:42:19.753   408   408 D QCamera2HWI: virtual qcamera::QCamera2HardwareInterface::~QCamera2HardwareInterface(): E
01-30 17:42:19.753   408 17140 D QCamera2HWI: static void* qcamera::QCamera2HardwareInterface::defferedWorkRoutine(void*): stop data proc
01-30 17:42:19.753   408 17139 D QCameraStateMachine: static void* qcamera::QCameraStateMachine::smEvtProcRoutine(void*): X
01-30 17:42:19.753   408   408 D QCamera2HWI: int qcamera::QCamera2HardwareInterface::closeCamera(): E
01-30 17:42:19.753   408   408 E qomx_image_core: OMX_Deinit:118] Complete
01-30 17:42:19.753   408   408 E QCameraPostProc: int32_t qcamera::QCameraPostProcessor::deinit(): Jpeg closed, rc = 0, mJpegClientHandle = 1600
01-30 17:42:19.753   408   408 I Thermal-Lib: Thermal-Lib-Client: Unregisteration is successfull for handle:1
01-30 17:42:19.753   425   602 I ThermalEngine: Thermal-Server: removing client on fd 42
01-30 17:42:19.753   408   408 I Thermal-Lib: Thermal-Lib-Client: Unregisteration is successfull for handle:2
01-30 17:42:19.753   492 17156 D mm-camera: mct_pipeline_process_set:command=800000b
01-30 17:42:19.753   408   408 D QCamera2HWI: int qcamera::QCamera2HardwareInterface::closeCamera(): X
01-30 17:42:19.753   408   408 D QCamera2HWI: virtual qcamera::QCamera2HardwareInterface::~QCamera2HardwareInterface(): X
01-30 17:42:19.753   492   492 I mm-camera-eztune: vendor/qcom/proprietary/mm-camera/mm-camera2/server-tuning/tuning/eztune_interface.cpp(381): "Delete Server : 0xb6fbc4d8"
01-30 17:42:19.753   492 17154 W mm-camera-sensor: vendor/qcom/proprietary/mm-camera/mm-camera2/server-tuning/tuning/mmcam_socket_utils.cpp(318): "Received event from non socket fd"
01-30 17:42:19.753   492 17154 W mm-camera-eztune: vendor/qcom/proprietary/mm-camera/mm-camera2/server-tuning/tuning/eztune_interface.cpp(72): "Stop message. Exiting server thread"
01-30 17:42:19.753   492 17154 E mm-camera-eztune: vendor/qcom/proprietary/mm-camera/mm-camera2/server-tuning/tuning/eztune_cam_adapter.cpp(667): "mct_stream_t* eztune::get_mct_stream(mct_pipeline_t*, eztune::mct_pipeline_get_stream_info_t*): no children"
01-30 17:42:19.753   492 17154 W mm-camera-eztune: vendor/qcom/proprietary/mm-camera/mm-camera2/server-tuning/tuning/eztune_cam_adapter.cpp(719): "Message send ignored as stream or stream state not valid"
